
> vehicle-hire-billing@0.1.0 test
> jest

node.exe : PASS src/__tests
__/properties/calculation-c
orrectness.test.ts
At line:1 char:1
+ & "C:\Program 
Files\nodejs/node.exe" 
"C:\Program 
Files\nodejs/node_mo ...
+ ~~~~~~~~~~~~~~~~~~~~~~~~~
~~~~~~~~~~~~~~~~~~~~~~~~~~~
~~~~~~~~~~~~~~~~~
    + CategoryInfo         
     : NotSpecified: (PAS  
  S src/__test...ectness   
 .test.ts:String) [], R    
emoteException
    + FullyQualifiedErrorI 
   d : NativeCommandError
 
PASS src/__tests__/properti
es/validation-schema-consis
tency.test.ts (5.321 s)
PASS src/__tests__/properti
es/currency-formatting.test
.ts (5.447 s)
PASS src/__tests__/properti
es/valid-bill-persistence.t
est.ts (6.081 s)
PASS src/__tests__/sanity.t
est.tsx
PASS src/__tests__/properti
es/invalid-bill-rejection.t
est.ts
  ΓùÅ Console

    console.error
      Error creating bill: 
ZodError: [
        {
          "origin": 
"string",
          "code": 
"too_small",
          "minimum": 1,
          "inclusive": 
true,
          "path": [
            "vehicleNo"
          ],
          "message": 
"Vehicle number is 
required"
        },
        {
          "origin": 
"string",
          "code": 
"too_small",
          "minimum": 1,
          "inclusive": 
true,
          "path": [
            "customerName"
          ],
          "message": 
"Customer name is required"
        },
        {
          "origin": 
"string",
          "code": 
"too_small",
          "minimum": 1,
          "inclusive": 
true,
          "path": [
            "route"
          ],
          "message": 
"Route is required"
        },
        {
          "origin": 
"number",
          "code": 
"too_small",
          "minimum": 0,
          "inclusive": 
true,
          "path": [
            "startMeter"
          ],
          "message": 
"Start meter must be 
positive"
        },
        {
          "origin": 
"number",
          "code": 
"too_small",
          "minimum": 0,
          "inclusive": 
true,
          "path": [
            "endMeter"
          ],
          "message": "End 
meter must be positive"
        },
        {
          "origin": 
"number",
          "code": 
"too_small",
          "minimum": 0,
          "inclusive": 
true,
          "path": [
            "gatePass"
          ],
          "message": "Gate 
pass must be positive"
        }
      ]
          at parse (E:\proj
ects\tourBiller\src\lib\act
ions.ts:27:38)
          at E:\projects\to
urBiller\src\__tests__\prop
erties\invalid-bill-rejecti
on.test.ts:75:52
          at 
AsyncProperty.predicate (E:
\projects\tourBiller\node_m
odules\fast-check\lib\cjs\c
heck\property\AsyncProperty
.js:17:102)
          at 
AsyncProperty.run (E:\proje
cts\tourBiller\node_modules
\fast-check\lib\cjs\check\p
roperty\AsyncProperty.gener
ic.js:46:39)
          at asyncRunIt (E:
\projects\tourBiller\node_m
odules\fast-check\lib\cjs\c
heck\runner\Runner.js:28:36
)
          at 
processTicksAndRejections (
node:internal/process/task_
queues:103:5)
          at 
Object.<anonymous> (E:\proj
ects\tourBiller\src\__tests
__\properties\invalid-bill-
rejection.test.ts:24:9)

    [0m [90m 53 |[39m   
  }[33m;[39m
     [90m 54 |[39m   } 
[36mcatch[39m (error) {
    
[31m[1m>[22m[39m[90m 
55 |[39m     console[33m.
[39merror([32m'Error 
creating 
bill:'[39m[33m,[39m 
error)[33m;[39m
     [90m    |[39m       
      [31m[1m^[22m[39m
     [90m 56 |[39m     
     [90m 57 |[39m     
[36mif[39m (error 
[36minstanceof[39m 
[33mError[39m) {
     [90m 58 |[39m       
[36mreturn[39m {[0m

      at error 
(src/lib/actions.ts:55:13)
      at src/__tests__/prop
erties/invalid-bill-rejecti
on.test.ts:75:52
      at 
AsyncProperty.predicate (no
de_modules/fast-check/lib/c
js/check/property/AsyncProp
erty.js:17:102)
      at AsyncProperty.run 
(node_modules/fast-check/li
b/cjs/check/property/AsyncP
roperty.generic.js:46:39)
      at asyncRunIt (node_m
odules/fast-check/lib/cjs/c
heck/runner/Runner.js:28:36
)
      at 
Object.<anonymous> (src/__t
ests__/properties/invalid-b
ill-rejection.test.ts:24:9)

    console.error
      Error creating bill: 
ZodError: [
        {
          "origin": 
"string",
          "code": 
"too_small",
          "minimum": 1,
          "inclusive": 
true,
          "path": [
            "vehicleNo"
          ],
          "message": 
"Vehicle number is 
required"
        },
        {
          "origin": 
"string",
          "code": 
"too_small",
          "minimum": 1,
          "inclusive": 
true,
          "path": [
            "route"
          ],
          "message": 
"Route is required"
        },
        {
          "origin": 
"number",
          "code": 
"too_small",
          "minimum": 0,
          "inclusive": 
true,
          "path": [
            "startMeter"
          ],
          "message": 
"Start meter must be 
positive"
        },
        {
          "origin": 
"number",
          "code": 
"too_small",
          "minimum": 0,
          "inclusive": 
true,
          "path": [
            "endMeter"
          ],
          "message": "End 
meter must be positive"
        },
        {
          "origin": 
"number",
          "code": 
"too_small",
          "minimum": 0,
          "inclusive": 
true,
          "path": [
            "hireRate"
          ],
          "message": "Hire 
rate must be positive"
        },
        {
          "origin": 
"number",
          "code": 
"too_small",
          "minimum": 0,
          "inclusive": 
true,
          "path": [
            "waitingCharge"
          ],
          "message": 
"Waiting charge must be 
positive"
        },
        {
          "origin": 
"number",
          "code": 
"too_small",
          "minimum": 0,
          "inclusive": 
true,
          "path": [
            "gatePass"
          ],
          "message": "Gate 
pass must be positive"
        }
      ]
          at parse (E:\proj
ects\tourBiller\src\lib\act
ions.ts:27:38)
          at E:\projects\to
urBiller\src\__tests__\prop
erties\invalid-bill-rejecti
on.test.ts:75:52
          at 
AsyncProperty.predicate (E:
\projects\tourBiller\node_m
odules\fast-check\lib\cjs\c
heck\property\AsyncProperty
.js:17:102)
          at 
AsyncProperty.run (E:\proje
cts\tourBiller\node_modules
\fast-check\lib\cjs\check\p
roperty\AsyncProperty.gener
ic.js:46:39)
          at asyncRunIt (E:
\projects\tourBiller\node_m
odules\fast-check\lib\cjs\c
heck\runner\Runner.js:28:36
)
          at 
processTicksAndRejections (
node:internal/process/task_
queues:103:5)
          at 
Object.<anonymous> (E:\proj
ects\tourBiller\src\__tests
__\properties\invalid-bill-
rejection.test.ts:24:9)

    [0m [90m 53 |[39m   
  }[33m;[39m
     [90m 54 |[39m   } 
[36mcatch[39m (error) {
    
[31m[1m>[22m[39m[90m 
55 |[39m     console[33m.
[39merror([32m'Error 
creating 
bill:'[39m[33m,[39m 
error)[33m;[39m
     [90m    |[39m       
      [31m[1m^[22m[39m
     [90m 56 |[39m     
     [90m 57 |[39m     
[36mif[39m (error 
[36minstanceof[39m 
[33mError[39m) {
     [90m 58 |[39m       
[36mreturn[39m {[0m

      at error 
(src/lib/actions.ts:55:13)
      at src/__tests__/prop
erties/invalid-bill-rejecti
on.test.ts:75:52
      at 
AsyncProperty.predicate (no
de_modules/fast-check/lib/c
js/check/property/AsyncProp
erty.js:17:102)
      at AsyncProperty.run 
(node_modules/fast-check/li
b/cjs/check/property/AsyncP
roperty.generic.js:46:39)
      at asyncRunIt (node_m
odules/fast-check/lib/cjs/c
heck/runner/Runner.js:28:36
)
      at 
Object.<anonymous> (src/__t
ests__/properties/invalid-b
ill-rejection.test.ts:24:9)

    console.error
      Error creating bill: 
ZodError: [
        {
          "origin": 
"string",
          "code": 
"too_small",
          "minimum": 1,
          "inclusive": 
true,
          "path": [
            "customerName"
          ],
          "message": 
"Customer name is required"
        },
        {
          "origin": 
"string",
          "code": 
"too_small",
          "minimum": 1,
          "inclusive": 
true,
          "path": [
            "route"
          ],
          "message": 
"Route is required"
        },
        {
          "origin": 
"number",
          "code": 
"too_small",
          "minimum": 0,
          "inclusive": 
true,
          "path": [
            "startMeter"
          ],
          "message": 
"Start meter must be 
positive"
        },
        {
          "origin": 
"number",
          "code": 
"too_small",
          "minimum": 0,
          "inclusive": 
true,
          "path": [
            "endMeter"
          ],
          "message": "End 
meter must be positive"
        },
        {
          "origin": 
"number",
          "code": 
"too_small",
          "minimum": 0,
          "inclusive": 
true,
          "path": [
            "waitingCharge"
          ],
          "message": 
"Waiting charge must be 
positive"
        },
        {
          "origin": 
"number",
          "code": 
"too_small",
          "minimum": 0,
          "inclusive": 
true,
          "path": [
            "gatePass"
          ],
          "message": "Gate 
pass must be positive"
        },
        {
          "origin": 
"number",
          "code": 
"too_small",
          "minimum": 0,
          "inclusive": 
true,
          "path": [
            "packageCharge"
          ],
          "message": 
"Package charge must be 
positive"
        },
        {
          "code": "custom",
          "path": [
            "endMeter"
          ],
          "message": "End 
meter must be greater than 
start meter"
        }
      ]
          at parse (E:\proj
ects\tourBiller\src\lib\act
ions.ts:27:38)
          at E:\projects\to
urBiller\src\__tests__\prop
erties\invalid-bill-rejecti
on.test.ts:75:52
          at 
AsyncProperty.predicate (E:
\projects\tourBiller\node_m
odules\fast-check\lib\cjs\c
heck\property\AsyncProperty
.js:17:102)
          at 
AsyncProperty.run (E:\proje
cts\tourBiller\node_modules
\fast-check\lib\cjs\check\p
roperty\AsyncProperty.gener
ic.js:46:39)
          at asyncRunIt (E:
\projects\tourBiller\node_m
odules\fast-check\lib\cjs\c
heck\runner\Runner.js:28:36
)
          at 
processTicksAndRejections (
node:internal/process/task_
queues:103:5)
          at 
Object.<anonymous> (E:\proj
ects\tourBiller\src\__tests
__\properties\invalid-bill-
rejection.test.ts:24:9)

    [0m [90m 53 |[39m   
  }[33m;[39m
     [90m 54 |[39m   } 
[36mcatch[39m (error) {
    
[31m[1m>[22m[39m[90m 
55 |[39m     console[33m.
[39merror([32m'Error 
creating 
bill:'[39m[33m,[39m 
error)[33m;[39m
     [90m    |[39m       
      [31m[1m^[22m[39m
     [90m 56 |[39m     
     [90m 57 |[39m     
[36mif[39m (error 
[36minstanceof[39m 
[33mError[39m) {
     [90m 58 |[39m       
[36mreturn[39m {[0m

      at error 
(src/lib/actions.ts:55:13)
      at src/__tests__/prop
erties/invalid-bill-rejecti
on.test.ts:75:52
      at 
AsyncProperty.predicate (no
de_modules/fast-check/lib/c
js/check/property/AsyncProp
erty.js:17:102)
      at AsyncProperty.run 
(node_modules/fast-check/li
b/cjs/check/property/AsyncP
roperty.generic.js:46:39)
      at asyncRunIt (node_m
odules/fast-check/lib/cjs/c
heck/runner/Runner.js:28:36
)
      at 
Object.<anonymous> (src/__t
ests__/properties/invalid-b
ill-rejection.test.ts:24:9)

    console.error
      Error creating bill: 
ZodError: [
        {
          "origin": 
"string",
          "code": 
"too_small",
          "minimum": 1,
          "inclusive": 
true,
          "path": [
            "vehicleNo"
          ],
          "message": 
"Vehicle number is 
required"
        },
        {
          "origin": 
"string",
          "code": 
"too_small",
          "minimum": 1,
          "inclusive": 
true,
          "path": [
            "customerName"
          ],
          "message": 
"Customer name is required"
        },
        {
          "origin": 
"string",
          "code": 
"too_small",
          "minimum": 1,
          "inclusive": 
true,
          "path": [
            "route"
          ],
          "message": 
"Route is required"
        },
        {
          "origin": 
"number",
          "code": 
"too_small",
          "minimum": 0,
          "inclusive": 
true,
          "path": [
            "startMeter"
          ],
          "message": 
"Start meter must be 
positive"
        },
        {
          "origin": 
"number",
          "code": 
"too_small",
          "minimum": 0,
          "inclusive": 
true,
          "path": [
            "endMeter"
          ],
          "message": "End 
meter must be positive"
        },
        {
          "origin": 
"number",
          "code": 
"too_small",
          "minimum": 0,
          "inclusive": 
true,
          "path": [
            "hireRate"
          ],
          "message": "Hire 
rate must be positive"
        },
        {
          "origin": 
"number",
          "code": 
"too_small",
          "minimum": 0,
          "inclusive": 
true,
          "path": [
            "gatePass"
          ],
          "message": "Gate 
pass must be positive"
        },
        {
          "code": "custom",
          "path": [
            "endMeter"
          ],
          "message": "End 
meter must be greater than 
start meter"
        }
      ]
          at parse (E:\proj
ects\tourBiller\src\lib\act
ions.ts:27:38)
          at E:\projects\to
urBiller\src\__tests__\prop
erties\invalid-bill-rejecti
on.test.ts:75:52
          at 
AsyncProperty.predicate (E:
\projects\tourBiller\node_m
odules\fast-check\lib\cjs\c
heck\property\AsyncProperty
.js:17:102)
          at 
AsyncProperty.run (E:\proje
cts\tourBiller\node_modules
\fast-check\lib\cjs\check\p
roperty\AsyncProperty.gener
ic.js:46:39)
          at asyncRunIt (E:
\projects\tourBiller\node_m
odules\fast-check\lib\cjs\c
heck\runner\Runner.js:28:36
)
          at 
processTicksAndRejections (
node:internal/process/task_
queues:103:5)
          at 
Object.<anonymous> (E:\proj
ects\tourBiller\src\__tests
__\properties\invalid-bill-
rejection.test.ts:24:9)

    [0m [90m 53 |[39m   
  }[33m;[39m
     [90m 54 |[39m   } 
[36mcatch[39m (error) {
    
[31m[1m>[22m[39m[90m 
55 |[39m     console[33m.
[39merror([32m'Error 
creating 
bill:'[39m[33m,[39m 
error)[33m;[39m
     [90m    |[39m       
      [31m[1m^[22m[39m
     [90m 56 |[39m     
     [90m 57 |[39m     
[36mif[39m (error 
[36minstanceof[39m 
[33mError[39m) {
     [90m 58 |[39m       
[36mreturn[39m {[0m

      at error 
(src/lib/actions.ts:55:13)
      at src/__tests__/prop
erties/invalid-bill-rejecti
on.test.ts:75:52
      at 
AsyncProperty.predicate (no
de_modules/fast-check/lib/c
js/check/property/AsyncProp
erty.js:17:102)
      at AsyncProperty.run 
(node_modules/fast-check/li
b/cjs/check/property/AsyncP
roperty.generic.js:46:39)
      at asyncRunIt (node_m
odules/fast-check/lib/cjs/c
heck/runner/Runner.js:28:36
)
      at 
Object.<anonymous> (src/__t
ests__/properties/invalid-b
ill-rejection.test.ts:24:9)

    console.error
      Error creating bill: 
ZodError: [
        {
          "origin": 
"string",
          "code": 
"too_small",
          "minimum": 1,
          "inclusive": 
true,
          "path": [
            "vehicleNo"
          ],
          "message": 
"Vehicle number is 
required"
        },
        {
          "origin": 
"string",
          "code": 
"too_small",
          "minimum": 1,
          "inclusive": 
true,
          "path": [
            "customerName"
          ],
          "message": 
"Customer name is required"
        },
        {
          "origin": 
"string",
          "code": 
"too_small",
          "minimum": 1,
          "inclusive": 
true,
          "path": [
            "route"
          ],
          "message": 
"Route is required"
        },
        {
          "origin": 
"number",
          "code": 
"too_small",
          "minimum": 0,
          "inclusive": 
true,
          "path": [
            "startMeter"
          ],
          "message": 
"Start meter must be 
positive"
        },
        {
          "origin": 
"number",
          "code": 
"too_small",
          "minimum": 0,
          "inclusive": 
true,
          "path": [
            "hireRate"
          ],
          "message": "Hire 
rate must be positive"
        },
        {
          "origin": 
"number",
          "code": 
"too_small",
          "minimum": 0,
          "inclusive": 
true,
          "path": [
            "packageCharge"
          ],
          "message": 
"Package charge must be 
positive"
        }
      ]
          at parse (E:\proj
ects\tourBiller\src\lib\act
ions.ts:27:38)
          at E:\projects\to
urBiller\src\__tests__\prop
erties\invalid-bill-rejecti
on.test.ts:75:52
          at 
AsyncProperty.predicate (E:
\projects\tourBiller\node_m
odules\fast-check\lib\cjs\c
heck\property\AsyncProperty
.js:17:102)
          at 
AsyncProperty.run (E:\proje
cts\tourBiller\node_modules
\fast-check\lib\cjs\check\p
roperty\AsyncProperty.gener
ic.js:46:39)
          at asyncRunIt (E:
\projects\tourBiller\node_m
odules\fast-check\lib\cjs\c
heck\runner\Runner.js:28:36
)
          at 
processTicksAndRejections (
node:internal/process/task_
queues:103:5)
          at 
Object.<anonymous> (E:\proj
ects\tourBiller\src\__tests
__\properties\invalid-bill-
rejection.test.ts:24:9)

    [0m [90m 53 |[39m   
  }[33m;[39m
     [90m 54 |[39m   } 
[36mcatch[39m (error) {
    
[31m[1m>[22m[39m[90m 
55 |[39m     console[33m.
[39merror([32m'Error 
creating 
bill:'[39m[33m,[39m 
error)[33m;[39m
     [90m    |[39m       
      [31m[1m^[22m[39m
     [90m 56 |[39m     
     [90m 57 |[39m     
[36mif[39m (error 
[36minstanceof[39m 
[33mError[39m) {
     [90m 58 |[39m       
[36mreturn[39m {[0m

      at error 
(src/lib/actions.ts:55:13)
      at src/__tests__/prop
erties/invalid-bill-rejecti
on.test.ts:75:52
      at 
AsyncProperty.predicate (no
de_modules/fast-check/lib/c
js/check/property/AsyncProp
erty.js:17:102)
      at AsyncProperty.run 
(node_modules/fast-check/li
b/cjs/check/property/AsyncP
roperty.generic.js:46:39)
      at asyncRunIt (node_m
odules/fast-check/lib/cjs/c
heck/runner/Runner.js:28:36
)
      at 
Object.<anonymous> (src/__t
ests__/properties/invalid-b
ill-rejection.test.ts:24:9)

    console.error
      Error creating bill: 
ZodError: [
        {
          "origin": 
"string",
          "code": 
"too_small",
          "minimum": 1,
          "inclusive": 
true,
          "path": [
            "vehicleNo"
          ],
          "message": 
"Vehicle number is 
required"
        },
        {
          "origin": 
"string",
          "code": 
"too_small",
          "minimum": 1,
          "inclusive": 
true,
          "path": [
            "customerName"
          ],
          "message": 
"Customer name is required"
        },
        {
          "origin": 
"string",
          "code": 
"too_small",
          "minimum": 1,
          "inclusive": 
true,
          "path": [
            "route"
          ],
          "message": 
"Route is required"
        },
        {
          "origin": 
"number",
          "code": 
"too_small",
          "minimum": 0,
          "inclusive": 
true,
          "path": [
            "startMeter"
          ],
          "message": 
"Start meter must be 
positive"
        },
        {
          "origin": 
"number",
          "code": 
"too_small",
          "minimum": 0,
          "inclusive": 
true,
          "path": [
            "hireRate"
          ],
          "message": "Hire 
rate must be positive"
        },
        {
          "origin": 
"number",
          "code": 
"too_small",
          "minimum": 0,
          "inclusive": 
true,
          "path": [
            "waitingCharge"
          ],
          "message": 
"Waiting charge must be 
positive"
        },
        {
          "origin": 
"number",
          "code": 
"too_small",
          "minimum": 0,
          "inclusive": 
true,
          "path": [
            "packageCharge"
          ],
          "message": 
"Package charge must be 
positive"
        }
      ]
          at parse (E:\proj
ects\tourBiller\src\lib\act
ions.ts:27:38)
          at E:\projects\to
urBiller\src\__tests__\prop
erties\invalid-bill-rejecti
on.test.ts:75:52
          at 
AsyncProperty.predicate (E:
\projects\tourBiller\node_m
odules\fast-check\lib\cjs\c
heck\property\AsyncProperty
.js:17:102)
          at 
AsyncProperty.run (E:\proje
cts\tourBiller\node_modules
\fast-check\lib\cjs\check\p
roperty\AsyncProperty.gener
ic.js:46:39)
          at asyncRunIt (E:
\projects\tourBiller\node_m
odules\fast-check\lib\cjs\c
heck\runner\Runner.js:28:36
)
          at 
processTicksAndRejections (
node:internal/process/task_
queues:103:5)
          at 
Object.<anonymous> (E:\proj
ects\tourBiller\src\__tests
__\properties\invalid-bill-
rejection.test.ts:24:9)

    [0m [90m 53 |[39m   
  }[33m;[39m
     [90m 54 |[39m   } 
[36mcatch[39m (error) {
    
[31m[1m>[22m[39m[90m 
55 |[39m     console[33m.
[39merror([32m'Error 
creating 
bill:'[39m[33m,[39m 
error)[33m;[39m
     [90m    |[39m       
      [31m[1m^[22m[39m
     [90m 56 |[39m     
     [90m 57 |[39m     
[36mif[39m (error 
[36minstanceof[39m 
[33mError[39m) {
     [90m 58 |[39m       
[36mreturn[39m {[0m

      at error 
(src/lib/actions.ts:55:13)
      at src/__tests__/prop
erties/invalid-bill-rejecti
on.test.ts:75:52
      at 
AsyncProperty.predicate (no
de_modules/fast-check/lib/c
js/check/property/AsyncProp
erty.js:17:102)
      at AsyncProperty.run 
(node_modules/fast-check/li
b/cjs/check/property/AsyncP
roperty.generic.js:46:39)
      at asyncRunIt (node_m
odules/fast-check/lib/cjs/c
heck/runner/Runner.js:28:36
)
      at 
Object.<anonymous> (src/__t
ests__/properties/invalid-b
ill-rejection.test.ts:24:9)

    console.error
      Error creating bill: 
ZodError: [
        {
          "origin": 
"string",
          "code": 
"too_small",
          "minimum": 1,
          "inclusive": 
true,
          "path": [
            "customerName"
          ],
          "message": 
"Customer name is required"
        },
        {
          "origin": 
"string",
          "code": 
"too_small",
          "minimum": 1,
          "inclusive": 
true,
          "path": [
            "route"
          ],
          "message": 
"Route is required"
        },
        {
          "origin": 
"number",
          "code": 
"too_small",
          "minimum": 0,
          "inclusive": 
true,
          "path": [
            "startMeter"
          ],
          "message": 
"Start meter must be 
positive"
        },
        {
          "origin": 
"number",
          "code": 
"too_small",
          "minimum": 0,
          "inclusive": 
true,
          "path": [
            "waitingCharge"
          ],
          "message": 
"Waiting charge must be 
positive"
        },
        {
          "origin": 
"number",
          "code": 
"too_small",
          "minimum": 0,
          "inclusive": 
true,
          "path": [
            "packageCharge"
          ],
          "message": 
"Package charge must be 
positive"
        }
      ]
          at parse (E:\proj
ects\tourBiller\src\lib\act
ions.ts:27:38)
          at E:\projects\to
urBiller\src\__tests__\prop
erties\invalid-bill-rejecti
on.test.ts:75:52
          at 
AsyncProperty.predicate (E:
\projects\tourBiller\node_m
odules\fast-check\lib\cjs\c
heck\property\AsyncProperty
.js:17:102)
          at 
AsyncProperty.run (E:\proje
cts\tourBiller\node_modules
\fast-check\lib\cjs\check\p
roperty\AsyncProperty.gener
ic.js:46:39)
          at asyncRunIt (E:
\projects\tourBiller\node_m
odules\fast-check\lib\cjs\c
heck\runner\Runner.js:28:36
)
          at 
processTicksAndRejections (
node:internal/process/task_
queues:103:5)
          at 
Object.<anonymous> (E:\proj
ects\tourBiller\src\__tests
__\properties\invalid-bill-
rejection.test.ts:24:9)

    [0m [90m 53 |[39m   
  }[33m;[39m
     [90m 54 |[39m   } 
[36mcatch[39m (error) {
    
[31m[1m>[22m[39m[90m 
55 |[39m     console[33m.
[39merror([32m'Error 
creating 
bill:'[39m[33m,[39m 
error)[33m;[39m
     [90m    |[39m       
      [31m[1m^[22m[39m
     [90m 56 |[39m     
     [90m 57 |[39m     
[36mif[39m (error 
[36minstanceof[39m 
[33mError[39m) {
     [90m 58 |[39m       
[36mreturn[39m {[0m

      at error 
(src/lib/actions.ts:55:13)
      at src/__tests__/prop
erties/invalid-bill-rejecti
on.test.ts:75:52
      at 
AsyncProperty.predicate (no
de_modules/fast-check/lib/c
js/check/property/AsyncProp
erty.js:17:102)
      at AsyncProperty.run 
(node_modules/fast-check/li
b/cjs/check/property/AsyncP
roperty.generic.js:46:39)
      at asyncRunIt (node_m
odules/fast-check/lib/cjs/c
heck/runner/Runner.js:28:36
)
      at 
Object.<anonymous> (src/__t
ests__/properties/invalid-b
ill-rejection.test.ts:24:9)

    console.error
      Error creating bill: 
ZodError: [
        {
          "origin": 
"string",
          "code": 
"too_small",
          "minimum": 1,
          "inclusive": 
true,
          "path": [
            "customerName"
          ],
          "message": 
"Customer name is required"
        },
        {
          "origin": 
"string",
          "code": 
"too_small",
          "minimum": 1,
          "inclusive": 
true,
          "path": [
            "route"
          ],
          "message": 
"Route is required"
        },
        {
          "origin": 
"number",
          "code": 
"too_small",
          "minimum": 0,
          "inclusive": 
true,
          "path": [
            "hireRate"
          ],
          "message": "Hire 
rate must be positive"
        },
        {
          "origin": 
"number",
          "code": 
"too_small",
          "minimum": 0,
          "inclusive": 
true,
          "path": [
            "waitingCharge"
          ],
          "message": 
"Waiting charge must be 
positive"
        },
        {
          "origin": 
"number",
          "code": 
"too_small",
          "minimum": 0,
          "inclusive": 
true,
          "path": [
            "packageCharge"
          ],
          "message": 
"Package charge must be 
positive"
        }
      ]
          at parse (E:\proj
ects\tourBiller\src\lib\act
ions.ts:27:38)
          at E:\projects\to
urBiller\src\__tests__\prop
erties\invalid-bill-rejecti
on.test.ts:75:52
          at 
AsyncProperty.predicate (E:
\projects\tourBiller\node_m
odules\fast-check\lib\cjs\c
heck\property\AsyncProperty
.js:17:102)
          at 
AsyncProperty.run (E:\proje
cts\tourBiller\node_modules
\fast-check\lib\cjs\check\p
roperty\AsyncProperty.gener
ic.js:46:39)
          at asyncRunIt (E:
\projects\tourBiller\node_m
odules\fast-check\lib\cjs\c
heck\runner\Runner.js:28:36
)
          at 
processTicksAndRejections (
node:internal/process/task_
queues:103:5)
          at 
Object.<anonymous> (E:\proj
ects\tourBiller\src\__tests
__\properties\invalid-bill-
rejection.test.ts:24:9)

    [0m [90m 53 |[39m   
  }[33m;[39m
     [90m 54 |[39m   } 
[36mcatch[39m (error) {
    
[31m[1m>[22m[39m[90m 
55 |[39m     console[33m.
[39merror([32m'Error 
creating 
bill:'[39m[33m,[39m 
error)[33m;[39m
     [90m    |[39m       
      [31m[1m^[22m[39m
     [90m 56 |[39m     
     [90m 57 |[39m     
[36mif[39m (error 
[36minstanceof[39m 
[33mError[39m) {
     [90m 58 |[39m       
[36mreturn[39m {[0m

      at error 
(src/lib/actions.ts:55:13)
      at src/__tests__/prop
erties/invalid-bill-rejecti
on.test.ts:75:52
      at 
AsyncProperty.predicate (no
de_modules/fast-check/lib/c
js/check/property/AsyncProp
erty.js:17:102)
      at AsyncProperty.run 
(node_modules/fast-check/li
b/cjs/check/property/AsyncP
roperty.generic.js:46:39)
      at asyncRunIt (node_m
odules/fast-check/lib/cjs/c
heck/runner/Runner.js:28:36
)
      at 
Object.<anonymous> (src/__t
ests__/properties/invalid-b
ill-rejection.test.ts:24:9)

    console.error
      Error creating bill: 
ZodError: [
        {
          "origin": 
"string",
          "code": 
"too_small",
          "minimum": 1,
          "inclusive": 
true,
          "path": [
            "vehicleNo"
          ],
          "message": 
"Vehicle number is 
required"
        },
        {
          "origin": 
"string",
          "code": 
"too_small",
          "minimum": 1,
          "inclusive": 
true,
          "path": [
            "route"
          ],
          "message": 
"Route is required"
        },
        {
          "origin": 
"number",
          "code": 
"too_small",
          "minimum": 0,
          "inclusive": 
true,
          "path": [
            "startMeter"
          ],
          "message": 
"Start meter must be 
positive"
        },
        {
          "origin": 
"number",
          "code": 
"too_small",
          "minimum": 0,
          "inclusive": 
true,
          "path": [
            "endMeter"
          ],
          "message": "End 
meter must be positive"
        },
        {
          "origin": 
"number",
          "code": 
"too_small",
          "minimum": 0,
          "inclusive": 
true,
          "path": [
            "gatePass"
          ],
          "message": "Gate 
pass must be positive"
        },
        {
          "origin": 
"number",
          "code": 
"too_small",
          "minimum": 0,
          "inclusive": 
true,
          "path": [
            "packageCharge"
          ],
          "message": 
"Package charge must be 
positive"
        },
        {
          "code": "custom",
          "path": [
            "endMeter"
          ],
          "message": "End 
meter must be greater than 
start meter"
        }
      ]
          at parse (E:\proj
ects\tourBiller\src\lib\act
ions.ts:27:38)
          at E:\projects\to
urBiller\src\__tests__\prop
erties\invalid-bill-rejecti
on.test.ts:75:52
          at 
AsyncProperty.predicate (E:
\projects\tourBiller\node_m
odules\fast-check\lib\cjs\c
heck\property\AsyncProperty
.js:17:102)
          at 
AsyncProperty.run (E:\proje
cts\tourBiller\node_modules
\fast-check\lib\cjs\check\p
roperty\AsyncProperty.gener
ic.js:46:39)
          at asyncRunIt (E:
\projects\tourBiller\node_m
odules\fast-check\lib\cjs\c
heck\runner\Runner.js:28:36
)
          at 
processTicksAndRejections (
node:internal/process/task_
queues:103:5)
          at 
Object.<anonymous> (E:\proj
ects\tourBiller\src\__tests
__\properties\invalid-bill-
rejection.test.ts:24:9)

    [0m [90m 53 |[39m   
  }[33m;[39m
     [90m 54 |[39m   } 
[36mcatch[39m (error) {
    
[31m[1m>[22m[39m[90m 
55 |[39m     console[33m.
[39merror([32m'Error 
creating 
bill:'[39m[33m,[39m 
error)[33m;[39m
     [90m    |[39m       
      [31m[1m^[22m[39m
     [90m 56 |[39m     
     [90m 57 |[39m     
[36mif[39m (error 
[36minstanceof[39m 
[33mError[39m) {
     [90m 58 |[39m       
[36mreturn[39m {[0m

      at error 
(src/lib/actions.ts:55:13)
      at src/__tests__/prop
erties/invalid-bill-rejecti
on.test.ts:75:52
      at 
AsyncProperty.predicate (no
de_modules/fast-check/lib/c
js/check/property/AsyncProp
erty.js:17:102)
      at AsyncProperty.run 
(node_modules/fast-check/li
b/cjs/check/property/AsyncP
roperty.generic.js:46:39)
      at asyncRunIt (node_m
odules/fast-check/lib/cjs/c
heck/runner/Runner.js:28:36
)
      at 
Object.<anonymous> (src/__t
ests__/properties/invalid-b
ill-rejection.test.ts:24:9)

    console.error
      Error creating bill: 
ZodError: [
        {
          "origin": 
"string",
          "code": 
"too_small",
          "minimum": 1,
          "inclusive": 
true,
          "path": [
            "vehicleNo"
          ],
          "message": 
"Vehicle number is 
required"
        },
        {
          "origin": 
"string",
          "code": 
"too_small",
          "minimum": 1,
          "inclusive": 
true,
          "path": [
            "customerName"
          ],
          "message": 
"Customer name is required"
        },
        {
          "origin": 
"number",
          "code": 
"too_small",
          "minimum": 0,
          "inclusive": 
true,
          "path": [
            "hireRate"
          ],
          "message": "Hire 
rate must be positive"
        },
        {
          "origin": 
"number",
          "code": 
"too_small",
          "minimum": 0,
          "inclusive": 
true,
          "path": [
            "waitingCharge"
          ],
          "message": 
"Waiting charge must be 
positive"
        },
        {
          "origin": 
"number",
          "code": 
"too_small",
          "minimum": 0,
          "inclusive": 
true,
          "path": [
            "gatePass"
          ],
          "message": "Gate 
pass must be positive"
        },
        {
          "origin": 
"number",
          "code": 
"too_small",
          "minimum": 0,
          "inclusive": 
true,
          "path": [
            "packageCharge"
          ],
          "message": 
"Package charge must be 
positive"
        },
        {
          "code": "custom",
          "path": [
            "endMeter"
          ],
          "message": "End 
meter must be greater than 
start meter"
        }
      ]
          at parse (E:\proj
ects\tourBiller\src\lib\act
ions.ts:27:38)
          at E:\projects\to
urBiller\src\__tests__\prop
erties\invalid-bill-rejecti
on.test.ts:75:52
          at 
AsyncProperty.predicate (E:
\projects\tourBiller\node_m
odules\fast-check\lib\cjs\c
heck\property\AsyncProperty
.js:17:102)
          at 
AsyncProperty.run (E:\proje
cts\tourBiller\node_modules
\fast-check\lib\cjs\check\p
roperty\AsyncProperty.gener
ic.js:46:39)
          at asyncRunIt (E:
\projects\tourBiller\node_m
odules\fast-check\lib\cjs\c
heck\runner\Runner.js:28:36
)
          at 
processTicksAndRejections (
node:internal/process/task_
queues:103:5)
          at 
Object.<anonymous> (E:\proj
ects\tourBiller\src\__tests
__\properties\invalid-bill-
rejection.test.ts:24:9)

    [0m [90m 53 |[39m   
  }[33m;[39m
     [90m 54 |[39m   } 
[36mcatch[39m (error) {
    
[31m[1m>[22m[39m[90m 
55 |[39m     console[33m.
[39merror([32m'Error 
creating 
bill:'[39m[33m,[39m 
error)[33m;[39m
     [90m    |[39m       
      [31m[1m^[22m[39m
     [90m 56 |[39m     
     [90m 57 |[39m     
[36mif[39m (error 
[36minstanceof[39m 
[33mError[39m) {
     [90m 58 |[39m       
[36mreturn[39m {[0m

      at error 
(src/lib/actions.ts:55:13)
      at src/__tests__/prop
erties/invalid-bill-rejecti
on.test.ts:75:52
      at 
AsyncProperty.predicate (no
de_modules/fast-check/lib/c
js/check/property/AsyncProp
erty.js:17:102)
      at AsyncProperty.run 
(node_modules/fast-check/li
b/cjs/check/property/AsyncP
roperty.generic.js:46:39)
      at asyncRunIt (node_m
odules/fast-check/lib/cjs/c
heck/runner/Runner.js:28:36
)
      at 
Object.<anonymous> (src/__t
ests__/properties/invalid-b
ill-rejection.test.ts:24:9)

    console.error
      Error creating bill: 
ZodError: [
        {
          "origin": 
"string",
          "code": 
"too_small",
          "minimum": 1,
          "inclusive": 
true,
          "path": [
            "customerName"
          ],
          "message": 
"Customer name is required"
        },
        {
          "origin": 
"string",
          "code": 
"too_small",
          "minimum": 1,
          "inclusive": 
true,
          "path": [
            "route"
          ],
          "message": 
"Route is required"
        },
        {
          "origin": 
"number",
          "code": 
"too_small",
          "minimum": 0,
          "inclusive": 
true,
          "path": [
            "startMeter"
          ],
          "message": 
"Start meter must be 
positive"
        },
        {
          "origin": 
"number",
          "code": 
"too_small",
          "minimum": 0,
          "inclusive": 
true,
          "path": [
            "endMeter"
          ],
          "message": "End 
meter must be positive"
        },
        {
          "origin": 
"number",
          "code": 
"too_small",
          "minimum": 0,
          "inclusive": 
true,
          "path": [
            "hireRate"
          ],
          "message": "Hire 
rate must be positive"
        },
        {
          "origin": 
"number",
          "code": 
"too_small",
          "minimum": 0,
          "inclusive": 
true,
          "path": [
            "gatePass"
          ],
          "message": "Gate 
pass must be positive"
        },
        {
          "origin": 
"number",
          "code": 
"too_small",
          "minimum": 0,
          "inclusive": 
true,
          "path": [
            "packageCharge"
          ],
          "message": 
"Package charge must be 
positive"
        },
        {
          "code": "custom",
          "path": [
            "endMeter"
          ],
          "message": "End 
meter must be greater than 
start meter"
        }
      ]
          at parse (E:\proj
ects\tourBiller\src\lib\act
ions.ts:27:38)
          at E:\projects\to
urBiller\src\__tests__\prop
erties\invalid-bill-rejecti
on.test.ts:75:52
          at 
AsyncProperty.predicate (E:
\projects\tourBiller\node_m
odules\fast-check\lib\cjs\c
heck\property\AsyncProperty
.js:17:102)
          at 
AsyncProperty.run (E:\proje
cts\tourBiller\node_modules
\fast-check\lib\cjs\check\p
roperty\AsyncProperty.gener
ic.js:46:39)
          at asyncRunIt (E:
\projects\tourBiller\node_m
odules\fast-check\lib\cjs\c
heck\runner\Runner.js:28:36
)
          at 
processTicksAndRejections (
node:internal/process/task_
queues:103:5)
          at 
Object.<anonymous> (E:\proj
ects\tourBiller\src\__tests
__\properties\invalid-bill-
rejection.test.ts:24:9)

    [0m [90m 53 |[39m   
  }[33m;[39m
     [90m 54 |[39m   } 
[36mcatch[39m (error) {
    
[31m[1m>[22m[39m[90m 
55 |[39m     console[33m.
[39merror([32m'Error 
creating 
bill:'[39m[33m,[39m 
error)[33m;[39m
     [90m    |[39m       
      [31m[1m^[22m[39m
     [90m 56 |[39m     
     [90m 57 |[39m     
[36mif[39m (error 
[36minstanceof[39m 
[33mError[39m) {
     [90m 58 |[39m       
[36mreturn[39m {[0m

      at error 
(src/lib/actions.ts:55:13)
      at src/__tests__/prop
erties/invalid-bill-rejecti
on.test.ts:75:52
      at 
AsyncProperty.predicate (no
de_modules/fast-check/lib/c
js/check/property/AsyncProp
erty.js:17:102)
      at AsyncProperty.run 
(node_modules/fast-check/li
b/cjs/check/property/AsyncP
roperty.generic.js:46:39)
      at asyncRunIt (node_m
odules/fast-check/lib/cjs/c
heck/runner/Runner.js:28:36
)
      at 
Object.<anonymous> (src/__t
ests__/properties/invalid-b
ill-rejection.test.ts:24:9)

    console.error
      Error creating bill: 
ZodError: [
        {
          "origin": 
"string",
          "code": 
"too_small",
          "minimum": 1,
          "inclusive": 
true,
          "path": [
            "vehicleNo"
          ],
          "message": 
"Vehicle number is 
required"
        },
        {
          "origin": 
"string",
          "code": 
"too_small",
          "minimum": 1,
          "inclusive": 
true,
          "path": [
            "customerName"
          ],
          "message": 
"Customer name is required"
        },
        {
          "origin": 
"number",
          "code": 
"too_small",
          "minimum": 0,
          "inclusive": 
true,
          "path": [
            "startMeter"
          ],
          "message": 
"Start meter must be 
positive"
        },
        {
          "origin": 
"number",
          "code": 
"too_small",
          "minimum": 0,
          "inclusive": 
true,
          "path": [
            "waitingCharge"
          ],
          "message": 
"Waiting charge must be 
positive"
        },
        {
          "origin": 
"number",
          "code": 
"too_small",
          "minimum": 0,
          "inclusive": 
true,
          "path": [
            "gatePass"
          ],
          "message": "Gate 
pass must be positive"
        },
        {
          "origin": 
"number",
          "code": 
"too_small",
          "minimum": 0,
          "inclusive": 
true,
          "path": [
            "packageCharge"
          ],
          "message": 
"Package charge must be 
positive"
        }
      ]
          at parse (E:\proj
ects\tourBiller\src\lib\act
ions.ts:27:38)
          at E:\projects\to
urBiller\src\__tests__\prop
erties\invalid-bill-rejecti
on.test.ts:75:52
          at 
AsyncProperty.predicate (E:
\projects\tourBiller\node_m
odules\fast-check\lib\cjs\c
heck\property\AsyncProperty
.js:17:102)
          at 
AsyncProperty.run (E:\proje
cts\tourBiller\node_modules
\fast-check\lib\cjs\check\p
roperty\AsyncProperty.gener
ic.js:46:39)
          at asyncRunIt (E:
\projects\tourBiller\node_m
odules\fast-check\lib\cjs\c
heck\runner\Runner.js:28:36
)
          at 
processTicksAndRejections (
node:internal/process/task_
queues:103:5)
          at 
Object.<anonymous> (E:\proj
ects\tourBiller\src\__tests
__\properties\invalid-bill-
rejection.test.ts:24:9)

    [0m [90m 53 |[39m   
  }[33m;[39m
     [90m 54 |[39m   } 
[36mcatch[39m (error) {
    
[31m[1m>[22m[39m[90m 
55 |[39m     console[33m.
[39merror([32m'Error 
creating 
bill:'[39m[33m,[39m 
error)[33m;[39m
     [90m    |[39m       
      [31m[1m^[22m[39m
     [90m 56 |[39m     
     [90m 57 |[39m     
[36mif[39m (error 
[36minstanceof[39m 
[33mError[39m) {
     [90m 58 |[39m       
[36mreturn[39m {[0m

      at error 
(src/lib/actions.ts:55:13)
      at src/__tests__/prop
erties/invalid-bill-rejecti
on.test.ts:75:52
      at 
AsyncProperty.predicate (no
de_modules/fast-check/lib/c
js/check/property/AsyncProp
erty.js:17:102)
      at AsyncProperty.run 
(node_modules/fast-check/li
b/cjs/check/property/AsyncP
roperty.generic.js:46:39)
      at asyncRunIt (node_m
odules/fast-check/lib/cjs/c
heck/runner/Runner.js:28:36
)
      at 
Object.<anonymous> (src/__t
ests__/properties/invalid-b
ill-rejection.test.ts:24:9)

    console.error
      Error creating bill: 
ZodError: [
        {
          "origin": 
"string",
          "code": 
"too_small",
          "minimum": 1,
          "inclusive": 
true,
          "path": [
            "customerName"
          ],
          "message": 
"Customer name is required"
        },
        {
          "origin": 
"string",
          "code": 
"too_small",
          "minimum": 1,
          "inclusive": 
true,
          "path": [
            "route"
          ],
          "message": 
"Route is required"
        },
        {
          "origin": 
"number",
          "code": 
"too_small",
          "minimum": 0,
          "inclusive": 
true,
          "path": [
            "startMeter"
          ],
          "message": 
"Start meter must be 
positive"
        },
        {
          "origin": 
"number",
          "code": 
"too_small",
          "minimum": 0,
          "inclusive": 
true,
          "path": [
            "hireRate"
          ],
          "message": "Hire 
rate must be positive"
        }
      ]
          at parse (E:\proj
ects\tourBiller\src\lib\act
ions.ts:27:38)
          at E:\projects\to
urBiller\src\__tests__\prop
erties\invalid-bill-rejecti
on.test.ts:75:52
          at 
AsyncProperty.predicate (E:
\projects\tourBiller\node_m
odules\fast-check\lib\cjs\c
heck\property\AsyncProperty
.js:17:102)
          at 
AsyncProperty.run (E:\proje
cts\tourBiller\node_modules
\fast-check\lib\cjs\check\p
roperty\AsyncProperty.gener
ic.js:46:39)
          at asyncRunIt (E:
\projects\tourBiller\node_m
odules\fast-check\lib\cjs\c
heck\runner\Runner.js:28:36
)
          at 
processTicksAndRejections (
node:internal/process/task_
queues:103:5)
          at 
Object.<anonymous> (E:\proj
ects\tourBiller\src\__tests
__\properties\invalid-bill-
rejection.test.ts:24:9)

    [0m [90m 53 |[39m   
  }[33m;[39m
     [90m 54 |[39m   } 
[36mcatch[39m (error) {
    
[31m[1m>[22m[39m[90m 
55 |[39m     console[33m.
[39merror([32m'Error 
creating 
bill:'[39m[33m,[39m 
error)[33m;[39m
     [90m    |[39m       
      [31m[1m^[22m[39m
     [90m 56 |[39m     
     [90m 57 |[39m     
[36mif[39m (error 
[36minstanceof[39m 
[33mError[39m) {
     [90m 58 |[39m       
[36mreturn[39m {[0m

      at error 
(src/lib/actions.ts:55:13)
      at src/__tests__/prop
erties/invalid-bill-rejecti
on.test.ts:75:52
      at 
AsyncProperty.predicate (no
de_modules/fast-check/lib/c
js/check/property/AsyncProp
erty.js:17:102)
      at AsyncProperty.run 
(node_modules/fast-check/li
b/cjs/check/property/AsyncP
roperty.generic.js:46:39)
      at asyncRunIt (node_m
odules/fast-check/lib/cjs/c
heck/runner/Runner.js:28:36
)
      at 
Object.<anonymous> (src/__t
ests__/properties/invalid-b
ill-rejection.test.ts:24:9)

    console.error
      Error creating bill: 
ZodError: [
        {
          "origin": 
"string",
          "code": 
"too_small",
          "minimum": 1,
          "inclusive": 
true,
          "path": [
            "vehicleNo"
          ],
          "message": 
"Vehicle number is 
required"
        },
        {
          "origin": 
"string",
          "code": 
"too_small",
          "minimum": 1,
          "inclusive": 
true,
          "path": [
            "customerName"
          ],
          "message": 
"Customer name is required"
        },
        {
          "origin": 
"string",
          "code": 
"too_small",
          "minimum": 1,
          "inclusive": 
true,
          "path": [
            "route"
          ],
          "message": 
"Route is required"
        },
        {
          "origin": 
"number",
          "code": 
"too_small",
          "minimum": 0,
          "inclusive": 
true,
          "path": [
            "endMeter"
          ],
          "message": "End 
meter must be positive"
        },
        {
          "origin": 
"number",
          "code": 
"too_small",
          "minimum": 0,
          "inclusive": 
true,
          "path": [
            "hireRate"
          ],
          "message": "Hire 
rate must be positive"
        },
        {
          "origin": 
"number",
          "code": 
"too_small",
          "minimum": 0,
          "inclusive": 
true,
          "path": [
            "waitingCharge"
          ],
          "message": 
"Waiting charge must be 
positive"
        },
        {
          "origin": 
"number",
          "code": 
"too_small",
          "minimum": 0,
          "inclusive": 
true,
          "path": [
            "packageCharge"
          ],
          "message": 
"Package charge must be 
positive"
        },
        {
          "code": "custom",
          "path": [
            "endMeter"
          ],
          "message": "End 
meter must be greater than 
start meter"
        }
      ]
          at parse (E:\proj
ects\tourBiller\src\lib\act
ions.ts:27:38)
          at E:\projects\to
urBiller\src\__tests__\prop
erties\invalid-bill-rejecti
on.test.ts:75:52
          at 
AsyncProperty.predicate (E:
\projects\tourBiller\node_m
odules\fast-check\lib\cjs\c
heck\property\AsyncProperty
.js:17:102)
          at 
AsyncProperty.run (E:\proje
cts\tourBiller\node_modules
\fast-check\lib\cjs\check\p
roperty\AsyncProperty.gener
ic.js:46:39)
          at asyncRunIt (E:
\projects\tourBiller\node_m
odules\fast-check\lib\cjs\c
heck\runner\Runner.js:28:36
)
          at 
processTicksAndRejections (
node:internal/process/task_
queues:103:5)
          at 
Object.<anonymous> (E:\proj
ects\tourBiller\src\__tests
__\properties\invalid-bill-
rejection.test.ts:24:9)

    [0m [90m 53 |[39m   
  }[33m;[39m
     [90m 54 |[39m   } 
[36mcatch[39m (error) {
    
[31m[1m>[22m[39m[90m 
55 |[39m     console[33m.
[39merror([32m'Error 
creating 
bill:'[39m[33m,[39m 
error)[33m;[39m
     [90m    |[39m       
      [31m[1m^[22m[39m
     [90m 56 |[39m     
     [90m 57 |[39m     
[36mif[39m (error 
[36minstanceof[39m 
[33mError[39m) {
     [90m 58 |[39m       
[36mreturn[39m {[0m

      at error 
(src/lib/actions.ts:55:13)
      at src/__tests__/prop
erties/invalid-bill-rejecti
on.test.ts:75:52
      at 
AsyncProperty.predicate (no
de_modules/fast-check/lib/c
js/check/property/AsyncProp
erty.js:17:102)
      at AsyncProperty.run 
(node_modules/fast-check/li
b/cjs/check/property/AsyncP
roperty.generic.js:46:39)
      at asyncRunIt (node_m
odules/fast-check/lib/cjs/c
heck/runner/Runner.js:28:36
)
      at 
Object.<anonymous> (src/__t
ests__/properties/invalid-b
ill-rejection.test.ts:24:9)

    console.error
      Error creating bill: 
ZodError: [
        {
          "origin": 
"string",
          "code": 
"too_small",
          "minimum": 1,
          "inclusive": 
true,
          "path": [
            "customerName"
          ],
          "message": 
"Customer name is required"
        },
        {
          "origin": 
"number",
          "code": 
"too_small",
          "minimum": 0,
          "inclusive": 
true,
          "path": [
            "startMeter"
          ],
          "message": 
"Start meter must be 
positive"
        },
        {
          "origin": 
"number",
          "code": 
"too_small",
          "minimum": 0,
          "inclusive": 
true,
          "path": [
            "endMeter"
          ],
          "message": "End 
meter must be positive"
        },
        {
          "origin": 
"number",
          "code": 
"too_small",
          "minimum": 0,
          "inclusive": 
true,
          "path": [
            "hireRate"
          ],
          "message": "Hire 
rate must be positive"
        },
        {
          "origin": 
"number",
          "code": 
"too_small",
          "minimum": 0,
          "inclusive": 
true,
          "path": [
            "packageCharge"
          ],
          "message": 
"Package charge must be 
positive"
        },
        {
          "code": "custom",
          "path": [
            "endMeter"
          ],
          "message": "End 
meter must be greater than 
start meter"
        }
      ]
          at parse (E:\proj
ects\tourBiller\src\lib\act
ions.ts:27:38)
          at E:\projects\to
urBiller\src\__tests__\prop
erties\invalid-bill-rejecti
on.test.ts:75:52
          at 
AsyncProperty.predicate (E:
\projects\tourBiller\node_m
odules\fast-check\lib\cjs\c
heck\property\AsyncProperty
.js:17:102)
          at 
AsyncProperty.run (E:\proje
cts\tourBiller\node_modules
\fast-check\lib\cjs\check\p
roperty\AsyncProperty.gener
ic.js:46:39)
          at asyncRunIt (E:
\projects\tourBiller\node_m
odules\fast-check\lib\cjs\c
heck\runner\Runner.js:28:36
)
          at 
processTicksAndRejections (
node:internal/process/task_
queues:103:5)
          at 
Object.<anonymous> (E:\proj
ects\tourBiller\src\__tests
__\properties\invalid-bill-
rejection.test.ts:24:9)

    [0m [90m 53 |[39m   
  }[33m;[39m
     [90m 54 |[39m   } 
[36mcatch[39m (error) {
    
[31m[1m>[22m[39m[90m 
55 |[39m     console[33m.
[39merror([32m'Error 
creating 
bill:'[39m[33m,[39m 
error)[33m;[39m
     [90m    |[39m       
      [31m[1m^[22m[39m
     [90m 56 |[39m     
     [90m 57 |[39m     
[36mif[39m (error 
[36minstanceof[39m 
[33mError[39m) {
     [90m 58 |[39m       
[36mreturn[39m {[0m

      at error 
(src/lib/actions.ts:55:13)
      at src/__tests__/prop
erties/invalid-bill-rejecti
on.test.ts:75:52
      at 
AsyncProperty.predicate (no
de_modules/fast-check/lib/c
js/check/property/AsyncProp
erty.js:17:102)
      at AsyncProperty.run 
(node_modules/fast-check/li
b/cjs/check/property/AsyncP
roperty.generic.js:46:39)
      at asyncRunIt (node_m
odules/fast-check/lib/cjs/c
heck/runner/Runner.js:28:36
)
      at 
Object.<anonymous> (src/__t
ests__/properties/invalid-b
ill-rejection.test.ts:24:9)

    console.error
      Error creating bill: 
ZodError: [
        {
          "origin": 
"string",
          "code": 
"too_small",
          "minimum": 1,
          "inclusive": 
true,
          "path": [
            "route"
          ],
          "message": 
"Route is required"
        },
        {
          "origin": 
"number",
          "code": 
"too_small",
          "minimum": 0,
          "inclusive": 
true,
          "path": [
            "packageCharge"
          ],
          "message": 
"Package charge must be 
positive"
        },
        {
          "code": "custom",
          "path": [
            "endMeter"
          ],
          "message": "End 
meter must be greater than 
start meter"
        }
      ]
          at parse (E:\proj
ects\tourBiller\src\lib\act
ions.ts:27:38)
          at E:\projects\to
urBiller\src\__tests__\prop
erties\invalid-bill-rejecti
on.test.ts:75:52
          at 
AsyncProperty.predicate (E:
\projects\tourBiller\node_m
odules\fast-check\lib\cjs\c
heck\property\AsyncProperty
.js:17:102)
          at 
AsyncProperty.run (E:\proje
cts\tourBiller\node_modules
\fast-check\lib\cjs\check\p
roperty\AsyncProperty.gener
ic.js:46:39)
          at asyncRunIt (E:
\projects\tourBiller\node_m
odules\fast-check\lib\cjs\c
heck\runner\Runner.js:28:36
)
          at 
processTicksAndRejections (
node:internal/process/task_
queues:103:5)
          at 
Object.<anonymous> (E:\proj
ects\tourBiller\src\__tests
__\properties\invalid-bill-
rejection.test.ts:24:9)

    [0m [90m 53 |[39m   
  }[33m;[39m
     [90m 54 |[39m   } 
[36mcatch[39m (error) {
    
[31m[1m>[22m[39m[90m 
55 |[39m     console[33m.
[39merror([32m'Error 
creating 
bill:'[39m[33m,[39m 
error)[33m;[39m
     [90m    |[39m       
      [31m[1m^[22m[39m
     [90m 56 |[39m     
     [90m 57 |[39m     
[36mif[39m (error 
[36minstanceof[39m 
[33mError[39m) {
     [90m 58 |[39m       
[36mreturn[39m {[0m

      at error 
(src/lib/actions.ts:55:13)
      at src/__tests__/prop
erties/invalid-bill-rejecti
on.test.ts:75:52
      at 
AsyncProperty.predicate (no
de_modules/fast-check/lib/c
js/check/property/AsyncProp
erty.js:17:102)
      at AsyncProperty.run 
(node_modules/fast-check/li
b/cjs/check/property/AsyncP
roperty.generic.js:46:39)
      at asyncRunIt (node_m
odules/fast-check/lib/cjs/c
heck/runner/Runner.js:28:36
)
      at 
Object.<anonymous> (src/__t
ests__/properties/invalid-b
ill-rejection.test.ts:24:9)

    console.error
      Error creating bill: 
ZodError: [
        {
          "origin": 
"string",
          "code": 
"too_small",
          "minimum": 1,
          "inclusive": 
true,
          "path": [
            "vehicleNo"
          ],
          "message": 
"Vehicle number is 
required"
        },
        {
          "origin": 
"string",
          "code": 
"too_small",
          "minimum": 1,
          "inclusive": 
true,
          "path": [
            "customerName"
          ],
          "message": 
"Customer name is required"
        },
        {
          "origin": 
"number",
          "code": 
"too_small",
          "minimum": 0,
          "inclusive": 
true,
          "path": [
            "waitingCharge"
          ],
          "message": 
"Waiting charge must be 
positive"
        },
        {
          "origin": 
"number",
          "code": 
"too_small",
          "minimum": 0,
          "inclusive": 
true,
          "path": [
            "gatePass"
          ],
          "message": "Gate 
pass must be positive"
        }
      ]
          at parse (E:\proj
ects\tourBiller\src\lib\act
ions.ts:27:38)
          at E:\projects\to
urBiller\src\__tests__\prop
erties\invalid-bill-rejecti
on.test.ts:75:52
          at 
AsyncProperty.predicate (E:
\projects\tourBiller\node_m
odules\fast-check\lib\cjs\c
heck\property\AsyncProperty
.js:17:102)
          at 
AsyncProperty.run (E:\proje
cts\tourBiller\node_modules
\fast-check\lib\cjs\check\p
roperty\AsyncProperty.gener
ic.js:46:39)
          at asyncRunIt (E:
\projects\tourBiller\node_m
odules\fast-check\lib\cjs\c
heck\runner\Runner.js:28:36
)
          at 
processTicksAndRejections (
node:internal/process/task_
queues:103:5)
          at 
Object.<anonymous> (E:\proj
ects\tourBiller\src\__tests
__\properties\invalid-bill-
rejection.test.ts:24:9)

    [0m [90m 53 |[39m   
  }[33m;[39m
     [90m 54 |[39m   } 
[36mcatch[39m (error) {
    
[31m[1m>[22m[39m[90m 
55 |[39m     console[33m.
[39merror([32m'Error 
creating 
bill:'[39m[33m,[39m 
error)[33m;[39m
     [90m    |[39m       
      [31m[1m^[22m[39m
     [90m 56 |[39m     
     [90m 57 |[39m     
[36mif[39m (error 
[36minstanceof[39m 
[33mError[39m) {
     [90m 58 |[39m       
[36mreturn[39m {[0m

      at error 
(src/lib/actions.ts:55:13)
      at src/__tests__/prop
erties/invalid-bill-rejecti
on.test.ts:75:52
      at 
AsyncProperty.predicate (no
de_modules/fast-check/lib/c
js/check/property/AsyncProp
erty.js:17:102)
      at AsyncProperty.run 
(node_modules/fast-check/li
b/cjs/check/property/AsyncP
roperty.generic.js:46:39)
      at asyncRunIt (node_m
odules/fast-check/lib/cjs/c
heck/runner/Runner.js:28:36
)
      at 
Object.<anonymous> (src/__t
ests__/properties/invalid-b
ill-rejection.test.ts:24:9)

    console.error
      Error creating bill: 
ZodError: [
        {
          "origin": 
"number",
          "code": 
"too_small",
          "minimum": 0,
          "inclusive": 
true,
          "path": [
            "waitingCharge"
          ],
          "message": 
"Waiting charge must be 
positive"
        },
        {
          "code": "custom",
          "path": [
            "endMeter"
          ],
          "message": "End 
meter must be greater than 
start meter"
        }
      ]
          at parse (E:\proj
ects\tourBiller\src\lib\act
ions.ts:27:38)
          at E:\projects\to
urBiller\src\__tests__\prop
erties\invalid-bill-rejecti
on.test.ts:75:52
          at 
AsyncProperty.predicate (E:
\projects\tourBiller\node_m
odules\fast-check\lib\cjs\c
heck\property\AsyncProperty
.js:17:102)
          at 
AsyncProperty.run (E:\proje
cts\tourBiller\node_modules
\fast-check\lib\cjs\check\p
roperty\AsyncProperty.gener
ic.js:46:39)
          at asyncRunIt (E:
\projects\tourBiller\node_m
odules\fast-check\lib\cjs\c
heck\runner\Runner.js:28:36
)
          at 
processTicksAndRejections (
node:internal/process/task_
queues:103:5)
          at 
Object.<anonymous> (E:\proj
ects\tourBiller\src\__tests
__\properties\invalid-bill-
rejection.test.ts:24:9)

    [0m [90m 53 |[39m   
  }[33m;[39m
     [90m 54 |[39m   } 
[36mcatch[39m (error) {
    
[31m[1m>[22m[39m[90m 
55 |[39m     console[33m.
[39merror([32m'Error 
creating 
bill:'[39m[33m,[39m 
error)[33m;[39m
     [90m    |[39m       
      [31m[1m^[22m[39m
     [90m 56 |[39m     
     [90m 57 |[39m     
[36mif[39m (error 
[36minstanceof[39m 
[33mError[39m) {
     [90m 58 |[39m       
[36mreturn[39m {[0m

      at error 
(src/lib/actions.ts:55:13)
      at src/__tests__/prop
erties/invalid-bill-rejecti
on.test.ts:75:52
      at 
AsyncProperty.predicate (no
de_modules/fast-check/lib/c
js/check/property/AsyncProp
erty.js:17:102)
      at AsyncProperty.run 
(node_modules/fast-check/li
b/cjs/check/property/AsyncP
roperty.generic.js:46:39)
      at asyncRunIt (node_m
odules/fast-check/lib/cjs/c
heck/runner/Runner.js:28:36
)
      at 
Object.<anonymous> (src/__t
ests__/properties/invalid-b
ill-rejection.test.ts:24:9)

    console.error
      Error creating bill: 
ZodError: [
        {
          "origin": 
"string",
          "code": 
"too_small",
          "minimum": 1,
          "inclusive": 
true,
          "path": [
            "route"
          ],
          "message": 
"Route is required"
        },
        {
          "origin": 
"number",
          "code": 
"too_small",
          "minimum": 0,
          "inclusive": 
true,
          "path": [
            "hireRate"
          ],
          "message": "Hire 
rate must be positive"
        },
        {
          "origin": 
"number",
          "code": 
"too_small",
          "minimum": 0,
          "inclusive": 
true,
          "path": [
            "waitingCharge"
          ],
          "message": 
"Waiting charge must be 
positive"
        },
        {
          "origin": 
"number",
          "code": 
"too_small",
          "minimum": 0,
          "inclusive": 
true,
          "path": [
            "gatePass"
          ],
          "message": "Gate 
pass must be positive"
        }
      ]
          at parse (E:\proj
ects\tourBiller\src\lib\act
ions.ts:27:38)
          at E:\projects\to
urBiller\src\__tests__\prop
erties\invalid-bill-rejecti
on.test.ts:75:52
          at 
AsyncProperty.predicate (E:
\projects\tourBiller\node_m
odules\fast-check\lib\cjs\c
heck\property\AsyncProperty
.js:17:102)
          at 
AsyncProperty.run (E:\proje
cts\tourBiller\node_modules
\fast-check\lib\cjs\check\p
roperty\AsyncProperty.gener
ic.js:46:39)
          at asyncRunIt (E:
\projects\tourBiller\node_m
odules\fast-check\lib\cjs\c
heck\runner\Runner.js:28:36
)
          at 
processTicksAndRejections (
node:internal/process/task_
queues:103:5)
          at 
Object.<anonymous> (E:\proj
ects\tourBiller\src\__tests
__\properties\invalid-bill-
rejection.test.ts:24:9)

    [0m [90m 53 |[39m   
  }[33m;[39m
     [90m 54 |[39m   } 
[36mcatch[39m (error) {
    
[31m[1m>[22m[39m[90m 
55 |[39m     console[33m.
[39merror([32m'Error 
creating 
bill:'[39m[33m,[39m 
error)[33m;[39m
     [90m    |[39m       
      [31m[1m^[22m[39m
     [90m 56 |[39m     
     [90m 57 |[39m     
[36mif[39m (error 
[36minstanceof[39m 
[33mError[39m) {
     [90m 58 |[39m       
[36mreturn[39m {[0m

      at error 
(src/lib/actions.ts:55:13)
      at src/__tests__/prop
erties/invalid-bill-rejecti
on.test.ts:75:52
      at 
AsyncProperty.predicate (no
de_modules/fast-check/lib/c
js/check/property/AsyncProp
erty.js:17:102)
      at AsyncProperty.run 
(node_modules/fast-check/li
b/cjs/check/property/AsyncP
roperty.generic.js:46:39)
      at asyncRunIt (node_m
odules/fast-check/lib/cjs/c
heck/runner/Runner.js:28:36
)
      at 
Object.<anonymous> (src/__t
ests__/properties/invalid-b
ill-rejection.test.ts:24:9)

    console.error
      Error creating bill: 
ZodError: [
        {
          "origin": 
"string",
          "code": 
"too_small",
          "minimum": 1,
          "inclusive": 
true,
          "path": [
            "vehicleNo"
          ],
          "message": 
"Vehicle number is 
required"
        },
        {
          "origin": 
"string",
          "code": 
"too_small",
          "minimum": 1,
          "inclusive": 
true,
          "path": [
            "customerName"
          ],
          "message": 
"Customer name is required"
        },
        {
          "origin": 
"string",
          "code": 
"too_small",
          "minimum": 1,
          "inclusive": 
true,
          "path": [
            "route"
          ],
          "message": 
"Route is required"
        },
        {
          "origin": 
"number",
          "code": 
"too_small",
          "minimum": 0,
          "inclusive": 
true,
          "path": [
            "startMeter"
          ],
          "message": 
"Start meter must be 
positive"
        },
        {
          "origin": 
"number",
          "code": 
"too_small",
          "minimum": 0,
          "inclusive": 
true,
          "path": [
            "hireRate"
          ],
          "message": "Hire 
rate must be positive"
        }
      ]
          at parse (E:\proj
ects\tourBiller\src\lib\act
ions.ts:27:38)
          at E:\projects\to
urBiller\src\__tests__\prop
erties\invalid-bill-rejecti
on.test.ts:75:52
          at 
AsyncProperty.predicate (E:
\projects\tourBiller\node_m
odules\fast-check\lib\cjs\c
heck\property\AsyncProperty
.js:17:102)
          at 
AsyncProperty.run (E:\proje
cts\tourBiller\node_modules
\fast-check\lib\cjs\check\p
roperty\AsyncProperty.gener
ic.js:46:39)
          at asyncRunIt (E:
\projects\tourBiller\node_m
odules\fast-check\lib\cjs\c
heck\runner\Runner.js:28:36
)
          at 
processTicksAndRejections (
node:internal/process/task_
queues:103:5)
          at 
Object.<anonymous> (E:\proj
ects\tourBiller\src\__tests
__\properties\invalid-bill-
rejection.test.ts:24:9)

    [0m [90m 53 |[39m   
  }[33m;[39m
     [90m 54 |[39m   } 
[36mcatch[39m (error) {
    
[31m[1m>[22m[39m[90m 
55 |[39m     console[33m.
[39merror([32m'Error 
creating 
bill:'[39m[33m,[39m 
error)[33m;[39m
     [90m    |[39m       
      [31m[1m^[22m[39m
     [90m 56 |[39m     
     [90m 57 |[39m     
[36mif[39m (error 
[36minstanceof[39m 
[33mError[39m) {
     [90m 58 |[39m       
[36mreturn[39m {[0m

      at error 
(src/lib/actions.ts:55:13)
      at src/__tests__/prop
erties/invalid-bill-rejecti
on.test.ts:75:52
      at 
AsyncProperty.predicate (no
de_modules/fast-check/lib/c
js/check/property/AsyncProp
erty.js:17:102)
      at AsyncProperty.run 
(node_modules/fast-check/li
b/cjs/check/property/AsyncP
roperty.generic.js:46:39)
      at asyncRunIt (node_m
odules/fast-check/lib/cjs/c
heck/runner/Runner.js:28:36
)
      at 
Object.<anonymous> (src/__t
ests__/properties/invalid-b
ill-rejection.test.ts:24:9)

    console.error
      Error creating bill: 
ZodError: [
        {
          "origin": 
"string",
          "code": 
"too_small",
          "minimum": 1,
          "inclusive": 
true,
          "path": [
            "customerName"
          ],
          "message": 
"Customer name is required"
        },
        {
          "origin": 
"string",
          "code": 
"too_small",
          "minimum": 1,
          "inclusive": 
true,
          "path": [
            "route"
          ],
          "message": 
"Route is required"
        },
        {
          "origin": 
"number",
          "code": 
"too_small",
          "minimum": 0,
          "inclusive": 
true,
          "path": [
            "startMeter"
          ],
          "message": 
"Start meter must be 
positive"
        },
        {
          "origin": 
"number",
          "code": 
"too_small",
          "minimum": 0,
          "inclusive": 
true,
          "path": [
            "waitingCharge"
          ],
          "message": 
"Waiting charge must be 
positive"
        },
        {
          "origin": 
"number",
          "code": 
"too_small",
          "minimum": 0,
          "inclusive": 
true,
          "path": [
            "gatePass"
          ],
          "message": "Gate 
pass must be positive"
        }
      ]
          at parse (E:\proj
ects\tourBiller\src\lib\act
ions.ts:27:38)
          at E:\projects\to
urBiller\src\__tests__\prop
erties\invalid-bill-rejecti
on.test.ts:75:52
          at 
AsyncProperty.predicate (E:
\projects\tourBiller\node_m
odules\fast-check\lib\cjs\c
heck\property\AsyncProperty
.js:17:102)
          at 
AsyncProperty.run (E:\proje
cts\tourBiller\node_modules
\fast-check\lib\cjs\check\p
roperty\AsyncProperty.gener
ic.js:46:39)
          at asyncRunIt (E:
\projects\tourBiller\node_m
odules\fast-check\lib\cjs\c
heck\runner\Runner.js:28:36
)
          at 
processTicksAndRejections (
node:internal/process/task_
queues:103:5)
          at 
Object.<anonymous> (E:\proj
ects\tourBiller\src\__tests
__\properties\invalid-bill-
rejection.test.ts:24:9)

    [0m [90m 53 |[39m   
  }[33m;[39m
     [90m 54 |[39m   } 
[36mcatch[39m (error) {
    
[31m[1m>[22m[39m[90m 
55 |[39m     console[33m.
[39merror([32m'Error 
creating 
bill:'[39m[33m,[39m 
error)[33m;[39m
     [90m    |[39m       
      [31m[1m^[22m[39m
     [90m 56 |[39m     
     [90m 57 |[39m     
[36mif[39m (error 
[36minstanceof[39m 
[33mError[39m) {
     [90m 58 |[39m       
[36mreturn[39m {[0m

      at error 
(src/lib/actions.ts:55:13)
      at src/__tests__/prop
erties/invalid-bill-rejecti
on.test.ts:75:52
      at 
AsyncProperty.predicate (no
de_modules/fast-check/lib/c
js/check/property/AsyncProp
erty.js:17:102)
      at AsyncProperty.run 
(node_modules/fast-check/li
b/cjs/check/property/AsyncP
roperty.generic.js:46:39)
      at asyncRunIt (node_m
odules/fast-check/lib/cjs/c
heck/runner/Runner.js:28:36
)
      at 
Object.<anonymous> (src/__t
ests__/properties/invalid-b
ill-rejection.test.ts:24:9)

    console.error
      Error creating bill: 
ZodError: [
        {
          "origin": 
"string",
          "code": 
"too_small",
          "minimum": 1,
          "inclusive": 
true,
          "path": [
            "vehicleNo"
          ],
          "message": 
"Vehicle number is 
required"
        },
        {
          "origin": 
"string",
          "code": 
"too_small",
          "minimum": 1,
          "inclusive": 
true,
          "path": [
            "route"
          ],
          "message": 
"Route is required"
        },
        {
          "origin": 
"number",
          "code": 
"too_small",
          "minimum": 0,
          "inclusive": 
true,
          "path": [
            "startMeter"
          ],
          "message": 
"Start meter must be 
positive"
        },
        {
          "origin": 
"number",
          "code": 
"too_small",
          "minimum": 0,
          "inclusive": 
true,
          "path": [
            "gatePass"
          ],
          "message": "Gate 
pass must be positive"
        }
      ]
          at parse (E:\proj
ects\tourBiller\src\lib\act
ions.ts:27:38)
          at E:\projects\to
urBiller\src\__tests__\prop
erties\invalid-bill-rejecti
on.test.ts:75:52
          at 
AsyncProperty.predicate (E:
\projects\tourBiller\node_m
odules\fast-check\lib\cjs\c
heck\property\AsyncProperty
.js:17:102)
          at 
AsyncProperty.run (E:\proje
cts\tourBiller\node_modules
\fast-check\lib\cjs\check\p
roperty\AsyncProperty.gener
ic.js:46:39)
          at asyncRunIt (E:
\projects\tourBiller\node_m
odules\fast-check\lib\cjs\c
heck\runner\Runner.js:28:36
)
          at 
processTicksAndRejections (
node:internal/process/task_
queues:103:5)
          at 
Object.<anonymous> (E:\proj
ects\tourBiller\src\__tests
__\properties\invalid-bill-
rejection.test.ts:24:9)

    [0m [90m 53 |[39m   
  }[33m;[39m
     [90m 54 |[39m   } 
[36mcatch[39m (error) {
    
[31m[1m>[22m[39m[90m 
55 |[39m     console[33m.
[39merror([32m'Error 
creating 
bill:'[39m[33m,[39m 
error)[33m;[39m
     [90m    |[39m       
      [31m[1m^[22m[39m
     [90m 56 |[39m     
     [90m 57 |[39m     
[36mif[39m (error 
[36minstanceof[39m 
[33mError[39m) {
     [90m 58 |[39m       
[36mreturn[39m {[0m

      at error 
(src/lib/actions.ts:55:13)
      at src/__tests__/prop
erties/invalid-bill-rejecti
on.test.ts:75:52
      at 
AsyncProperty.predicate (no
de_modules/fast-check/lib/c
js/check/property/AsyncProp
erty.js:17:102)
      at AsyncProperty.run 
(node_modules/fast-check/li
b/cjs/check/property/AsyncP
roperty.generic.js:46:39)
      at asyncRunIt (node_m
odules/fast-check/lib/cjs/c
heck/runner/Runner.js:28:36
)
      at 
Object.<anonymous> (src/__t
ests__/properties/invalid-b
ill-rejection.test.ts:24:9)

    console.error
      Error creating bill: 
ZodError: [
        {
          "origin": 
"string",
          "code": 
"too_small",
          "minimum": 1,
          "inclusive": 
true,
          "path": [
            "vehicleNo"
          ],
          "message": 
"Vehicle number is 
required"
        },
        {
          "origin": 
"string",
          "code": 
"too_small",
          "minimum": 1,
          "inclusive": 
true,
          "path": [
            "route"
          ],
          "message": 
"Route is required"
        },
        {
          "origin": 
"number",
          "code": 
"too_small",
          "minimum": 0,
          "inclusive": 
true,
          "path": [
            "startMeter"
          ],
          "message": 
"Start meter must be 
positive"
        },
        {
          "origin": 
"number",
          "code": 
"too_small",
          "minimum": 0,
          "inclusive": 
true,
          "path": [
            "waitingCharge"
          ],
          "message": 
"Waiting charge must be 
positive"
        },
        {
          "origin": 
"number",
          "code": 
"too_small",
          "minimum": 0,
          "inclusive": 
true,
          "path": [
            "packageCharge"
          ],
          "message": 
"Package charge must be 
positive"
        }
      ]
          at parse (E:\proj
ects\tourBiller\src\lib\act
ions.ts:27:38)
          at E:\projects\to
urBiller\src\__tests__\prop
erties\invalid-bill-rejecti
on.test.ts:75:52
          at 
AsyncProperty.predicate (E:
\projects\tourBiller\node_m
odules\fast-check\lib\cjs\c
heck\property\AsyncProperty
.js:17:102)
          at 
AsyncProperty.run (E:\proje
cts\tourBiller\node_modules
\fast-check\lib\cjs\check\p
roperty\AsyncProperty.gener
ic.js:46:39)
          at asyncRunIt (E:
\projects\tourBiller\node_m
odules\fast-check\lib\cjs\c
heck\runner\Runner.js:28:36
)
          at 
processTicksAndRejections (
node:internal/process/task_
queues:103:5)
          at 
Object.<anonymous> (E:\proj
ects\tourBiller\src\__tests
__\properties\invalid-bill-
rejection.test.ts:24:9)

    [0m [90m 53 |[39m   
  }[33m;[39m
     [90m 54 |[39m   } 
[36mcatch[39m (error) {
    
[31m[1m>[22m[39m[90m 
55 |[39m     console[33m.
[39merror([32m'Error 
creating 
bill:'[39m[33m,[39m 
error)[33m;[39m
     [90m    |[39m       
      [31m[1m^[22m[39m
     [90m 56 |[39m     
     [90m 57 |[39m     
[36mif[39m (error 
[36minstanceof[39m 
[33mError[39m) {
     [90m 58 |[39m       
[36mreturn[39m {[0m

      at error 
(src/lib/actions.ts:55:13)
      at src/__tests__/prop
erties/invalid-bill-rejecti
on.test.ts:75:52
      at 
AsyncProperty.predicate (no
de_modules/fast-check/lib/c
js/check/property/AsyncProp
erty.js:17:102)
      at AsyncProperty.run 
(node_modules/fast-check/li
b/cjs/check/property/AsyncP
roperty.generic.js:46:39)
      at asyncRunIt (node_m
odules/fast-check/lib/cjs/c
heck/runner/Runner.js:28:36
)
      at 
Object.<anonymous> (src/__t
ests__/properties/invalid-b
ill-rejection.test.ts:24:9)

    console.error
      Error creating bill: 
ZodError: [
        {
          "origin": 
"string",
          "code": 
"too_small",
          "minimum": 1,
          "inclusive": 
true,
          "path": [
            "vehicleNo"
          ],
          "message": 
"Vehicle number is 
required"
        },
        {
          "origin": 
"string",
          "code": 
"too_small",
          "minimum": 1,
          "inclusive": 
true,
          "path": [
            "customerName"
          ],
          "message": 
"Customer name is required"
        },
        {
          "origin": 
"number",
          "code": 
"too_small",
          "minimum": 0,
          "inclusive": 
true,
          "path": [
            "endMeter"
          ],
          "message": "End 
meter must be positive"
        },
        {
          "origin": 
"number",
          "code": 
"too_small",
          "minimum": 0,
          "inclusive": 
true,
          "path": [
            "hireRate"
          ],
          "message": "Hire 
rate must be positive"
        },
        {
          "code": "custom",
          "path": [
            "endMeter"
          ],
          "message": "End 
meter must be greater than 
start meter"
        }
      ]
          at parse (E:\proj
ects\tourBiller\src\lib\act
ions.ts:27:38)
          at E:\projects\to
urBiller\src\__tests__\prop
erties\invalid-bill-rejecti
on.test.ts:75:52
          at 
AsyncProperty.predicate (E:
\projects\tourBiller\node_m
odules\fast-check\lib\cjs\c
heck\property\AsyncProperty
.js:17:102)
          at 
AsyncProperty.run (E:\proje
cts\tourBiller\node_modules
\fast-check\lib\cjs\check\p
roperty\AsyncProperty.gener
ic.js:46:39)
          at asyncRunIt (E:
\projects\tourBiller\node_m
odules\fast-check\lib\cjs\c
heck\runner\Runner.js:28:36
)
          at 
processTicksAndRejections (
node:internal/process/task_
queues:103:5)
          at 
Object.<anonymous> (E:\proj
ects\tourBiller\src\__tests
__\properties\invalid-bill-
rejection.test.ts:24:9)

    [0m [90m 53 |[39m   
  }[33m;[39m
     [90m 54 |[39m   } 
[36mcatch[39m (error) {
    
[31m[1m>[22m[39m[90m 
55 |[39m     console[33m.
[39merror([32m'Error 
creating 
bill:'[39m[33m,[39m 
error)[33m;[39m
     [90m    |[39m       
      [31m[1m^[22m[39m
     [90m 56 |[39m     
     [90m 57 |[39m     
[36mif[39m (error 
[36minstanceof[39m 
[33mError[39m) {
     [90m 58 |[39m       
[36mreturn[39m {[0m

      at error 
(src/lib/actions.ts:55:13)
      at src/__tests__/prop
erties/invalid-bill-rejecti
on.test.ts:75:52
      at 
AsyncProperty.predicate (no
de_modules/fast-check/lib/c
js/check/property/AsyncProp
erty.js:17:102)
      at AsyncProperty.run 
(node_modules/fast-check/li
b/cjs/check/property/AsyncP
roperty.generic.js:46:39)
      at asyncRunIt (node_m
odules/fast-check/lib/cjs/c
heck/runner/Runner.js:28:36
)
      at 
Object.<anonymous> (src/__t
ests__/properties/invalid-b
ill-rejection.test.ts:24:9)

    console.error
      Error creating bill: 
ZodError: [
        {
          "origin": 
"string",
          "code": 
"too_small",
          "minimum": 1,
          "inclusive": 
true,
          "path": [
            "vehicleNo"
          ],
          "message": 
"Vehicle number is 
required"
        },
        {
          "origin": 
"string",
          "code": 
"too_small",
          "minimum": 1,
          "inclusive": 
true,
          "path": [
            "route"
          ],
          "message": 
"Route is required"
        },
        {
          "origin": 
"number",
          "code": 
"too_small",
          "minimum": 0,
          "inclusive": 
true,
          "path": [
            "endMeter"
          ],
          "message": "End 
meter must be positive"
        },
        {
          "origin": 
"number",
          "code": 
"too_small",
          "minimum": 0,
          "inclusive": 
true,
          "path": [
            "gatePass"
          ],
          "message": "Gate 
pass must be positive"
        },
        {
          "code": "custom",
          "path": [
            "endMeter"
          ],
          "message": "End 
meter must be greater than 
start meter"
        }
      ]
          at parse (E:\proj
ects\tourBiller\src\lib\act
ions.ts:27:38)
          at E:\projects\to
urBiller\src\__tests__\prop
erties\invalid-bill-rejecti
on.test.ts:75:52
          at 
AsyncProperty.predicate (E:
\projects\tourBiller\node_m
odules\fast-check\lib\cjs\c
heck\property\AsyncProperty
.js:17:102)
          at 
AsyncProperty.run (E:\proje
cts\tourBiller\node_modules
\fast-check\lib\cjs\check\p
roperty\AsyncProperty.gener
ic.js:46:39)
          at asyncRunIt (E:
\projects\tourBiller\node_m
odules\fast-check\lib\cjs\c
heck\runner\Runner.js:28:36
)
          at 
processTicksAndRejections (
node:internal/process/task_
queues:103:5)
          at 
Object.<anonymous> (E:\proj
ects\tourBiller\src\__tests
__\properties\invalid-bill-
rejection.test.ts:24:9)

    [0m [90m 53 |[39m   
  }[33m;[39m
     [90m 54 |[39m   } 
[36mcatch[39m (error) {
    
[31m[1m>[22m[39m[90m 
55 |[39m     console[33m.
[39merror([32m'Error 
creating 
bill:'[39m[33m,[39m 
error)[33m;[39m
     [90m    |[39m       
      [31m[1m^[22m[39m
     [90m 56 |[39m     
     [90m 57 |[39m     
[36mif[39m (error 
[36minstanceof[39m 
[33mError[39m) {
     [90m 58 |[39m       
[36mreturn[39m {[0m

      at error 
(src/lib/actions.ts:55:13)
      at src/__tests__/prop
erties/invalid-bill-rejecti
on.test.ts:75:52
      at 
AsyncProperty.predicate (no
de_modules/fast-check/lib/c
js/check/property/AsyncProp
erty.js:17:102)
      at AsyncProperty.run 
(node_modules/fast-check/li
b/cjs/check/property/AsyncP
roperty.generic.js:46:39)
      at asyncRunIt (node_m
odules/fast-check/lib/cjs/c
heck/runner/Runner.js:28:36
)
      at 
Object.<anonymous> (src/__t
ests__/properties/invalid-b
ill-rejection.test.ts:24:9)

    console.error
      Error creating bill: 
ZodError: [
        {
          "origin": 
"string",
          "code": 
"too_small",
          "minimum": 1,
          "inclusive": 
true,
          "path": [
            "vehicleNo"
          ],
          "message": 
"Vehicle number is 
required"
        },
        {
          "origin": 
"string",
          "code": 
"too_small",
          "minimum": 1,
          "inclusive": 
true,
          "path": [
            "route"
          ],
          "message": 
"Route is required"
        },
        {
          "origin": 
"number",
          "code": 
"too_small",
          "minimum": 0,
          "inclusive": 
true,
          "path": [
            "startMeter"
          ],
          "message": 
"Start meter must be 
positive"
        },
        {
          "origin": 
"number",
          "code": 
"too_small",
          "minimum": 0,
          "inclusive": 
true,
          "path": [
            "endMeter"
          ],
          "message": "End 
meter must be positive"
        },
        {
          "origin": 
"number",
          "code": 
"too_small",
          "minimum": 0,
          "inclusive": 
true,
          "path": [
            "hireRate"
          ],
          "message": "Hire 
rate must be positive"
        },
        {
          "origin": 
"number",
          "code": 
"too_small",
          "minimum": 0,
          "inclusive": 
true,
          "path": [
            "gatePass"
          ],
          "message": "Gate 
pass must be positive"
        },
        {
          "code": "custom",
          "path": [
            "endMeter"
          ],
          "message": "End 
meter must be greater than 
start meter"
        }
      ]
          at parse (E:\proj
ects\tourBiller\src\lib\act
ions.ts:27:38)
          at E:\projects\to
urBiller\src\__tests__\prop
erties\invalid-bill-rejecti
on.test.ts:75:52
          at 
AsyncProperty.predicate (E:
\projects\tourBiller\node_m
odules\fast-check\lib\cjs\c
heck\property\AsyncProperty
.js:17:102)
          at 
AsyncProperty.run (E:\proje
cts\tourBiller\node_modules
\fast-check\lib\cjs\check\p
roperty\AsyncProperty.gener
ic.js:46:39)
          at asyncRunIt (E:
\projects\tourBiller\node_m
odules\fast-check\lib\cjs\c
heck\runner\Runner.js:28:36
)
          at 
processTicksAndRejections (
node:internal/process/task_
queues:103:5)
          at 
Object.<anonymous> (E:\proj
ects\tourBiller\src\__tests
__\properties\invalid-bill-
rejection.test.ts:24:9)

    [0m [90m 53 |[39m   
  }[33m;[39m
     [90m 54 |[39m   } 
[36mcatch[39m (error) {
    
[31m[1m>[22m[39m[90m 
55 |[39m     console[33m.
[39merror([32m'Error 
creating 
bill:'[39m[33m,[39m 
error)[33m;[39m
     [90m    |[39m       
      [31m[1m^[22m[39m
     [90m 56 |[39m     
     [90m 57 |[39m     
[36mif[39m (error 
[36minstanceof[39m 
[33mError[39m) {
     [90m 58 |[39m       
[36mreturn[39m {[0m

      at error 
(src/lib/actions.ts:55:13)
      at src/__tests__/prop
erties/invalid-bill-rejecti
on.test.ts:75:52
      at 
AsyncProperty.predicate (no
de_modules/fast-check/lib/c
js/check/property/AsyncProp
erty.js:17:102)
      at AsyncProperty.run 
(node_modules/fast-check/li
b/cjs/check/property/AsyncP
roperty.generic.js:46:39)
      at asyncRunIt (node_m
odules/fast-check/lib/cjs/c
heck/runner/Runner.js:28:36
)
      at 
Object.<anonymous> (src/__t
ests__/properties/invalid-b
ill-rejection.test.ts:24:9)

    console.error
      Error creating bill: 
ZodError: [
        {
          "origin": 
"string",
          "code": 
"too_small",
          "minimum": 1,
          "inclusive": 
true,
          "path": [
            "vehicleNo"
          ],
          "message": 
"Vehicle number is 
required"
        },
        {
          "origin": 
"string",
          "code": 
"too_small",
          "minimum": 1,
          "inclusive": 
true,
          "path": [
            "route"
          ],
          "message": 
"Route is required"
        },
        {
          "origin": 
"number",
          "code": 
"too_small",
          "minimum": 0,
          "inclusive": 
true,
          "path": [
            "endMeter"
          ],
          "message": "End 
meter must be positive"
        },
        {
          "origin": 
"number",
          "code": 
"too_small",
          "minimum": 0,
          "inclusive": 
true,
          "path": [
            "hireRate"
          ],
          "message": "Hire 
rate must be positive"
        },
        {
          "origin": 
"number",
          "code": 
"too_small",
          "minimum": 0,
          "inclusive": 
true,
          "path": [
            "gatePass"
          ],
          "message": "Gate 
pass must be positive"
        },
        {
          "code": "custom",
          "path": [
            "endMeter"
          ],
          "message": "End 
meter must be greater than 
start meter"
        }
      ]
          at parse (E:\proj
ects\tourBiller\src\lib\act
ions.ts:27:38)
          at E:\projects\to
urBiller\src\__tests__\prop
erties\invalid-bill-rejecti
on.test.ts:75:52
          at 
AsyncProperty.predicate (E:
\projects\tourBiller\node_m
odules\fast-check\lib\cjs\c
heck\property\AsyncProperty
.js:17:102)
          at 
AsyncProperty.run (E:\proje
cts\tourBiller\node_modules
\fast-check\lib\cjs\check\p
roperty\AsyncProperty.gener
ic.js:46:39)
          at asyncRunIt (E:
\projects\tourBiller\node_m
odules\fast-check\lib\cjs\c
heck\runner\Runner.js:28:36
)
          at 
processTicksAndRejections (
node:internal/process/task_
queues:103:5)
          at 
Object.<anonymous> (E:\proj
ects\tourBiller\src\__tests
__\properties\invalid-bill-
rejection.test.ts:24:9)

    [0m [90m 53 |[39m   
  }[33m;[39m
     [90m 54 |[39m   } 
[36mcatch[39m (error) {
    
[31m[1m>[22m[39m[90m 
55 |[39m     console[33m.
[39merror([32m'Error 
creating 
bill:'[39m[33m,[39m 
error)[33m;[39m
     [90m    |[39m       
      [31m[1m^[22m[39m
     [90m 56 |[39m     
     [90m 57 |[39m     
[36mif[39m (error 
[36minstanceof[39m 
[33mError[39m) {
     [90m 58 |[39m       
[36mreturn[39m {[0m

      at error 
(src/lib/actions.ts:55:13)
      at src/__tests__/prop
erties/invalid-bill-rejecti
on.test.ts:75:52
      at 
AsyncProperty.predicate (no
de_modules/fast-check/lib/c
js/check/property/AsyncProp
erty.js:17:102)
      at AsyncProperty.run 
(node_modules/fast-check/li
b/cjs/check/property/AsyncP
roperty.generic.js:46:39)
      at asyncRunIt (node_m
odules/fast-check/lib/cjs/c
heck/runner/Runner.js:28:36
)
      at 
Object.<anonymous> (src/__t
ests__/properties/invalid-b
ill-rejection.test.ts:24:9)

    console.error
      Error creating bill: 
ZodError: [
        {
          "origin": 
"string",
          "code": 
"too_small",
          "minimum": 1,
          "inclusive": 
true,
          "path": [
            "vehicleNo"
          ],
          "message": 
"Vehicle number is 
required"
        },
        {
          "origin": 
"string",
          "code": 
"too_small",
          "minimum": 1,
          "inclusive": 
true,
          "path": [
            "customerName"
          ],
          "message": 
"Customer name is required"
        },
        {
          "origin": 
"string",
          "code": 
"too_small",
          "minimum": 1,
          "inclusive": 
true,
          "path": [
            "route"
          ],
          "message": 
"Route is required"
        },
        {
          "origin": 
"number",
          "code": 
"too_small",
          "minimum": 0,
          "inclusive": 
true,
          "path": [
            "startMeter"
          ],
          "message": 
"Start meter must be 
positive"
        },
        {
          "origin": 
"number",
          "code": 
"too_small",
          "minimum": 0,
          "inclusive": 
true,
          "path": [
            "hireRate"
          ],
          "message": "Hire 
rate must be positive"
        },
        {
          "origin": 
"number",
          "code": 
"too_small",
          "minimum": 0,
          "inclusive": 
true,
          "path": [
            "waitingCharge"
          ],
          "message": 
"Waiting charge must be 
positive"
        },
        {
          "origin": 
"number",
          "code": 
"too_small",
          "minimum": 0,
          "inclusive": 
true,
          "path": [
            "gatePass"
          ],
          "message": "Gate 
pass must be positive"
        },
        {
          "origin": 
"number",
          "code": 
"too_small",
          "minimum": 0,
          "inclusive": 
true,
          "path": [
            "packageCharge"
          ],
          "message": 
"Package charge must be 
positive"
        }
      ]
          at parse (E:\proj
ects\tourBiller\src\lib\act
ions.ts:27:38)
          at E:\projects\to
urBiller\src\__tests__\prop
erties\invalid-bill-rejecti
on.test.ts:75:52
          at 
AsyncProperty.predicate (E:
\projects\tourBiller\node_m
odules\fast-check\lib\cjs\c
heck\property\AsyncProperty
.js:17:102)
          at 
AsyncProperty.run (E:\proje
cts\tourBiller\node_modules
\fast-check\lib\cjs\check\p
roperty\AsyncProperty.gener
ic.js:46:39)
          at asyncRunIt (E:
\projects\tourBiller\node_m
odules\fast-check\lib\cjs\c
heck\runner\Runner.js:28:36
)
          at 
processTicksAndRejections (
node:internal/process/task_
queues:103:5)
          at 
Object.<anonymous> (E:\proj
ects\tourBiller\src\__tests
__\properties\invalid-bill-
rejection.test.ts:24:9)

    [0m [90m 53 |[39m   
  }[33m;[39m
     [90m 54 |[39m   } 
[36mcatch[39m (error) {
    
[31m[1m>[22m[39m[90m 
55 |[39m     console[33m.
[39merror([32m'Error 
creating 
bill:'[39m[33m,[39m 
error)[33m;[39m
     [90m    |[39m       
      [31m[1m^[22m[39m
     [90m 56 |[39m     
     [90m 57 |[39m     
[36mif[39m (error 
[36minstanceof[39m 
[33mError[39m) {
     [90m 58 |[39m       
[36mreturn[39m {[0m

      at error 
(src/lib/actions.ts:55:13)
      at src/__tests__/prop
erties/invalid-bill-rejecti
on.test.ts:75:52
      at 
AsyncProperty.predicate (no
de_modules/fast-check/lib/c
js/check/property/AsyncProp
erty.js:17:102)
      at AsyncProperty.run 
(node_modules/fast-check/li
b/cjs/check/property/AsyncP
roperty.generic.js:46:39)
      at asyncRunIt (node_m
odules/fast-check/lib/cjs/c
heck/runner/Runner.js:28:36
)
      at 
Object.<anonymous> (src/__t
ests__/properties/invalid-b
ill-rejection.test.ts:24:9)

    console.error
      Error creating bill: 
ZodError: [
        {
          "origin": 
"number",
          "code": 
"too_small",
          "minimum": 0,
          "inclusive": 
true,
          "path": [
            "hireRate"
          ],
          "message": "Hire 
rate must be positive"
        },
        {
          "code": "custom",
          "path": [
            "endMeter"
          ],
          "message": "End 
meter must be greater than 
start meter"
        }
      ]
          at parse (E:\proj
ects\tourBiller\src\lib\act
ions.ts:27:38)
          at E:\projects\to
urBiller\src\__tests__\prop
erties\invalid-bill-rejecti
on.test.ts:75:52
          at 
AsyncProperty.predicate (E:
\projects\tourBiller\node_m
odules\fast-check\lib\cjs\c
heck\property\AsyncProperty
.js:17:102)
          at 
AsyncProperty.run (E:\proje
cts\tourBiller\node_modules
\fast-check\lib\cjs\check\p
roperty\AsyncProperty.gener
ic.js:46:39)
          at asyncRunIt (E:
\projects\tourBiller\node_m
odules\fast-check\lib\cjs\c
heck\runner\Runner.js:28:36
)
          at 
processTicksAndRejections (
node:internal/process/task_
queues:103:5)
          at 
Object.<anonymous> (E:\proj
ects\tourBiller\src\__tests
__\properties\invalid-bill-
rejection.test.ts:24:9)

    [0m [90m 53 |[39m   
  }[33m;[39m
     [90m 54 |[39m   } 
[36mcatch[39m (error) {
    
[31m[1m>[22m[39m[90m 
55 |[39m     console[33m.
[39merror([32m'Error 
creating 
bill:'[39m[33m,[39m 
error)[33m;[39m
     [90m    |[39m       
      [31m[1m^[22m[39m
     [90m 56 |[39m     
     [90m 57 |[39m     
[36mif[39m (error 
[36minstanceof[39m 
[33mError[39m) {
     [90m 58 |[39m       
[36mreturn[39m {[0m

      at error 
(src/lib/actions.ts:55:13)
      at src/__tests__/prop
erties/invalid-bill-rejecti
on.test.ts:75:52
      at 
AsyncProperty.predicate (no
de_modules/fast-check/lib/c
js/check/property/AsyncProp
erty.js:17:102)
      at AsyncProperty.run 
(node_modules/fast-check/li
b/cjs/check/property/AsyncP
roperty.generic.js:46:39)
      at asyncRunIt (node_m
odules/fast-check/lib/cjs/c
heck/runner/Runner.js:28:36
)
      at 
Object.<anonymous> (src/__t
ests__/properties/invalid-b
ill-rejection.test.ts:24:9)

    console.error
      Error creating bill: 
ZodError: [
        {
          "origin": 
"string",
          "code": 
"too_small",
          "minimum": 1,
          "inclusive": 
true,
          "path": [
            "vehicleNo"
          ],
          "message": 
"Vehicle number is 
required"
        },
        {
          "origin": 
"string",
          "code": 
"too_small",
          "minimum": 1,
          "inclusive": 
true,
          "path": [
            "customerName"
          ],
          "message": 
"Customer name is required"
        },
        {
          "origin": 
"string",
          "code": 
"too_small",
          "minimum": 1,
          "inclusive": 
true,
          "path": [
            "route"
          ],
          "message": 
"Route is required"
        },
        {
          "origin": 
"number",
          "code": 
"too_small",
          "minimum": 0,
          "inclusive": 
true,
          "path": [
            "startMeter"
          ],
          "message": 
"Start meter must be 
positive"
        },
        {
          "origin": 
"number",
          "code": 
"too_small",
          "minimum": 0,
          "inclusive": 
true,
          "path": [
            "endMeter"
          ],
          "message": "End 
meter must be positive"
        },
        {
          "origin": 
"number",
          "code": 
"too_small",
          "minimum": 0,
          "inclusive": 
true,
          "path": [
            "waitingCharge"
          ],
          "message": 
"Waiting charge must be 
positive"
        },
        {
          "origin": 
"number",
          "code": 
"too_small",
          "minimum": 0,
          "inclusive": 
true,
          "path": [
            "gatePass"
          ],
          "message": "Gate 
pass must be positive"
        }
      ]
          at parse (E:\proj
ects\tourBiller\src\lib\act
ions.ts:27:38)
          at E:\projects\to
urBiller\src\__tests__\prop
erties\invalid-bill-rejecti
on.test.ts:75:52
          at 
AsyncProperty.predicate (E:
\projects\tourBiller\node_m
odules\fast-check\lib\cjs\c
heck\property\AsyncProperty
.js:17:102)
          at 
AsyncProperty.run (E:\proje
cts\tourBiller\node_modules
\fast-check\lib\cjs\check\p
roperty\AsyncProperty.gener
ic.js:46:39)
          at asyncRunIt (E:
\projects\tourBiller\node_m
odules\fast-check\lib\cjs\c
heck\runner\Runner.js:28:36
)
          at 
processTicksAndRejections (
node:internal/process/task_
queues:103:5)
          at 
Object.<anonymous> (E:\proj
ects\tourBiller\src\__tests
__\properties\invalid-bill-
rejection.test.ts:24:9)

    [0m [90m 53 |[39m   
  }[33m;[39m
     [90m 54 |[39m   } 
[36mcatch[39m (error) {
    
[31m[1m>[22m[39m[90m 
55 |[39m     console[33m.
[39merror([32m'Error 
creating 
bill:'[39m[33m,[39m 
error)[33m;[39m
     [90m    |[39m       
      [31m[1m^[22m[39m
     [90m 56 |[39m     
     [90m 57 |[39m     
[36mif[39m (error 
[36minstanceof[39m 
[33mError[39m) {
     [90m 58 |[39m       
[36mreturn[39m {[0m

      at error 
(src/lib/actions.ts:55:13)
      at src/__tests__/prop
erties/invalid-bill-rejecti
on.test.ts:75:52
      at 
AsyncProperty.predicate (no
de_modules/fast-check/lib/c
js/check/property/AsyncProp
erty.js:17:102)
      at AsyncProperty.run 
(node_modules/fast-check/li
b/cjs/check/property/AsyncP
roperty.generic.js:46:39)
      at asyncRunIt (node_m
odules/fast-check/lib/cjs/c
heck/runner/Runner.js:28:36
)
      at 
Object.<anonymous> (src/__t
ests__/properties/invalid-b
ill-rejection.test.ts:24:9)

    console.error
      Error creating bill: 
ZodError: [
        {
          "origin": 
"string",
          "code": 
"too_small",
          "minimum": 1,
          "inclusive": 
true,
          "path": [
            "vehicleNo"
          ],
          "message": 
"Vehicle number is 
required"
        },
        {
          "origin": 
"string",
          "code": 
"too_small",
          "minimum": 1,
          "inclusive": 
true,
          "path": [
            "customerName"
          ],
          "message": 
"Customer name is required"
        },
        {
          "origin": 
"string",
          "code": 
"too_small",
          "minimum": 1,
          "inclusive": 
true,
          "path": [
            "route"
          ],
          "message": 
"Route is required"
        },
        {
          "origin": 
"number",
          "code": 
"too_small",
          "minimum": 0,
          "inclusive": 
true,
          "path": [
            "startMeter"
          ],
          "message": 
"Start meter must be 
positive"
        },
        {
          "origin": 
"number",
          "code": 
"too_small",
          "minimum": 0,
          "inclusive": 
true,
          "path": [
            "waitingCharge"
          ],
          "message": 
"Waiting charge must be 
positive"
        },
        {
          "origin": 
"number",
          "code": 
"too_small",
          "minimum": 0,
          "inclusive": 
true,
          "path": [
            "gatePass"
          ],
          "message": "Gate 
pass must be positive"
        },
        {
          "origin": 
"number",
          "code": 
"too_small",
          "minimum": 0,
          "inclusive": 
true,
          "path": [
            "packageCharge"
          ],
          "message": 
"Package charge must be 
positive"
        }
      ]
          at parse (E:\proj
ects\tourBiller\src\lib\act
ions.ts:27:38)
          at E:\projects\to
urBiller\src\__tests__\prop
erties\invalid-bill-rejecti
on.test.ts:75:52
          at 
AsyncProperty.predicate (E:
\projects\tourBiller\node_m
odules\fast-check\lib\cjs\c
heck\property\AsyncProperty
.js:17:102)
          at 
AsyncProperty.run (E:\proje
cts\tourBiller\node_modules
\fast-check\lib\cjs\check\p
roperty\AsyncProperty.gener
ic.js:46:39)
          at asyncRunIt (E:
\projects\tourBiller\node_m
odules\fast-check\lib\cjs\c
heck\runner\Runner.js:28:36
)
          at 
processTicksAndRejections (
node:internal/process/task_
queues:103:5)
          at 
Object.<anonymous> (E:\proj
ects\tourBiller\src\__tests
__\properties\invalid-bill-
rejection.test.ts:24:9)

    [0m [90m 53 |[39m   
  }[33m;[39m
     [90m 54 |[39m   } 
[36mcatch[39m (error) {
    
[31m[1m>[22m[39m[90m 
55 |[39m     console[33m.
[39merror([32m'Error 
creating 
bill:'[39m[33m,[39m 
error)[33m;[39m
     [90m    |[39m       
      [31m[1m^[22m[39m
     [90m 56 |[39m     
     [90m 57 |[39m     
[36mif[39m (error 
[36minstanceof[39m 
[33mError[39m) {
     [90m 58 |[39m       
[36mreturn[39m {[0m

      at error 
(src/lib/actions.ts:55:13)
      at src/__tests__/prop
erties/invalid-bill-rejecti
on.test.ts:75:52
      at 
AsyncProperty.predicate (no
de_modules/fast-check/lib/c
js/check/property/AsyncProp
erty.js:17:102)
      at AsyncProperty.run 
(node_modules/fast-check/li
b/cjs/check/property/AsyncP
roperty.generic.js:46:39)
      at asyncRunIt (node_m
odules/fast-check/lib/cjs/c
heck/runner/Runner.js:28:36
)
      at 
Object.<anonymous> (src/__t
ests__/properties/invalid-b
ill-rejection.test.ts:24:9)

    console.error
      Error creating bill: 
ZodError: [
        {
          "origin": 
"string",
          "code": 
"too_small",
          "minimum": 1,
          "inclusive": 
true,
          "path": [
            "customerName"
          ],
          "message": 
"Customer name is required"
        },
        {
          "origin": 
"string",
          "code": 
"too_small",
          "minimum": 1,
          "inclusive": 
true,
          "path": [
            "route"
          ],
          "message": 
"Route is required"
        },
        {
          "origin": 
"number",
          "code": 
"too_small",
          "minimum": 0,
          "inclusive": 
true,
          "path": [
            "endMeter"
          ],
          "message": "End 
meter must be positive"
        },
        {
          "origin": 
"number",
          "code": 
"too_small",
          "minimum": 0,
          "inclusive": 
true,
          "path": [
            "waitingCharge"
          ],
          "message": 
"Waiting charge must be 
positive"
        },
        {
          "origin": 
"number",
          "code": 
"too_small",
          "minimum": 0,
          "inclusive": 
true,
          "path": [
            "gatePass"
          ],
          "message": "Gate 
pass must be positive"
        },
        {
          "origin": 
"number",
          "code": 
"too_small",
          "minimum": 0,
          "inclusive": 
true,
          "path": [
            "packageCharge"
          ],
          "message": 
"Package charge must be 
positive"
        },
        {
          "code": "custom",
          "path": [
            "endMeter"
          ],
          "message": "End 
meter must be greater than 
start meter"
        }
      ]
          at parse (E:\proj
ects\tourBiller\src\lib\act
ions.ts:27:38)
          at E:\projects\to
urBiller\src\__tests__\prop
erties\invalid-bill-rejecti
on.test.ts:75:52
          at 
AsyncProperty.predicate (E:
\projects\tourBiller\node_m
odules\fast-check\lib\cjs\c
heck\property\AsyncProperty
.js:17:102)
          at 
AsyncProperty.run (E:\proje
cts\tourBiller\node_modules
\fast-check\lib\cjs\check\p
roperty\AsyncProperty.gener
ic.js:46:39)
          at asyncRunIt (E:
\projects\tourBiller\node_m
odules\fast-check\lib\cjs\c
heck\runner\Runner.js:28:36
)
          at 
processTicksAndRejections (
node:internal/process/task_
queues:103:5)
          at 
Object.<anonymous> (E:\proj
ects\tourBiller\src\__tests
__\properties\invalid-bill-
rejection.test.ts:24:9)

    [0m [90m 53 |[39m   
  }[33m;[39m
     [90m 54 |[39m   } 
[36mcatch[39m (error) {
    
[31m[1m>[22m[39m[90m 
55 |[39m     console[33m.
[39merror([32m'Error 
creating 
bill:'[39m[33m,[39m 
error)[33m;[39m
     [90m    |[39m       
      [31m[1m^[22m[39m
     [90m 56 |[39m     
     [90m 57 |[39m     
[36mif[39m (error 
[36minstanceof[39m 
[33mError[39m) {
     [90m 58 |[39m       
[36mreturn[39m {[0m

      at error 
(src/lib/actions.ts:55:13)
      at src/__tests__/prop
erties/invalid-bill-rejecti
on.test.ts:75:52
      at 
AsyncProperty.predicate (no
de_modules/fast-check/lib/c
js/check/property/AsyncProp
erty.js:17:102)
      at AsyncProperty.run 
(node_modules/fast-check/li
b/cjs/check/property/AsyncP
roperty.generic.js:46:39)
      at asyncRunIt (node_m
odules/fast-check/lib/cjs/c
heck/runner/Runner.js:28:36
)
      at 
Object.<anonymous> (src/__t
ests__/properties/invalid-b
ill-rejection.test.ts:24:9)

    console.error
      Error creating bill: 
ZodError: [
        {
          "origin": 
"string",
          "code": 
"too_small",
          "minimum": 1,
          "inclusive": 
true,
          "path": [
            "customerName"
          ],
          "message": 
"Customer name is required"
        },
        {
          "origin": 
"number",
          "code": 
"too_small",
          "minimum": 0,
          "inclusive": 
true,
          "path": [
            "startMeter"
          ],
          "message": 
"Start meter must be 
positive"
        },
        {
          "origin": 
"number",
          "code": 
"too_small",
          "minimum": 0,
          "inclusive": 
true,
          "path": [
            "gatePass"
          ],
          "message": "Gate 
pass must be positive"
        },
        {
          "origin": 
"number",
          "code": 
"too_small",
          "minimum": 0,
          "inclusive": 
true,
          "path": [
            "packageCharge"
          ],
          "message": 
"Package charge must be 
positive"
        }
      ]
          at parse (E:\proj
ects\tourBiller\src\lib\act
ions.ts:27:38)
          at E:\projects\to
urBiller\src\__tests__\prop
erties\invalid-bill-rejecti
on.test.ts:75:52
          at 
AsyncProperty.predicate (E:
\projects\tourBiller\node_m
odules\fast-check\lib\cjs\c
heck\property\AsyncProperty
.js:17:102)
          at 
AsyncProperty.run (E:\proje
cts\tourBiller\node_modules
\fast-check\lib\cjs\check\p
roperty\AsyncProperty.gener
ic.js:46:39)
          at asyncRunIt (E:
\projects\tourBiller\node_m
odules\fast-check\lib\cjs\c
heck\runner\Runner.js:28:36
)
          at 
processTicksAndRejections (
node:internal/process/task_
queues:103:5)
          at 
Object.<anonymous> (E:\proj
ects\tourBiller\src\__tests
__\properties\invalid-bill-
rejection.test.ts:24:9)

    [0m [90m 53 |[39m   
  }[33m;[39m
     [90m 54 |[39m   } 
[36mcatch[39m (error) {
    
[31m[1m>[22m[39m[90m 
55 |[39m     console[33m.
[39merror([32m'Error 
creating 
bill:'[39m[33m,[39m 
error)[33m;[39m
     [90m    |[39m       
      [31m[1m^[22m[39m
     [90m 56 |[39m     
     [90m 57 |[39m     
[36mif[39m (error 
[36minstanceof[39m 
[33mError[39m) {
     [90m 58 |[39m       
[36mreturn[39m {[0m

      at error 
(src/lib/actions.ts:55:13)
      at src/__tests__/prop
erties/invalid-bill-rejecti
on.test.ts:75:52
      at 
AsyncProperty.predicate (no
de_modules/fast-check/lib/c
js/check/property/AsyncProp
erty.js:17:102)
      at AsyncProperty.run 
(node_modules/fast-check/li
b/cjs/check/property/AsyncP
roperty.generic.js:46:39)
      at asyncRunIt (node_m
odules/fast-check/lib/cjs/c
heck/runner/Runner.js:28:36
)
      at 
Object.<anonymous> (src/__t
ests__/properties/invalid-b
ill-rejection.test.ts:24:9)

    console.error
      Error creating bill: 
ZodError: [
        {
          "origin": 
"string",
          "code": 
"too_small",
          "minimum": 1,
          "inclusive": 
true,
          "path": [
            "vehicleNo"
          ],
          "message": 
"Vehicle number is 
required"
        },
        {
          "origin": 
"string",
          "code": 
"too_small",
          "minimum": 1,
          "inclusive": 
true,
          "path": [
            "customerName"
          ],
          "message": 
"Customer name is required"
        },
        {
          "origin": 
"string",
          "code": 
"too_small",
          "minimum": 1,
          "inclusive": 
true,
          "path": [
            "route"
          ],
          "message": 
"Route is required"
        },
        {
          "origin": 
"number",
          "code": 
"too_small",
          "minimum": 0,
          "inclusive": 
true,
          "path": [
            "endMeter"
          ],
          "message": "End 
meter must be positive"
        },
        {
          "origin": 
"number",
          "code": 
"too_small",
          "minimum": 0,
          "inclusive": 
true,
          "path": [
            "waitingCharge"
          ],
          "message": 
"Waiting charge must be 
positive"
        },
        {
          "origin": 
"number",
          "code": 
"too_small",
          "minimum": 0,
          "inclusive": 
true,
          "path": [
            "gatePass"
          ],
          "message": "Gate 
pass must be positive"
        },
        {
          "code": "custom",
          "path": [
            "endMeter"
          ],
          "message": "End 
meter must be greater than 
start meter"
        }
      ]
          at parse (E:\proj
ects\tourBiller\src\lib\act
ions.ts:27:38)
          at E:\projects\to
urBiller\src\__tests__\prop
erties\invalid-bill-rejecti
on.test.ts:75:52
          at 
AsyncProperty.predicate (E:
\projects\tourBiller\node_m
odules\fast-check\lib\cjs\c
heck\property\AsyncProperty
.js:17:102)
          at 
AsyncProperty.run (E:\proje
cts\tourBiller\node_modules
\fast-check\lib\cjs\check\p
roperty\AsyncProperty.gener
ic.js:46:39)
          at asyncRunIt (E:
\projects\tourBiller\node_m
odules\fast-check\lib\cjs\c
heck\runner\Runner.js:28:36
)
          at 
processTicksAndRejections (
node:internal/process/task_
queues:103:5)
          at 
Object.<anonymous> (E:\proj
ects\tourBiller\src\__tests
__\properties\invalid-bill-
rejection.test.ts:24:9)

    [0m [90m 53 |[39m   
  }[33m;[39m
     [90m 54 |[39m   } 
[36mcatch[39m (error) {
    
[31m[1m>[22m[39m[90m 
55 |[39m     console[33m.
[39merror([32m'Error 
creating 
bill:'[39m[33m,[39m 
error)[33m;[39m
     [90m    |[39m       
      [31m[1m^[22m[39m
     [90m 56 |[39m     
     [90m 57 |[39m     
[36mif[39m (error 
[36minstanceof[39m 
[33mError[39m) {
     [90m 58 |[39m       
[36mreturn[39m {[0m

      at error 
(src/lib/actions.ts:55:13)
      at src/__tests__/prop
erties/invalid-bill-rejecti
on.test.ts:75:52
      at 
AsyncProperty.predicate (no
de_modules/fast-check/lib/c
js/check/property/AsyncProp
erty.js:17:102)
      at AsyncProperty.run 
(node_modules/fast-check/li
b/cjs/check/property/AsyncP
roperty.generic.js:46:39)
      at asyncRunIt (node_m
odules/fast-check/lib/cjs/c
heck/runner/Runner.js:28:36
)
      at 
Object.<anonymous> (src/__t
ests__/properties/invalid-b
ill-rejection.test.ts:24:9)

    console.error
      Error creating bill: 
ZodError: [
        {
          "origin": 
"string",
          "code": 
"too_small",
          "minimum": 1,
          "inclusive": 
true,
          "path": [
            "vehicleNo"
          ],
          "message": 
"Vehicle number is 
required"
        },
        {
          "origin": 
"string",
          "code": 
"too_small",
          "minimum": 1,
          "inclusive": 
true,
          "path": [
            "route"
          ],
          "message": 
"Route is required"
        },
        {
          "origin": 
"number",
          "code": 
"too_small",
          "minimum": 0,
          "inclusive": 
true,
          "path": [
            "hireRate"
          ],
          "message": "Hire 
rate must be positive"
        },
        {
          "origin": 
"number",
          "code": 
"too_small",
          "minimum": 0,
          "inclusive": 
true,
          "path": [
            "gatePass"
          ],
          "message": "Gate 
pass must be positive"
        },
        {
          "code": "custom",
          "path": [
            "endMeter"
          ],
          "message": "End 
meter must be greater than 
start meter"
        }
      ]
          at parse (E:\proj
ects\tourBiller\src\lib\act
ions.ts:27:38)
          at E:\projects\to
urBiller\src\__tests__\prop
erties\invalid-bill-rejecti
on.test.ts:75:52
          at 
AsyncProperty.predicate (E:
\projects\tourBiller\node_m
odules\fast-check\lib\cjs\c
heck\property\AsyncProperty
.js:17:102)
          at 
AsyncProperty.run (E:\proje
cts\tourBiller\node_modules
\fast-check\lib\cjs\check\p
roperty\AsyncProperty.gener
ic.js:46:39)
          at asyncRunIt (E:
\projects\tourBiller\node_m
odules\fast-check\lib\cjs\c
heck\runner\Runner.js:28:36
)
          at 
processTicksAndRejections (
node:internal/process/task_
queues:103:5)
          at 
Object.<anonymous> (E:\proj
ects\tourBiller\src\__tests
__\properties\invalid-bill-
rejection.test.ts:24:9)

    [0m [90m 53 |[39m   
  }[33m;[39m
     [90m 54 |[39m   } 
[36mcatch[39m (error) {
    
[31m[1m>[22m[39m[90m 
55 |[39m     console[33m.
[39merror([32m'Error 
creating 
bill:'[39m[33m,[39m 
error)[33m;[39m
     [90m    |[39m       
      [31m[1m^[22m[39m
     [90m 56 |[39m     
     [90m 57 |[39m     
[36mif[39m (error 
[36minstanceof[39m 
[33mError[39m) {
     [90m 58 |[39m       
[36mreturn[39m {[0m

      at error 
(src/lib/actions.ts:55:13)
      at src/__tests__/prop
erties/invalid-bill-rejecti
on.test.ts:75:52
      at 
AsyncProperty.predicate (no
de_modules/fast-check/lib/c
js/check/property/AsyncProp
erty.js:17:102)
      at AsyncProperty.run 
(node_modules/fast-check/li
b/cjs/check/property/AsyncP
roperty.generic.js:46:39)
      at asyncRunIt (node_m
odules/fast-check/lib/cjs/c
heck/runner/Runner.js:28:36
)
      at 
Object.<anonymous> (src/__t
ests__/properties/invalid-b
ill-rejection.test.ts:24:9)

    console.error
      Error creating bill: 
ZodError: [
        {
          "origin": 
"number",
          "code": 
"too_small",
          "minimum": 0,
          "inclusive": 
true,
          "path": [
            "hireRate"
          ],
          "message": "Hire 
rate must be positive"
        },
        {
          "origin": 
"number",
          "code": 
"too_small",
          "minimum": 0,
          "inclusive": 
true,
          "path": [
            "waitingCharge"
          ],
          "message": 
"Waiting charge must be 
positive"
        },
        {
          "origin": 
"number",
          "code": 
"too_small",
          "minimum": 0,
          "inclusive": 
true,
          "path": [
            "packageCharge"
          ],
          "message": 
"Package charge must be 
positive"
        },
        {
          "code": "custom",
          "path": [
            "endMeter"
          ],
          "message": "End 
meter must be greater than 
start meter"
        }
      ]
          at parse (E:\proj
ects\tourBiller\src\lib\act
ions.ts:27:38)
          at E:\projects\to
urBiller\src\__tests__\prop
erties\invalid-bill-rejecti
on.test.ts:75:52
          at 
AsyncProperty.predicate (E:
\projects\tourBiller\node_m
odules\fast-check\lib\cjs\c
heck\property\AsyncProperty
.js:17:102)
          at 
AsyncProperty.run (E:\proje
cts\tourBiller\node_modules
\fast-check\lib\cjs\check\p
roperty\AsyncProperty.gener
ic.js:46:39)
          at asyncRunIt (E:
\projects\tourBiller\node_m
odules\fast-check\lib\cjs\c
heck\runner\Runner.js:28:36
)
          at 
processTicksAndRejections (
node:internal/process/task_
queues:103:5)
          at 
Object.<anonymous> (E:\proj
ects\tourBiller\src\__tests
__\properties\invalid-bill-
rejection.test.ts:24:9)

    [0m [90m 53 |[39m   
  }[33m;[39m
     [90m 54 |[39m   } 
[36mcatch[39m (error) {
    
[31m[1m>[22m[39m[90m 
55 |[39m     console[33m.
[39merror([32m'Error 
creating 
bill:'[39m[33m,[39m 
error)[33m;[39m
     [90m    |[39m       
      [31m[1m^[22m[39m
     [90m 56 |[39m     
     [90m 57 |[39m     
[36mif[39m (error 
[36minstanceof[39m 
[33mError[39m) {
     [90m 58 |[39m       
[36mreturn[39m {[0m

      at error 
(src/lib/actions.ts:55:13)
      at src/__tests__/prop
erties/invalid-bill-rejecti
on.test.ts:75:52
      at 
AsyncProperty.predicate (no
de_modules/fast-check/lib/c
js/check/property/AsyncProp
erty.js:17:102)
      at AsyncProperty.run 
(node_modules/fast-check/li
b/cjs/check/property/AsyncP
roperty.generic.js:46:39)
      at asyncRunIt (node_m
odules/fast-check/lib/cjs/c
heck/runner/Runner.js:28:36
)
      at 
Object.<anonymous> (src/__t
ests__/properties/invalid-b
ill-rejection.test.ts:24:9)

    console.error
      Error creating bill: 
ZodError: [
        {
          "origin": 
"string",
          "code": 
"too_small",
          "minimum": 1,
          "inclusive": 
true,
          "path": [
            "customerName"
          ],
          "message": 
"Customer name is required"
        },
        {
          "origin": 
"number",
          "code": 
"too_small",
          "minimum": 0,
          "inclusive": 
true,
          "path": [
            "startMeter"
          ],
          "message": 
"Start meter must be 
positive"
        },
        {
          "origin": 
"number",
          "code": 
"too_small",
          "minimum": 0,
          "inclusive": 
true,
          "path": [
            "hireRate"
          ],
          "message": "Hire 
rate must be positive"
        },
        {
          "origin": 
"number",
          "code": 
"too_small",
          "minimum": 0,
          "inclusive": 
true,
          "path": [
            "gatePass"
          ],
          "message": "Gate 
pass must be positive"
        }
      ]
          at parse (E:\proj
ects\tourBiller\src\lib\act
ions.ts:27:38)
          at E:\projects\to
urBiller\src\__tests__\prop
erties\invalid-bill-rejecti
on.test.ts:75:52
          at 
AsyncProperty.predicate (E:
\projects\tourBiller\node_m
odules\fast-check\lib\cjs\c
heck\property\AsyncProperty
.js:17:102)
          at 
AsyncProperty.run (E:\proje
cts\tourBiller\node_modules
\fast-check\lib\cjs\check\p
roperty\AsyncProperty.gener
ic.js:46:39)
          at asyncRunIt (E:
\projects\tourBiller\node_m
odules\fast-check\lib\cjs\c
heck\runner\Runner.js:28:36
)
          at 
processTicksAndRejections (
node:internal/process/task_
queues:103:5)
          at 
Object.<anonymous> (E:\proj
ects\tourBiller\src\__tests
__\properties\invalid-bill-
rejection.test.ts:24:9)

    [0m [90m 53 |[39m   
  }[33m;[39m
     [90m 54 |[39m   } 
[36mcatch[39m (error) {
    
[31m[1m>[22m[39m[90m 
55 |[39m     console[33m.
[39merror([32m'Error 
creating 
bill:'[39m[33m,[39m 
error)[33m;[39m
     [90m    |[39m       
      [31m[1m^[22m[39m
     [90m 56 |[39m     
     [90m 57 |[39m     
[36mif[39m (error 
[36minstanceof[39m 
[33mError[39m) {
     [90m 58 |[39m       
[36mreturn[39m {[0m

      at error 
(src/lib/actions.ts:55:13)
      at src/__tests__/prop
erties/invalid-bill-rejecti
on.test.ts:75:52
      at 
AsyncProperty.predicate (no
de_modules/fast-check/lib/c
js/check/property/AsyncProp
erty.js:17:102)
      at AsyncProperty.run 
(node_modules/fast-check/li
b/cjs/check/property/AsyncP
roperty.generic.js:46:39)
      at asyncRunIt (node_m
odules/fast-check/lib/cjs/c
heck/runner/Runner.js:28:36
)
      at 
Object.<anonymous> (src/__t
ests__/properties/invalid-b
ill-rejection.test.ts:24:9)

    console.error
      Error creating bill: 
ZodError: [
        {
          "origin": 
"string",
          "code": 
"too_small",
          "minimum": 1,
          "inclusive": 
true,
          "path": [
            "customerName"
          ],
          "message": 
"Customer name is required"
        },
        {
          "origin": 
"string",
          "code": 
"too_small",
          "minimum": 1,
          "inclusive": 
true,
          "path": [
            "route"
          ],
          "message": 
"Route is required"
        },
        {
          "origin": 
"number",
          "code": 
"too_small",
          "minimum": 0,
          "inclusive": 
true,
          "path": [
            "hireRate"
          ],
          "message": "Hire 
rate must be positive"
        },
        {
          "origin": 
"number",
          "code": 
"too_small",
          "minimum": 0,
          "inclusive": 
true,
          "path": [
            "gatePass"
          ],
          "message": "Gate 
pass must be positive"
        }
      ]
          at parse (E:\proj
ects\tourBiller\src\lib\act
ions.ts:27:38)
          at E:\projects\to
urBiller\src\__tests__\prop
erties\invalid-bill-rejecti
on.test.ts:75:52
          at 
AsyncProperty.predicate (E:
\projects\tourBiller\node_m
odules\fast-check\lib\cjs\c
heck\property\AsyncProperty
.js:17:102)
          at 
AsyncProperty.run (E:\proje
cts\tourBiller\node_modules
\fast-check\lib\cjs\check\p
roperty\AsyncProperty.gener
ic.js:46:39)
          at asyncRunIt (E:
\projects\tourBiller\node_m
odules\fast-check\lib\cjs\c
heck\runner\Runner.js:28:36
)
          at 
processTicksAndRejections (
node:internal/process/task_
queues:103:5)
          at 
Object.<anonymous> (E:\proj
ects\tourBiller\src\__tests
__\properties\invalid-bill-
rejection.test.ts:24:9)

    [0m [90m 53 |[39m   
  }[33m;[39m
     [90m 54 |[39m   } 
[36mcatch[39m (error) {
    
[31m[1m>[22m[39m[90m 
55 |[39m     console[33m.
[39merror([32m'Error 
creating 
bill:'[39m[33m,[39m 
error)[33m;[39m
     [90m    |[39m       
      [31m[1m^[22m[39m
     [90m 56 |[39m     
     [90m 57 |[39m     
[36mif[39m (error 
[36minstanceof[39m 
[33mError[39m) {
     [90m 58 |[39m       
[36mreturn[39m {[0m

      at error 
(src/lib/actions.ts:55:13)
      at src/__tests__/prop
erties/invalid-bill-rejecti
on.test.ts:75:52
      at 
AsyncProperty.predicate (no
de_modules/fast-check/lib/c
js/check/property/AsyncProp
erty.js:17:102)
      at AsyncProperty.run 
(node_modules/fast-check/li
b/cjs/check/property/AsyncP
roperty.generic.js:46:39)
      at asyncRunIt (node_m
odules/fast-check/lib/cjs/c
heck/runner/Runner.js:28:36
)
      at 
Object.<anonymous> (src/__t
ests__/properties/invalid-b
ill-rejection.test.ts:24:9)

    console.error
      Error creating bill: 
ZodError: [
        {
          "origin": 
"number",
          "code": 
"too_small",
          "minimum": 0,
          "inclusive": 
true,
          "path": [
            "startMeter"
          ],
          "message": 
"Start meter must be 
positive"
        },
        {
          "origin": 
"number",
          "code": 
"too_small",
          "minimum": 0,
          "inclusive": 
true,
          "path": [
            "hireRate"
          ],
          "message": "Hire 
rate must be positive"
        },
        {
          "origin": 
"number",
          "code": 
"too_small",
          "minimum": 0,
          "inclusive": 
true,
          "path": [
            "packageCharge"
          ],
          "message": 
"Package charge must be 
positive"
        }
      ]
          at parse (E:\proj
ects\tourBiller\src\lib\act
ions.ts:27:38)
          at E:\projects\to
urBiller\src\__tests__\prop
erties\invalid-bill-rejecti
on.test.ts:75:52
          at 
AsyncProperty.predicate (E:
\projects\tourBiller\node_m
odules\fast-check\lib\cjs\c
heck\property\AsyncProperty
.js:17:102)
          at 
AsyncProperty.run (E:\proje
cts\tourBiller\node_modules
\fast-check\lib\cjs\check\p
roperty\AsyncProperty.gener
ic.js:46:39)
          at asyncRunIt (E:
\projects\tourBiller\node_m
odules\fast-check\lib\cjs\c
heck\runner\Runner.js:28:36
)
          at 
processTicksAndRejections (
node:internal/process/task_
queues:103:5)
          at 
Object.<anonymous> (E:\proj
ects\tourBiller\src\__tests
__\properties\invalid-bill-
rejection.test.ts:24:9)

    [0m [90m 53 |[39m   
  }[33m;[39m
     [90m 54 |[39m   } 
[36mcatch[39m (error) {
    
[31m[1m>[22m[39m[90m 
55 |[39m     console[33m.
[39merror([32m'Error 
creating 
bill:'[39m[33m,[39m 
error)[33m;[39m
     [90m    |[39m       
      [31m[1m^[22m[39m
     [90m 56 |[39m     
     [90m 57 |[39m     
[36mif[39m (error 
[36minstanceof[39m 
[33mError[39m) {
     [90m 58 |[39m       
[36mreturn[39m {[0m

      at error 
(src/lib/actions.ts:55:13)
      at src/__tests__/prop
erties/invalid-bill-rejecti
on.test.ts:75:52
      at 
AsyncProperty.predicate (no
de_modules/fast-check/lib/c
js/check/property/AsyncProp
erty.js:17:102)
      at AsyncProperty.run 
(node_modules/fast-check/li
b/cjs/check/property/AsyncP
roperty.generic.js:46:39)
      at asyncRunIt (node_m
odules/fast-check/lib/cjs/c
heck/runner/Runner.js:28:36
)
      at 
Object.<anonymous> (src/__t
ests__/properties/invalid-b
ill-rejection.test.ts:24:9)

    console.error
      Error creating bill: 
ZodError: [
        {
          "origin": 
"string",
          "code": 
"too_small",
          "minimum": 1,
          "inclusive": 
true,
          "path": [
            "vehicleNo"
          ],
          "message": 
"Vehicle number is 
required"
        },
        {
          "origin": 
"string",
          "code": 
"too_small",
          "minimum": 1,
          "inclusive": 
true,
          "path": [
            "route"
          ],
          "message": 
"Route is required"
        },
        {
          "origin": 
"number",
          "code": 
"too_small",
          "minimum": 0,
          "inclusive": 
true,
          "path": [
            "endMeter"
          ],
          "message": "End 
meter must be positive"
        },
        {
          "origin": 
"number",
          "code": 
"too_small",
          "minimum": 0,
          "inclusive": 
true,
          "path": [
            "hireRate"
          ],
          "message": "Hire 
rate must be positive"
        },
        {
          "origin": 
"number",
          "code": 
"too_small",
          "minimum": 0,
          "inclusive": 
true,
          "path": [
            "waitingCharge"
          ],
          "message": 
"Waiting charge must be 
positive"
        },
        {
          "origin": 
"number",
          "code": 
"too_small",
          "minimum": 0,
          "inclusive": 
true,
          "path": [
            "gatePass"
          ],
          "message": "Gate 
pass must be positive"
        },
        {
          "code": "custom",
          "path": [
            "endMeter"
          ],
          "message": "End 
meter must be greater than 
start meter"
        }
      ]
          at parse (E:\proj
ects\tourBiller\src\lib\act
ions.ts:27:38)
          at E:\projects\to
urBiller\src\__tests__\prop
erties\invalid-bill-rejecti
on.test.ts:75:52
          at 
AsyncProperty.predicate (E:
\projects\tourBiller\node_m
odules\fast-check\lib\cjs\c
heck\property\AsyncProperty
.js:17:102)
          at 
AsyncProperty.run (E:\proje
cts\tourBiller\node_modules
\fast-check\lib\cjs\check\p
roperty\AsyncProperty.gener
ic.js:46:39)
          at asyncRunIt (E:
\projects\tourBiller\node_m
odules\fast-check\lib\cjs\c
heck\runner\Runner.js:28:36
)
          at 
processTicksAndRejections (
node:internal/process/task_
queues:103:5)
          at 
Object.<anonymous> (E:\proj
ects\tourBiller\src\__tests
__\properties\invalid-bill-
rejection.test.ts:24:9)

    [0m [90m 53 |[39m   
  }[33m;[39m
     [90m 54 |[39m   } 
[36mcatch[39m (error) {
    
[31m[1m>[22m[39m[90m 
55 |[39m     console[33m.
[39merror([32m'Error 
creating 
bill:'[39m[33m,[39m 
error)[33m;[39m
     [90m    |[39m       
      [31m[1m^[22m[39m
     [90m 56 |[39m     
     [90m 57 |[39m     
[36mif[39m (error 
[36minstanceof[39m 
[33mError[39m) {
     [90m 58 |[39m       
[36mreturn[39m {[0m

      at error 
(src/lib/actions.ts:55:13)
      at src/__tests__/prop
erties/invalid-bill-rejecti
on.test.ts:75:52
      at 
AsyncProperty.predicate (no
de_modules/fast-check/lib/c
js/check/property/AsyncProp
erty.js:17:102)
      at AsyncProperty.run 
(node_modules/fast-check/li
b/cjs/check/property/AsyncP
roperty.generic.js:46:39)
      at asyncRunIt (node_m
odules/fast-check/lib/cjs/c
heck/runner/Runner.js:28:36
)
      at 
Object.<anonymous> (src/__t
ests__/properties/invalid-b
ill-rejection.test.ts:24:9)

    console.error
      Error creating bill: 
ZodError: [
        {
          "origin": 
"string",
          "code": 
"too_small",
          "minimum": 1,
          "inclusive": 
true,
          "path": [
            "vehicleNo"
          ],
          "message": 
"Vehicle number is 
required"
        },
        {
          "origin": 
"string",
          "code": 
"too_small",
          "minimum": 1,
          "inclusive": 
true,
          "path": [
            "route"
          ],
          "message": 
"Route is required"
        },
        {
          "expected": 
"number",
          "code": 
"invalid_type",
          "received": 
"NaN",
          "path": [
            "endMeter"
          ],
          "message": 
"Invalid input: expected 
number, received NaN"
        },
        {
          "origin": 
"number",
          "code": 
"too_small",
          "minimum": 0,
          "inclusive": 
true,
          "path": [
            "waitingCharge"
          ],
          "message": 
"Waiting charge must be 
positive"
        },
        {
          "origin": 
"number",
          "code": 
"too_small",
          "minimum": 0,
          "inclusive": 
true,
          "path": [
            "gatePass"
          ],
          "message": "Gate 
pass must be positive"
        }
      ]
          at parse (E:\proj
ects\tourBiller\src\lib\act
ions.ts:27:38)
          at E:\projects\to
urBiller\src\__tests__\prop
erties\invalid-bill-rejecti
on.test.ts:75:52
          at 
AsyncProperty.predicate (E:
\projects\tourBiller\node_m
odules\fast-check\lib\cjs\c
heck\property\AsyncProperty
.js:17:102)
          at 
AsyncProperty.run (E:\proje
cts\tourBiller\node_modules
\fast-check\lib\cjs\check\p
roperty\AsyncProperty.gener
ic.js:46:39)
          at asyncRunIt (E:
\projects\tourBiller\node_m
odules\fast-check\lib\cjs\c
heck\runner\Runner.js:28:36
)
          at 
processTicksAndRejections (
node:internal/process/task_
queues:103:5)
          at 
Object.<anonymous> (E:\proj
ects\tourBiller\src\__tests
__\properties\invalid-bill-
rejection.test.ts:24:9)

    [0m [90m 53 |[39m   
  }[33m;[39m
     [90m 54 |[39m   } 
[36mcatch[39m (error) {
    
[31m[1m>[22m[39m[90m 
55 |[39m     console[33m.
[39merror([32m'Error 
creating 
bill:'[39m[33m,[39m 
error)[33m;[39m
     [90m    |[39m       
      [31m[1m^[22m[39m
     [90m 56 |[39m     
     [90m 57 |[39m     
[36mif[39m (error 
[36minstanceof[39m 
[33mError[39m) {
     [90m 58 |[39m       
[36mreturn[39m {[0m

      at error 
(src/lib/actions.ts:55:13)
      at src/__tests__/prop
erties/invalid-bill-rejecti
on.test.ts:75:52
      at 
AsyncProperty.predicate (no
de_modules/fast-check/lib/c
js/check/property/AsyncProp
erty.js:17:102)
      at AsyncProperty.run 
(node_modules/fast-check/li
b/cjs/check/property/AsyncP
roperty.generic.js:46:39)
      at asyncRunIt (node_m
odules/fast-check/lib/cjs/c
heck/runner/Runner.js:28:36
)
      at 
Object.<anonymous> (src/__t
ests__/properties/invalid-b
ill-rejection.test.ts:24:9)

    console.error
      Error creating bill: 
ZodError: [
        {
          "origin": 
"string",
          "code": 
"too_small",
          "minimum": 1,
          "inclusive": 
true,
          "path": [
            "vehicleNo"
          ],
          "message": 
"Vehicle number is 
required"
        },
        {
          "origin": 
"string",
          "code": 
"too_small",
          "minimum": 1,
          "inclusive": 
true,
          "path": [
            "route"
          ],
          "message": 
"Route is required"
        },
        {
          "origin": 
"number",
          "code": 
"too_small",
          "minimum": 0,
          "inclusive": 
true,
          "path": [
            "endMeter"
          ],
          "message": "End 
meter must be positive"
        },
        {
          "origin": 
"number",
          "code": 
"too_small",
          "minimum": 0,
          "inclusive": 
true,
          "path": [
            "hireRate"
          ],
          "message": "Hire 
rate must be positive"
        },
        {
          "origin": 
"number",
          "code": 
"too_small",
          "minimum": 0,
          "inclusive": 
true,
          "path": [
            "packageCharge"
          ],
          "message": 
"Package charge must be 
positive"
        },
        {
          "code": "custom",
          "path": [
            "endMeter"
          ],
          "message": "End 
meter must be greater than 
start meter"
        }
      ]
          at parse (E:\proj
ects\tourBiller\src\lib\act
ions.ts:27:38)
          at E:\projects\to
urBiller\src\__tests__\prop
erties\invalid-bill-rejecti
on.test.ts:75:52
          at 
AsyncProperty.predicate (E:
\projects\tourBiller\node_m
odules\fast-check\lib\cjs\c
heck\property\AsyncProperty
.js:17:102)
          at 
AsyncProperty.run (E:\proje
cts\tourBiller\node_modules
\fast-check\lib\cjs\check\p
roperty\AsyncProperty.gener
ic.js:46:39)
          at asyncRunIt (E:
\projects\tourBiller\node_m
odules\fast-check\lib\cjs\c
heck\runner\Runner.js:28:36
)
          at 
processTicksAndRejections (
node:internal/process/task_
queues:103:5)
          at 
Object.<anonymous> (E:\proj
ects\tourBiller\src\__tests
__\properties\invalid-bill-
rejection.test.ts:24:9)

    [0m [90m 53 |[39m   
  }[33m;[39m
     [90m 54 |[39m   } 
[36mcatch[39m (error) {
    
[31m[1m>[22m[39m[90m 
55 |[39m     console[33m.
[39merror([32m'Error 
creating 
bill:'[39m[33m,[39m 
error)[33m;[39m
     [90m    |[39m       
      [31m[1m^[22m[39m
     [90m 56 |[39m     
     [90m 57 |[39m     
[36mif[39m (error 
[36minstanceof[39m 
[33mError[39m) {
     [90m 58 |[39m       
[36mreturn[39m {[0m

      at error 
(src/lib/actions.ts:55:13)
      at src/__tests__/prop
erties/invalid-bill-rejecti
on.test.ts:75:52
      at 
AsyncProperty.predicate (no
de_modules/fast-check/lib/c
js/check/property/AsyncProp
erty.js:17:102)
      at AsyncProperty.run 
(node_modules/fast-check/li
b/cjs/check/property/AsyncP
roperty.generic.js:46:39)
      at asyncRunIt (node_m
odules/fast-check/lib/cjs/c
heck/runner/Runner.js:28:36
)
      at 
Object.<anonymous> (src/__t
ests__/properties/invalid-b
ill-rejection.test.ts:24:9)

    console.error
      Error creating bill: 
ZodError: [
        {
          "origin": 
"string",
          "code": 
"too_small",
          "minimum": 1,
          "inclusive": 
true,
          "path": [
            "vehicleNo"
          ],
          "message": 
"Vehicle number is 
required"
        },
        {
          "origin": 
"number",
          "code": 
"too_small",
          "minimum": 0,
          "inclusive": 
true,
          "path": [
            "startMeter"
          ],
          "message": 
"Start meter must be 
positive"
        },
        {
          "origin": 
"number",
          "code": 
"too_small",
          "minimum": 0,
          "inclusive": 
true,
          "path": [
            "endMeter"
          ],
          "message": "End 
meter must be positive"
        },
        {
          "origin": 
"number",
          "code": 
"too_small",
          "minimum": 0,
          "inclusive": 
true,
          "path": [
            "hireRate"
          ],
          "message": "Hire 
rate must be positive"
        },
        {
          "origin": 
"number",
          "code": 
"too_small",
          "minimum": 0,
          "inclusive": 
true,
          "path": [
            "gatePass"
          ],
          "message": "Gate 
pass must be positive"
        },
        {
          "code": "custom",
          "path": [
            "endMeter"
          ],
          "message": "End 
meter must be greater than 
start meter"
        }
      ]
          at parse (E:\proj
ects\tourBiller\src\lib\act
ions.ts:27:38)
          at E:\projects\to
urBiller\src\__tests__\prop
erties\invalid-bill-rejecti
on.test.ts:75:52
          at 
AsyncProperty.predicate (E:
\projects\tourBiller\node_m
odules\fast-check\lib\cjs\c
heck\property\AsyncProperty
.js:17:102)
          at 
AsyncProperty.run (E:\proje
cts\tourBiller\node_modules
\fast-check\lib\cjs\check\p
roperty\AsyncProperty.gener
ic.js:46:39)
          at asyncRunIt (E:
\projects\tourBiller\node_m
odules\fast-check\lib\cjs\c
heck\runner\Runner.js:28:36
)
          at 
processTicksAndRejections (
node:internal/process/task_
queues:103:5)
          at 
Object.<anonymous> (E:\proj
ects\tourBiller\src\__tests
__\properties\invalid-bill-
rejection.test.ts:24:9)

    [0m [90m 53 |[39m   
  }[33m;[39m
     [90m 54 |[39m   } 
[36mcatch[39m (error) {
    
[31m[1m>[22m[39m[90m 
55 |[39m     console[33m.
[39merror([32m'Error 
creating 
bill:'[39m[33m,[39m 
error)[33m;[39m
     [90m    |[39m       
      [31m[1m^[22m[39m
     [90m 56 |[39m     
     [90m 57 |[39m     
[36mif[39m (error 
[36minstanceof[39m 
[33mError[39m) {
     [90m 58 |[39m       
[36mreturn[39m {[0m

      at error 
(src/lib/actions.ts:55:13)
      at src/__tests__/prop
erties/invalid-bill-rejecti
on.test.ts:75:52
      at 
AsyncProperty.predicate (no
de_modules/fast-check/lib/c
js/check/property/AsyncProp
erty.js:17:102)
      at AsyncProperty.run 
(node_modules/fast-check/li
b/cjs/check/property/AsyncP
roperty.generic.js:46:39)
      at asyncRunIt (node_m
odules/fast-check/lib/cjs/c
heck/runner/Runner.js:28:36
)
      at 
Object.<anonymous> (src/__t
ests__/properties/invalid-b
ill-rejection.test.ts:24:9)

    console.error
      Error creating bill: 
ZodError: [
        {
          "origin": 
"string",
          "code": 
"too_small",
          "minimum": 1,
          "inclusive": 
true,
          "path": [
            "vehicleNo"
          ],
          "message": 
"Vehicle number is 
required"
        },
        {
          "origin": 
"string",
          "code": 
"too_small",
          "minimum": 1,
          "inclusive": 
true,
          "path": [
            "route"
          ],
          "message": 
"Route is required"
        },
        {
          "origin": 
"number",
          "code": 
"too_small",
          "minimum": 0,
          "inclusive": 
true,
          "path": [
            "startMeter"
          ],
          "message": 
"Start meter must be 
positive"
        },
        {
          "origin": 
"number",
          "code": 
"too_small",
          "minimum": 0,
          "inclusive": 
true,
          "path": [
            "endMeter"
          ],
          "message": "End 
meter must be positive"
        },
        {
          "origin": 
"number",
          "code": 
"too_small",
          "minimum": 0,
          "inclusive": 
true,
          "path": [
            "hireRate"
          ],
          "message": "Hire 
rate must be positive"
        },
        {
          "origin": 
"number",
          "code": 
"too_small",
          "minimum": 0,
          "inclusive": 
true,
          "path": [
            "packageCharge"
          ],
          "message": 
"Package charge must be 
positive"
        },
        {
          "code": "custom",
          "path": [
            "endMeter"
          ],
          "message": "End 
meter must be greater than 
start meter"
        }
      ]
          at parse (E:\proj
ects\tourBiller\src\lib\act
ions.ts:27:38)
          at E:\projects\to
urBiller\src\__tests__\prop
erties\invalid-bill-rejecti
on.test.ts:75:52
          at 
AsyncProperty.predicate (E:
\projects\tourBiller\node_m
odules\fast-check\lib\cjs\c
heck\property\AsyncProperty
.js:17:102)
          at 
AsyncProperty.run (E:\proje
cts\tourBiller\node_modules
\fast-check\lib\cjs\check\p
roperty\AsyncProperty.gener
ic.js:46:39)
          at asyncRunIt (E:
\projects\tourBiller\node_m
odules\fast-check\lib\cjs\c
heck\runner\Runner.js:28:36
)
          at 
processTicksAndRejections (
node:internal/process/task_
queues:103:5)
          at 
Object.<anonymous> (E:\proj
ects\tourBiller\src\__tests
__\properties\invalid-bill-
rejection.test.ts:24:9)

    [0m [90m 53 |[39m   
  }[33m;[39m
     [90m 54 |[39m   } 
[36mcatch[39m (error) {
    
[31m[1m>[22m[39m[90m 
55 |[39m     console[33m.
[39merror([32m'Error 
creating 
bill:'[39m[33m,[39m 
error)[33m;[39m
     [90m    |[39m       
      [31m[1m^[22m[39m
     [90m 56 |[39m     
     [90m 57 |[39m     
[36mif[39m (error 
[36minstanceof[39m 
[33mError[39m) {
     [90m 58 |[39m       
[36mreturn[39m {[0m

      at error 
(src/lib/actions.ts:55:13)
      at src/__tests__/prop
erties/invalid-bill-rejecti
on.test.ts:75:52
      at 
AsyncProperty.predicate (no
de_modules/fast-check/lib/c
js/check/property/AsyncProp
erty.js:17:102)
      at AsyncProperty.run 
(node_modules/fast-check/li
b/cjs/check/property/AsyncP
roperty.generic.js:46:39)
      at asyncRunIt (node_m
odules/fast-check/lib/cjs/c
heck/runner/Runner.js:28:36
)
      at 
Object.<anonymous> (src/__t
ests__/properties/invalid-b
ill-rejection.test.ts:24:9)

    console.error
      Error creating bill: 
ZodError: [
        {
          "origin": 
"string",
          "code": 
"too_small",
          "minimum": 1,
          "inclusive": 
true,
          "path": [
            "customerName"
          ],
          "message": 
"Customer name is required"
        },
        {
          "origin": 
"string",
          "code": 
"too_small",
          "minimum": 1,
          "inclusive": 
true,
          "path": [
            "route"
          ],
          "message": 
"Route is required"
        },
        {
          "origin": 
"number",
          "code": 
"too_small",
          "minimum": 0,
          "inclusive": 
true,
          "path": [
            "hireRate"
          ],
          "message": "Hire 
rate must be positive"
        },
        {
          "origin": 
"number",
          "code": 
"too_small",
          "minimum": 0,
          "inclusive": 
true,
          "path": [
            "waitingCharge"
          ],
          "message": 
"Waiting charge must be 
positive"
        },
        {
          "origin": 
"number",
          "code": 
"too_small",
          "minimum": 0,
          "inclusive": 
true,
          "path": [
            "gatePass"
          ],
          "message": "Gate 
pass must be positive"
        },
        {
          "code": "custom",
          "path": [
            "endMeter"
          ],
          "message": "End 
meter must be greater than 
start meter"
        }
      ]
          at parse (E:\proj
ects\tourBiller\src\lib\act
ions.ts:27:38)
          at E:\projects\to
urBiller\src\__tests__\prop
erties\invalid-bill-rejecti
on.test.ts:75:52
          at 
AsyncProperty.predicate (E:
\projects\tourBiller\node_m
odules\fast-check\lib\cjs\c
heck\property\AsyncProperty
.js:17:102)
          at 
AsyncProperty.run (E:\proje
cts\tourBiller\node_modules
\fast-check\lib\cjs\check\p
roperty\AsyncProperty.gener
ic.js:46:39)
          at asyncRunIt (E:
\projects\tourBiller\node_m
odules\fast-check\lib\cjs\c
heck\runner\Runner.js:28:36
)
          at 
processTicksAndRejections (
node:internal/process/task_
queues:103:5)
          at 
Object.<anonymous> (E:\proj
ects\tourBiller\src\__tests
__\properties\invalid-bill-
rejection.test.ts:24:9)

    [0m [90m 53 |[39m   
  }[33m;[39m
     [90m 54 |[39m   } 
[36mcatch[39m (error) {
    
[31m[1m>[22m[39m[90m 
55 |[39m     console[33m.
[39merror([32m'Error 
creating 
bill:'[39m[33m,[39m 
error)[33m;[39m
     [90m    |[39m       
      [31m[1m^[22m[39m
     [90m 56 |[39m     
     [90m 57 |[39m     
[36mif[39m (error 
[36minstanceof[39m 
[33mError[39m) {
     [90m 58 |[39m       
[36mreturn[39m {[0m

      at error 
(src/lib/actions.ts:55:13)
      at src/__tests__/prop
erties/invalid-bill-rejecti
on.test.ts:75:52
      at 
AsyncProperty.predicate (no
de_modules/fast-check/lib/c
js/check/property/AsyncProp
erty.js:17:102)
      at AsyncProperty.run 
(node_modules/fast-check/li
b/cjs/check/property/AsyncP
roperty.generic.js:46:39)
      at asyncRunIt (node_m
odules/fast-check/lib/cjs/c
heck/runner/Runner.js:28:36
)
      at 
Object.<anonymous> (src/__t
ests__/properties/invalid-b
ill-rejection.test.ts:24:9)

    console.error
      Error creating bill: 
ZodError: [
        {
          "origin": 
"string",
          "code": 
"too_small",
          "minimum": 1,
          "inclusive": 
true,
          "path": [
            "vehicleNo"
          ],
          "message": 
"Vehicle number is 
required"
        },
        {
          "origin": 
"string",
          "code": 
"too_small",
          "minimum": 1,
          "inclusive": 
true,
          "path": [
            "route"
          ],
          "message": 
"Route is required"
        },
        {
          "origin": 
"number",
          "code": 
"too_small",
          "minimum": 0,
          "inclusive": 
true,
          "path": [
            "endMeter"
          ],
          "message": "End 
meter must be positive"
        },
        {
          "origin": 
"number",
          "code": 
"too_small",
          "minimum": 0,
          "inclusive": 
true,
          "path": [
            "hireRate"
          ],
          "message": "Hire 
rate must be positive"
        },
        {
          "origin": 
"number",
          "code": 
"too_small",
          "minimum": 0,
          "inclusive": 
true,
          "path": [
            "waitingCharge"
          ],
          "message": 
"Waiting charge must be 
positive"
        },
        {
          "origin": 
"number",
          "code": 
"too_small",
          "minimum": 0,
          "inclusive": 
true,
          "path": [
            "gatePass"
          ],
          "message": "Gate 
pass must be positive"
        },
        {
          "code": "custom",
          "path": [
            "endMeter"
          ],
          "message": "End 
meter must be greater than 
start meter"
        }
      ]
          at parse (E:\proj
ects\tourBiller\src\lib\act
ions.ts:27:38)
          at E:\projects\to
urBiller\src\__tests__\prop
erties\invalid-bill-rejecti
on.test.ts:75:52
          at 
AsyncProperty.predicate (E:
\projects\tourBiller\node_m
odules\fast-check\lib\cjs\c
heck\property\AsyncProperty
.js:17:102)
          at 
AsyncProperty.run (E:\proje
cts\tourBiller\node_modules
\fast-check\lib\cjs\check\p
roperty\AsyncProperty.gener
ic.js:46:39)
          at asyncRunIt (E:
\projects\tourBiller\node_m
odules\fast-check\lib\cjs\c
heck\runner\Runner.js:28:36
)
          at 
processTicksAndRejections (
node:internal/process/task_
queues:103:5)
          at 
Object.<anonymous> (E:\proj
ects\tourBiller\src\__tests
__\properties\invalid-bill-
rejection.test.ts:24:9)

    [0m [90m 53 |[39m   
  }[33m;[39m
     [90m 54 |[39m   } 
[36mcatch[39m (error) {
    
[31m[1m>[22m[39m[90m 
55 |[39m     console[33m.
[39merror([32m'Error 
creating 
bill:'[39m[33m,[39m 
error)[33m;[39m
     [90m    |[39m       
      [31m[1m^[22m[39m
     [90m 56 |[39m     
     [90m 57 |[39m     
[36mif[39m (error 
[36minstanceof[39m 
[33mError[39m) {
     [90m 58 |[39m       
[36mreturn[39m {[0m

      at error 
(src/lib/actions.ts:55:13)
      at src/__tests__/prop
erties/invalid-bill-rejecti
on.test.ts:75:52
      at 
AsyncProperty.predicate (no
de_modules/fast-check/lib/c
js/check/property/AsyncProp
erty.js:17:102)
      at AsyncProperty.run 
(node_modules/fast-check/li
b/cjs/check/property/AsyncP
roperty.generic.js:46:39)
      at asyncRunIt (node_m
odules/fast-check/lib/cjs/c
heck/runner/Runner.js:28:36
)
      at 
Object.<anonymous> (src/__t
ests__/properties/invalid-b
ill-rejection.test.ts:24:9)

    console.error
      Error creating bill: 
ZodError: [
        {
          "origin": 
"string",
          "code": 
"too_small",
          "minimum": 1,
          "inclusive": 
true,
          "path": [
            "customerName"
          ],
          "message": 
"Customer name is required"
        },
        {
          "origin": 
"number",
          "code": 
"too_small",
          "minimum": 0,
          "inclusive": 
true,
          "path": [
            "startMeter"
          ],
          "message": 
"Start meter must be 
positive"
        },
        {
          "origin": 
"number",
          "code": 
"too_small",
          "minimum": 0,
          "inclusive": 
true,
          "path": [
            "waitingCharge"
          ],
          "message": 
"Waiting charge must be 
positive"
        },
        {
          "origin": 
"number",
          "code": 
"too_small",
          "minimum": 0,
          "inclusive": 
true,
          "path": [
            "packageCharge"
          ],
          "message": 
"Package charge must be 
positive"
        }
      ]
          at parse (E:\proj
ects\tourBiller\src\lib\act
ions.ts:27:38)
          at E:\projects\to
urBiller\src\__tests__\prop
erties\invalid-bill-rejecti
on.test.ts:75:52
          at 
AsyncProperty.predicate (E:
\projects\tourBiller\node_m
odules\fast-check\lib\cjs\c
heck\property\AsyncProperty
.js:17:102)
          at 
AsyncProperty.run (E:\proje
cts\tourBiller\node_modules
\fast-check\lib\cjs\check\p
roperty\AsyncProperty.gener
ic.js:46:39)
          at asyncRunIt (E:
\projects\tourBiller\node_m
odules\fast-check\lib\cjs\c
heck\runner\Runner.js:28:36
)
          at 
processTicksAndRejections (
node:internal/process/task_
queues:103:5)
          at 
Object.<anonymous> (E:\proj
ects\tourBiller\src\__tests
__\properties\invalid-bill-
rejection.test.ts:24:9)

    [0m [90m 53 |[39m   
  }[33m;[39m
     [90m 54 |[39m   } 
[36mcatch[39m (error) {
    
[31m[1m>[22m[39m[90m 
55 |[39m     console[33m.
[39merror([32m'Error 
creating 
bill:'[39m[33m,[39m 
error)[33m;[39m
     [90m    |[39m       
      [31m[1m^[22m[39m
     [90m 56 |[39m     
     [90m 57 |[39m     
[36mif[39m (error 
[36minstanceof[39m 
[33mError[39m) {
     [90m 58 |[39m       
[36mreturn[39m {[0m

      at error 
(src/lib/actions.ts:55:13)
      at src/__tests__/prop
erties/invalid-bill-rejecti
on.test.ts:75:52
      at 
AsyncProperty.predicate (no
de_modules/fast-check/lib/c
js/check/property/AsyncProp
erty.js:17:102)
      at AsyncProperty.run 
(node_modules/fast-check/li
b/cjs/check/property/AsyncP
roperty.generic.js:46:39)
      at asyncRunIt (node_m
odules/fast-check/lib/cjs/c
heck/runner/Runner.js:28:36
)
      at 
Object.<anonymous> (src/__t
ests__/properties/invalid-b
ill-rejection.test.ts:24:9)

    console.error
      Error creating bill: 
ZodError: [
        {
          "origin": 
"string",
          "code": 
"too_small",
          "minimum": 1,
          "inclusive": 
true,
          "path": [
            "customerName"
          ],
          "message": 
"Customer name is required"
        },
        {
          "origin": 
"number",
          "code": 
"too_small",
          "minimum": 0,
          "inclusive": 
true,
          "path": [
            "endMeter"
          ],
          "message": "End 
meter must be positive"
        },
        {
          "origin": 
"number",
          "code": 
"too_small",
          "minimum": 0,
          "inclusive": 
true,
          "path": [
            "hireRate"
          ],
          "message": "Hire 
rate must be positive"
        },
        {
          "origin": 
"number",
          "code": 
"too_small",
          "minimum": 0,
          "inclusive": 
true,
          "path": [
            "waitingCharge"
          ],
          "message": 
"Waiting charge must be 
positive"
        },
        {
          "origin": 
"number",
          "code": 
"too_small",
          "minimum": 0,
          "inclusive": 
true,
          "path": [
            "gatePass"
          ],
          "message": "Gate 
pass must be positive"
        },
        {
          "origin": 
"number",
          "code": 
"too_small",
          "minimum": 0,
          "inclusive": 
true,
          "path": [
            "packageCharge"
          ],
          "message": 
"Package charge must be 
positive"
        },
        {
          "code": "custom",
          "path": [
            "endMeter"
          ],
          "message": "End 
meter must be greater than 
start meter"
        }
      ]
          at parse (E:\proj
ects\tourBiller\src\lib\act
ions.ts:27:38)
          at E:\projects\to
urBiller\src\__tests__\prop
erties\invalid-bill-rejecti
on.test.ts:75:52
          at 
AsyncProperty.predicate (E:
\projects\tourBiller\node_m
odules\fast-check\lib\cjs\c
heck\property\AsyncProperty
.js:17:102)
          at 
AsyncProperty.run (E:\proje
cts\tourBiller\node_modules
\fast-check\lib\cjs\check\p
roperty\AsyncProperty.gener
ic.js:46:39)
          at asyncRunIt (E:
\projects\tourBiller\node_m
odules\fast-check\lib\cjs\c
heck\runner\Runner.js:28:36
)
          at 
processTicksAndRejections (
node:internal/process/task_
queues:103:5)
          at 
Object.<anonymous> (E:\proj
ects\tourBiller\src\__tests
__\properties\invalid-bill-
rejection.test.ts:24:9)

    [0m [90m 53 |[39m   
  }[33m;[39m
     [90m 54 |[39m   } 
[36mcatch[39m (error) {
    
[31m[1m>[22m[39m[90m 
55 |[39m     console[33m.
[39merror([32m'Error 
creating 
bill:'[39m[33m,[39m 
error)[33m;[39m
     [90m    |[39m       
      [31m[1m^[22m[39m
     [90m 56 |[39m     
     [90m 57 |[39m     
[36mif[39m (error 
[36minstanceof[39m 
[33mError[39m) {
     [90m 58 |[39m       
[36mreturn[39m {[0m

      at error 
(src/lib/actions.ts:55:13)
      at src/__tests__/prop
erties/invalid-bill-rejecti
on.test.ts:75:52
      at 
AsyncProperty.predicate (no
de_modules/fast-check/lib/c
js/check/property/AsyncProp
erty.js:17:102)
      at AsyncProperty.run 
(node_modules/fast-check/li
b/cjs/check/property/AsyncP
roperty.generic.js:46:39)
      at asyncRunIt (node_m
odules/fast-check/lib/cjs/c
heck/runner/Runner.js:28:36
)
      at 
Object.<anonymous> (src/__t
ests__/properties/invalid-b
ill-rejection.test.ts:24:9)

    console.error
      Error creating bill: 
ZodError: [
        {
          "origin": 
"number",
          "code": 
"too_small",
          "minimum": 0,
          "inclusive": 
true,
          "path": [
            "startMeter"
          ],
          "message": 
"Start meter must be 
positive"
        },
        {
          "origin": 
"number",
          "code": 
"too_small",
          "minimum": 0,
          "inclusive": 
true,
          "path": [
            "endMeter"
          ],
          "message": "End 
meter must be positive"
        },
        {
          "origin": 
"number",
          "code": 
"too_small",
          "minimum": 0,
          "inclusive": 
true,
          "path": [
            "gatePass"
          ],
          "message": "Gate 
pass must be positive"
        },
        {
          "origin": 
"number",
          "code": 
"too_small",
          "minimum": 0,
          "inclusive": 
true,
          "path": [
            "packageCharge"
          ],
          "message": 
"Package charge must be 
positive"
        }
      ]
          at parse (E:\proj
ects\tourBiller\src\lib\act
ions.ts:27:38)
          at E:\projects\to
urBiller\src\__tests__\prop
erties\invalid-bill-rejecti
on.test.ts:75:52
          at 
AsyncProperty.predicate (E:
\projects\tourBiller\node_m
odules\fast-check\lib\cjs\c
heck\property\AsyncProperty
.js:17:102)
          at 
AsyncProperty.run (E:\proje
cts\tourBiller\node_modules
\fast-check\lib\cjs\check\p
roperty\AsyncProperty.gener
ic.js:46:39)
          at asyncRunIt (E:
\projects\tourBiller\node_m
odules\fast-check\lib\cjs\c
heck\runner\Runner.js:28:36
)
          at 
processTicksAndRejections (
node:internal/process/task_
queues:103:5)
          at 
Object.<anonymous> (E:\proj
ects\tourBiller\src\__tests
__\properties\invalid-bill-
rejection.test.ts:24:9)

    [0m [90m 53 |[39m   
  }[33m;[39m
     [90m 54 |[39m   } 
[36mcatch[39m (error) {
    
[31m[1m>[22m[39m[90m 
55 |[39m     console[33m.
[39merror([32m'Error 
creating 
bill:'[39m[33m,[39m 
error)[33m;[39m
     [90m    |[39m       
      [31m[1m^[22m[39m
     [90m 56 |[39m     
     [90m 57 |[39m     
[36mif[39m (error 
[36minstanceof[39m 
[33mError[39m) {
     [90m 58 |[39m       
[36mreturn[39m {[0m

      at error 
(src/lib/actions.ts:55:13)
      at src/__tests__/prop
erties/invalid-bill-rejecti
on.test.ts:75:52
      at 
AsyncProperty.predicate (no
de_modules/fast-check/lib/c
js/check/property/AsyncProp
erty.js:17:102)
      at AsyncProperty.run 
(node_modules/fast-check/li
b/cjs/check/property/AsyncP
roperty.generic.js:46:39)
      at asyncRunIt (node_m
odules/fast-check/lib/cjs/c
heck/runner/Runner.js:28:36
)
      at 
Object.<anonymous> (src/__t
ests__/properties/invalid-b
ill-rejection.test.ts:24:9)

    console.error
      Error creating bill: 
ZodError: [
        {
          "origin": 
"number",
          "code": 
"too_small",
          "minimum": 0,
          "inclusive": 
true,
          "path": [
            "startMeter"
          ],
          "message": 
"Start meter must be 
positive"
        },
        {
          "origin": 
"number",
          "code": 
"too_small",
          "minimum": 0,
          "inclusive": 
true,
          "path": [
            "gatePass"
          ],
          "message": "Gate 
pass must be positive"
        },
        {
          "origin": 
"number",
          "code": 
"too_small",
          "minimum": 0,
          "inclusive": 
true,
          "path": [
            "packageCharge"
          ],
          "message": 
"Package charge must be 
positive"
        }
      ]
          at parse (E:\proj
ects\tourBiller\src\lib\act
ions.ts:27:38)
          at E:\projects\to
urBiller\src\__tests__\prop
erties\invalid-bill-rejecti
on.test.ts:75:52
          at 
AsyncProperty.predicate (E:
\projects\tourBiller\node_m
odules\fast-check\lib\cjs\c
heck\property\AsyncProperty
.js:17:102)
          at 
AsyncProperty.run (E:\proje
cts\tourBiller\node_modules
\fast-check\lib\cjs\check\p
roperty\AsyncProperty.gener
ic.js:46:39)
          at asyncRunIt (E:
\projects\tourBiller\node_m
odules\fast-check\lib\cjs\c
heck\runner\Runner.js:28:36
)
          at 
processTicksAndRejections (
node:internal/process/task_
queues:103:5)
          at 
Object.<anonymous> (E:\proj
ects\tourBiller\src\__tests
__\properties\invalid-bill-
rejection.test.ts:24:9)

    [0m [90m 53 |[39m   
  }[33m;[39m
     [90m 54 |[39m   } 
[36mcatch[39m (error) {
    
[31m[1m>[22m[39m[90m 
55 |[39m     console[33m.
[39merror([32m'Error 
creating 
bill:'[39m[33m,[39m 
error)[33m;[39m
     [90m    |[39m       
      [31m[1m^[22m[39m
     [90m 56 |[39m     
     [90m 57 |[39m     
[36mif[39m (error 
[36minstanceof[39m 
[33mError[39m) {
     [90m 58 |[39m       
[36mreturn[39m {[0m

      at error 
(src/lib/actions.ts:55:13)
      at src/__tests__/prop
erties/invalid-bill-rejecti
on.test.ts:75:52
      at 
AsyncProperty.predicate (no
de_modules/fast-check/lib/c
js/check/property/AsyncProp
erty.js:17:102)
      at AsyncProperty.run 
(node_modules/fast-check/li
b/cjs/check/property/AsyncP
roperty.generic.js:46:39)
      at asyncRunIt (node_m
odules/fast-check/lib/cjs/c
heck/runner/Runner.js:28:36
)
      at 
Object.<anonymous> (src/__t
ests__/properties/invalid-b
ill-rejection.test.ts:24:9)

    console.error
      Error creating bill: 
ZodError: [
        {
          "origin": 
"number",
          "code": 
"too_small",
          "minimum": 0,
          "inclusive": 
true,
          "path": [
            "startMeter"
          ],
          "message": 
"Start meter must be 
positive"
        },
        {
          "origin": 
"number",
          "code": 
"too_small",
          "minimum": 0,
          "inclusive": 
true,
          "path": [
            "endMeter"
          ],
          "message": "End 
meter must be positive"
        },
        {
          "origin": 
"number",
          "code": 
"too_small",
          "minimum": 0,
          "inclusive": 
true,
          "path": [
            "gatePass"
          ],
          "message": "Gate 
pass must be positive"
        },
        {
          "code": "custom",
          "path": [
            "endMeter"
          ],
          "message": "End 
meter must be greater than 
start meter"
        }
      ]
          at parse (E:\proj
ects\tourBiller\src\lib\act
ions.ts:27:38)
          at E:\projects\to
urBiller\src\__tests__\prop
erties\invalid-bill-rejecti
on.test.ts:75:52
          at 
AsyncProperty.predicate (E:
\projects\tourBiller\node_m
odules\fast-check\lib\cjs\c
heck\property\AsyncProperty
.js:17:102)
          at 
AsyncProperty.run (E:\proje
cts\tourBiller\node_modules
\fast-check\lib\cjs\check\p
roperty\AsyncProperty.gener
ic.js:46:39)
          at asyncRunIt (E:
\projects\tourBiller\node_m
odules\fast-check\lib\cjs\c
heck\runner\Runner.js:28:36
)
          at 
processTicksAndRejections (
node:internal/process/task_
queues:103:5)
          at 
Object.<anonymous> (E:\proj
ects\tourBiller\src\__tests
__\properties\invalid-bill-
rejection.test.ts:24:9)

    [0m [90m 53 |[39m   
  }[33m;[39m
     [90m 54 |[39m   } 
[36mcatch[39m (error) {
    
[31m[1m>[22m[39m[90m 
55 |[39m     console[33m.
[39merror([32m'Error 
creating 
bill:'[39m[33m,[39m 
error)[33m;[39m
     [90m    |[39m       
      [31m[1m^[22m[39m
     [90m 56 |[39m     
     [90m 57 |[39m     
[36mif[39m (error 
[36minstanceof[39m 
[33mError[39m) {
     [90m 58 |[39m       
[36mreturn[39m {[0m

      at error 
(src/lib/actions.ts:55:13)
      at src/__tests__/prop
erties/invalid-bill-rejecti
on.test.ts:75:52
      at 
AsyncProperty.predicate (no
de_modules/fast-check/lib/c
js/check/property/AsyncProp
erty.js:17:102)
      at AsyncProperty.run 
(node_modules/fast-check/li
b/cjs/check/property/AsyncP
roperty.generic.js:46:39)
      at asyncRunIt (node_m
odules/fast-check/lib/cjs/c
heck/runner/Runner.js:28:36
)
      at 
Object.<anonymous> (src/__t
ests__/properties/invalid-b
ill-rejection.test.ts:24:9)

    console.error
      Error creating bill: 
ZodError: [
        {
          "origin": 
"string",
          "code": 
"too_small",
          "minimum": 1,
          "inclusive": 
true,
          "path": [
            "customerName"
          ],
          "message": 
"Customer name is required"
        },
        {
          "origin": 
"number",
          "code": 
"too_small",
          "minimum": 0,
          "inclusive": 
true,
          "path": [
            "startMeter"
          ],
          "message": 
"Start meter must be 
positive"
        },
        {
          "origin": 
"number",
          "code": 
"too_small",
          "minimum": 0,
          "inclusive": 
true,
          "path": [
            "endMeter"
          ],
          "message": "End 
meter must be positive"
        }
      ]
          at parse (E:\proj
ects\tourBiller\src\lib\act
ions.ts:27:38)
          at E:\projects\to
urBiller\src\__tests__\prop
erties\invalid-bill-rejecti
on.test.ts:75:52
          at 
AsyncProperty.predicate (E:
\projects\tourBiller\node_m
odules\fast-check\lib\cjs\c
heck\property\AsyncProperty
.js:17:102)
          at 
AsyncProperty.run (E:\proje
cts\tourBiller\node_modules
\fast-check\lib\cjs\check\p
roperty\AsyncProperty.gener
ic.js:46:39)
          at asyncRunIt (E:
\projects\tourBiller\node_m
odules\fast-check\lib\cjs\c
heck\runner\Runner.js:28:36
)
          at 
processTicksAndRejections (
node:internal/process/task_
queues:103:5)
          at 
Object.<anonymous> (E:\proj
ects\tourBiller\src\__tests
__\properties\invalid-bill-
rejection.test.ts:24:9)

    [0m [90m 53 |[39m   
  }[33m;[39m
     [90m 54 |[39m   } 
[36mcatch[39m (error) {
    
[31m[1m>[22m[39m[90m 
55 |[39m     console[33m.
[39merror([32m'Error 
creating 
bill:'[39m[33m,[39m 
error)[33m;[39m
     [90m    |[39m       
      [31m[1m^[22m[39m
     [90m 56 |[39m     
     [90m 57 |[39m     
[36mif[39m (error 
[36minstanceof[39m 
[33mError[39m) {
     [90m 58 |[39m       
[36mreturn[39m {[0m

      at error 
(src/lib/actions.ts:55:13)
      at src/__tests__/prop
erties/invalid-bill-rejecti
on.test.ts:75:52
      at 
AsyncProperty.predicate (no
de_modules/fast-check/lib/c
js/check/property/AsyncProp
erty.js:17:102)
      at AsyncProperty.run 
(node_modules/fast-check/li
b/cjs/check/property/AsyncP
roperty.generic.js:46:39)
      at asyncRunIt (node_m
odules/fast-check/lib/cjs/c
heck/runner/Runner.js:28:36
)
      at 
Object.<anonymous> (src/__t
ests__/properties/invalid-b
ill-rejection.test.ts:24:9)

    console.error
      Error creating bill: 
ZodError: [
        {
          "origin": 
"string",
          "code": 
"too_small",
          "minimum": 1,
          "inclusive": 
true,
          "path": [
            "vehicleNo"
          ],
          "message": 
"Vehicle number is 
required"
        },
        {
          "origin": 
"number",
          "code": 
"too_small",
          "minimum": 0,
          "inclusive": 
true,
          "path": [
            "waitingCharge"
          ],
          "message": 
"Waiting charge must be 
positive"
        },
        {
          "origin": 
"number",
          "code": 
"too_small",
          "minimum": 0,
          "inclusive": 
true,
          "path": [
            "gatePass"
          ],
          "message": "Gate 
pass must be positive"
        },
        {
          "code": "custom",
          "path": [
            "endMeter"
          ],
          "message": "End 
meter must be greater than 
start meter"
        }
      ]
          at parse (E:\proj
ects\tourBiller\src\lib\act
ions.ts:27:38)
          at E:\projects\to
urBiller\src\__tests__\prop
erties\invalid-bill-rejecti
on.test.ts:75:52
          at 
AsyncProperty.predicate (E:
\projects\tourBiller\node_m
odules\fast-check\lib\cjs\c
heck\property\AsyncProperty
.js:17:102)
          at 
AsyncProperty.run (E:\proje
cts\tourBiller\node_modules
\fast-check\lib\cjs\check\p
roperty\AsyncProperty.gener
ic.js:46:39)
          at asyncRunIt (E:
\projects\tourBiller\node_m
odules\fast-check\lib\cjs\c
heck\runner\Runner.js:28:36
)
          at 
processTicksAndRejections (
node:internal/process/task_
queues:103:5)
          at 
Object.<anonymous> (E:\proj
ects\tourBiller\src\__tests
__\properties\invalid-bill-
rejection.test.ts:24:9)

    [0m [90m 53 |[39m   
  }[33m;[39m
     [90m 54 |[39m   } 
[36mcatch[39m (error) {
    
[31m[1m>[22m[39m[90m 
55 |[39m     console[33m.
[39merror([32m'Error 
creating 
bill:'[39m[33m,[39m 
error)[33m;[39m
     [90m    |[39m       
      [31m[1m^[22m[39m
     [90m 56 |[39m     
     [90m 57 |[39m     
[36mif[39m (error 
[36minstanceof[39m 
[33mError[39m) {
     [90m 58 |[39m       
[36mreturn[39m {[0m

      at error 
(src/lib/actions.ts:55:13)
      at src/__tests__/prop
erties/invalid-bill-rejecti
on.test.ts:75:52
      at 
AsyncProperty.predicate (no
de_modules/fast-check/lib/c
js/check/property/AsyncProp
erty.js:17:102)
      at AsyncProperty.run 
(node_modules/fast-check/li
b/cjs/check/property/AsyncP
roperty.generic.js:46:39)
      at asyncRunIt (node_m
odules/fast-check/lib/cjs/c
heck/runner/Runner.js:28:36
)
      at 
Object.<anonymous> (src/__t
ests__/properties/invalid-b
ill-rejection.test.ts:24:9)

    console.error
      Error creating bill: 
ZodError: [
        {
          "origin": 
"string",
          "code": 
"too_small",
          "minimum": 1,
          "inclusive": 
true,
          "path": [
            "customerName"
          ],
          "message": 
"Customer name is required"
        },
        {
          "origin": 
"number",
          "code": 
"too_small",
          "minimum": 0,
          "inclusive": 
true,
          "path": [
            "startMeter"
          ],
          "message": 
"Start meter must be 
positive"
        },
        {
          "origin": 
"number",
          "code": 
"too_small",
          "minimum": 0,
          "inclusive": 
true,
          "path": [
            "endMeter"
          ],
          "message": "End 
meter must be positive"
        },
        {
          "origin": 
"number",
          "code": 
"too_small",
          "minimum": 0,
          "inclusive": 
true,
          "path": [
            "waitingCharge"
          ],
          "message": 
"Waiting charge must be 
positive"
        },
        {
          "origin": 
"number",
          "code": 
"too_small",
          "minimum": 0,
          "inclusive": 
true,
          "path": [
            "gatePass"
          ],
          "message": "Gate 
pass must be positive"
        },
        {
          "code": "custom",
          "path": [
            "endMeter"
          ],
          "message": "End 
meter must be greater than 
start meter"
        }
      ]
          at parse (E:\proj
ects\tourBiller\src\lib\act
ions.ts:27:38)
          at E:\projects\to
urBiller\src\__tests__\prop
erties\invalid-bill-rejecti
on.test.ts:75:52
          at 
AsyncProperty.predicate (E:
\projects\tourBiller\node_m
odules\fast-check\lib\cjs\c
heck\property\AsyncProperty
.js:17:102)
          at 
AsyncProperty.run (E:\proje
cts\tourBiller\node_modules
\fast-check\lib\cjs\check\p
roperty\AsyncProperty.gener
ic.js:46:39)
          at asyncRunIt (E:
\projects\tourBiller\node_m
odules\fast-check\lib\cjs\c
heck\runner\Runner.js:28:36
)
          at 
processTicksAndRejections (
node:internal/process/task_
queues:103:5)
          at 
Object.<anonymous> (E:\proj
ects\tourBiller\src\__tests
__\properties\invalid-bill-
rejection.test.ts:24:9)

    [0m [90m 53 |[39m   
  }[33m;[39m
     [90m 54 |[39m   } 
[36mcatch[39m (error) {
    
[31m[1m>[22m[39m[90m 
55 |[39m     console[33m.
[39merror([32m'Error 
creating 
bill:'[39m[33m,[39m 
error)[33m;[39m
     [90m    |[39m       
      [31m[1m^[22m[39m
     [90m 56 |[39m     
     [90m 57 |[39m     
[36mif[39m (error 
[36minstanceof[39m 
[33mError[39m) {
     [90m 58 |[39m       
[36mreturn[39m {[0m

      at error 
(src/lib/actions.ts:55:13)
      at src/__tests__/prop
erties/invalid-bill-rejecti
on.test.ts:75:52
      at 
AsyncProperty.predicate (no
de_modules/fast-check/lib/c
js/check/property/AsyncProp
erty.js:17:102)
      at AsyncProperty.run 
(node_modules/fast-check/li
b/cjs/check/property/AsyncP
roperty.generic.js:46:39)
      at asyncRunIt (node_m
odules/fast-check/lib/cjs/c
heck/runner/Runner.js:28:36
)
      at 
Object.<anonymous> (src/__t
ests__/properties/invalid-b
ill-rejection.test.ts:24:9)

    console.error
      Error creating bill: 
ZodError: [
        {
          "origin": 
"string",
          "code": 
"too_small",
          "minimum": 1,
          "inclusive": 
true,
          "path": [
            "vehicleNo"
          ],
          "message": 
"Vehicle number is 
required"
        },
        {
          "origin": 
"string",
          "code": 
"too_small",
          "minimum": 1,
          "inclusive": 
true,
          "path": [
            "customerName"
          ],
          "message": 
"Customer name is required"
        },
        {
          "origin": 
"number",
          "code": 
"too_small",
          "minimum": 0,
          "inclusive": 
true,
          "path": [
            "endMeter"
          ],
          "message": "End 
meter must be positive"
        },
        {
          "code": "custom",
          "path": [
            "endMeter"
          ],
          "message": "End 
meter must be greater than 
start meter"
        }
      ]
          at parse (E:\proj
ects\tourBiller\src\lib\act
ions.ts:27:38)
          at E:\projects\to
urBiller\src\__tests__\prop
erties\invalid-bill-rejecti
on.test.ts:75:52
          at 
AsyncProperty.predicate (E:
\projects\tourBiller\node_m
odules\fast-check\lib\cjs\c
heck\property\AsyncProperty
.js:17:102)
          at 
AsyncProperty.run (E:\proje
cts\tourBiller\node_modules
\fast-check\lib\cjs\check\p
roperty\AsyncProperty.gener
ic.js:46:39)
          at asyncRunIt (E:
\projects\tourBiller\node_m
odules\fast-check\lib\cjs\c
heck\runner\Runner.js:28:36
)
          at 
processTicksAndRejections (
node:internal/process/task_
queues:103:5)
          at 
Object.<anonymous> (E:\proj
ects\tourBiller\src\__tests
__\properties\invalid-bill-
rejection.test.ts:24:9)

    [0m [90m 53 |[39m   
  }[33m;[39m
     [90m 54 |[39m   } 
[36mcatch[39m (error) {
    
[31m[1m>[22m[39m[90m 
55 |[39m     console[33m.
[39merror([32m'Error 
creating 
bill:'[39m[33m,[39m 
error)[33m;[39m
     [90m    |[39m       
      [31m[1m^[22m[39m
     [90m 56 |[39m     
     [90m 57 |[39m     
[36mif[39m (error 
[36minstanceof[39m 
[33mError[39m) {
     [90m 58 |[39m       
[36mreturn[39m {[0m

      at error 
(src/lib/actions.ts:55:13)
      at src/__tests__/prop
erties/invalid-bill-rejecti
on.test.ts:75:52
      at 
AsyncProperty.predicate (no
de_modules/fast-check/lib/c
js/check/property/AsyncProp
erty.js:17:102)
      at AsyncProperty.run 
(node_modules/fast-check/li
b/cjs/check/property/AsyncP
roperty.generic.js:46:39)
      at asyncRunIt (node_m
odules/fast-check/lib/cjs/c
heck/runner/Runner.js:28:36
)
      at 
Object.<anonymous> (src/__t
ests__/properties/invalid-b
ill-rejection.test.ts:24:9)

    console.error
      Error creating bill: 
ZodError: [
        {
          "origin": 
"string",
          "code": 
"too_small",
          "minimum": 1,
          "inclusive": 
true,
          "path": [
            "route"
          ],
          "message": 
"Route is required"
        },
        {
          "origin": 
"number",
          "code": 
"too_small",
          "minimum": 0,
          "inclusive": 
true,
          "path": [
            "startMeter"
          ],
          "message": 
"Start meter must be 
positive"
        },
        {
          "origin": 
"number",
          "code": 
"too_small",
          "minimum": 0,
          "inclusive": 
true,
          "path": [
            "endMeter"
          ],
          "message": "End 
meter must be positive"
        }
      ]
          at parse (E:\proj
ects\tourBiller\src\lib\act
ions.ts:27:38)
          at E:\projects\to
urBiller\src\__tests__\prop
erties\invalid-bill-rejecti
on.test.ts:75:52
          at 
AsyncProperty.predicate (E:
\projects\tourBiller\node_m
odules\fast-check\lib\cjs\c
heck\property\AsyncProperty
.js:17:102)
          at 
AsyncProperty.run (E:\proje
cts\tourBiller\node_modules
\fast-check\lib\cjs\check\p
roperty\AsyncProperty.gener
ic.js:46:39)
          at asyncRunIt (E:
\projects\tourBiller\node_m
odules\fast-check\lib\cjs\c
heck\runner\Runner.js:28:36
)
          at 
processTicksAndRejections (
node:internal/process/task_
queues:103:5)
          at 
Object.<anonymous> (E:\proj
ects\tourBiller\src\__tests
__\properties\invalid-bill-
rejection.test.ts:24:9)

    [0m [90m 53 |[39m   
  }[33m;[39m
     [90m 54 |[39m   } 
[36mcatch[39m (error) {
    
[31m[1m>[22m[39m[90m 
55 |[39m     console[33m.
[39merror([32m'Error 
creating 
bill:'[39m[33m,[39m 
error)[33m;[39m
     [90m    |[39m       
      [31m[1m^[22m[39m
     [90m 56 |[39m     
     [90m 57 |[39m     
[36mif[39m (error 
[36minstanceof[39m 
[33mError[39m) {
     [90m 58 |[39m       
[36mreturn[39m {[0m

      at error 
(src/lib/actions.ts:55:13)
      at src/__tests__/prop
erties/invalid-bill-rejecti
on.test.ts:75:52
      at 
AsyncProperty.predicate (no
de_modules/fast-check/lib/c
js/check/property/AsyncProp
erty.js:17:102)
      at AsyncProperty.run 
(node_modules/fast-check/li
b/cjs/check/property/AsyncP
roperty.generic.js:46:39)
      at asyncRunIt (node_m
odules/fast-check/lib/cjs/c
heck/runner/Runner.js:28:36
)
      at 
Object.<anonymous> (src/__t
ests__/properties/invalid-b
ill-rejection.test.ts:24:9)

    console.error
      Error creating bill: 
ZodError: [
        {
          "origin": 
"string",
          "code": 
"too_small",
          "minimum": 1,
          "inclusive": 
true,
          "path": [
            "vehicleNo"
          ],
          "message": 
"Vehicle number is 
required"
        },
        {
          "origin": 
"string",
          "code": 
"too_small",
          "minimum": 1,
          "inclusive": 
true,
          "path": [
            "route"
          ],
          "message": 
"Route is required"
        },
        {
          "origin": 
"number",
          "code": 
"too_small",
          "minimum": 0,
          "inclusive": 
true,
          "path": [
            "hireRate"
          ],
          "message": "Hire 
rate must be positive"
        },
        {
          "origin": 
"number",
          "code": 
"too_small",
          "minimum": 0,
          "inclusive": 
true,
          "path": [
            "waitingCharge"
          ],
          "message": 
"Waiting charge must be 
positive"
        },
        {
          "code": "custom",
          "path": [
            "endMeter"
          ],
          "message": "End 
meter must be greater than 
start meter"
        }
      ]
          at parse (E:\proj
ects\tourBiller\src\lib\act
ions.ts:27:38)
          at E:\projects\to
urBiller\src\__tests__\prop
erties\invalid-bill-rejecti
on.test.ts:75:52
          at 
AsyncProperty.predicate (E:
\projects\tourBiller\node_m
odules\fast-check\lib\cjs\c
heck\property\AsyncProperty
.js:17:102)
          at 
AsyncProperty.run (E:\proje
cts\tourBiller\node_modules
\fast-check\lib\cjs\check\p
roperty\AsyncProperty.gener
ic.js:46:39)
          at asyncRunIt (E:
\projects\tourBiller\node_m
odules\fast-check\lib\cjs\c
heck\runner\Runner.js:28:36
)
          at 
processTicksAndRejections (
node:internal/process/task_
queues:103:5)
          at 
Object.<anonymous> (E:\proj
ects\tourBiller\src\__tests
__\properties\invalid-bill-
rejection.test.ts:24:9)

    [0m [90m 53 |[39m   
  }[33m;[39m
     [90m 54 |[39m   } 
[36mcatch[39m (error) {
    
[31m[1m>[22m[39m[90m 
55 |[39m     console[33m.
[39merror([32m'Error 
creating 
bill:'[39m[33m,[39m 
error)[33m;[39m
     [90m    |[39m       
      [31m[1m^[22m[39m
     [90m 56 |[39m     
     [90m 57 |[39m     
[36mif[39m (error 
[36minstanceof[39m 
[33mError[39m) {
     [90m 58 |[39m       
[36mreturn[39m {[0m

      at error 
(src/lib/actions.ts:55:13)
      at src/__tests__/prop
erties/invalid-bill-rejecti
on.test.ts:75:52
      at 
AsyncProperty.predicate (no
de_modules/fast-check/lib/c
js/check/property/AsyncProp
erty.js:17:102)
      at AsyncProperty.run 
(node_modules/fast-check/li
b/cjs/check/property/AsyncP
roperty.generic.js:46:39)
      at asyncRunIt (node_m
odules/fast-check/lib/cjs/c
heck/runner/Runner.js:28:36
)
      at 
Object.<anonymous> (src/__t
ests__/properties/invalid-b
ill-rejection.test.ts:24:9)

    console.error
      Error creating bill: 
ZodError: [
        {
          "origin": 
"string",
          "code": 
"too_small",
          "minimum": 1,
          "inclusive": 
true,
          "path": [
            "vehicleNo"
          ],
          "message": 
"Vehicle number is 
required"
        },
        {
          "origin": 
"string",
          "code": 
"too_small",
          "minimum": 1,
          "inclusive": 
true,
          "path": [
            "customerName"
          ],
          "message": 
"Customer name is required"
        },
        {
          "origin": 
"string",
          "code": 
"too_small",
          "minimum": 1,
          "inclusive": 
true,
          "path": [
            "route"
          ],
          "message": 
"Route is required"
        },
        {
          "origin": 
"number",
          "code": 
"too_small",
          "minimum": 0,
          "inclusive": 
true,
          "path": [
            "hireRate"
          ],
          "message": "Hire 
rate must be positive"
        },
        {
          "origin": 
"number",
          "code": 
"too_small",
          "minimum": 0,
          "inclusive": 
true,
          "path": [
            "waitingCharge"
          ],
          "message": 
"Waiting charge must be 
positive"
        },
        {
          "origin": 
"number",
          "code": 
"too_small",
          "minimum": 0,
          "inclusive": 
true,
          "path": [
            "gatePass"
          ],
          "message": "Gate 
pass must be positive"
        },
        {
          "origin": 
"number",
          "code": 
"too_small",
          "minimum": 0,
          "inclusive": 
true,
          "path": [
            "packageCharge"
          ],
          "message": 
"Package charge must be 
positive"
        },
        {
          "code": "custom",
          "path": [
            "endMeter"
          ],
          "message": "End 
meter must be greater than 
start meter"
        }
      ]
          at parse (E:\proj
ects\tourBiller\src\lib\act
ions.ts:27:38)
          at E:\projects\to
urBiller\src\__tests__\prop
erties\invalid-bill-rejecti
on.test.ts:75:52
          at 
AsyncProperty.predicate (E:
\projects\tourBiller\node_m
odules\fast-check\lib\cjs\c
heck\property\AsyncProperty
.js:17:102)
          at 
AsyncProperty.run (E:\proje
cts\tourBiller\node_modules
\fast-check\lib\cjs\check\p
roperty\AsyncProperty.gener
ic.js:46:39)
          at asyncRunIt (E:
\projects\tourBiller\node_m
odules\fast-check\lib\cjs\c
heck\runner\Runner.js:28:36
)
          at 
processTicksAndRejections (
node:internal/process/task_
queues:103:5)
          at 
Object.<anonymous> (E:\proj
ects\tourBiller\src\__tests
__\properties\invalid-bill-
rejection.test.ts:24:9)

    [0m [90m 53 |[39m   
  }[33m;[39m
     [90m 54 |[39m   } 
[36mcatch[39m (error) {
    
[31m[1m>[22m[39m[90m 
55 |[39m     console[33m.
[39merror([32m'Error 
creating 
bill:'[39m[33m,[39m 
error)[33m;[39m
     [90m    |[39m       
      [31m[1m^[22m[39m
     [90m 56 |[39m     
     [90m 57 |[39m     
[36mif[39m (error 
[36minstanceof[39m 
[33mError[39m) {
     [90m 58 |[39m       
[36mreturn[39m {[0m

      at error 
(src/lib/actions.ts:55:13)
      at src/__tests__/prop
erties/invalid-bill-rejecti
on.test.ts:75:52
      at 
AsyncProperty.predicate (no
de_modules/fast-check/lib/c
js/check/property/AsyncProp
erty.js:17:102)
      at AsyncProperty.run 
(node_modules/fast-check/li
b/cjs/check/property/AsyncP
roperty.generic.js:46:39)
      at asyncRunIt (node_m
odules/fast-check/lib/cjs/c
heck/runner/Runner.js:28:36
)
      at 
Object.<anonymous> (src/__t
ests__/properties/invalid-b
ill-rejection.test.ts:24:9)

    console.error
      Error creating bill: 
ZodError: [
        {
          "origin": 
"string",
          "code": 
"too_small",
          "minimum": 1,
          "inclusive": 
true,
          "path": [
            "vehicleNo"
          ],
          "message": 
"Vehicle number is 
required"
        },
        {
          "origin": 
"string",
          "code": 
"too_small",
          "minimum": 1,
          "inclusive": 
true,
          "path": [
            "route"
          ],
          "message": 
"Route is required"
        },
        {
          "origin": 
"number",
          "code": 
"too_small",
          "minimum": 0,
          "inclusive": 
true,
          "path": [
            "startMeter"
          ],
          "message": 
"Start meter must be 
positive"
        },
        {
          "origin": 
"number",
          "code": 
"too_small",
          "minimum": 0,
          "inclusive": 
true,
          "path": [
            "endMeter"
          ],
          "message": "End 
meter must be positive"
        },
        {
          "origin": 
"number",
          "code": 
"too_small",
          "minimum": 0,
          "inclusive": 
true,
          "path": [
            "gatePass"
          ],
          "message": "Gate 
pass must be positive"
        },
        {
          "code": "custom",
          "path": [
            "endMeter"
          ],
          "message": "End 
meter must be greater than 
start meter"
        }
      ]
          at parse (E:\proj
ects\tourBiller\src\lib\act
ions.ts:27:38)
          at E:\projects\to
urBiller\src\__tests__\prop
erties\invalid-bill-rejecti
on.test.ts:75:52
          at 
AsyncProperty.predicate (E:
\projects\tourBiller\node_m
odules\fast-check\lib\cjs\c
heck\property\AsyncProperty
.js:17:102)
          at 
AsyncProperty.run (E:\proje
cts\tourBiller\node_modules
\fast-check\lib\cjs\check\p
roperty\AsyncProperty.gener
ic.js:46:39)
          at asyncRunIt (E:
\projects\tourBiller\node_m
odules\fast-check\lib\cjs\c
heck\runner\Runner.js:28:36
)
          at 
processTicksAndRejections (
node:internal/process/task_
queues:103:5)
          at 
Object.<anonymous> (E:\proj
ects\tourBiller\src\__tests
__\properties\invalid-bill-
rejection.test.ts:24:9)

    [0m [90m 53 |[39m   
  }[33m;[39m
     [90m 54 |[39m   } 
[36mcatch[39m (error) {
    
[31m[1m>[22m[39m[90m 
55 |[39m     console[33m.
[39merror([32m'Error 
creating 
bill:'[39m[33m,[39m 
error)[33m;[39m
     [90m    |[39m       
      [31m[1m^[22m[39m
     [90m 56 |[39m     
     [90m 57 |[39m     
[36mif[39m (error 
[36minstanceof[39m 
[33mError[39m) {
     [90m 58 |[39m       
[36mreturn[39m {[0m

      at error 
(src/lib/actions.ts:55:13)
      at src/__tests__/prop
erties/invalid-bill-rejecti
on.test.ts:75:52
      at 
AsyncProperty.predicate (no
de_modules/fast-check/lib/c
js/check/property/AsyncProp
erty.js:17:102)
      at AsyncProperty.run 
(node_modules/fast-check/li
b/cjs/check/property/AsyncP
roperty.generic.js:46:39)
      at asyncRunIt (node_m
odules/fast-check/lib/cjs/c
heck/runner/Runner.js:28:36
)
      at 
Object.<anonymous> (src/__t
ests__/properties/invalid-b
ill-rejection.test.ts:24:9)

    console.error
      Error creating bill: 
ZodError: [
        {
          "origin": 
"string",
          "code": 
"too_small",
          "minimum": 1,
          "inclusive": 
true,
          "path": [
            "vehicleNo"
          ],
          "message": 
"Vehicle number is 
required"
        },
        {
          "origin": 
"string",
          "code": 
"too_small",
          "minimum": 1,
          "inclusive": 
true,
          "path": [
            "customerName"
          ],
          "message": 
"Customer name is required"
        },
        {
          "origin": 
"string",
          "code": 
"too_small",
          "minimum": 1,
          "inclusive": 
true,
          "path": [
            "route"
          ],
          "message": 
"Route is required"
        },
        {
          "origin": 
"number",
          "code": 
"too_small",
          "minimum": 0,
          "inclusive": 
true,
          "path": [
            "waitingCharge"
          ],
          "message": 
"Waiting charge must be 
positive"
        },
        {
          "origin": 
"number",
          "code": 
"too_small",
          "minimum": 0,
          "inclusive": 
true,
          "path": [
            "gatePass"
          ],
          "message": "Gate 
pass must be positive"
        },
        {
          "origin": 
"number",
          "code": 
"too_small",
          "minimum": 0,
          "inclusive": 
true,
          "path": [
            "packageCharge"
          ],
          "message": 
"Package charge must be 
positive"
        },
        {
          "code": "custom",
          "path": [
            "endMeter"
          ],
          "message": "End 
meter must be greater than 
start meter"
        }
      ]
          at parse (E:\proj
ects\tourBiller\src\lib\act
ions.ts:27:38)
          at E:\projects\to
urBiller\src\__tests__\prop
erties\invalid-bill-rejecti
on.test.ts:75:52
          at 
AsyncProperty.predicate (E:
\projects\tourBiller\node_m
odules\fast-check\lib\cjs\c
heck\property\AsyncProperty
.js:17:102)
          at 
AsyncProperty.run (E:\proje
cts\tourBiller\node_modules
\fast-check\lib\cjs\check\p
roperty\AsyncProperty.gener
ic.js:46:39)
          at asyncRunIt (E:
\projects\tourBiller\node_m
odules\fast-check\lib\cjs\c
heck\runner\Runner.js:28:36
)
          at 
processTicksAndRejections (
node:internal/process/task_
queues:103:5)
          at 
Object.<anonymous> (E:\proj
ects\tourBiller\src\__tests
__\properties\invalid-bill-
rejection.test.ts:24:9)

    [0m [90m 53 |[39m   
  }[33m;[39m
     [90m 54 |[39m   } 
[36mcatch[39m (error) {
    
[31m[1m>[22m[39m[90m 
55 |[39m     console[33m.
[39merror([32m'Error 
creating 
bill:'[39m[33m,[39m 
error)[33m;[39m
     [90m    |[39m       
      [31m[1m^[22m[39m
     [90m 56 |[39m     
     [90m 57 |[39m     
[36mif[39m (error 
[36minstanceof[39m 
[33mError[39m) {
     [90m 58 |[39m       
[36mreturn[39m {[0m

      at error 
(src/lib/actions.ts:55:13)
      at src/__tests__/prop
erties/invalid-bill-rejecti
on.test.ts:75:52
      at 
AsyncProperty.predicate (no
de_modules/fast-check/lib/c
js/check/property/AsyncProp
erty.js:17:102)
      at AsyncProperty.run 
(node_modules/fast-check/li
b/cjs/check/property/AsyncP
roperty.generic.js:46:39)
      at asyncRunIt (node_m
odules/fast-check/lib/cjs/c
heck/runner/Runner.js:28:36
)
      at 
Object.<anonymous> (src/__t
ests__/properties/invalid-b
ill-rejection.test.ts:24:9)

    console.error
      Error creating bill: 
ZodError: [
        {
          "origin": 
"string",
          "code": 
"too_small",
          "minimum": 1,
          "inclusive": 
true,
          "path": [
            "vehicleNo"
          ],
          "message": 
"Vehicle number is 
required"
        },
        {
          "origin": 
"number",
          "code": 
"too_small",
          "minimum": 0,
          "inclusive": 
true,
          "path": [
            "endMeter"
          ],
          "message": "End 
meter must be positive"
        },
        {
          "origin": 
"number",
          "code": 
"too_small",
          "minimum": 0,
          "inclusive": 
true,
          "path": [
            "packageCharge"
          ],
          "message": 
"Package charge must be 
positive"
        },
        {
          "code": "custom",
          "path": [
            "endMeter"
          ],
          "message": "End 
meter must be greater than 
start meter"
        }
      ]
          at parse (E:\proj
ects\tourBiller\src\lib\act
ions.ts:27:38)
          at E:\projects\to
urBiller\src\__tests__\prop
erties\invalid-bill-rejecti
on.test.ts:75:52
          at 
AsyncProperty.predicate (E:
\projects\tourBiller\node_m
odules\fast-check\lib\cjs\c
heck\property\AsyncProperty
.js:17:102)
          at 
AsyncProperty.run (E:\proje
cts\tourBiller\node_modules
\fast-check\lib\cjs\check\p
roperty\AsyncProperty.gener
ic.js:46:39)
          at asyncRunIt (E:
\projects\tourBiller\node_m
odules\fast-check\lib\cjs\c
heck\runner\Runner.js:28:36
)
          at 
processTicksAndRejections (
node:internal/process/task_
queues:103:5)
          at 
Object.<anonymous> (E:\proj
ects\tourBiller\src\__tests
__\properties\invalid-bill-
rejection.test.ts:24:9)

    [0m [90m 53 |[39m   
  }[33m;[39m
     [90m 54 |[39m   } 
[36mcatch[39m (error) {
    
[31m[1m>[22m[39m[90m 
55 |[39m     console[33m.
[39merror([32m'Error 
creating 
bill:'[39m[33m,[39m 
error)[33m;[39m
     [90m    |[39m       
      [31m[1m^[22m[39m
     [90m 56 |[39m     
     [90m 57 |[39m     
[36mif[39m (error 
[36minstanceof[39m 
[33mError[39m) {
     [90m 58 |[39m       
[36mreturn[39m {[0m

      at error 
(src/lib/actions.ts:55:13)
      at src/__tests__/prop
erties/invalid-bill-rejecti
on.test.ts:75:52
      at 
AsyncProperty.predicate (no
de_modules/fast-check/lib/c
js/check/property/AsyncProp
erty.js:17:102)
      at AsyncProperty.run 
(node_modules/fast-check/li
b/cjs/check/property/AsyncP
roperty.generic.js:46:39)
      at asyncRunIt (node_m
odules/fast-check/lib/cjs/c
heck/runner/Runner.js:28:36
)
      at 
Object.<anonymous> (src/__t
ests__/properties/invalid-b
ill-rejection.test.ts:24:9)

    console.error
      Error creating bill: 
ZodError: [
        {
          "origin": 
"string",
          "code": 
"too_small",
          "minimum": 1,
          "inclusive": 
true,
          "path": [
            "vehicleNo"
          ],
          "message": 
"Vehicle number is 
required"
        },
        {
          "origin": 
"string",
          "code": 
"too_small",
          "minimum": 1,
          "inclusive": 
true,
          "path": [
            "customerName"
          ],
          "message": 
"Customer name is required"
        },
        {
          "origin": 
"string",
          "code": 
"too_small",
          "minimum": 1,
          "inclusive": 
true,
          "path": [
            "route"
          ],
          "message": 
"Route is required"
        },
        {
          "origin": 
"number",
          "code": 
"too_small",
          "minimum": 0,
          "inclusive": 
true,
          "path": [
            "endMeter"
          ],
          "message": "End 
meter must be positive"
        },
        {
          "origin": 
"number",
          "code": 
"too_small",
          "minimum": 0,
          "inclusive": 
true,
          "path": [
            "gatePass"
          ],
          "message": "Gate 
pass must be positive"
        },
        {
          "code": "custom",
          "path": [
            "endMeter"
          ],
          "message": "End 
meter must be greater than 
start meter"
        }
      ]
          at parse (E:\proj
ects\tourBiller\src\lib\act
ions.ts:27:38)
          at E:\projects\to
urBiller\src\__tests__\prop
erties\invalid-bill-rejecti
on.test.ts:75:52
          at 
AsyncProperty.predicate (E:
\projects\tourBiller\node_m
odules\fast-check\lib\cjs\c
heck\property\AsyncProperty
.js:17:102)
          at 
AsyncProperty.run (E:\proje
cts\tourBiller\node_modules
\fast-check\lib\cjs\check\p
roperty\AsyncProperty.gener
ic.js:46:39)
          at asyncRunIt (E:
\projects\tourBiller\node_m
odules\fast-check\lib\cjs\c
heck\runner\Runner.js:28:36
)
          at 
processTicksAndRejections (
node:internal/process/task_
queues:103:5)
          at 
Object.<anonymous> (E:\proj
ects\tourBiller\src\__tests
__\properties\invalid-bill-
rejection.test.ts:24:9)

    [0m [90m 53 |[39m   
  }[33m;[39m
     [90m 54 |[39m   } 
[36mcatch[39m (error) {
    
[31m[1m>[22m[39m[90m 
55 |[39m     console[33m.
[39merror([32m'Error 
creating 
bill:'[39m[33m,[39m 
error)[33m;[39m
     [90m    |[39m       
      [31m[1m^[22m[39m
     [90m 56 |[39m     
     [90m 57 |[39m     
[36mif[39m (error 
[36minstanceof[39m 
[33mError[39m) {
     [90m 58 |[39m       
[36mreturn[39m {[0m

      at error 
(src/lib/actions.ts:55:13)
      at src/__tests__/prop
erties/invalid-bill-rejecti
on.test.ts:75:52
      at 
AsyncProperty.predicate (no
de_modules/fast-check/lib/c
js/check/property/AsyncProp
erty.js:17:102)
      at AsyncProperty.run 
(node_modules/fast-check/li
b/cjs/check/property/AsyncP
roperty.generic.js:46:39)
      at asyncRunIt (node_m
odules/fast-check/lib/cjs/c
heck/runner/Runner.js:28:36
)
      at 
Object.<anonymous> (src/__t
ests__/properties/invalid-b
ill-rejection.test.ts:24:9)

    console.error
      Error creating bill: 
ZodError: [
        {
          "origin": 
"number",
          "code": 
"too_small",
          "minimum": 0,
          "inclusive": 
true,
          "path": [
            "startMeter"
          ],
          "message": 
"Start meter must be 
positive"
        },
        {
          "origin": 
"number",
          "code": 
"too_small",
          "minimum": 0,
          "inclusive": 
true,
          "path": [
            "endMeter"
          ],
          "message": "End 
meter must be positive"
        },
        {
          "origin": 
"number",
          "code": 
"too_small",
          "minimum": 0,
          "inclusive": 
true,
          "path": [
            "hireRate"
          ],
          "message": "Hire 
rate must be positive"
        },
        {
          "origin": 
"number",
          "code": 
"too_small",
          "minimum": 0,
          "inclusive": 
true,
          "path": [
            "gatePass"
          ],
          "message": "Gate 
pass must be positive"
        },
        {
          "code": "custom",
          "path": [
            "endMeter"
          ],
          "message": "End 
meter must be greater than 
start meter"
        }
      ]
          at parse (E:\proj
ects\tourBiller\src\lib\act
ions.ts:27:38)
          at E:\projects\to
urBiller\src\__tests__\prop
erties\invalid-bill-rejecti
on.test.ts:75:52
          at 
AsyncProperty.predicate (E:
\projects\tourBiller\node_m
odules\fast-check\lib\cjs\c
heck\property\AsyncProperty
.js:17:102)
          at 
AsyncProperty.run (E:\proje
cts\tourBiller\node_modules
\fast-check\lib\cjs\check\p
roperty\AsyncProperty.gener
ic.js:46:39)
          at asyncRunIt (E:
\projects\tourBiller\node_m
odules\fast-check\lib\cjs\c
heck\runner\Runner.js:28:36
)
          at 
processTicksAndRejections (
node:internal/process/task_
queues:103:5)
          at 
Object.<anonymous> (E:\proj
ects\tourBiller\src\__tests
__\properties\invalid-bill-
rejection.test.ts:24:9)

    [0m [90m 53 |[39m   
  }[33m;[39m
     [90m 54 |[39m   } 
[36mcatch[39m (error) {
    
[31m[1m>[22m[39m[90m 
55 |[39m     console[33m.
[39merror([32m'Error 
creating 
bill:'[39m[33m,[39m 
error)[33m;[39m
     [90m    |[39m       
      [31m[1m^[22m[39m
     [90m 56 |[39m     
     [90m 57 |[39m     
[36mif[39m (error 
[36minstanceof[39m 
[33mError[39m) {
     [90m 58 |[39m       
[36mreturn[39m {[0m

      at error 
(src/lib/actions.ts:55:13)
      at src/__tests__/prop
erties/invalid-bill-rejecti
on.test.ts:75:52
      at 
AsyncProperty.predicate (no
de_modules/fast-check/lib/c
js/check/property/AsyncProp
erty.js:17:102)
      at AsyncProperty.run 
(node_modules/fast-check/li
b/cjs/check/property/AsyncP
roperty.generic.js:46:39)
      at asyncRunIt (node_m
odules/fast-check/lib/cjs/c
heck/runner/Runner.js:28:36
)
      at 
Object.<anonymous> (src/__t
ests__/properties/invalid-b
ill-rejection.test.ts:24:9)

    console.error
      Error creating bill: 
ZodError: [
        {
          "origin": 
"string",
          "code": 
"too_small",
          "minimum": 1,
          "inclusive": 
true,
          "path": [
            "vehicleNo"
          ],
          "message": 
"Vehicle number is 
required"
        },
        {
          "origin": 
"string",
          "code": 
"too_small",
          "minimum": 1,
          "inclusive": 
true,
          "path": [
            "route"
          ],
          "message": 
"Route is required"
        },
        {
          "origin": 
"number",
          "code": 
"too_small",
          "minimum": 0,
          "inclusive": 
true,
          "path": [
            "endMeter"
          ],
          "message": "End 
meter must be positive"
        },
        {
          "origin": 
"number",
          "code": 
"too_small",
          "minimum": 0,
          "inclusive": 
true,
          "path": [
            "packageCharge"
          ],
          "message": 
"Package charge must be 
positive"
        },
        {
          "code": "custom",
          "path": [
            "endMeter"
          ],
          "message": "End 
meter must be greater than 
start meter"
        }
      ]
          at parse (E:\proj
ects\tourBiller\src\lib\act
ions.ts:27:38)
          at E:\projects\to
urBiller\src\__tests__\prop
erties\invalid-bill-rejecti
on.test.ts:75:52
          at 
AsyncProperty.predicate (E:
\projects\tourBiller\node_m
odules\fast-check\lib\cjs\c
heck\property\AsyncProperty
.js:17:102)
          at 
AsyncProperty.run (E:\proje
cts\tourBiller\node_modules
\fast-check\lib\cjs\check\p
roperty\AsyncProperty.gener
ic.js:46:39)
          at asyncRunIt (E:
\projects\tourBiller\node_m
odules\fast-check\lib\cjs\c
heck\runner\Runner.js:28:36
)
          at 
processTicksAndRejections (
node:internal/process/task_
queues:103:5)
          at 
Object.<anonymous> (E:\proj
ects\tourBiller\src\__tests
__\properties\invalid-bill-
rejection.test.ts:24:9)

    [0m [90m 53 |[39m   
  }[33m;[39m
     [90m 54 |[39m   } 
[36mcatch[39m (error) {
    
[31m[1m>[22m[39m[90m 
55 |[39m     console[33m.
[39merror([32m'Error 
creating 
bill:'[39m[33m,[39m 
error)[33m;[39m
     [90m    |[39m       
      [31m[1m^[22m[39m
     [90m 56 |[39m     
     [90m 57 |[39m     
[36mif[39m (error 
[36minstanceof[39m 
[33mError[39m) {
     [90m 58 |[39m       
[36mreturn[39m {[0m

      at error 
(src/lib/actions.ts:55:13)
      at src/__tests__/prop
erties/invalid-bill-rejecti
on.test.ts:75:52
      at 
AsyncProperty.predicate (no
de_modules/fast-check/lib/c
js/check/property/AsyncProp
erty.js:17:102)
      at AsyncProperty.run 
(node_modules/fast-check/li
b/cjs/check/property/AsyncP
roperty.generic.js:46:39)
      at asyncRunIt (node_m
odules/fast-check/lib/cjs/c
heck/runner/Runner.js:28:36
)
      at 
Object.<anonymous> (src/__t
ests__/properties/invalid-b
ill-rejection.test.ts:24:9)

    console.error
      Error creating bill: 
ZodError: [
        {
          "origin": 
"string",
          "code": 
"too_small",
          "minimum": 1,
          "inclusive": 
true,
          "path": [
            "vehicleNo"
          ],
          "message": 
"Vehicle number is 
required"
        },
        {
          "origin": 
"string",
          "code": 
"too_small",
          "minimum": 1,
          "inclusive": 
true,
          "path": [
            "route"
          ],
          "message": 
"Route is required"
        },
        {
          "origin": 
"number",
          "code": 
"too_small",
          "minimum": 0,
          "inclusive": 
true,
          "path": [
            "startMeter"
          ],
          "message": 
"Start meter must be 
positive"
        },
        {
          "origin": 
"number",
          "code": 
"too_small",
          "minimum": 0,
          "inclusive": 
true,
          "path": [
            "waitingCharge"
          ],
          "message": 
"Waiting charge must be 
positive"
        },
        {
          "origin": 
"number",
          "code": 
"too_small",
          "minimum": 0,
          "inclusive": 
true,
          "path": [
            "packageCharge"
          ],
          "message": 
"Package charge must be 
positive"
        }
      ]
          at parse (E:\proj
ects\tourBiller\src\lib\act
ions.ts:27:38)
          at E:\projects\to
urBiller\src\__tests__\prop
erties\invalid-bill-rejecti
on.test.ts:75:52
          at 
AsyncProperty.predicate (E:
\projects\tourBiller\node_m
odules\fast-check\lib\cjs\c
heck\property\AsyncProperty
.js:17:102)
          at 
AsyncProperty.run (E:\proje
cts\tourBiller\node_modules
\fast-check\lib\cjs\check\p
roperty\AsyncProperty.gener
ic.js:46:39)
          at asyncRunIt (E:
\projects\tourBiller\node_m
odules\fast-check\lib\cjs\c
heck\runner\Runner.js:28:36
)
          at 
processTicksAndRejections (
node:internal/process/task_
queues:103:5)
          at 
Object.<anonymous> (E:\proj
ects\tourBiller\src\__tests
__\properties\invalid-bill-
rejection.test.ts:24:9)

    [0m [90m 53 |[39m   
  }[33m;[39m
     [90m 54 |[39m   } 
[36mcatch[39m (error) {
    
[31m[1m>[22m[39m[90m 
55 |[39m     console[33m.
[39merror([32m'Error 
creating 
bill:'[39m[33m,[39m 
error)[33m;[39m
     [90m    |[39m       
      [31m[1m^[22m[39m
     [90m 56 |[39m     
     [90m 57 |[39m     
[36mif[39m (error 
[36minstanceof[39m 
[33mError[39m) {
     [90m 58 |[39m       
[36mreturn[39m {[0m

      at error 
(src/lib/actions.ts:55:13)
      at src/__tests__/prop
erties/invalid-bill-rejecti
on.test.ts:75:52
      at 
AsyncProperty.predicate (no
de_modules/fast-check/lib/c
js/check/property/AsyncProp
erty.js:17:102)
      at AsyncProperty.run 
(node_modules/fast-check/li
b/cjs/check/property/AsyncP
roperty.generic.js:46:39)
      at asyncRunIt (node_m
odules/fast-check/lib/cjs/c
heck/runner/Runner.js:28:36
)
      at 
Object.<anonymous> (src/__t
ests__/properties/invalid-b
ill-rejection.test.ts:24:9)

    console.error
      Error creating bill: 
ZodError: [
        {
          "origin": 
"number",
          "code": 
"too_small",
          "minimum": 0,
          "inclusive": 
true,
          "path": [
            "hireRate"
          ],
          "message": "Hire 
rate must be positive"
        },
        {
          "origin": 
"number",
          "code": 
"too_small",
          "minimum": 0,
          "inclusive": 
true,
          "path": [
            "waitingCharge"
          ],
          "message": 
"Waiting charge must be 
positive"
        },
        {
          "origin": 
"number",
          "code": 
"too_small",
          "minimum": 0,
          "inclusive": 
true,
          "path": [
            "gatePass"
          ],
          "message": "Gate 
pass must be positive"
        },
        {
          "code": "custom",
          "path": [
            "endMeter"
          ],
          "message": "End 
meter must be greater than 
start meter"
        }
      ]
          at parse (E:\proj
ects\tourBiller\src\lib\act
ions.ts:27:38)
          at E:\projects\to
urBiller\src\__tests__\prop
erties\invalid-bill-rejecti
on.test.ts:75:52
          at 
AsyncProperty.predicate (E:
\projects\tourBiller\node_m
odules\fast-check\lib\cjs\c
heck\property\AsyncProperty
.js:17:102)
          at 
AsyncProperty.run (E:\proje
cts\tourBiller\node_modules
\fast-check\lib\cjs\check\p
roperty\AsyncProperty.gener
ic.js:46:39)
          at asyncRunIt (E:
\projects\tourBiller\node_m
odules\fast-check\lib\cjs\c
heck\runner\Runner.js:28:36
)
          at 
processTicksAndRejections (
node:internal/process/task_
queues:103:5)
          at 
Object.<anonymous> (E:\proj
ects\tourBiller\src\__tests
__\properties\invalid-bill-
rejection.test.ts:24:9)

    [0m [90m 53 |[39m   
  }[33m;[39m
     [90m 54 |[39m   } 
[36mcatch[39m (error) {
    
[31m[1m>[22m[39m[90m 
55 |[39m     console[33m.
[39merror([32m'Error 
creating 
bill:'[39m[33m,[39m 
error)[33m;[39m
     [90m    |[39m       
      [31m[1m^[22m[39m
     [90m 56 |[39m     
     [90m 57 |[39m     
[36mif[39m (error 
[36minstanceof[39m 
[33mError[39m) {
     [90m 58 |[39m       
[36mreturn[39m {[0m

      at error 
(src/lib/actions.ts:55:13)
      at src/__tests__/prop
erties/invalid-bill-rejecti
on.test.ts:75:52
      at 
AsyncProperty.predicate (no
de_modules/fast-check/lib/c
js/check/property/AsyncProp
erty.js:17:102)
      at AsyncProperty.run 
(node_modules/fast-check/li
b/cjs/check/property/AsyncP
roperty.generic.js:46:39)
      at asyncRunIt (node_m
odules/fast-check/lib/cjs/c
heck/runner/Runner.js:28:36
)
      at 
Object.<anonymous> (src/__t
ests__/properties/invalid-b
ill-rejection.test.ts:24:9)

    console.error
      Error creating bill: 
ZodError: [
        {
          "origin": 
"string",
          "code": 
"too_small",
          "minimum": 1,
          "inclusive": 
true,
          "path": [
            "customerName"
          ],
          "message": 
"Customer name is required"
        },
        {
          "origin": 
"number",
          "code": 
"too_small",
          "minimum": 0,
          "inclusive": 
true,
          "path": [
            "endMeter"
          ],
          "message": "End 
meter must be positive"
        },
        {
          "origin": 
"number",
          "code": 
"too_small",
          "minimum": 0,
          "inclusive": 
true,
          "path": [
            "hireRate"
          ],
          "message": "Hire 
rate must be positive"
        },
        {
          "origin": 
"number",
          "code": 
"too_small",
          "minimum": 0,
          "inclusive": 
true,
          "path": [
            "gatePass"
          ],
          "message": "Gate 
pass must be positive"
        },
        {
          "origin": 
"number",
          "code": 
"too_small",
          "minimum": 0,
          "inclusive": 
true,
          "path": [
            "packageCharge"
          ],
          "message": 
"Package charge must be 
positive"
        },
        {
          "code": "custom",
          "path": [
            "endMeter"
          ],
          "message": "End 
meter must be greater than 
start meter"
        }
      ]
          at parse (E:\proj
ects\tourBiller\src\lib\act
ions.ts:27:38)
          at E:\projects\to
urBiller\src\__tests__\prop
erties\invalid-bill-rejecti
on.test.ts:75:52
          at 
AsyncProperty.predicate (E:
\projects\tourBiller\node_m
odules\fast-check\lib\cjs\c
heck\property\AsyncProperty
.js:17:102)
          at 
AsyncProperty.run (E:\proje
cts\tourBiller\node_modules
\fast-check\lib\cjs\check\p
roperty\AsyncProperty.gener
ic.js:46:39)
          at asyncRunIt (E:
\projects\tourBiller\node_m
odules\fast-check\lib\cjs\c
heck\runner\Runner.js:28:36
)
          at 
processTicksAndRejections (
node:internal/process/task_
queues:103:5)
          at 
Object.<anonymous> (E:\proj
ects\tourBiller\src\__tests
__\properties\invalid-bill-
rejection.test.ts:24:9)

    [0m [90m 53 |[39m   
  }[33m;[39m
     [90m 54 |[39m   } 
[36mcatch[39m (error) {
    
[31m[1m>[22m[39m[90m 
55 |[39m     console[33m.
[39merror([32m'Error 
creating 
bill:'[39m[33m,[39m 
error)[33m;[39m
     [90m    |[39m       
      [31m[1m^[22m[39m
     [90m 56 |[39m     
     [90m 57 |[39m     
[36mif[39m (error 
[36minstanceof[39m 
[33mError[39m) {
     [90m 58 |[39m       
[36mreturn[39m {[0m

      at error 
(src/lib/actions.ts:55:13)
      at src/__tests__/prop
erties/invalid-bill-rejecti
on.test.ts:75:52
      at 
AsyncProperty.predicate (no
de_modules/fast-check/lib/c
js/check/property/AsyncProp
erty.js:17:102)
      at AsyncProperty.run 
(node_modules/fast-check/li
b/cjs/check/property/AsyncP
roperty.generic.js:46:39)
      at asyncRunIt (node_m
odules/fast-check/lib/cjs/c
heck/runner/Runner.js:28:36
)
      at 
Object.<anonymous> (src/__t
ests__/properties/invalid-b
ill-rejection.test.ts:24:9)

    console.error
      Error creating bill: 
ZodError: [
        {
          "origin": 
"number",
          "code": 
"too_small",
          "minimum": 0,
          "inclusive": 
true,
          "path": [
            "startMeter"
          ],
          "message": 
"Start meter must be 
positive"
        },
        {
          "origin": 
"number",
          "code": 
"too_small",
          "minimum": 0,
          "inclusive": 
true,
          "path": [
            "waitingCharge"
          ],
          "message": 
"Waiting charge must be 
positive"
        },
        {
          "origin": 
"number",
          "code": 
"too_small",
          "minimum": 0,
          "inclusive": 
true,
          "path": [
            "packageCharge"
          ],
          "message": 
"Package charge must be 
positive"
        }
      ]
          at parse (E:\proj
ects\tourBiller\src\lib\act
ions.ts:27:38)
          at E:\projects\to
urBiller\src\__tests__\prop
erties\invalid-bill-rejecti
on.test.ts:75:52
          at 
AsyncProperty.predicate (E:
\projects\tourBiller\node_m
odules\fast-check\lib\cjs\c
heck\property\AsyncProperty
.js:17:102)
          at 
AsyncProperty.run (E:\proje
cts\tourBiller\node_modules
\fast-check\lib\cjs\check\p
roperty\AsyncProperty.gener
ic.js:46:39)
          at asyncRunIt (E:
\projects\tourBiller\node_m
odules\fast-check\lib\cjs\c
heck\runner\Runner.js:28:36
)
          at 
processTicksAndRejections (
node:internal/process/task_
queues:103:5)
          at 
Object.<anonymous> (E:\proj
ects\tourBiller\src\__tests
__\properties\invalid-bill-
rejection.test.ts:24:9)

    [0m [90m 53 |[39m   
  }[33m;[39m
     [90m 54 |[39m   } 
[36mcatch[39m (error) {
    
[31m[1m>[22m[39m[90m 
55 |[39m     console[33m.
[39merror([32m'Error 
creating 
bill:'[39m[33m,[39m 
error)[33m;[39m
     [90m    |[39m       
      [31m[1m^[22m[39m
     [90m 56 |[39m     
     [90m 57 |[39m     
[36mif[39m (error 
[36minstanceof[39m 
[33mError[39m) {
     [90m 58 |[39m       
[36mreturn[39m {[0m

      at error 
(src/lib/actions.ts:55:13)
      at src/__tests__/prop
erties/invalid-bill-rejecti
on.test.ts:75:52
      at 
AsyncProperty.predicate (no
de_modules/fast-check/lib/c
js/check/property/AsyncProp
erty.js:17:102)
      at AsyncProperty.run 
(node_modules/fast-check/li
b/cjs/check/property/AsyncP
roperty.generic.js:46:39)
      at asyncRunIt (node_m
odules/fast-check/lib/cjs/c
heck/runner/Runner.js:28:36
)
      at 
Object.<anonymous> (src/__t
ests__/properties/invalid-b
ill-rejection.test.ts:24:9)

    console.error
      Error creating bill: 
ZodError: [
        {
          "origin": 
"string",
          "code": 
"too_small",
          "minimum": 1,
          "inclusive": 
true,
          "path": [
            "customerName"
          ],
          "message": 
"Customer name is required"
        },
        {
          "origin": 
"string",
          "code": 
"too_small",
          "minimum": 1,
          "inclusive": 
true,
          "path": [
            "route"
          ],
          "message": 
"Route is required"
        },
        {
          "origin": 
"number",
          "code": 
"too_small",
          "minimum": 0,
          "inclusive": 
true,
          "path": [
            "startMeter"
          ],
          "message": 
"Start meter must be 
positive"
        },
        {
          "origin": 
"number",
          "code": 
"too_small",
          "minimum": 0,
          "inclusive": 
true,
          "path": [
            "hireRate"
          ],
          "message": "Hire 
rate must be positive"
        },
        {
          "origin": 
"number",
          "code": 
"too_small",
          "minimum": 0,
          "inclusive": 
true,
          "path": [
            "waitingCharge"
          ],
          "message": 
"Waiting charge must be 
positive"
        },
        {
          "origin": 
"number",
          "code": 
"too_small",
          "minimum": 0,
          "inclusive": 
true,
          "path": [
            "gatePass"
          ],
          "message": "Gate 
pass must be positive"
        }
      ]
          at parse (E:\proj
ects\tourBiller\src\lib\act
ions.ts:27:38)
          at E:\projects\to
urBiller\src\__tests__\prop
erties\invalid-bill-rejecti
on.test.ts:75:52
          at 
AsyncProperty.predicate (E:
\projects\tourBiller\node_m
odules\fast-check\lib\cjs\c
heck\property\AsyncProperty
.js:17:102)
          at 
AsyncProperty.run (E:\proje
cts\tourBiller\node_modules
\fast-check\lib\cjs\check\p
roperty\AsyncProperty.gener
ic.js:46:39)
          at asyncRunIt (E:
\projects\tourBiller\node_m
odules\fast-check\lib\cjs\c
heck\runner\Runner.js:28:36
)
          at 
processTicksAndRejections (
node:internal/process/task_
queues:103:5)
          at 
Object.<anonymous> (E:\proj
ects\tourBiller\src\__tests
__\properties\invalid-bill-
rejection.test.ts:24:9)

    [0m [90m 53 |[39m   
  }[33m;[39m
     [90m 54 |[39m   } 
[36mcatch[39m (error) {
    
[31m[1m>[22m[39m[90m 
55 |[39m     console[33m.
[39merror([32m'Error 
creating 
bill:'[39m[33m,[39m 
error)[33m;[39m
     [90m    |[39m       
      [31m[1m^[22m[39m
     [90m 56 |[39m     
     [90m 57 |[39m     
[36mif[39m (error 
[36minstanceof[39m 
[33mError[39m) {
     [90m 58 |[39m       
[36mreturn[39m {[0m

      at error 
(src/lib/actions.ts:55:13)
      at src/__tests__/prop
erties/invalid-bill-rejecti
on.test.ts:75:52
      at 
AsyncProperty.predicate (no
de_modules/fast-check/lib/c
js/check/property/AsyncProp
erty.js:17:102)
      at AsyncProperty.run 
(node_modules/fast-check/li
b/cjs/check/property/AsyncP
roperty.generic.js:46:39)
      at asyncRunIt (node_m
odules/fast-check/lib/cjs/c
heck/runner/Runner.js:28:36
)
      at 
Object.<anonymous> (src/__t
ests__/properties/invalid-b
ill-rejection.test.ts:24:9)

    console.error
      Error creating bill: 
ZodError: [
        {
          "origin": 
"number",
          "code": 
"too_small",
          "minimum": 0,
          "inclusive": 
true,
          "path": [
            "startMeter"
          ],
          "message": 
"Start meter must be 
positive"
        },
        {
          "origin": 
"number",
          "code": 
"too_small",
          "minimum": 0,
          "inclusive": 
true,
          "path": [
            "packageCharge"
          ],
          "message": 
"Package charge must be 
positive"
        }
      ]
          at parse (E:\proj
ects\tourBiller\src\lib\act
ions.ts:27:38)
          at E:\projects\to
urBiller\src\__tests__\prop
erties\invalid-bill-rejecti
on.test.ts:75:52
          at 
AsyncProperty.predicate (E:
\projects\tourBiller\node_m
odules\fast-check\lib\cjs\c
heck\property\AsyncProperty
.js:17:102)
          at 
AsyncProperty.run (E:\proje
cts\tourBiller\node_modules
\fast-check\lib\cjs\check\p
roperty\AsyncProperty.gener
ic.js:46:39)
          at asyncRunIt (E:
\projects\tourBiller\node_m
odules\fast-check\lib\cjs\c
heck\runner\Runner.js:28:36
)
          at 
processTicksAndRejections (
node:internal/process/task_
queues:103:5)
          at 
Object.<anonymous> (E:\proj
ects\tourBiller\src\__tests
__\properties\invalid-bill-
rejection.test.ts:24:9)

    [0m [90m 53 |[39m   
  }[33m;[39m
     [90m 54 |[39m   } 
[36mcatch[39m (error) {
    
[31m[1m>[22m[39m[90m 
55 |[39m     console[33m.
[39merror([32m'Error 
creating 
bill:'[39m[33m,[39m 
error)[33m;[39m
     [90m    |[39m       
      [31m[1m^[22m[39m
     [90m 56 |[39m     
     [90m 57 |[39m     
[36mif[39m (error 
[36minstanceof[39m 
[33mError[39m) {
     [90m 58 |[39m       
[36mreturn[39m {[0m

      at error 
(src/lib/actions.ts:55:13)
      at src/__tests__/prop
erties/invalid-bill-rejecti
on.test.ts:75:52
      at 
AsyncProperty.predicate (no
de_modules/fast-check/lib/c
js/check/property/AsyncProp
erty.js:17:102)
      at AsyncProperty.run 
(node_modules/fast-check/li
b/cjs/check/property/AsyncP
roperty.generic.js:46:39)
      at asyncRunIt (node_m
odules/fast-check/lib/cjs/c
heck/runner/Runner.js:28:36
)
      at 
Object.<anonymous> (src/__t
ests__/properties/invalid-b
ill-rejection.test.ts:24:9)

    console.error
      Error creating bill: 
ZodError: [
        {
          "origin": 
"string",
          "code": 
"too_small",
          "minimum": 1,
          "inclusive": 
true,
          "path": [
            "route"
          ],
          "message": 
"Route is required"
        },
        {
          "origin": 
"number",
          "code": 
"too_small",
          "minimum": 0,
          "inclusive": 
true,
          "path": [
            "startMeter"
          ],
          "message": 
"Start meter must be 
positive"
        },
        {
          "expected": 
"number",
          "code": 
"invalid_type",
          "received": 
"Infinity",
          "path": [
            "endMeter"
          ],
          "message": 
"Invalid input: expected 
number, received number"
        },
        {
          "origin": 
"number",
          "code": 
"too_small",
          "minimum": 0,
          "inclusive": 
true,
          "path": [
            "packageCharge"
          ],
          "message": 
"Package charge must be 
positive"
        }
      ]
          at parse (E:\proj
ects\tourBiller\src\lib\act
ions.ts:27:38)
          at E:\projects\to
urBiller\src\__tests__\prop
erties\invalid-bill-rejecti
on.test.ts:75:52
          at 
AsyncProperty.predicate (E:
\projects\tourBiller\node_m
odules\fast-check\lib\cjs\c
heck\property\AsyncProperty
.js:17:102)
          at 
AsyncProperty.run (E:\proje
cts\tourBiller\node_modules
\fast-check\lib\cjs\check\p
roperty\AsyncProperty.gener
ic.js:46:39)
          at asyncRunIt (E:
\projects\tourBiller\node_m
odules\fast-check\lib\cjs\c
heck\runner\Runner.js:28:36
)
          at 
processTicksAndRejections (
node:internal/process/task_
queues:103:5)
          at 
Object.<anonymous> (E:\proj
ects\tourBiller\src\__tests
__\properties\invalid-bill-
rejection.test.ts:24:9)

    [0m [90m 53 |[39m   
  }[33m;[39m
     [90m 54 |[39m   } 
[36mcatch[39m (error) {
    
[31m[1m>[22m[39m[90m 
55 |[39m     console[33m.
[39merror([32m'Error 
creating 
bill:'[39m[33m,[39m 
error)[33m;[39m
     [90m    |[39m       
      [31m[1m^[22m[39m
     [90m 56 |[39m     
     [90m 57 |[39m     
[36mif[39m (error 
[36minstanceof[39m 
[33mError[39m) {
     [90m 58 |[39m       
[36mreturn[39m {[0m

      at error 
(src/lib/actions.ts:55:13)
      at src/__tests__/prop
erties/invalid-bill-rejecti
on.test.ts:75:52
      at 
AsyncProperty.predicate (no
de_modules/fast-check/lib/c
js/check/property/AsyncProp
erty.js:17:102)
      at AsyncProperty.run 
(node_modules/fast-check/li
b/cjs/check/property/AsyncP
roperty.generic.js:46:39)
      at asyncRunIt (node_m
odules/fast-check/lib/cjs/c
heck/runner/Runner.js:28:36
)
      at 
Object.<anonymous> (src/__t
ests__/properties/invalid-b
ill-rejection.test.ts:24:9)

    console.error
      Error creating bill: 
ZodError: [
        {
          "origin": 
"number",
          "code": 
"too_small",
          "minimum": 0,
          "inclusive": 
true,
          "path": [
            "hireRate"
          ],
          "message": "Hire 
rate must be positive"
        },
        {
          "origin": 
"number",
          "code": 
"too_small",
          "minimum": 0,
          "inclusive": 
true,
          "path": [
            "waitingCharge"
          ],
          "message": 
"Waiting charge must be 
positive"
        },
        {
          "origin": 
"number",
          "code": 
"too_small",
          "minimum": 0,
          "inclusive": 
true,
          "path": [
            "packageCharge"
          ],
          "message": 
"Package charge must be 
positive"
        },
        {
          "code": "custom",
          "path": [
            "endMeter"
          ],
          "message": "End 
meter must be greater than 
start meter"
        }
      ]
          at parse (E:\proj
ects\tourBiller\src\lib\act
ions.ts:27:38)
          at E:\projects\to
urBiller\src\__tests__\prop
erties\invalid-bill-rejecti
on.test.ts:75:52
          at 
AsyncProperty.predicate (E:
\projects\tourBiller\node_m
odules\fast-check\lib\cjs\c
heck\property\AsyncProperty
.js:17:102)
          at 
AsyncProperty.run (E:\proje
cts\tourBiller\node_modules
\fast-check\lib\cjs\check\p
roperty\AsyncProperty.gener
ic.js:46:39)
          at asyncRunIt (E:
\projects\tourBiller\node_m
odules\fast-check\lib\cjs\c
heck\runner\Runner.js:28:36
)
          at 
processTicksAndRejections (
node:internal/process/task_
queues:103:5)
          at 
Object.<anonymous> (E:\proj
ects\tourBiller\src\__tests
__\properties\invalid-bill-
rejection.test.ts:24:9)

    [0m [90m 53 |[39m   
  }[33m;[39m
     [90m 54 |[39m   } 
[36mcatch[39m (error) {
    
[31m[1m>[22m[39m[90m 
55 |[39m     console[33m.
[39merror([32m'Error 
creating 
bill:'[39m[33m,[39m 
error)[33m;[39m
     [90m    |[39m       
      [31m[1m^[22m[39m
     [90m 56 |[39m     
     [90m 57 |[39m     
[36mif[39m (error 
[36minstanceof[39m 
[33mError[39m) {
     [90m 58 |[39m       
[36mreturn[39m {[0m

      at error 
(src/lib/actions.ts:55:13)
      at src/__tests__/prop
erties/invalid-bill-rejecti
on.test.ts:75:52
      at 
AsyncProperty.predicate (no
de_modules/fast-check/lib/c
js/check/property/AsyncProp
erty.js:17:102)
      at AsyncProperty.run 
(node_modules/fast-check/li
b/cjs/check/property/AsyncP
roperty.generic.js:46:39)
      at asyncRunIt (node_m
odules/fast-check/lib/cjs/c
heck/runner/Runner.js:28:36
)
      at 
Object.<anonymous> (src/__t
ests__/properties/invalid-b
ill-rejection.test.ts:24:9)

    console.error
      Error creating bill: 
ZodError: [
        {
          "origin": 
"string",
          "code": 
"too_small",
          "minimum": 1,
          "inclusive": 
true,
          "path": [
            "route"
          ],
          "message": 
"Route is required"
        },
        {
          "origin": 
"number",
          "code": 
"too_small",
          "minimum": 0,
          "inclusive": 
true,
          "path": [
            "startMeter"
          ],
          "message": 
"Start meter must be 
positive"
        },
        {
          "origin": 
"number",
          "code": 
"too_small",
          "minimum": 0,
          "inclusive": 
true,
          "path": [
            "endMeter"
          ],
          "message": "End 
meter must be positive"
        },
        {
          "origin": 
"number",
          "code": 
"too_small",
          "minimum": 0,
          "inclusive": 
true,
          "path": [
            "hireRate"
          ],
          "message": "Hire 
rate must be positive"
        },
        {
          "origin": 
"number",
          "code": 
"too_small",
          "minimum": 0,
          "inclusive": 
true,
          "path": [
            "waitingCharge"
          ],
          "message": 
"Waiting charge must be 
positive"
        }
      ]
          at parse (E:\proj
ects\tourBiller\src\lib\act
ions.ts:27:38)
          at E:\projects\to
urBiller\src\__tests__\prop
erties\invalid-bill-rejecti
on.test.ts:75:52
          at 
AsyncProperty.predicate (E:
\projects\tourBiller\node_m
odules\fast-check\lib\cjs\c
heck\property\AsyncProperty
.js:17:102)
          at 
AsyncProperty.run (E:\proje
cts\tourBiller\node_modules
\fast-check\lib\cjs\check\p
roperty\AsyncProperty.gener
ic.js:46:39)
          at asyncRunIt (E:
\projects\tourBiller\node_m
odules\fast-check\lib\cjs\c
heck\runner\Runner.js:28:36
)
          at 
processTicksAndRejections (
node:internal/process/task_
queues:103:5)
          at 
Object.<anonymous> (E:\proj
ects\tourBiller\src\__tests
__\properties\invalid-bill-
rejection.test.ts:24:9)

    [0m [90m 53 |[39m   
  }[33m;[39m
     [90m 54 |[39m   } 
[36mcatch[39m (error) {
    
[31m[1m>[22m[39m[90m 
55 |[39m     console[33m.
[39merror([32m'Error 
creating 
bill:'[39m[33m,[39m 
error)[33m;[39m
     [90m    |[39m       
      [31m[1m^[22m[39m
     [90m 56 |[39m     
     [90m 57 |[39m     
[36mif[39m (error 
[36minstanceof[39m 
[33mError[39m) {
     [90m 58 |[39m       
[36mreturn[39m {[0m

      at error 
(src/lib/actions.ts:55:13)
      at src/__tests__/prop
erties/invalid-bill-rejecti
on.test.ts:75:52
      at 
AsyncProperty.predicate (no
de_modules/fast-check/lib/c
js/check/property/AsyncProp
erty.js:17:102)
      at AsyncProperty.run 
(node_modules/fast-check/li
b/cjs/check/property/AsyncP
roperty.generic.js:46:39)
      at asyncRunIt (node_m
odules/fast-check/lib/cjs/c
heck/runner/Runner.js:28:36
)
      at 
Object.<anonymous> (src/__t
ests__/properties/invalid-b
ill-rejection.test.ts:24:9)

    console.error
      Error creating bill: 
ZodError: [
        {
          "origin": 
"number",
          "code": 
"too_small",
          "minimum": 0,
          "inclusive": 
true,
          "path": [
            "hireRate"
          ],
          "message": "Hire 
rate must be positive"
        },
        {
          "expected": 
"number",
          "code": 
"invalid_type",
          "received": 
"Infinity",
          "path": [
            "gatePass"
          ],
          "message": 
"Invalid input: expected 
number, received number"
        },
        {
          "origin": 
"number",
          "code": 
"too_small",
          "minimum": 0,
          "inclusive": 
true,
          "path": [
            "packageCharge"
          ],
          "message": 
"Package charge must be 
positive"
        }
      ]
          at parse (E:\proj
ects\tourBiller\src\lib\act
ions.ts:27:38)
          at E:\projects\to
urBiller\src\__tests__\prop
erties\invalid-bill-rejecti
on.test.ts:75:52
          at 
AsyncProperty.predicate (E:
\projects\tourBiller\node_m
odules\fast-check\lib\cjs\c
heck\property\AsyncProperty
.js:17:102)
          at 
AsyncProperty.run (E:\proje
cts\tourBiller\node_modules
\fast-check\lib\cjs\check\p
roperty\AsyncProperty.gener
ic.js:46:39)
          at asyncRunIt (E:
\projects\tourBiller\node_m
odules\fast-check\lib\cjs\c
heck\runner\Runner.js:28:36
)
          at 
processTicksAndRejections (
node:internal/process/task_
queues:103:5)
          at 
Object.<anonymous> (E:\proj
ects\tourBiller\src\__tests
__\properties\invalid-bill-
rejection.test.ts:24:9)

    [0m [90m 53 |[39m   
  }[33m;[39m
     [90m 54 |[39m   } 
[36mcatch[39m (error) {
    
[31m[1m>[22m[39m[90m 
55 |[39m     console[33m.
[39merror([32m'Error 
creating 
bill:'[39m[33m,[39m 
error)[33m;[39m
     [90m    |[39m       
      [31m[1m^[22m[39m
     [90m 56 |[39m     
     [90m 57 |[39m     
[36mif[39m (error 
[36minstanceof[39m 
[33mError[39m) {
     [90m 58 |[39m       
[36mreturn[39m {[0m

      at error 
(src/lib/actions.ts:55:13)
      at src/__tests__/prop
erties/invalid-bill-rejecti
on.test.ts:75:52
      at 
AsyncProperty.predicate (no
de_modules/fast-check/lib/c
js/check/property/AsyncProp
erty.js:17:102)
      at AsyncProperty.run 
(node_modules/fast-check/li
b/cjs/check/property/AsyncP
roperty.generic.js:46:39)
      at asyncRunIt (node_m
odules/fast-check/lib/cjs/c
heck/runner/Runner.js:28:36
)
      at 
Object.<anonymous> (src/__t
ests__/properties/invalid-b
ill-rejection.test.ts:24:9)

    console.error
      Error creating bill: 
ZodError: [
        {
          "origin": 
"string",
          "code": 
"too_small",
          "minimum": 1,
          "inclusive": 
true,
          "path": [
            "customerName"
          ],
          "message": 
"Customer name is required"
        },
        {
          "origin": 
"number",
          "code": 
"too_small",
          "minimum": 0,
          "inclusive": 
true,
          "path": [
            "startMeter"
          ],
          "message": 
"Start meter must be 
positive"
        },
        {
          "origin": 
"number",
          "code": 
"too_small",
          "minimum": 0,
          "inclusive": 
true,
          "path": [
            "endMeter"
          ],
          "message": "End 
meter must be positive"
        },
        {
          "origin": 
"number",
          "code": 
"too_small",
          "minimum": 0,
          "inclusive": 
true,
          "path": [
            "hireRate"
          ],
          "message": "Hire 
rate must be positive"
        },
        {
          "origin": 
"number",
          "code": 
"too_small",
          "minimum": 0,
          "inclusive": 
true,
          "path": [
            "gatePass"
          ],
          "message": "Gate 
pass must be positive"
        },
        {
          "origin": 
"number",
          "code": 
"too_small",
          "minimum": 0,
          "inclusive": 
true,
          "path": [
            "packageCharge"
          ],
          "message": 
"Package charge must be 
positive"
        }
      ]
          at parse (E:\proj
ects\tourBiller\src\lib\act
ions.ts:27:38)
          at E:\projects\to
urBiller\src\__tests__\prop
erties\invalid-bill-rejecti
on.test.ts:75:52
          at 
AsyncProperty.predicate (E:
\projects\tourBiller\node_m
odules\fast-check\lib\cjs\c
heck\property\AsyncProperty
.js:17:102)
          at 
AsyncProperty.run (E:\proje
cts\tourBiller\node_modules
\fast-check\lib\cjs\check\p
roperty\AsyncProperty.gener
ic.js:46:39)
          at asyncRunIt (E:
\projects\tourBiller\node_m
odules\fast-check\lib\cjs\c
heck\runner\Runner.js:28:36
)
          at 
processTicksAndRejections (
node:internal/process/task_
queues:103:5)
          at 
Object.<anonymous> (E:\proj
ects\tourBiller\src\__tests
__\properties\invalid-bill-
rejection.test.ts:24:9)

    [0m [90m 53 |[39m   
  }[33m;[39m
     [90m 54 |[39m   } 
[36mcatch[39m (error) {
    
[31m[1m>[22m[39m[90m 
55 |[39m     console[33m.
[39merror([32m'Error 
creating 
bill:'[39m[33m,[39m 
error)[33m;[39m
     [90m    |[39m       
      [31m[1m^[22m[39m
     [90m 56 |[39m     
     [90m 57 |[39m     
[36mif[39m (error 
[36minstanceof[39m 
[33mError[39m) {
     [90m 58 |[39m       
[36mreturn[39m {[0m

      at error 
(src/lib/actions.ts:55:13)
      at src/__tests__/prop
erties/invalid-bill-rejecti
on.test.ts:75:52
      at 
AsyncProperty.predicate (no
de_modules/fast-check/lib/c
js/check/property/AsyncProp
erty.js:17:102)
      at AsyncProperty.run 
(node_modules/fast-check/li
b/cjs/check/property/AsyncP
roperty.generic.js:46:39)
      at asyncRunIt (node_m
odules/fast-check/lib/cjs/c
heck/runner/Runner.js:28:36
)
      at 
Object.<anonymous> (src/__t
ests__/properties/invalid-b
ill-rejection.test.ts:24:9)

    console.error
      Error creating bill: 
ZodError: [
        {
          "origin": 
"string",
          "code": 
"too_small",
          "minimum": 1,
          "inclusive": 
true,
          "path": [
            "vehicleNo"
          ],
          "message": 
"Vehicle number is 
required"
        },
        {
          "origin": 
"string",
          "code": 
"too_small",
          "minimum": 1,
          "inclusive": 
true,
          "path": [
            "customerName"
          ],
          "message": 
"Customer name is required"
        },
        {
          "origin": 
"string",
          "code": 
"too_small",
          "minimum": 1,
          "inclusive": 
true,
          "path": [
            "route"
          ],
          "message": 
"Route is required"
        }
      ]
          at parse (E:\proj
ects\tourBiller\src\lib\act
ions.ts:27:38)
          at E:\projects\to
urBiller\src\__tests__\prop
erties\invalid-bill-rejecti
on.test.ts:75:52
          at 
AsyncProperty.predicate (E:
\projects\tourBiller\node_m
odules\fast-check\lib\cjs\c
heck\property\AsyncProperty
.js:17:102)
          at 
AsyncProperty.run (E:\proje
cts\tourBiller\node_modules
\fast-check\lib\cjs\check\p
roperty\AsyncProperty.gener
ic.js:46:39)
          at asyncRunIt (E:
\projects\tourBiller\node_m
odules\fast-check\lib\cjs\c
heck\runner\Runner.js:28:36
)
          at 
processTicksAndRejections (
node:internal/process/task_
queues:103:5)
          at 
Object.<anonymous> (E:\proj
ects\tourBiller\src\__tests
__\properties\invalid-bill-
rejection.test.ts:24:9)

    [0m [90m 53 |[39m   
  }[33m;[39m
     [90m 54 |[39m   } 
[36mcatch[39m (error) {
    
[31m[1m>[22m[39m[90m 
55 |[39m     console[33m.
[39merror([32m'Error 
creating 
bill:'[39m[33m,[39m 
error)[33m;[39m
     [90m    |[39m       
      [31m[1m^[22m[39m
     [90m 56 |[39m     
     [90m 57 |[39m     
[36mif[39m (error 
[36minstanceof[39m 
[33mError[39m) {
     [90m 58 |[39m       
[36mreturn[39m {[0m

      at error 
(src/lib/actions.ts:55:13)
      at src/__tests__/prop
erties/invalid-bill-rejecti
on.test.ts:75:52
      at 
AsyncProperty.predicate (no
de_modules/fast-check/lib/c
js/check/property/AsyncProp
erty.js:17:102)
      at AsyncProperty.run 
(node_modules/fast-check/li
b/cjs/check/property/AsyncP
roperty.generic.js:46:39)
      at asyncRunIt (node_m
odules/fast-check/lib/cjs/c
heck/runner/Runner.js:28:36
)
      at 
Object.<anonymous> (src/__t
ests__/properties/invalid-b
ill-rejection.test.ts:24:9)

    console.error
      Error creating bill: 
ZodError: [
        {
          "origin": 
"string",
          "code": 
"too_small",
          "minimum": 1,
          "inclusive": 
true,
          "path": [
            "customerName"
          ],
          "message": 
"Customer name is required"
        },
        {
          "origin": 
"string",
          "code": 
"too_small",
          "minimum": 1,
          "inclusive": 
true,
          "path": [
            "route"
          ],
          "message": 
"Route is required"
        },
        {
          "origin": 
"number",
          "code": 
"too_small",
          "minimum": 0,
          "inclusive": 
true,
          "path": [
            "startMeter"
          ],
          "message": 
"Start meter must be 
positive"
        },
        {
          "expected": 
"number",
          "code": 
"invalid_type",
          "received": 
"NaN",
          "path": [
            "endMeter"
          ],
          "message": 
"Invalid input: expected 
number, received NaN"
        },
        {
          "origin": 
"number",
          "code": 
"too_small",
          "minimum": 0,
          "inclusive": 
true,
          "path": [
            "waitingCharge"
          ],
          "message": 
"Waiting charge must be 
positive"
        },
        {
          "origin": 
"number",
          "code": 
"too_small",
          "minimum": 0,
          "inclusive": 
true,
          "path": [
            "gatePass"
          ],
          "message": "Gate 
pass must be positive"
        },
        {
          "origin": 
"number",
          "code": 
"too_small",
          "minimum": 0,
          "inclusive": 
true,
          "path": [
            "packageCharge"
          ],
          "message": 
"Package charge must be 
positive"
        }
      ]
          at parse (E:\proj
ects\tourBiller\src\lib\act
ions.ts:27:38)
          at E:\projects\to
urBiller\src\__tests__\prop
erties\invalid-bill-rejecti
on.test.ts:75:52
          at 
AsyncProperty.predicate (E:
\projects\tourBiller\node_m
odules\fast-check\lib\cjs\c
heck\property\AsyncProperty
.js:17:102)
          at 
AsyncProperty.run (E:\proje
cts\tourBiller\node_modules
\fast-check\lib\cjs\check\p
roperty\AsyncProperty.gener
ic.js:46:39)
          at asyncRunIt (E:
\projects\tourBiller\node_m
odules\fast-check\lib\cjs\c
heck\runner\Runner.js:28:36
)
          at 
processTicksAndRejections (
node:internal/process/task_
queues:103:5)
          at 
Object.<anonymous> (E:\proj
ects\tourBiller\src\__tests
__\properties\invalid-bill-
rejection.test.ts:24:9)

    [0m [90m 53 |[39m   
  }[33m;[39m
     [90m 54 |[39m   } 
[36mcatch[39m (error) {
    
[31m[1m>[22m[39m[90m 
55 |[39m     console[33m.
[39merror([32m'Error 
creating 
bill:'[39m[33m,[39m 
error)[33m;[39m
     [90m    |[39m       
      [31m[1m^[22m[39m
     [90m 56 |[39m     
     [90m 57 |[39m     
[36mif[39m (error 
[36minstanceof[39m 
[33mError[39m) {
     [90m 58 |[39m       
[36mreturn[39m {[0m

      at error 
(src/lib/actions.ts:55:13)
      at src/__tests__/prop
erties/invalid-bill-rejecti
on.test.ts:75:52
      at 
AsyncProperty.predicate (no
de_modules/fast-check/lib/c
js/check/property/AsyncProp
erty.js:17:102)
      at AsyncProperty.run 
(node_modules/fast-check/li
b/cjs/check/property/AsyncP
roperty.generic.js:46:39)
      at asyncRunIt (node_m
odules/fast-check/lib/cjs/c
heck/runner/Runner.js:28:36
)
      at 
Object.<anonymous> (src/__t
ests__/properties/invalid-b
ill-rejection.test.ts:24:9)

    console.error
      Error creating bill: 
ZodError: [
        {
          "origin": 
"string",
          "code": 
"too_small",
          "minimum": 1,
          "inclusive": 
true,
          "path": [
            "customerName"
          ],
          "message": 
"Customer name is required"
        },
        {
          "origin": 
"string",
          "code": 
"too_small",
          "minimum": 1,
          "inclusive": 
true,
          "path": [
            "route"
          ],
          "message": 
"Route is required"
        },
        {
          "origin": 
"number",
          "code": 
"too_small",
          "minimum": 0,
          "inclusive": 
true,
          "path": [
            "packageCharge"
          ],
          "message": 
"Package charge must be 
positive"
        },
        {
          "code": "custom",
          "path": [
            "endMeter"
          ],
          "message": "End 
meter must be greater than 
start meter"
        }
      ]
          at parse (E:\proj
ects\tourBiller\src\lib\act
ions.ts:27:38)
          at E:\projects\to
urBiller\src\__tests__\prop
erties\invalid-bill-rejecti
on.test.ts:75:52
          at 
AsyncProperty.predicate (E:
\projects\tourBiller\node_m
odules\fast-check\lib\cjs\c
heck\property\AsyncProperty
.js:17:102)
          at 
AsyncProperty.run (E:\proje
cts\tourBiller\node_modules
\fast-check\lib\cjs\check\p
roperty\AsyncProperty.gener
ic.js:46:39)
          at asyncRunIt (E:
\projects\tourBiller\node_m
odules\fast-check\lib\cjs\c
heck\runner\Runner.js:28:36
)
          at 
processTicksAndRejections (
node:internal/process/task_
queues:103:5)
          at 
Object.<anonymous> (E:\proj
ects\tourBiller\src\__tests
__\properties\invalid-bill-
rejection.test.ts:24:9)

    [0m [90m 53 |[39m   
  }[33m;[39m
     [90m 54 |[39m   } 
[36mcatch[39m (error) {
    
[31m[1m>[22m[39m[90m 
55 |[39m     console[33m.
[39merror([32m'Error 
creating 
bill:'[39m[33m,[39m 
error)[33m;[39m
     [90m    |[39m       
      [31m[1m^[22m[39m
     [90m 56 |[39m     
     [90m 57 |[39m     
[36mif[39m (error 
[36minstanceof[39m 
[33mError[39m) {
     [90m 58 |[39m       
[36mreturn[39m {[0m

      at error 
(src/lib/actions.ts:55:13)
      at src/__tests__/prop
erties/invalid-bill-rejecti
on.test.ts:75:52
      at 
AsyncProperty.predicate (no
de_modules/fast-check/lib/c
js/check/property/AsyncProp
erty.js:17:102)
      at AsyncProperty.run 
(node_modules/fast-check/li
b/cjs/check/property/AsyncP
roperty.generic.js:46:39)
      at asyncRunIt (node_m
odules/fast-check/lib/cjs/c
heck/runner/Runner.js:28:36
)
      at 
Object.<anonymous> (src/__t
ests__/properties/invalid-b
ill-rejection.test.ts:24:9)

    console.error
      Error creating bill: 
ZodError: [
        {
          "origin": 
"string",
          "code": 
"too_small",
          "minimum": 1,
          "inclusive": 
true,
          "path": [
            "vehicleNo"
          ],
          "message": 
"Vehicle number is 
required"
        },
        {
          "origin": 
"string",
          "code": 
"too_small",
          "minimum": 1,
          "inclusive": 
true,
          "path": [
            "customerName"
          ],
          "message": 
"Customer name is required"
        },
        {
          "origin": 
"string",
          "code": 
"too_small",
          "minimum": 1,
          "inclusive": 
true,
          "path": [
            "route"
          ],
          "message": 
"Route is required"
        },
        {
          "origin": 
"number",
          "code": 
"too_small",
          "minimum": 0,
          "inclusive": 
true,
          "path": [
            "startMeter"
          ],
          "message": 
"Start meter must be 
positive"
        },
        {
          "origin": 
"number",
          "code": 
"too_small",
          "minimum": 0,
          "inclusive": 
true,
          "path": [
            "hireRate"
          ],
          "message": "Hire 
rate must be positive"
        },
        {
          "origin": 
"number",
          "code": 
"too_small",
          "minimum": 0,
          "inclusive": 
true,
          "path": [
            "packageCharge"
          ],
          "message": 
"Package charge must be 
positive"
        }
      ]
          at parse (E:\proj
ects\tourBiller\src\lib\act
ions.ts:27:38)
          at E:\projects\to
urBiller\src\__tests__\prop
erties\invalid-bill-rejecti
on.test.ts:75:52
          at 
AsyncProperty.predicate (E:
\projects\tourBiller\node_m
odules\fast-check\lib\cjs\c
heck\property\AsyncProperty
.js:17:102)
          at 
AsyncProperty.run (E:\proje
cts\tourBiller\node_modules
\fast-check\lib\cjs\check\p
roperty\AsyncProperty.gener
ic.js:46:39)
          at asyncRunIt (E:
\projects\tourBiller\node_m
odules\fast-check\lib\cjs\c
heck\runner\Runner.js:28:36
)
          at 
processTicksAndRejections (
node:internal/process/task_
queues:103:5)
          at 
Object.<anonymous> (E:\proj
ects\tourBiller\src\__tests
__\properties\invalid-bill-
rejection.test.ts:24:9)

    [0m [90m 53 |[39m   
  }[33m;[39m
     [90m 54 |[39m   } 
[36mcatch[39m (error) {
    
[31m[1m>[22m[39m[90m 
55 |[39m     console[33m.
[39merror([32m'Error 
creating 
bill:'[39m[33m,[39m 
error)[33m;[39m
     [90m    |[39m       
      [31m[1m^[22m[39m
     [90m 56 |[39m     
     [90m 57 |[39m     
[36mif[39m (error 
[36minstanceof[39m 
[33mError[39m) {
     [90m 58 |[39m       
[36mreturn[39m {[0m

      at error 
(src/lib/actions.ts:55:13)
      at src/__tests__/prop
erties/invalid-bill-rejecti
on.test.ts:75:52
      at 
AsyncProperty.predicate (no
de_modules/fast-check/lib/c
js/check/property/AsyncProp
erty.js:17:102)
      at AsyncProperty.run 
(node_modules/fast-check/li
b/cjs/check/property/AsyncP
roperty.generic.js:46:39)
      at asyncRunIt (node_m
odules/fast-check/lib/cjs/c
heck/runner/Runner.js:28:36
)
      at 
Object.<anonymous> (src/__t
ests__/properties/invalid-b
ill-rejection.test.ts:24:9)

    console.error
      Error creating bill: 
ZodError: [
        {
          "origin": 
"string",
          "code": 
"too_small",
          "minimum": 1,
          "inclusive": 
true,
          "path": [
            "vehicleNo"
          ],
          "message": 
"Vehicle number is 
required"
        },
        {
          "origin": 
"string",
          "code": 
"too_small",
          "minimum": 1,
          "inclusive": 
true,
          "path": [
            "customerName"
          ],
          "message": 
"Customer name is required"
        },
        {
          "origin": 
"number",
          "code": 
"too_small",
          "minimum": 0,
          "inclusive": 
true,
          "path": [
            "startMeter"
          ],
          "message": 
"Start meter must be 
positive"
        },
        {
          "origin": 
"number",
          "code": 
"too_small",
          "minimum": 0,
          "inclusive": 
true,
          "path": [
            "endMeter"
          ],
          "message": "End 
meter must be positive"
        },
        {
          "origin": 
"number",
          "code": 
"too_small",
          "minimum": 0,
          "inclusive": 
true,
          "path": [
            "gatePass"
          ],
          "message": "Gate 
pass must be positive"
        }
      ]
          at parse (E:\proj
ects\tourBiller\src\lib\act
ions.ts:27:38)
          at E:\projects\to
urBiller\src\__tests__\prop
erties\invalid-bill-rejecti
on.test.ts:75:52
          at 
AsyncProperty.predicate (E:
\projects\tourBiller\node_m
odules\fast-check\lib\cjs\c
heck\property\AsyncProperty
.js:17:102)
          at 
AsyncProperty.run (E:\proje
cts\tourBiller\node_modules
\fast-check\lib\cjs\check\p
roperty\AsyncProperty.gener
ic.js:46:39)
          at asyncRunIt (E:
\projects\tourBiller\node_m
odules\fast-check\lib\cjs\c
heck\runner\Runner.js:28:36
)
          at 
processTicksAndRejections (
node:internal/process/task_
queues:103:5)
          at 
Object.<anonymous> (E:\proj
ects\tourBiller\src\__tests
__\properties\invalid-bill-
rejection.test.ts:24:9)

    [0m [90m 53 |[39m   
  }[33m;[39m
     [90m 54 |[39m   } 
[36mcatch[39m (error) {
    
[31m[1m>[22m[39m[90m 
55 |[39m     console[33m.
[39merror([32m'Error 
creating 
bill:'[39m[33m,[39m 
error)[33m;[39m
     [90m    |[39m       
      [31m[1m^[22m[39m
     [90m 56 |[39m     
     [90m 57 |[39m     
[36mif[39m (error 
[36minstanceof[39m 
[33mError[39m) {
     [90m 58 |[39m       
[36mreturn[39m {[0m

      at error 
(src/lib/actions.ts:55:13)
      at src/__tests__/prop
erties/invalid-bill-rejecti
on.test.ts:75:52
      at 
AsyncProperty.predicate (no
de_modules/fast-check/lib/c
js/check/property/AsyncProp
erty.js:17:102)
      at AsyncProperty.run 
(node_modules/fast-check/li
b/cjs/check/property/AsyncP
roperty.generic.js:46:39)
      at asyncRunIt (node_m
odules/fast-check/lib/cjs/c
heck/runner/Runner.js:28:36
)
      at 
Object.<anonymous> (src/__t
ests__/properties/invalid-b
ill-rejection.test.ts:24:9)

    console.error
      Error creating bill: 
ZodError: [
        {
          "origin": 
"string",
          "code": 
"too_small",
          "minimum": 1,
          "inclusive": 
true,
          "path": [
            "vehicleNo"
          ],
          "message": 
"Vehicle number is 
required"
        },
        {
          "origin": 
"string",
          "code": 
"too_small",
          "minimum": 1,
          "inclusive": 
true,
          "path": [
            "customerName"
          ],
          "message": 
"Customer name is required"
        },
        {
          "origin": 
"string",
          "code": 
"too_small",
          "minimum": 1,
          "inclusive": 
true,
          "path": [
            "route"
          ],
          "message": 
"Route is required"
        },
        {
          "origin": 
"number",
          "code": 
"too_small",
          "minimum": 0,
          "inclusive": 
true,
          "path": [
            "endMeter"
          ],
          "message": "End 
meter must be positive"
        },
        {
          "origin": 
"number",
          "code": 
"too_small",
          "minimum": 0,
          "inclusive": 
true,
          "path": [
            "waitingCharge"
          ],
          "message": 
"Waiting charge must be 
positive"
        },
        {
          "origin": 
"number",
          "code": 
"too_small",
          "minimum": 0,
          "inclusive": 
true,
          "path": [
            "packageCharge"
          ],
          "message": 
"Package charge must be 
positive"
        },
        {
          "code": "custom",
          "path": [
            "endMeter"
          ],
          "message": "End 
meter must be greater than 
start meter"
        }
      ]
          at parse (E:\proj
ects\tourBiller\src\lib\act
ions.ts:27:38)
          at E:\projects\to
urBiller\src\__tests__\prop
erties\invalid-bill-rejecti
on.test.ts:75:52
          at 
AsyncProperty.predicate (E:
\projects\tourBiller\node_m
odules\fast-check\lib\cjs\c
heck\property\AsyncProperty
.js:17:102)
          at 
AsyncProperty.run (E:\proje
cts\tourBiller\node_modules
\fast-check\lib\cjs\check\p
roperty\AsyncProperty.gener
ic.js:46:39)
          at asyncRunIt (E:
\projects\tourBiller\node_m
odules\fast-check\lib\cjs\c
heck\runner\Runner.js:28:36
)
          at 
processTicksAndRejections (
node:internal/process/task_
queues:103:5)
          at 
Object.<anonymous> (E:\proj
ects\tourBiller\src\__tests
__\properties\invalid-bill-
rejection.test.ts:24:9)

    [0m [90m 53 |[39m   
  }[33m;[39m
     [90m 54 |[39m   } 
[36mcatch[39m (error) {
    
[31m[1m>[22m[39m[90m 
55 |[39m     console[33m.
[39merror([32m'Error 
creating 
bill:'[39m[33m,[39m 
error)[33m;[39m
     [90m    |[39m       
      [31m[1m^[22m[39m
     [90m 56 |[39m     
     [90m 57 |[39m     
[36mif[39m (error 
[36minstanceof[39m 
[33mError[39m) {
     [90m 58 |[39m       
[36mreturn[39m {[0m

      at error 
(src/lib/actions.ts:55:13)
      at src/__tests__/prop
erties/invalid-bill-rejecti
on.test.ts:75:52
      at 
AsyncProperty.predicate (no
de_modules/fast-check/lib/c
js/check/property/AsyncProp
erty.js:17:102)
      at AsyncProperty.run 
(node_modules/fast-check/li
b/cjs/check/property/AsyncP
roperty.generic.js:46:39)
      at asyncRunIt (node_m
odules/fast-check/lib/cjs/c
heck/runner/Runner.js:28:36
)
      at 
Object.<anonymous> (src/__t
ests__/properties/invalid-b
ill-rejection.test.ts:24:9)

    console.error
      Error creating bill: 
ZodError: [
        {
          "origin": 
"string",
          "code": 
"too_small",
          "minimum": 1,
          "inclusive": 
true,
          "path": [
            "customerName"
          ],
          "message": 
"Customer name is required"
        },
        {
          "origin": 
"number",
          "code": 
"too_small",
          "minimum": 0,
          "inclusive": 
true,
          "path": [
            "endMeter"
          ],
          "message": "End 
meter must be positive"
        },
        {
          "code": "custom",
          "path": [
            "endMeter"
          ],
          "message": "End 
meter must be greater than 
start meter"
        }
      ]
          at parse (E:\proj
ects\tourBiller\src\lib\act
ions.ts:27:38)
          at E:\projects\to
urBiller\src\__tests__\prop
erties\invalid-bill-rejecti
on.test.ts:75:52
          at 
AsyncProperty.predicate (E:
\projects\tourBiller\node_m
odules\fast-check\lib\cjs\c
heck\property\AsyncProperty
.js:17:102)
          at 
AsyncProperty.run (E:\proje
cts\tourBiller\node_modules
\fast-check\lib\cjs\check\p
roperty\AsyncProperty.gener
ic.js:46:39)
          at asyncRunIt (E:
\projects\tourBiller\node_m
odules\fast-check\lib\cjs\c
heck\runner\Runner.js:28:36
)
          at 
processTicksAndRejections (
node:internal/process/task_
queues:103:5)
          at 
Object.<anonymous> (E:\proj
ects\tourBiller\src\__tests
__\properties\invalid-bill-
rejection.test.ts:24:9)

    [0m [90m 53 |[39m   
  }[33m;[39m
     [90m 54 |[39m   } 
[36mcatch[39m (error) {
    
[31m[1m>[22m[39m[90m 
55 |[39m     console[33m.
[39merror([32m'Error 
creating 
bill:'[39m[33m,[39m 
error)[33m;[39m
     [90m    |[39m       
      [31m[1m^[22m[39m
     [90m 56 |[39m     
     [90m 57 |[39m     
[36mif[39m (error 
[36minstanceof[39m 
[33mError[39m) {
     [90m 58 |[39m       
[36mreturn[39m {[0m

      at error 
(src/lib/actions.ts:55:13)
      at src/__tests__/prop
erties/invalid-bill-rejecti
on.test.ts:75:52
      at 
AsyncProperty.predicate (no
de_modules/fast-check/lib/c
js/check/property/AsyncProp
erty.js:17:102)
      at AsyncProperty.run 
(node_modules/fast-check/li
b/cjs/check/property/AsyncP
roperty.generic.js:46:39)
      at asyncRunIt (node_m
odules/fast-check/lib/cjs/c
heck/runner/Runner.js:28:36
)
      at 
Object.<anonymous> (src/__t
ests__/properties/invalid-b
ill-rejection.test.ts:24:9)

    console.error
      Error creating bill: 
ZodError: [
        {
          "origin": 
"string",
          "code": 
"too_small",
          "minimum": 1,
          "inclusive": 
true,
          "path": [
            "customerName"
          ],
          "message": 
"Customer name is required"
        },
        {
          "origin": 
"number",
          "code": 
"too_small",
          "minimum": 0,
          "inclusive": 
true,
          "path": [
            "endMeter"
          ],
          "message": "End 
meter must be positive"
        },
        {
          "origin": 
"number",
          "code": 
"too_small",
          "minimum": 0,
          "inclusive": 
true,
          "path": [
            "waitingCharge"
          ],
          "message": 
"Waiting charge must be 
positive"
        },
        {
          "origin": 
"number",
          "code": 
"too_small",
          "minimum": 0,
          "inclusive": 
true,
          "path": [
            "gatePass"
          ],
          "message": "Gate 
pass must be positive"
        },
        {
          "code": "custom",
          "path": [
            "endMeter"
          ],
          "message": "End 
meter must be greater than 
start meter"
        }
      ]
          at parse (E:\proj
ects\tourBiller\src\lib\act
ions.ts:27:38)
          at E:\projects\to
urBiller\src\__tests__\prop
erties\invalid-bill-rejecti
on.test.ts:75:52
          at 
AsyncProperty.predicate (E:
\projects\tourBiller\node_m
odules\fast-check\lib\cjs\c
heck\property\AsyncProperty
.js:17:102)
          at 
AsyncProperty.run (E:\proje
cts\tourBiller\node_modules
\fast-check\lib\cjs\check\p
roperty\AsyncProperty.gener
ic.js:46:39)
          at asyncRunIt (E:
\projects\tourBiller\node_m
odules\fast-check\lib\cjs\c
heck\runner\Runner.js:28:36
)
          at 
processTicksAndRejections (
node:internal/process/task_
queues:103:5)
          at 
Object.<anonymous> (E:\proj
ects\tourBiller\src\__tests
__\properties\invalid-bill-
rejection.test.ts:24:9)

    [0m [90m 53 |[39m   
  }[33m;[39m
     [90m 54 |[39m   } 
[36mcatch[39m (error) {
    
[31m[1m>[22m[39m[90m 
55 |[39m     console[33m.
[39merror([32m'Error 
creating 
bill:'[39m[33m,[39m 
error)[33m;[39m
     [90m    |[39m       
      [31m[1m^[22m[39m
     [90m 56 |[39m     
     [90m 57 |[39m     
[36mif[39m (error 
[36minstanceof[39m 
[33mError[39m) {
     [90m 58 |[39m       
[36mreturn[39m {[0m

      at error 
(src/lib/actions.ts:55:13)
      at src/__tests__/prop
erties/invalid-bill-rejecti
on.test.ts:75:52
      at 
AsyncProperty.predicate (no
de_modules/fast-check/lib/c
js/check/property/AsyncProp
erty.js:17:102)
      at AsyncProperty.run 
(node_modules/fast-check/li
b/cjs/check/property/AsyncP
roperty.generic.js:46:39)
      at asyncRunIt (node_m
odules/fast-check/lib/cjs/c
heck/runner/Runner.js:28:36
)
      at 
Object.<anonymous> (src/__t
ests__/properties/invalid-b
ill-rejection.test.ts:24:9)

    console.error
      Error creating bill: 
ZodError: [
        {
          "origin": 
"string",
          "code": 
"too_small",
          "minimum": 1,
          "inclusive": 
true,
          "path": [
            "vehicleNo"
          ],
          "message": 
"Vehicle number is 
required"
        },
        {
          "origin": 
"string",
          "code": 
"too_small",
          "minimum": 1,
          "inclusive": 
true,
          "path": [
            "customerName"
          ],
          "message": 
"Customer name is required"
        },
        {
          "origin": 
"string",
          "code": 
"too_small",
          "minimum": 1,
          "inclusive": 
true,
          "path": [
            "route"
          ],
          "message": 
"Route is required"
        },
        {
          "origin": 
"number",
          "code": 
"too_small",
          "minimum": 0,
          "inclusive": 
true,
          "path": [
            "startMeter"
          ],
          "message": 
"Start meter must be 
positive"
        },
        {
          "origin": 
"number",
          "code": 
"too_small",
          "minimum": 0,
          "inclusive": 
true,
          "path": [
            "endMeter"
          ],
          "message": "End 
meter must be positive"
        },
        {
          "origin": 
"number",
          "code": 
"too_small",
          "minimum": 0,
          "inclusive": 
true,
          "path": [
            "waitingCharge"
          ],
          "message": 
"Waiting charge must be 
positive"
        },
        {
          "origin": 
"number",
          "code": 
"too_small",
          "minimum": 0,
          "inclusive": 
true,
          "path": [
            "packageCharge"
          ],
          "message": 
"Package charge must be 
positive"
        },
        {
          "code": "custom",
          "path": [
            "endMeter"
          ],
          "message": "End 
meter must be greater than 
start meter"
        }
      ]
          at parse (E:\proj
ects\tourBiller\src\lib\act
ions.ts:27:38)
          at E:\projects\to
urBiller\src\__tests__\prop
erties\invalid-bill-rejecti
on.test.ts:75:52
          at 
AsyncProperty.predicate (E:
\projects\tourBiller\node_m
odules\fast-check\lib\cjs\c
heck\property\AsyncProperty
.js:17:102)
          at 
AsyncProperty.run (E:\proje
cts\tourBiller\node_modules
\fast-check\lib\cjs\check\p
roperty\AsyncProperty.gener
ic.js:46:39)
          at asyncRunIt (E:
\projects\tourBiller\node_m
odules\fast-check\lib\cjs\c
heck\runner\Runner.js:28:36
)
          at 
processTicksAndRejections (
node:internal/process/task_
queues:103:5)
          at 
Object.<anonymous> (E:\proj
ects\tourBiller\src\__tests
__\properties\invalid-bill-
rejection.test.ts:24:9)

    [0m [90m 53 |[39m   
  }[33m;[39m
     [90m 54 |[39m   } 
[36mcatch[39m (error) {
    
[31m[1m>[22m[39m[90m 
55 |[39m     console[33m.
[39merror([32m'Error 
creating 
bill:'[39m[33m,[39m 
error)[33m;[39m
     [90m    |[39m       
      [31m[1m^[22m[39m
     [90m 56 |[39m     
     [90m 57 |[39m     
[36mif[39m (error 
[36minstanceof[39m 
[33mError[39m) {
     [90m 58 |[39m       
[36mreturn[39m {[0m

      at error 
(src/lib/actions.ts:55:13)
      at src/__tests__/prop
erties/invalid-bill-rejecti
on.test.ts:75:52
      at 
AsyncProperty.predicate (no
de_modules/fast-check/lib/c
js/check/property/AsyncProp
erty.js:17:102)
      at AsyncProperty.run 
(node_modules/fast-check/li
b/cjs/check/property/AsyncP
roperty.generic.js:46:39)
      at asyncRunIt (node_m
odules/fast-check/lib/cjs/c
heck/runner/Runner.js:28:36
)
      at 
Object.<anonymous> (src/__t
ests__/properties/invalid-b
ill-rejection.test.ts:24:9)

    console.error
      Error creating bill: 
ZodError: [
        {
          "origin": 
"string",
          "code": 
"too_small",
          "minimum": 1,
          "inclusive": 
true,
          "path": [
            "vehicleNo"
          ],
          "message": 
"Vehicle number is 
required"
        },
        {
          "origin": 
"string",
          "code": 
"too_small",
          "minimum": 1,
          "inclusive": 
true,
          "path": [
            "customerName"
          ],
          "message": 
"Customer name is required"
        },
        {
          "origin": 
"string",
          "code": 
"too_small",
          "minimum": 1,
          "inclusive": 
true,
          "path": [
            "route"
          ],
          "message": 
"Route is required"
        },
        {
          "origin": 
"number",
          "code": 
"too_small",
          "minimum": 0,
          "inclusive": 
true,
          "path": [
            "startMeter"
          ],
          "message": 
"Start meter must be 
positive"
        },
        {
          "origin": 
"number",
          "code": 
"too_small",
          "minimum": 0,
          "inclusive": 
true,
          "path": [
            "hireRate"
          ],
          "message": "Hire 
rate must be positive"
        },
        {
          "origin": 
"number",
          "code": 
"too_small",
          "minimum": 0,
          "inclusive": 
true,
          "path": [
            "waitingCharge"
          ],
          "message": 
"Waiting charge must be 
positive"
        },
        {
          "origin": 
"number",
          "code": 
"too_small",
          "minimum": 0,
          "inclusive": 
true,
          "path": [
            "gatePass"
          ],
          "message": "Gate 
pass must be positive"
        }
      ]
          at parse (E:\proj
ects\tourBiller\src\lib\act
ions.ts:27:38)
          at E:\projects\to
urBiller\src\__tests__\prop
erties\invalid-bill-rejecti
on.test.ts:75:52
          at 
AsyncProperty.predicate (E:
\projects\tourBiller\node_m
odules\fast-check\lib\cjs\c
heck\property\AsyncProperty
.js:17:102)
          at 
AsyncProperty.run (E:\proje
cts\tourBiller\node_modules
\fast-check\lib\cjs\check\p
roperty\AsyncProperty.gener
ic.js:46:39)
          at asyncRunIt (E:
\projects\tourBiller\node_m
odules\fast-check\lib\cjs\c
heck\runner\Runner.js:28:36
)
          at 
processTicksAndRejections (
node:internal/process/task_
queues:103:5)
          at 
Object.<anonymous> (E:\proj
ects\tourBiller\src\__tests
__\properties\invalid-bill-
rejection.test.ts:24:9)

    [0m [90m 53 |[39m   
  }[33m;[39m
     [90m 54 |[39m   } 
[36mcatch[39m (error) {
    
[31m[1m>[22m[39m[90m 
55 |[39m     console[33m.
[39merror([32m'Error 
creating 
bill:'[39m[33m,[39m 
error)[33m;[39m
     [90m    |[39m       
      [31m[1m^[22m[39m
     [90m 56 |[39m     
     [90m 57 |[39m     
[36mif[39m (error 
[36minstanceof[39m 
[33mError[39m) {
     [90m 58 |[39m       
[36mreturn[39m {[0m

      at error 
(src/lib/actions.ts:55:13)
      at src/__tests__/prop
erties/invalid-bill-rejecti
on.test.ts:75:52
      at 
AsyncProperty.predicate (no
de_modules/fast-check/lib/c
js/check/property/AsyncProp
erty.js:17:102)
      at AsyncProperty.run 
(node_modules/fast-check/li
b/cjs/check/property/AsyncP
roperty.generic.js:46:39)
      at asyncRunIt (node_m
odules/fast-check/lib/cjs/c
heck/runner/Runner.js:28:36
)
      at 
Object.<anonymous> (src/__t
ests__/properties/invalid-b
ill-rejection.test.ts:24:9)

    console.error
      Error creating bill: 
ZodError: [
        {
          "origin": 
"string",
          "code": 
"too_small",
          "minimum": 1,
          "inclusive": 
true,
          "path": [
            "vehicleNo"
          ],
          "message": 
"Vehicle number is 
required"
        },
        {
          "origin": 
"string",
          "code": 
"too_small",
          "minimum": 1,
          "inclusive": 
true,
          "path": [
            "customerName"
          ],
          "message": 
"Customer name is required"
        },
        {
          "origin": 
"string",
          "code": 
"too_small",
          "minimum": 1,
          "inclusive": 
true,
          "path": [
            "route"
          ],
          "message": 
"Route is required"
        },
        {
          "origin": 
"number",
          "code": 
"too_small",
          "minimum": 0,
          "inclusive": 
true,
          "path": [
            "startMeter"
          ],
          "message": 
"Start meter must be 
positive"
        },
        {
          "origin": 
"number",
          "code": 
"too_small",
          "minimum": 0,
          "inclusive": 
true,
          "path": [
            "endMeter"
          ],
          "message": "End 
meter must be positive"
        },
        {
          "origin": 
"number",
          "code": 
"too_small",
          "minimum": 0,
          "inclusive": 
true,
          "path": [
            "hireRate"
          ],
          "message": "Hire 
rate must be positive"
        },
        {
          "origin": 
"number",
          "code": 
"too_small",
          "minimum": 0,
          "inclusive": 
true,
          "path": [
            "waitingCharge"
          ],
          "message": 
"Waiting charge must be 
positive"
        },
        {
          "origin": 
"number",
          "code": 
"too_small",
          "minimum": 0,
          "inclusive": 
true,
          "path": [
            "gatePass"
          ],
          "message": "Gate 
pass must be positive"
        },
        {
          "code": "custom",
          "path": [
            "endMeter"
          ],
          "message": "End 
meter must be greater than 
start meter"
        }
      ]
          at parse (E:\proj
ects\tourBiller\src\lib\act
ions.ts:27:38)
          at E:\projects\to
urBiller\src\__tests__\prop
erties\invalid-bill-rejecti
on.test.ts:75:52
          at 
AsyncProperty.predicate (E:
\projects\tourBiller\node_m
odules\fast-check\lib\cjs\c
heck\property\AsyncProperty
.js:17:102)
          at 
AsyncProperty.run (E:\proje
cts\tourBiller\node_modules
\fast-check\lib\cjs\check\p
roperty\AsyncProperty.gener
ic.js:46:39)
          at asyncRunIt (E:
\projects\tourBiller\node_m
odules\fast-check\lib\cjs\c
heck\runner\Runner.js:28:36
)
          at 
processTicksAndRejections (
node:internal/process/task_
queues:103:5)
          at 
Object.<anonymous> (E:\proj
ects\tourBiller\src\__tests
__\properties\invalid-bill-
rejection.test.ts:24:9)

    [0m [90m 53 |[39m   
  }[33m;[39m
     [90m 54 |[39m   } 
[36mcatch[39m (error) {
    
[31m[1m>[22m[39m[90m 
55 |[39m     console[33m.
[39merror([32m'Error 
creating 
bill:'[39m[33m,[39m 
error)[33m;[39m
     [90m    |[39m       
      [31m[1m^[22m[39m
     [90m 56 |[39m     
     [90m 57 |[39m     
[36mif[39m (error 
[36minstanceof[39m 
[33mError[39m) {
     [90m 58 |[39m       
[36mreturn[39m {[0m

      at error 
(src/lib/actions.ts:55:13)
      at src/__tests__/prop
erties/invalid-bill-rejecti
on.test.ts:75:52
      at 
AsyncProperty.predicate (no
de_modules/fast-check/lib/c
js/check/property/AsyncProp
erty.js:17:102)
      at AsyncProperty.run 
(node_modules/fast-check/li
b/cjs/check/property/AsyncP
roperty.generic.js:46:39)
      at asyncRunIt (node_m
odules/fast-check/lib/cjs/c
heck/runner/Runner.js:28:36
)
      at 
Object.<anonymous> (src/__t
ests__/properties/invalid-b
ill-rejection.test.ts:24:9)

    console.error
      Error creating bill: 
ZodError: [
        {
          "origin": 
"string",
          "code": 
"too_small",
          "minimum": 1,
          "inclusive": 
true,
          "path": [
            "vehicleNo"
          ],
          "message": 
"Vehicle number is 
required"
        },
        {
          "origin": 
"string",
          "code": 
"too_small",
          "minimum": 1,
          "inclusive": 
true,
          "path": [
            "customerName"
          ],
          "message": 
"Customer name is required"
        },
        {
          "origin": 
"number",
          "code": 
"too_small",
          "minimum": 0,
          "inclusive": 
true,
          "path": [
            "startMeter"
          ],
          "message": 
"Start meter must be 
positive"
        },
        {
          "origin": 
"number",
          "code": 
"too_small",
          "minimum": 0,
          "inclusive": 
true,
          "path": [
            "gatePass"
          ],
          "message": "Gate 
pass must be positive"
        }
      ]
          at parse (E:\proj
ects\tourBiller\src\lib\act
ions.ts:27:38)
          at E:\projects\to
urBiller\src\__tests__\prop
erties\invalid-bill-rejecti
on.test.ts:75:52
          at 
AsyncProperty.predicate (E:
\projects\tourBiller\node_m
odules\fast-check\lib\cjs\c
heck\property\AsyncProperty
.js:17:102)
          at 
AsyncProperty.run (E:\proje
cts\tourBiller\node_modules
\fast-check\lib\cjs\check\p
roperty\AsyncProperty.gener
ic.js:46:39)
          at asyncRunIt (E:
\projects\tourBiller\node_m
odules\fast-check\lib\cjs\c
heck\runner\Runner.js:28:36
)
          at 
processTicksAndRejections (
node:internal/process/task_
queues:103:5)
          at 
Object.<anonymous> (E:\proj
ects\tourBiller\src\__tests
__\properties\invalid-bill-
rejection.test.ts:24:9)

    [0m [90m 53 |[39m   
  }[33m;[39m
     [90m 54 |[39m   } 
[36mcatch[39m (error) {
    
[31m[1m>[22m[39m[90m 
55 |[39m     console[33m.
[39merror([32m'Error 
creating 
bill:'[39m[33m,[39m 
error)[33m;[39m
     [90m    |[39m       
      [31m[1m^[22m[39m
     [90m 56 |[39m     
     [90m 57 |[39m     
[36mif[39m (error 
[36minstanceof[39m 
[33mError[39m) {
     [90m 58 |[39m       
[36mreturn[39m {[0m

      at error 
(src/lib/actions.ts:55:13)
      at src/__tests__/prop
erties/invalid-bill-rejecti
on.test.ts:75:52
      at 
AsyncProperty.predicate (no
de_modules/fast-check/lib/c
js/check/property/AsyncProp
erty.js:17:102)
      at AsyncProperty.run 
(node_modules/fast-check/li
b/cjs/check/property/AsyncP
roperty.generic.js:46:39)
      at asyncRunIt (node_m
odules/fast-check/lib/cjs/c
heck/runner/Runner.js:28:36
)
      at 
Object.<anonymous> (src/__t
ests__/properties/invalid-b
ill-rejection.test.ts:24:9)

    console.error
      Error creating bill: 
ZodError: [
        {
          "origin": 
"string",
          "code": 
"too_small",
          "minimum": 1,
          "inclusive": 
true,
          "path": [
            "route"
          ],
          "message": 
"Route is required"
        },
        {
          "origin": 
"number",
          "code": 
"too_small",
          "minimum": 0,
          "inclusive": 
true,
          "path": [
            "endMeter"
          ],
          "message": "End 
meter must be positive"
        },
        {
          "origin": 
"number",
          "code": 
"too_small",
          "minimum": 0,
          "inclusive": 
true,
          "path": [
            "hireRate"
          ],
          "message": "Hire 
rate must be positive"
        },
        {
          "origin": 
"number",
          "code": 
"too_small",
          "minimum": 0,
          "inclusive": 
true,
          "path": [
            "packageCharge"
          ],
          "message": 
"Package charge must be 
positive"
        },
        {
          "code": "custom",
          "path": [
            "endMeter"
          ],
          "message": "End 
meter must be greater than 
start meter"
        }
      ]
          at parse (E:\proj
ects\tourBiller\src\lib\act
ions.ts:27:38)
          at E:\projects\to
urBiller\src\__tests__\prop
erties\invalid-bill-rejecti
on.test.ts:75:52
          at 
AsyncProperty.predicate (E:
\projects\tourBiller\node_m
odules\fast-check\lib\cjs\c
heck\property\AsyncProperty
.js:17:102)
          at 
AsyncProperty.run (E:\proje
cts\tourBiller\node_modules
\fast-check\lib\cjs\check\p
roperty\AsyncProperty.gener
ic.js:46:39)
          at asyncRunIt (E:
\projects\tourBiller\node_m
odules\fast-check\lib\cjs\c
heck\runner\Runner.js:28:36
)
          at 
processTicksAndRejections (
node:internal/process/task_
queues:103:5)
          at 
Object.<anonymous> (E:\proj
ects\tourBiller\src\__tests
__\properties\invalid-bill-
rejection.test.ts:24:9)

    [0m [90m 53 |[39m   
  }[33m;[39m
     [90m 54 |[39m   } 
[36mcatch[39m (error) {
    
[31m[1m>[22m[39m[90m 
55 |[39m     console[33m.
[39merror([32m'Error 
creating 
bill:'[39m[33m,[39m 
error)[33m;[39m
     [90m    |[39m       
      [31m[1m^[22m[39m
     [90m 56 |[39m     
     [90m 57 |[39m     
[36mif[39m (error 
[36minstanceof[39m 
[33mError[39m) {
     [90m 58 |[39m       
[36mreturn[39m {[0m

      at error 
(src/lib/actions.ts:55:13)
      at src/__tests__/prop
erties/invalid-bill-rejecti
on.test.ts:75:52
      at 
AsyncProperty.predicate (no
de_modules/fast-check/lib/c
js/check/property/AsyncProp
erty.js:17:102)
      at AsyncProperty.run 
(node_modules/fast-check/li
b/cjs/check/property/AsyncP
roperty.generic.js:46:39)
      at asyncRunIt (node_m
odules/fast-check/lib/cjs/c
heck/runner/Runner.js:28:36
)
      at 
Object.<anonymous> (src/__t
ests__/properties/invalid-b
ill-rejection.test.ts:24:9)

    console.error
      Error creating bill: 
ZodError: [
        {
          "origin": 
"string",
          "code": 
"too_small",
          "minimum": 1,
          "inclusive": 
true,
          "path": [
            "vehicleNo"
          ],
          "message": 
"Vehicle number is 
required"
        },
        {
          "origin": 
"string",
          "code": 
"too_small",
          "minimum": 1,
          "inclusive": 
true,
          "path": [
            "route"
          ],
          "message": 
"Route is required"
        },
        {
          "origin": 
"number",
          "code": 
"too_small",
          "minimum": 0,
          "inclusive": 
true,
          "path": [
            "startMeter"
          ],
          "message": 
"Start meter must be 
positive"
        },
        {
          "origin": 
"number",
          "code": 
"too_small",
          "minimum": 0,
          "inclusive": 
true,
          "path": [
            "waitingCharge"
          ],
          "message": 
"Waiting charge must be 
positive"
        },
        {
          "origin": 
"number",
          "code": 
"too_small",
          "minimum": 0,
          "inclusive": 
true,
          "path": [
            "gatePass"
          ],
          "message": "Gate 
pass must be positive"
        },
        {
          "origin": 
"number",
          "code": 
"too_small",
          "minimum": 0,
          "inclusive": 
true,
          "path": [
            "packageCharge"
          ],
          "message": 
"Package charge must be 
positive"
        }
      ]
          at parse (E:\proj
ects\tourBiller\src\lib\act
ions.ts:27:38)
          at E:\projects\to
urBiller\src\__tests__\prop
erties\invalid-bill-rejecti
on.test.ts:75:52
          at 
AsyncProperty.predicate (E:
\projects\tourBiller\node_m
odules\fast-check\lib\cjs\c
heck\property\AsyncProperty
.js:17:102)
          at 
AsyncProperty.run (E:\proje
cts\tourBiller\node_modules
\fast-check\lib\cjs\check\p
roperty\AsyncProperty.gener
ic.js:46:39)
          at asyncRunIt (E:
\projects\tourBiller\node_m
odules\fast-check\lib\cjs\c
heck\runner\Runner.js:28:36
)
          at 
processTicksAndRejections (
node:internal/process/task_
queues:103:5)
          at 
Object.<anonymous> (E:\proj
ects\tourBiller\src\__tests
__\properties\invalid-bill-
rejection.test.ts:24:9)

    [0m [90m 53 |[39m   
  }[33m;[39m
     [90m 54 |[39m   } 
[36mcatch[39m (error) {
    
[31m[1m>[22m[39m[90m 
55 |[39m     console[33m.
[39merror([32m'Error 
creating 
bill:'[39m[33m,[39m 
error)[33m;[39m
     [90m    |[39m       
      [31m[1m^[22m[39m
     [90m 56 |[39m     
     [90m 57 |[39m     
[36mif[39m (error 
[36minstanceof[39m 
[33mError[39m) {
     [90m 58 |[39m       
[36mreturn[39m {[0m

      at error 
(src/lib/actions.ts:55:13)
      at src/__tests__/prop
erties/invalid-bill-rejecti
on.test.ts:75:52
      at 
AsyncProperty.predicate (no
de_modules/fast-check/lib/c
js/check/property/AsyncProp
erty.js:17:102)
      at AsyncProperty.run 
(node_modules/fast-check/li
b/cjs/check/property/AsyncP
roperty.generic.js:46:39)
      at asyncRunIt (node_m
odules/fast-check/lib/cjs/c
heck/runner/Runner.js:28:36
)
      at 
Object.<anonymous> (src/__t
ests__/properties/invalid-b
ill-rejection.test.ts:24:9)

    console.error
      Error creating bill: 
ZodError: [
        {
          "origin": 
"string",
          "code": 
"too_small",
          "minimum": 1,
          "inclusive": 
true,
          "path": [
            "vehicleNo"
          ],
          "message": 
"Vehicle number is 
required"
        },
        {
          "origin": 
"string",
          "code": 
"too_small",
          "minimum": 1,
          "inclusive": 
true,
          "path": [
            "customerName"
          ],
          "message": 
"Customer name is required"
        },
        {
          "origin": 
"number",
          "code": 
"too_small",
          "minimum": 0,
          "inclusive": 
true,
          "path": [
            "endMeter"
          ],
          "message": "End 
meter must be positive"
        },
        {
          "origin": 
"number",
          "code": 
"too_small",
          "minimum": 0,
          "inclusive": 
true,
          "path": [
            "hireRate"
          ],
          "message": "Hire 
rate must be positive"
        },
        {
          "origin": 
"number",
          "code": 
"too_small",
          "minimum": 0,
          "inclusive": 
true,
          "path": [
            "waitingCharge"
          ],
          "message": 
"Waiting charge must be 
positive"
        },
        {
          "code": "custom",
          "path": [
            "endMeter"
          ],
          "message": "End 
meter must be greater than 
start meter"
        }
      ]
          at parse (E:\proj
ects\tourBiller\src\lib\act
ions.ts:27:38)
          at E:\projects\to
urBiller\src\__tests__\prop
erties\invalid-bill-rejecti
on.test.ts:75:52
          at 
AsyncProperty.predicate (E:
\projects\tourBiller\node_m
odules\fast-check\lib\cjs\c
heck\property\AsyncProperty
.js:17:102)
          at 
AsyncProperty.run (E:\proje
cts\tourBiller\node_modules
\fast-check\lib\cjs\check\p
roperty\AsyncProperty.gener
ic.js:46:39)
          at asyncRunIt (E:
\projects\tourBiller\node_m
odules\fast-check\lib\cjs\c
heck\runner\Runner.js:28:36
)
          at 
processTicksAndRejections (
node:internal/process/task_
queues:103:5)
          at 
Object.<anonymous> (E:\proj
ects\tourBiller\src\__tests
__\properties\invalid-bill-
rejection.test.ts:24:9)

    [0m [90m 53 |[39m   
  }[33m;[39m
     [90m 54 |[39m   } 
[36mcatch[39m (error) {
    
[31m[1m>[22m[39m[90m 
55 |[39m     console[33m.
[39merror([32m'Error 
creating 
bill:'[39m[33m,[39m 
error)[33m;[39m
     [90m    |[39m       
      [31m[1m^[22m[39m
     [90m 56 |[39m     
     [90m 57 |[39m     
[36mif[39m (error 
[36minstanceof[39m 
[33mError[39m) {
     [90m 58 |[39m       
[36mreturn[39m {[0m

      at error 
(src/lib/actions.ts:55:13)
      at src/__tests__/prop
erties/invalid-bill-rejecti
on.test.ts:75:52
      at 
AsyncProperty.predicate (no
de_modules/fast-check/lib/c
js/check/property/AsyncProp
erty.js:17:102)
      at AsyncProperty.run 
(node_modules/fast-check/li
b/cjs/check/property/AsyncP
roperty.generic.js:46:39)
      at asyncRunIt (node_m
odules/fast-check/lib/cjs/c
heck/runner/Runner.js:28:36
)
      at 
Object.<anonymous> (src/__t
ests__/properties/invalid-b
ill-rejection.test.ts:24:9)

    console.error
      Error creating bill: 
ZodError: [
        {
          "origin": 
"string",
          "code": 
"too_small",
          "minimum": 1,
          "inclusive": 
true,
          "path": [
            "customerName"
          ],
          "message": 
"Customer name is required"
        },
        {
          "origin": 
"number",
          "code": 
"too_small",
          "minimum": 0,
          "inclusive": 
true,
          "path": [
            "endMeter"
          ],
          "message": "End 
meter must be positive"
        },
        {
          "origin": 
"number",
          "code": 
"too_small",
          "minimum": 0,
          "inclusive": 
true,
          "path": [
            "hireRate"
          ],
          "message": "Hire 
rate must be positive"
        },
        {
          "origin": 
"number",
          "code": 
"too_small",
          "minimum": 0,
          "inclusive": 
true,
          "path": [
            "packageCharge"
          ],
          "message": 
"Package charge must be 
positive"
        },
        {
          "code": "custom",
          "path": [
            "endMeter"
          ],
          "message": "End 
meter must be greater than 
start meter"
        }
      ]
          at parse (E:\proj
ects\tourBiller\src\lib\act
ions.ts:27:38)
          at E:\projects\to
urBiller\src\__tests__\prop
erties\invalid-bill-rejecti
on.test.ts:75:52
          at 
AsyncProperty.predicate (E:
\projects\tourBiller\node_m
odules\fast-check\lib\cjs\c
heck\property\AsyncProperty
.js:17:102)
          at 
AsyncProperty.run (E:\proje
cts\tourBiller\node_modules
\fast-check\lib\cjs\check\p
roperty\AsyncProperty.gener
ic.js:46:39)
          at asyncRunIt (E:
\projects\tourBiller\node_m
odules\fast-check\lib\cjs\c
heck\runner\Runner.js:28:36
)
          at 
processTicksAndRejections (
node:internal/process/task_
queues:103:5)
          at 
Object.<anonymous> (E:\proj
ects\tourBiller\src\__tests
__\properties\invalid-bill-
rejection.test.ts:24:9)

    [0m [90m 53 |[39m   
  }[33m;[39m
     [90m 54 |[39m   } 
[36mcatch[39m (error) {
    
[31m[1m>[22m[39m[90m 
55 |[39m     console[33m.
[39merror([32m'Error 
creating 
bill:'[39m[33m,[39m 
error)[33m;[39m
     [90m    |[39m       
      [31m[1m^[22m[39m
     [90m 56 |[39m     
     [90m 57 |[39m     
[36mif[39m (error 
[36minstanceof[39m 
[33mError[39m) {
     [90m 58 |[39m       
[36mreturn[39m {[0m

      at error 
(src/lib/actions.ts:55:13)
      at src/__tests__/prop
erties/invalid-bill-rejecti
on.test.ts:75:52
      at 
AsyncProperty.predicate (no
de_modules/fast-check/lib/c
js/check/property/AsyncProp
erty.js:17:102)
      at AsyncProperty.run 
(node_modules/fast-check/li
b/cjs/check/property/AsyncP
roperty.generic.js:46:39)
      at asyncRunIt (node_m
odules/fast-check/lib/cjs/c
heck/runner/Runner.js:28:36
)
      at 
Object.<anonymous> (src/__t
ests__/properties/invalid-b
ill-rejection.test.ts:24:9)

    console.error
      Error creating bill: 
ZodError: [
        {
          "origin": 
"number",
          "code": 
"too_small",
          "minimum": 0,
          "inclusive": 
true,
          "path": [
            "waitingCharge"
          ],
          "message": 
"Waiting charge must be 
positive"
        },
        {
          "origin": 
"number",
          "code": 
"too_small",
          "minimum": 0,
          "inclusive": 
true,
          "path": [
            "gatePass"
          ],
          "message": "Gate 
pass must be positive"
        },
        {
          "code": "custom",
          "path": [
            "endMeter"
          ],
          "message": "End 
meter must be greater than 
start meter"
        }
      ]
          at parse (E:\proj
ects\tourBiller\src\lib\act
ions.ts:27:38)
          at E:\projects\to
urBiller\src\__tests__\prop
erties\invalid-bill-rejecti
on.test.ts:75:52
          at 
AsyncProperty.predicate (E:
\projects\tourBiller\node_m
odules\fast-check\lib\cjs\c
heck\property\AsyncProperty
.js:17:102)
          at 
AsyncProperty.run (E:\proje
cts\tourBiller\node_modules
\fast-check\lib\cjs\check\p
roperty\AsyncProperty.gener
ic.js:46:39)
          at asyncRunIt (E:
\projects\tourBiller\node_m
odules\fast-check\lib\cjs\c
heck\runner\Runner.js:28:36
)
          at 
processTicksAndRejections (
node:internal/process/task_
queues:103:5)
          at 
Object.<anonymous> (E:\proj
ects\tourBiller\src\__tests
__\properties\invalid-bill-
rejection.test.ts:24:9)

    [0m [90m 53 |[39m   
  }[33m;[39m
     [90m 54 |[39m   } 
[36mcatch[39m (error) {
    
[31m[1m>[22m[39m[90m 
55 |[39m     console[33m.
[39merror([32m'Error 
creating 
bill:'[39m[33m,[39m 
error)[33m;[39m
     [90m    |[39m       
      [31m[1m^[22m[39m
     [90m 56 |[39m     
     [90m 57 |[39m     
[36mif[39m (error 
[36minstanceof[39m 
[33mError[39m) {
     [90m 58 |[39m       
[36mreturn[39m {[0m

      at error 
(src/lib/actions.ts:55:13)
      at src/__tests__/prop
erties/invalid-bill-rejecti
on.test.ts:75:52
      at 
AsyncProperty.predicate (no
de_modules/fast-check/lib/c
js/check/property/AsyncProp
erty.js:17:102)
      at AsyncProperty.run 
(node_modules/fast-check/li
b/cjs/check/property/AsyncP
roperty.generic.js:46:39)
      at asyncRunIt (node_m
odules/fast-check/lib/cjs/c
heck/runner/Runner.js:28:36
)
      at 
Object.<anonymous> (src/__t
ests__/properties/invalid-b
ill-rejection.test.ts:24:9)

    console.error
      Error creating bill: 
ZodError: [
        {
          "origin": 
"string",
          "code": 
"too_small",
          "minimum": 1,
          "inclusive": 
true,
          "path": [
            "vehicleNo"
          ],
          "message": 
"Vehicle number is 
required"
        },
        {
          "origin": 
"string",
          "code": 
"too_small",
          "minimum": 1,
          "inclusive": 
true,
          "path": [
            "route"
          ],
          "message": 
"Route is required"
        },
        {
          "origin": 
"number",
          "code": 
"too_small",
          "minimum": 0,
          "inclusive": 
true,
          "path": [
            "endMeter"
          ],
          "message": "End 
meter must be positive"
        },
        {
          "origin": 
"number",
          "code": 
"too_small",
          "minimum": 0,
          "inclusive": 
true,
          "path": [
            "hireRate"
          ],
          "message": "Hire 
rate must be positive"
        },
        {
          "origin": 
"number",
          "code": 
"too_small",
          "minimum": 0,
          "inclusive": 
true,
          "path": [
            "gatePass"
          ],
          "message": "Gate 
pass must be positive"
        },
        {
          "origin": 
"number",
          "code": 
"too_small",
          "minimum": 0,
          "inclusive": 
true,
          "path": [
            "packageCharge"
          ],
          "message": 
"Package charge must be 
positive"
        },
        {
          "code": "custom",
          "path": [
            "endMeter"
          ],
          "message": "End 
meter must be greater than 
start meter"
        }
      ]
          at parse (E:\proj
ects\tourBiller\src\lib\act
ions.ts:27:38)
          at E:\projects\to
urBiller\src\__tests__\prop
erties\invalid-bill-rejecti
on.test.ts:75:52
          at 
AsyncProperty.predicate (E:
\projects\tourBiller\node_m
odules\fast-check\lib\cjs\c
heck\property\AsyncProperty
.js:17:102)
          at 
AsyncProperty.run (E:\proje
cts\tourBiller\node_modules
\fast-check\lib\cjs\check\p
roperty\AsyncProperty.gener
ic.js:46:39)
          at asyncRunIt (E:
\projects\tourBiller\node_m
odules\fast-check\lib\cjs\c
heck\runner\Runner.js:28:36
)
          at 
processTicksAndRejections (
node:internal/process/task_
queues:103:5)
          at 
Object.<anonymous> (E:\proj
ects\tourBiller\src\__tests
__\properties\invalid-bill-
rejection.test.ts:24:9)

    [0m [90m 53 |[39m   
  }[33m;[39m
     [90m 54 |[39m   } 
[36mcatch[39m (error) {
    
[31m[1m>[22m[39m[90m 
55 |[39m     console[33m.
[39merror([32m'Error 
creating 
bill:'[39m[33m,[39m 
error)[33m;[39m
     [90m    |[39m       
      [31m[1m^[22m[39m
     [90m 56 |[39m     
     [90m 57 |[39m     
[36mif[39m (error 
[36minstanceof[39m 
[33mError[39m) {
     [90m 58 |[39m       
[36mreturn[39m {[0m

      at error 
(src/lib/actions.ts:55:13)
      at src/__tests__/prop
erties/invalid-bill-rejecti
on.test.ts:75:52
      at 
AsyncProperty.predicate (no
de_modules/fast-check/lib/c
js/check/property/AsyncProp
erty.js:17:102)
      at AsyncProperty.run 
(node_modules/fast-check/li
b/cjs/check/property/AsyncP
roperty.generic.js:46:39)
      at asyncRunIt (node_m
odules/fast-check/lib/cjs/c
heck/runner/Runner.js:28:36
)
      at 
Object.<anonymous> (src/__t
ests__/properties/invalid-b
ill-rejection.test.ts:24:9)

    console.error
      Error creating bill: 
ZodError: [
        {
          "origin": 
"string",
          "code": 
"too_small",
          "minimum": 1,
          "inclusive": 
true,
          "path": [
            "vehicleNo"
          ],
          "message": 
"Vehicle number is 
required"
        },
        {
          "origin": 
"string",
          "code": 
"too_small",
          "minimum": 1,
          "inclusive": 
true,
          "path": [
            "customerName"
          ],
          "message": 
"Customer name is required"
        },
        {
          "origin": 
"string",
          "code": 
"too_small",
          "minimum": 1,
          "inclusive": 
true,
          "path": [
            "route"
          ],
          "message": 
"Route is required"
        },
        {
          "origin": 
"number",
          "code": 
"too_small",
          "minimum": 0,
          "inclusive": 
true,
          "path": [
            "endMeter"
          ],
          "message": "End 
meter must be positive"
        },
        {
          "origin": 
"number",
          "code": 
"too_small",
          "minimum": 0,
          "inclusive": 
true,
          "path": [
            "hireRate"
          ],
          "message": "Hire 
rate must be positive"
        },
        {
          "origin": 
"number",
          "code": 
"too_small",
          "minimum": 0,
          "inclusive": 
true,
          "path": [
            "gatePass"
          ],
          "message": "Gate 
pass must be positive"
        },
        {
          "code": "custom",
          "path": [
            "endMeter"
          ],
          "message": "End 
meter must be greater than 
start meter"
        }
      ]
          at parse (E:\proj
ects\tourBiller\src\lib\act
ions.ts:27:38)
          at E:\projects\to
urBiller\src\__tests__\prop
erties\invalid-bill-rejecti
on.test.ts:75:52
          at 
AsyncProperty.predicate (E:
\projects\tourBiller\node_m
odules\fast-check\lib\cjs\c
heck\property\AsyncProperty
.js:17:102)
          at 
AsyncProperty.run (E:\proje
cts\tourBiller\node_modules
\fast-check\lib\cjs\check\p
roperty\AsyncProperty.gener
ic.js:46:39)
          at asyncRunIt (E:
\projects\tourBiller\node_m
odules\fast-check\lib\cjs\c
heck\runner\Runner.js:28:36
)
          at 
processTicksAndRejections (
node:internal/process/task_
queues:103:5)
          at 
Object.<anonymous> (E:\proj
ects\tourBiller\src\__tests
__\properties\invalid-bill-
rejection.test.ts:24:9)

    [0m [90m 53 |[39m   
  }[33m;[39m
     [90m 54 |[39m   } 
[36mcatch[39m (error) {
    
[31m[1m>[22m[39m[90m 
55 |[39m     console[33m.
[39merror([32m'Error 
creating 
bill:'[39m[33m,[39m 
error)[33m;[39m
     [90m    |[39m       
      [31m[1m^[22m[39m
     [90m 56 |[39m     
     [90m 57 |[39m     
[36mif[39m (error 
[36minstanceof[39m 
[33mError[39m) {
     [90m 58 |[39m       
[36mreturn[39m {[0m

      at error 
(src/lib/actions.ts:55:13)
      at src/__tests__/prop
erties/invalid-bill-rejecti
on.test.ts:75:52
      at 
AsyncProperty.predicate (no
de_modules/fast-check/lib/c
js/check/property/AsyncProp
erty.js:17:102)
      at AsyncProperty.run 
(node_modules/fast-check/li
b/cjs/check/property/AsyncP
roperty.generic.js:46:39)
      at asyncRunIt (node_m
odules/fast-check/lib/cjs/c
heck/runner/Runner.js:28:36
)
      at 
Object.<anonymous> (src/__t
ests__/properties/invalid-b
ill-rejection.test.ts:24:9)

    console.error
      Error creating bill: 
ZodError: [
        {
          "origin": 
"string",
          "code": 
"too_small",
          "minimum": 1,
          "inclusive": 
true,
          "path": [
            "route"
          ],
          "message": 
"Route is required"
        },
        {
          "origin": 
"number",
          "code": 
"too_small",
          "minimum": 0,
          "inclusive": 
true,
          "path": [
            "startMeter"
          ],
          "message": 
"Start meter must be 
positive"
        },
        {
          "origin": 
"number",
          "code": 
"too_small",
          "minimum": 0,
          "inclusive": 
true,
          "path": [
            "waitingCharge"
          ],
          "message": 
"Waiting charge must be 
positive"
        },
        {
          "origin": 
"number",
          "code": 
"too_small",
          "minimum": 0,
          "inclusive": 
true,
          "path": [
            "gatePass"
          ],
          "message": "Gate 
pass must be positive"
        },
        {
          "origin": 
"number",
          "code": 
"too_small",
          "minimum": 0,
          "inclusive": 
true,
          "path": [
            "packageCharge"
          ],
          "message": 
"Package charge must be 
positive"
        }
      ]
          at parse (E:\proj
ects\tourBiller\src\lib\act
ions.ts:27:38)
          at E:\projects\to
urBiller\src\__tests__\prop
erties\invalid-bill-rejecti
on.test.ts:75:52
          at 
AsyncProperty.predicate (E:
\projects\tourBiller\node_m
odules\fast-check\lib\cjs\c
heck\property\AsyncProperty
.js:17:102)
          at 
AsyncProperty.run (E:\proje
cts\tourBiller\node_modules
\fast-check\lib\cjs\check\p
roperty\AsyncProperty.gener
ic.js:46:39)
          at asyncRunIt (E:
\projects\tourBiller\node_m
odules\fast-check\lib\cjs\c
heck\runner\Runner.js:28:36
)
          at 
processTicksAndRejections (
node:internal/process/task_
queues:103:5)
          at 
Object.<anonymous> (E:\proj
ects\tourBiller\src\__tests
__\properties\invalid-bill-
rejection.test.ts:24:9)

    [0m [90m 53 |[39m   
  }[33m;[39m
     [90m 54 |[39m   } 
[36mcatch[39m (error) {
    
[31m[1m>[22m[39m[90m 
55 |[39m     console[33m.
[39merror([32m'Error 
creating 
bill:'[39m[33m,[39m 
error)[33m;[39m
     [90m    |[39m       
      [31m[1m^[22m[39m
     [90m 56 |[39m     
     [90m 57 |[39m     
[36mif[39m (error 
[36minstanceof[39m 
[33mError[39m) {
     [90m 58 |[39m       
[36mreturn[39m {[0m

      at error 
(src/lib/actions.ts:55:13)
      at src/__tests__/prop
erties/invalid-bill-rejecti
on.test.ts:75:52
      at 
AsyncProperty.predicate (no
de_modules/fast-check/lib/c
js/check/property/AsyncProp
erty.js:17:102)
      at AsyncProperty.run 
(node_modules/fast-check/li
b/cjs/check/property/AsyncP
roperty.generic.js:46:39)
      at asyncRunIt (node_m
odules/fast-check/lib/cjs/c
heck/runner/Runner.js:28:36
)
      at 
Object.<anonymous> (src/__t
ests__/properties/invalid-b
ill-rejection.test.ts:24:9)

    console.error
      Error creating bill: 
ZodError: [
        {
          "origin": 
"number",
          "code": 
"too_small",
          "minimum": 0,
          "inclusive": 
true,
          "path": [
            "startMeter"
          ],
          "message": 
"Start meter must be 
positive"
        },
        {
          "origin": 
"number",
          "code": 
"too_small",
          "minimum": 0,
          "inclusive": 
true,
          "path": [
            "waitingCharge"
          ],
          "message": 
"Waiting charge must be 
positive"
        },
        {
          "origin": 
"number",
          "code": 
"too_small",
          "minimum": 0,
          "inclusive": 
true,
          "path": [
            "packageCharge"
          ],
          "message": 
"Package charge must be 
positive"
        }
      ]
          at parse (E:\proj
ects\tourBiller\src\lib\act
ions.ts:27:38)
          at E:\projects\to
urBiller\src\__tests__\prop
erties\invalid-bill-rejecti
on.test.ts:75:52
          at 
AsyncProperty.predicate (E:
\projects\tourBiller\node_m
odules\fast-check\lib\cjs\c
heck\property\AsyncProperty
.js:17:102)
          at 
AsyncProperty.run (E:\proje
cts\tourBiller\node_modules
\fast-check\lib\cjs\check\p
roperty\AsyncProperty.gener
ic.js:46:39)
          at asyncRunIt (E:
\projects\tourBiller\node_m
odules\fast-check\lib\cjs\c
heck\runner\Runner.js:28:36
)
          at 
processTicksAndRejections (
node:internal/process/task_
queues:103:5)
          at 
Object.<anonymous> (E:\proj
ects\tourBiller\src\__tests
__\properties\invalid-bill-
rejection.test.ts:24:9)

    [0m [90m 53 |[39m   
  }[33m;[39m
     [90m 54 |[39m   } 
[36mcatch[39m (error) {
    
[31m[1m>[22m[39m[90m 
55 |[39m     console[33m.
[39merror([32m'Error 
creating 
bill:'[39m[33m,[39m 
error)[33m;[39m
     [90m    |[39m       
      [31m[1m^[22m[39m
     [90m 56 |[39m     
     [90m 57 |[39m     
[36mif[39m (error 
[36minstanceof[39m 
[33mError[39m) {
     [90m 58 |[39m       
[36mreturn[39m {[0m

      at error 
(src/lib/actions.ts:55:13)
      at src/__tests__/prop
erties/invalid-bill-rejecti
on.test.ts:75:52
      at 
AsyncProperty.predicate (no
de_modules/fast-check/lib/c
js/check/property/AsyncProp
erty.js:17:102)
      at AsyncProperty.run 
(node_modules/fast-check/li
b/cjs/check/property/AsyncP
roperty.generic.js:46:39)
      at asyncRunIt (node_m
odules/fast-check/lib/cjs/c
heck/runner/Runner.js:28:36
)
      at 
Object.<anonymous> (src/__t
ests__/properties/invalid-b
ill-rejection.test.ts:24:9)

    console.error
      Error creating bill: 
ZodError: [
        {
          "origin": 
"string",
          "code": 
"too_small",
          "minimum": 1,
          "inclusive": 
true,
          "path": [
            "customerName"
          ],
          "message": 
"Customer name is required"
        },
        {
          "origin": 
"string",
          "code": 
"too_small",
          "minimum": 1,
          "inclusive": 
true,
          "path": [
            "route"
          ],
          "message": 
"Route is required"
        },
        {
          "origin": 
"number",
          "code": 
"too_small",
          "minimum": 0,
          "inclusive": 
true,
          "path": [
            "startMeter"
          ],
          "message": 
"Start meter must be 
positive"
        },
        {
          "origin": 
"number",
          "code": 
"too_small",
          "minimum": 0,
          "inclusive": 
true,
          "path": [
            "endMeter"
          ],
          "message": "End 
meter must be positive"
        },
        {
          "origin": 
"number",
          "code": 
"too_small",
          "minimum": 0,
          "inclusive": 
true,
          "path": [
            "hireRate"
          ],
          "message": "Hire 
rate must be positive"
        },
        {
          "origin": 
"number",
          "code": 
"too_small",
          "minimum": 0,
          "inclusive": 
true,
          "path": [
            "waitingCharge"
          ],
          "message": 
"Waiting charge must be 
positive"
        },
        {
          "code": "custom",
          "path": [
            "endMeter"
          ],
          "message": "End 
meter must be greater than 
start meter"
        }
      ]
          at parse (E:\proj
ects\tourBiller\src\lib\act
ions.ts:27:38)
          at E:\projects\to
urBiller\src\__tests__\prop
erties\invalid-bill-rejecti
on.test.ts:75:52
          at 
AsyncProperty.predicate (E:
\projects\tourBiller\node_m
odules\fast-check\lib\cjs\c
heck\property\AsyncProperty
.js:17:102)
          at 
AsyncProperty.run (E:\proje
cts\tourBiller\node_modules
\fast-check\lib\cjs\check\p
roperty\AsyncProperty.gener
ic.js:46:39)
          at asyncRunIt (E:
\projects\tourBiller\node_m
odules\fast-check\lib\cjs\c
heck\runner\Runner.js:28:36
)
          at 
processTicksAndRejections (
node:internal/process/task_
queues:103:5)
          at 
Object.<anonymous> (E:\proj
ects\tourBiller\src\__tests
__\properties\invalid-bill-
rejection.test.ts:24:9)

    [0m [90m 53 |[39m   
  }[33m;[39m
     [90m 54 |[39m   } 
[36mcatch[39m (error) {
    
[31m[1m>[22m[39m[90m 
55 |[39m     console[33m.
[39merror([32m'Error 
creating 
bill:'[39m[33m,[39m 
error)[33m;[39m
     [90m    |[39m       
      [31m[1m^[22m[39m
     [90m 56 |[39m     
     [90m 57 |[39m     
[36mif[39m (error 
[36minstanceof[39m 
[33mError[39m) {
     [90m 58 |[39m       
[36mreturn[39m {[0m

      at error 
(src/lib/actions.ts:55:13)
      at src/__tests__/prop
erties/invalid-bill-rejecti
on.test.ts:75:52
      at 
AsyncProperty.predicate (no
de_modules/fast-check/lib/c
js/check/property/AsyncProp
erty.js:17:102)
      at AsyncProperty.run 
(node_modules/fast-check/li
b/cjs/check/property/AsyncP
roperty.generic.js:46:39)
      at asyncRunIt (node_m
odules/fast-check/lib/cjs/c
heck/runner/Runner.js:28:36
)
      at 
Object.<anonymous> (src/__t
ests__/properties/invalid-b
ill-rejection.test.ts:24:9)

    console.error
      Error creating bill: 
ZodError: [
        {
          "origin": 
"string",
          "code": 
"too_small",
          "minimum": 1,
          "inclusive": 
true,
          "path": [
            "vehicleNo"
          ],
          "message": 
"Vehicle number is 
required"
        },
        {
          "origin": 
"string",
          "code": 
"too_small",
          "minimum": 1,
          "inclusive": 
true,
          "path": [
            "customerName"
          ],
          "message": 
"Customer name is required"
        },
        {
          "origin": 
"string",
          "code": 
"too_small",
          "minimum": 1,
          "inclusive": 
true,
          "path": [
            "route"
          ],
          "message": 
"Route is required"
        },
        {
          "origin": 
"number",
          "code": 
"too_small",
          "minimum": 0,
          "inclusive": 
true,
          "path": [
            "startMeter"
          ],
          "message": 
"Start meter must be 
positive"
        },
        {
          "expected": 
"number",
          "code": 
"invalid_type",
          "received": 
"Infinity",
          "path": [
            "endMeter"
          ],
          "message": 
"Invalid input: expected 
number, received number"
        },
        {
          "origin": 
"number",
          "code": 
"too_small",
          "minimum": 0,
          "inclusive": 
true,
          "path": [
            "packageCharge"
          ],
          "message": 
"Package charge must be 
positive"
        }
      ]
          at parse (E:\proj
ects\tourBiller\src\lib\act
ions.ts:27:38)
          at E:\projects\to
urBiller\src\__tests__\prop
erties\invalid-bill-rejecti
on.test.ts:75:52
          at 
AsyncProperty.predicate (E:
\projects\tourBiller\node_m
odules\fast-check\lib\cjs\c
heck\property\AsyncProperty
.js:17:102)
          at 
AsyncProperty.run (E:\proje
cts\tourBiller\node_modules
\fast-check\lib\cjs\check\p
roperty\AsyncProperty.gener
ic.js:46:39)
          at asyncRunIt (E:
\projects\tourBiller\node_m
odules\fast-check\lib\cjs\c
heck\runner\Runner.js:28:36
)
          at 
processTicksAndRejections (
node:internal/process/task_
queues:103:5)
          at 
Object.<anonymous> (E:\proj
ects\tourBiller\src\__tests
__\properties\invalid-bill-
rejection.test.ts:24:9)

    [0m [90m 53 |[39m   
  }[33m;[39m
     [90m 54 |[39m   } 
[36mcatch[39m (error) {
    
[31m[1m>[22m[39m[90m 
55 |[39m     console[33m.
[39merror([32m'Error 
creating 
bill:'[39m[33m,[39m 
error)[33m;[39m
     [90m    |[39m       
      [31m[1m^[22m[39m
     [90m 56 |[39m     
     [90m 57 |[39m     
[36mif[39m (error 
[36minstanceof[39m 
[33mError[39m) {
     [90m 58 |[39m       
[36mreturn[39m {[0m

      at error 
(src/lib/actions.ts:55:13)
      at src/__tests__/prop
erties/invalid-bill-rejecti
on.test.ts:75:52
      at 
AsyncProperty.predicate (no
de_modules/fast-check/lib/c
js/check/property/AsyncProp
erty.js:17:102)
      at AsyncProperty.run 
(node_modules/fast-check/li
b/cjs/check/property/AsyncP
roperty.generic.js:46:39)
      at asyncRunIt (node_m
odules/fast-check/lib/cjs/c
heck/runner/Runner.js:28:36
)
      at 
Object.<anonymous> (src/__t
ests__/properties/invalid-b
ill-rejection.test.ts:24:9)

    console.error
      Error creating bill: 
ZodError: [
        {
          "origin": 
"string",
          "code": 
"too_small",
          "minimum": 1,
          "inclusive": 
true,
          "path": [
            "customerName"
          ],
          "message": 
"Customer name is required"
        },
        {
          "origin": 
"number",
          "code": 
"too_small",
          "minimum": 0,
          "inclusive": 
true,
          "path": [
            "startMeter"
          ],
          "message": 
"Start meter must be 
positive"
        },
        {
          "origin": 
"number",
          "code": 
"too_small",
          "minimum": 0,
          "inclusive": 
true,
          "path": [
            "endMeter"
          ],
          "message": "End 
meter must be positive"
        },
        {
          "origin": 
"number",
          "code": 
"too_small",
          "minimum": 0,
          "inclusive": 
true,
          "path": [
            "packageCharge"
          ],
          "message": 
"Package charge must be 
positive"
        }
      ]
          at parse (E:\proj
ects\tourBiller\src\lib\act
ions.ts:27:38)
          at E:\projects\to
urBiller\src\__tests__\prop
erties\invalid-bill-rejecti
on.test.ts:75:52
          at 
AsyncProperty.predicate (E:
\projects\tourBiller\node_m
odules\fast-check\lib\cjs\c
heck\property\AsyncProperty
.js:17:102)
          at 
AsyncProperty.run (E:\proje
cts\tourBiller\node_modules
\fast-check\lib\cjs\check\p
roperty\AsyncProperty.gener
ic.js:46:39)
          at asyncRunIt (E:
\projects\tourBiller\node_m
odules\fast-check\lib\cjs\c
heck\runner\Runner.js:28:36
)
          at 
processTicksAndRejections (
node:internal/process/task_
queues:103:5)
          at 
Object.<anonymous> (E:\proj
ects\tourBiller\src\__tests
__\properties\invalid-bill-
rejection.test.ts:24:9)

    [0m [90m 53 |[39m   
  }[33m;[39m
     [90m 54 |[39m   } 
[36mcatch[39m (error) {
    
[31m[1m>[22m[39m[90m 
55 |[39m     console[33m.
[39merror([32m'Error 
creating 
bill:'[39m[33m,[39m 
error)[33m;[39m
     [90m    |[39m       
      [31m[1m^[22m[39m
     [90m 56 |[39m     
     [90m 57 |[39m     
[36mif[39m (error 
[36minstanceof[39m 
[33mError[39m) {
     [90m 58 |[39m       
[36mreturn[39m {[0m

      at error 
(src/lib/actions.ts:55:13)
      at src/__tests__/prop
erties/invalid-bill-rejecti
on.test.ts:75:52
      at 
AsyncProperty.predicate (no
de_modules/fast-check/lib/c
js/check/property/AsyncProp
erty.js:17:102)
      at AsyncProperty.run 
(node_modules/fast-check/li
b/cjs/check/property/AsyncP
roperty.generic.js:46:39)
      at asyncRunIt (node_m
odules/fast-check/lib/cjs/c
heck/runner/Runner.js:28:36
)
      at 
Object.<anonymous> (src/__t
ests__/properties/invalid-b
ill-rejection.test.ts:24:9)

    console.error
      Error creating bill: 
ZodError: [
        {
          "origin": 
"string",
          "code": 
"too_small",
          "minimum": 1,
          "inclusive": 
true,
          "path": [
            "vehicleNo"
          ],
          "message": 
"Vehicle number is 
required"
        },
        {
          "origin": 
"string",
          "code": 
"too_small",
          "minimum": 1,
          "inclusive": 
true,
          "path": [
            "customerName"
          ],
          "message": 
"Customer name is required"
        },
        {
          "origin": 
"string",
          "code": 
"too_small",
          "minimum": 1,
          "inclusive": 
true,
          "path": [
            "route"
          ],
          "message": 
"Route is required"
        },
        {
          "origin": 
"number",
          "code": 
"too_small",
          "minimum": 0,
          "inclusive": 
true,
          "path": [
            "hireRate"
          ],
          "message": "Hire 
rate must be positive"
        },
        {
          "origin": 
"number",
          "code": 
"too_small",
          "minimum": 0,
          "inclusive": 
true,
          "path": [
            "gatePass"
          ],
          "message": "Gate 
pass must be positive"
        }
      ]
          at parse (E:\proj
ects\tourBiller\src\lib\act
ions.ts:27:38)
          at E:\projects\to
urBiller\src\__tests__\prop
erties\invalid-bill-rejecti
on.test.ts:75:52
          at 
AsyncProperty.predicate (E:
\projects\tourBiller\node_m
odules\fast-check\lib\cjs\c
heck\property\AsyncProperty
.js:17:102)
          at 
AsyncProperty.run (E:\proje
cts\tourBiller\node_modules
\fast-check\lib\cjs\check\p
roperty\AsyncProperty.gener
ic.js:46:39)
          at asyncRunIt (E:
\projects\tourBiller\node_m
odules\fast-check\lib\cjs\c
heck\runner\Runner.js:28:36
)
          at 
processTicksAndRejections (
node:internal/process/task_
queues:103:5)
          at 
Object.<anonymous> (E:\proj
ects\tourBiller\src\__tests
__\properties\invalid-bill-
rejection.test.ts:24:9)

    [0m [90m 53 |[39m   
  }[33m;[39m
     [90m 54 |[39m   } 
[36mcatch[39m (error) {
    
[31m[1m>[22m[39m[90m 
55 |[39m     console[33m.
[39merror([32m'Error 
creating 
bill:'[39m[33m,[39m 
error)[33m;[39m
     [90m    |[39m       
      [31m[1m^[22m[39m
     [90m 56 |[39m     
     [90m 57 |[39m     
[36mif[39m (error 
[36minstanceof[39m 
[33mError[39m) {
     [90m 58 |[39m       
[36mreturn[39m {[0m

      at error 
(src/lib/actions.ts:55:13)
      at src/__tests__/prop
erties/invalid-bill-rejecti
on.test.ts:75:52
      at 
AsyncProperty.predicate (no
de_modules/fast-check/lib/c
js/check/property/AsyncProp
erty.js:17:102)
      at AsyncProperty.run 
(node_modules/fast-check/li
b/cjs/check/property/AsyncP
roperty.generic.js:46:39)
      at asyncRunIt (node_m
odules/fast-check/lib/cjs/c
heck/runner/Runner.js:28:36
)
      at 
Object.<anonymous> (src/__t
ests__/properties/invalid-b
ill-rejection.test.ts:24:9)

PASS src/__tests__/properti
es/validation-error-display
.test.tsx (7.156 s)
PASS src/__tests__/properti
es/bill-number-uniqueness.t
est.ts (8.478 s)
PASS src/__tests__/properti
es/database-error-handling.
test.ts
  ΓùÅ Console

    console.error
      Error creating bill: 
Error: !"toStr
          at E:\projects\to
urBiller\src\__tests__\prop
erties\database-error-handl
ing.test.ts:36:73
          at 
AsyncProperty.predicate (E:
\projects\tourBiller\node_m
odules\fast-check\lib\cjs\c
heck\property\AsyncProperty
.js:17:102)
          at 
AsyncProperty.run (E:\proje
cts\tourBiller\node_modules
\fast-check\lib\cjs\check\p
roperty\AsyncProperty.gener
ic.js:46:39)
          at asyncRunIt (E:
\projects\tourBiller\node_m
odules\fast-check\lib\cjs\c
heck\runner\Runner.js:28:36
)
          at 
processTicksAndRejections (
node:internal/process/task_
queues:103:5)
          at 
Object.<anonymous> (E:\proj
ects\tourBiller\src\__tests
__\properties\database-erro
r-handling.test.ts:29:9)

    [0m [90m 53 |[39m   
  }[33m;[39m
     [90m 54 |[39m   } 
[36mcatch[39m (error) {
    
[31m[1m>[22m[39m[90m 
55 |[39m     console[33m.
[39merror([32m'Error 
creating 
bill:'[39m[33m,[39m 
error)[33m;[39m
     [90m    |[39m       
      [31m[1m^[22m[39m
     [90m 56 |[39m     
     [90m 57 |[39m     
[36mif[39m (error 
[36minstanceof[39m 
[33mError[39m) {
     [90m 58 |[39m       
[36mreturn[39m {[0m

      at error 
(src/lib/actions.ts:55:13)
      at src/__tests__/prop
erties/database-error-handl
ing.test.ts:47:36
      at AsyncProperty.run 
(node_modules/fast-check/li
b/cjs/check/property/AsyncP
roperty.generic.js:46:28)
      at asyncRunIt (node_m
odules/fast-check/lib/cjs/c
heck/runner/Runner.js:28:21
)
      at 
Object.<anonymous> (src/__t
ests__/properties/database-
error-handling.test.ts:29:9
)

    console.error
      Error creating bill: 
Error: ju{Vs4V{)7
          at E:\projects\to
urBiller\src\__tests__\prop
erties\database-error-handl
ing.test.ts:36:73
          at 
AsyncProperty.predicate (E:
\projects\tourBiller\node_m
odules\fast-check\lib\cjs\c
heck\property\AsyncProperty
.js:17:102)
          at 
AsyncProperty.run (E:\proje
cts\tourBiller\node_modules
\fast-check\lib\cjs\check\p
roperty\AsyncProperty.gener
ic.js:46:39)
          at asyncRunIt (E:
\projects\tourBiller\node_m
odules\fast-check\lib\cjs\c
heck\runner\Runner.js:28:36
)
          at 
processTicksAndRejections (
node:internal/process/task_
queues:103:5)
          at 
Object.<anonymous> (E:\proj
ects\tourBiller\src\__tests
__\properties\database-erro
r-handling.test.ts:29:9)

    [0m [90m 53 |[39m   
  }[33m;[39m
     [90m 54 |[39m   } 
[36mcatch[39m (error) {
    
[31m[1m>[22m[39m[90m 
55 |[39m     console[33m.
[39merror([32m'Error 
creating 
bill:'[39m[33m,[39m 
error)[33m;[39m
     [90m    |[39m       
      [31m[1m^[22m[39m
     [90m 56 |[39m     
     [90m 57 |[39m     
[36mif[39m (error 
[36minstanceof[39m 
[33mError[39m) {
     [90m 58 |[39m       
[36mreturn[39m {[0m

      at error 
(src/lib/actions.ts:55:13)
      at src/__tests__/prop
erties/database-error-handl
ing.test.ts:47:36
      at AsyncProperty.run 
(node_modules/fast-check/li
b/cjs/check/property/AsyncP
roperty.generic.js:46:28)
      at asyncRunIt (node_m
odules/fast-check/lib/cjs/c
heck/runner/Runner.js:28:21
)
      at 
Object.<anonymous> (src/__t
ests__/properties/database-
error-handling.test.ts:29:9
)

    console.error
      Error creating bill: 
Error: apply
          at E:\projects\to
urBiller\src\__tests__\prop
erties\database-error-handl
ing.test.ts:36:73
          at 
AsyncProperty.predicate (E:
\projects\tourBiller\node_m
odules\fast-check\lib\cjs\c
heck\property\AsyncProperty
.js:17:102)
          at 
AsyncProperty.run (E:\proje
cts\tourBiller\node_modules
\fast-check\lib\cjs\check\p
roperty\AsyncProperty.gener
ic.js:46:39)
          at asyncRunIt (E:
\projects\tourBiller\node_m
odules\fast-check\lib\cjs\c
heck\runner\Runner.js:28:36
)
          at 
processTicksAndRejections (
node:internal/process/task_
queues:103:5)
          at 
Object.<anonymous> (E:\proj
ects\tourBiller\src\__tests
__\properties\database-erro
r-handling.test.ts:29:9)

    [0m [90m 53 |[39m   
  }[33m;[39m
     [90m 54 |[39m   } 
[36mcatch[39m (error) {
    
[31m[1m>[22m[39m[90m 
55 |[39m     console[33m.
[39merror([32m'Error 
creating 
bill:'[39m[33m,[39m 
error)[33m;[39m
     [90m    |[39m       
      [31m[1m^[22m[39m
     [90m 56 |[39m     
     [90m 57 |[39m     
[36mif[39m (error 
[36minstanceof[39m 
[33mError[39m) {
     [90m 58 |[39m       
[36mreturn[39m {[0m

      at error 
(src/lib/actions.ts:55:13)
      at src/__tests__/prop
erties/database-error-handl
ing.test.ts:47:36
      at AsyncProperty.run 
(node_modules/fast-check/li
b/cjs/check/property/AsyncP
roperty.generic.js:46:28)
      at asyncRunIt (node_m
odules/fast-check/lib/cjs/c
heck/runner/Runner.js:28:21
)
      at 
Object.<anonymous> (src/__t
ests__/properties/database-
error-handling.test.ts:29:9
)

    console.error
      Error creating bill: 
Error: 
          at E:\projects\to
urBiller\src\__tests__\prop
erties\database-error-handl
ing.test.ts:36:73
          at 
AsyncProperty.predicate (E:
\projects\tourBiller\node_m
odules\fast-check\lib\cjs\c
heck\property\AsyncProperty
.js:17:102)
          at 
AsyncProperty.run (E:\proje
cts\tourBiller\node_modules
\fast-check\lib\cjs\check\p
roperty\AsyncProperty.gener
ic.js:46:39)
          at asyncRunIt (E:
\projects\tourBiller\node_m
odules\fast-check\lib\cjs\c
heck\runner\Runner.js:28:36
)
          at 
processTicksAndRejections (
node:internal/process/task_
queues:103:5)
          at 
Object.<anonymous> (E:\proj
ects\tourBiller\src\__tests
__\properties\database-erro
r-handling.test.ts:29:9)

    [0m [90m 53 |[39m   
  }[33m;[39m
     [90m 54 |[39m   } 
[36mcatch[39m (error) {
    
[31m[1m>[22m[39m[90m 
55 |[39m     console[33m.
[39merror([32m'Error 
creating 
bill:'[39m[33m,[39m 
error)[33m;[39m
     [90m    |[39m       
      [31m[1m^[22m[39m
     [90m 56 |[39m     
     [90m 57 |[39m     
[36mif[39m (error 
[36minstanceof[39m 
[33mError[39m) {
     [90m 58 |[39m       
[36mreturn[39m {[0m

      at error 
(src/lib/actions.ts:55:13)
      at src/__tests__/prop
erties/database-error-handl
ing.test.ts:47:36
      at AsyncProperty.run 
(node_modules/fast-check/li
b/cjs/check/property/AsyncP
roperty.generic.js:46:28)
      at asyncRunIt (node_m
odules/fast-check/lib/cjs/c
heck/runner/Runner.js:28:21
)
      at 
Object.<anonymous> (src/__t
ests__/properties/database-
error-handling.test.ts:29:9
)

    console.error
      Error creating bill: 
Error: "c
          at E:\projects\to
urBiller\src\__tests__\prop
erties\database-error-handl
ing.test.ts:36:73
          at 
AsyncProperty.predicate (E:
\projects\tourBiller\node_m
odules\fast-check\lib\cjs\c
heck\property\AsyncProperty
.js:17:102)
          at 
AsyncProperty.run (E:\proje
cts\tourBiller\node_modules
\fast-check\lib\cjs\check\p
roperty\AsyncProperty.gener
ic.js:46:39)
          at asyncRunIt (E:
\projects\tourBiller\node_m
odules\fast-check\lib\cjs\c
heck\runner\Runner.js:28:36
)
          at 
processTicksAndRejections (
node:internal/process/task_
queues:103:5)
          at 
Object.<anonymous> (E:\proj
ects\tourBiller\src\__tests
__\properties\database-erro
r-handling.test.ts:29:9)

    [0m [90m 53 |[39m   
  }[33m;[39m
     [90m 54 |[39m   } 
[36mcatch[39m (error) {
    
[31m[1m>[22m[39m[90m 
55 |[39m     console[33m.
[39merror([32m'Error 
creating 
bill:'[39m[33m,[39m 
error)[33m;[39m
     [90m    |[39m       
      [31m[1m^[22m[39m
     [90m 56 |[39m     
     [90m 57 |[39m     
[36mif[39m (error 
[36minstanceof[39m 
[33mError[39m) {
     [90m 58 |[39m       
[36mreturn[39m {[0m

      at error 
(src/lib/actions.ts:55:13)
      at src/__tests__/prop
erties/database-error-handl
ing.test.ts:47:36
      at AsyncProperty.run 
(node_modules/fast-check/li
b/cjs/check/property/AsyncP
roperty.generic.js:46:28)
      at asyncRunIt (node_m
odules/fast-check/lib/cjs/c
heck/runner/Runner.js:28:21
)
      at 
Object.<anonymous> (src/__t
ests__/properties/database-
error-handling.test.ts:29:9
)

    console.error
      Error creating bill: 
Error: 
          at E:\projects\to
urBiller\src\__tests__\prop
erties\database-error-handl
ing.test.ts:36:73
          at 
AsyncProperty.predicate (E:
\projects\tourBiller\node_m
odules\fast-check\lib\cjs\c
heck\property\AsyncProperty
.js:17:102)
          at 
AsyncProperty.run (E:\proje
cts\tourBiller\node_modules
\fast-check\lib\cjs\check\p
roperty\AsyncProperty.gener
ic.js:46:39)
          at asyncRunIt (E:
\projects\tourBiller\node_m
odules\fast-check\lib\cjs\c
heck\runner\Runner.js:28:36
)
          at 
processTicksAndRejections (
node:internal/process/task_
queues:103:5)
          at 
Object.<anonymous> (E:\proj
ects\tourBiller\src\__tests
__\properties\database-erro
r-handling.test.ts:29:9)

    [0m [90m 53 |[39m   
  }[33m;[39m
     [90m 54 |[39m   } 
[36mcatch[39m (error) {
    
[31m[1m>[22m[39m[90m 
55 |[39m     console[33m.
[39merror([32m'Error 
creating 
bill:'[39m[33m,[39m 
error)[33m;[39m
     [90m    |[39m       
      [31m[1m^[22m[39m
     [90m 56 |[39m     
     [90m 57 |[39m     
[36mif[39m (error 
[36minstanceof[39m 
[33mError[39m) {
     [90m 58 |[39m       
[36mreturn[39m {[0m

      at error 
(src/lib/actions.ts:55:13)
      at src/__tests__/prop
erties/database-error-handl
ing.test.ts:47:36
      at AsyncProperty.run 
(node_modules/fast-check/li
b/cjs/check/property/AsyncP
roperty.generic.js:46:28)
      at asyncRunIt (node_m
odules/fast-check/lib/cjs/c
heck/runner/Runner.js:28:21
)
      at 
Object.<anonymous> (src/__t
ests__/properties/database-
error-handling.test.ts:29:9
)

    console.error
      Error creating bill: 
Error: g.ZnvOg
          at E:\projects\to
urBiller\src\__tests__\prop
erties\database-error-handl
ing.test.ts:36:73
          at 
AsyncProperty.predicate (E:
\projects\tourBiller\node_m
odules\fast-check\lib\cjs\c
heck\property\AsyncProperty
.js:17:102)
          at 
AsyncProperty.run (E:\proje
cts\tourBiller\node_modules
\fast-check\lib\cjs\check\p
roperty\AsyncProperty.gener
ic.js:46:39)
          at asyncRunIt (E:
\projects\tourBiller\node_m
odules\fast-check\lib\cjs\c
heck\runner\Runner.js:28:36
)
          at 
processTicksAndRejections (
node:internal/process/task_
queues:103:5)
          at 
Object.<anonymous> (E:\proj
ects\tourBiller\src\__tests
__\properties\database-erro
r-handling.test.ts:29:9)

    [0m [90m 53 |[39m   
  }[33m;[39m
     [90m 54 |[39m   } 
[36mcatch[39m (error) {
    
[31m[1m>[22m[39m[90m 
55 |[39m     console[33m.
[39merror([32m'Error 
creating 
bill:'[39m[33m,[39m 
error)[33m;[39m
     [90m    |[39m       
      [31m[1m^[22m[39m
     [90m 56 |[39m     
     [90m 57 |[39m     
[36mif[39m (error 
[36minstanceof[39m 
[33mError[39m) {
     [90m 58 |[39m       
[36mreturn[39m {[0m

      at error 
(src/lib/actions.ts:55:13)
      at src/__tests__/prop
erties/database-error-handl
ing.test.ts:47:36
      at AsyncProperty.run 
(node_modules/fast-check/li
b/cjs/check/property/AsyncP
roperty.generic.js:46:28)
      at asyncRunIt (node_m
odules/fast-check/lib/cjs/c
heck/runner/Runner.js:28:21
)
      at 
Object.<anonymous> (src/__t
ests__/properties/database-
error-handling.test.ts:29:9
)

    console.error
      Error creating bill: 
Error: lcal
          at E:\projects\to
urBiller\src\__tests__\prop
erties\database-error-handl
ing.test.ts:36:73
          at 
AsyncProperty.predicate (E:
\projects\tourBiller\node_m
odules\fast-check\lib\cjs\c
heck\property\AsyncProperty
.js:17:102)
          at 
AsyncProperty.run (E:\proje
cts\tourBiller\node_modules
\fast-check\lib\cjs\check\p
roperty\AsyncProperty.gener
ic.js:46:39)
          at asyncRunIt (E:
\projects\tourBiller\node_m
odules\fast-check\lib\cjs\c
heck\runner\Runner.js:28:36
)
          at 
processTicksAndRejections (
node:internal/process/task_
queues:103:5)
          at 
Object.<anonymous> (E:\proj
ects\tourBiller\src\__tests
__\properties\database-erro
r-handling.test.ts:29:9)

    [0m [90m 53 |[39m   
  }[33m;[39m
     [90m 54 |[39m   } 
[36mcatch[39m (error) {
    
[31m[1m>[22m[39m[90m 
55 |[39m     console[33m.
[39merror([32m'Error 
creating 
bill:'[39m[33m,[39m 
error)[33m;[39m
     [90m    |[39m       
      [31m[1m^[22m[39m
     [90m 56 |[39m     
     [90m 57 |[39m     
[36mif[39m (error 
[36minstanceof[39m 
[33mError[39m) {
     [90m 58 |[39m       
[36mreturn[39m {[0m

      at error 
(src/lib/actions.ts:55:13)
      at src/__tests__/prop
erties/database-error-handl
ing.test.ts:47:36
      at AsyncProperty.run 
(node_modules/fast-check/li
b/cjs/check/property/AsyncP
roperty.generic.js:46:28)
      at asyncRunIt (node_m
odules/fast-check/lib/cjs/c
heck/runner/Runner.js:28:21
)
      at 
Object.<anonymous> (src/__t
ests__/properties/database-
error-handling.test.ts:29:9
)

    console.error
      Error creating bill: 
Error: _
          at E:\projects\to
urBiller\src\__tests__\prop
erties\database-error-handl
ing.test.ts:36:73
          at 
AsyncProperty.predicate (E:
\projects\tourBiller\node_m
odules\fast-check\lib\cjs\c
heck\property\AsyncProperty
.js:17:102)
          at 
AsyncProperty.run (E:\proje
cts\tourBiller\node_modules
\fast-check\lib\cjs\check\p
roperty\AsyncProperty.gener
ic.js:46:39)
          at asyncRunIt (E:
\projects\tourBiller\node_m
odules\fast-check\lib\cjs\c
heck\runner\Runner.js:28:36
)
          at 
processTicksAndRejections (
node:internal/process/task_
queues:103:5)
          at 
Object.<anonymous> (E:\proj
ects\tourBiller\src\__tests
__\properties\database-erro
r-handling.test.ts:29:9)

    [0m [90m 53 |[39m   
  }[33m;[39m
     [90m 54 |[39m   } 
[36mcatch[39m (error) {
    
[31m[1m>[22m[39m[90m 
55 |[39m     console[33m.
[39merror([32m'Error 
creating 
bill:'[39m[33m,[39m 
error)[33m;[39m
     [90m    |[39m       
      [31m[1m^[22m[39m
     [90m 56 |[39m     
     [90m 57 |[39m     
[36mif[39m (error 
[36minstanceof[39m 
[33mError[39m) {
     [90m 58 |[39m       
[36mreturn[39m {[0m

      at error 
(src/lib/actions.ts:55:13)
      at src/__tests__/prop
erties/database-error-handl
ing.test.ts:47:36
      at AsyncProperty.run 
(node_modules/fast-check/li
b/cjs/check/property/AsyncP
roperty.generic.js:46:28)
      at asyncRunIt (node_m
odules/fast-check/lib/cjs/c
heck/runner/Runner.js:28:21
)
      at 
Object.<anonymous> (src/__t
ests__/properties/database-
error-handling.test.ts:29:9
)

    console.error
      Error creating bill: 
Error: -Vc>Z(j6,
          at E:\projects\to
urBiller\src\__tests__\prop
erties\database-error-handl
ing.test.ts:36:73
          at 
AsyncProperty.predicate (E:
\projects\tourBiller\node_m
odules\fast-check\lib\cjs\c
heck\property\AsyncProperty
.js:17:102)
          at 
AsyncProperty.run (E:\proje
cts\tourBiller\node_modules
\fast-check\lib\cjs\check\p
roperty\AsyncProperty.gener
ic.js:46:39)
          at asyncRunIt (E:
\projects\tourBiller\node_m
odules\fast-check\lib\cjs\c
heck\runner\Runner.js:28:36
)
          at 
processTicksAndRejections (
node:internal/process/task_
queues:103:5)
          at 
Object.<anonymous> (E:\proj
ects\tourBiller\src\__tests
__\properties\database-erro
r-handling.test.ts:29:9)

    [0m [90m 53 |[39m   
  }[33m;[39m
     [90m 54 |[39m   } 
[36mcatch[39m (error) {
    
[31m[1m>[22m[39m[90m 
55 |[39m     console[33m.
[39merror([32m'Error 
creating 
bill:'[39m[33m,[39m 
error)[33m;[39m
     [90m    |[39m       
      [31m[1m^[22m[39m
     [90m 56 |[39m     
     [90m 57 |[39m     
[36mif[39m (error 
[36minstanceof[39m 
[33mError[39m) {
     [90m 58 |[39m       
[36mreturn[39m {[0m

      at error 
(src/lib/actions.ts:55:13)
      at src/__tests__/prop
erties/database-error-handl
ing.test.ts:47:36
      at AsyncProperty.run 
(node_modules/fast-check/li
b/cjs/check/property/AsyncP
roperty.generic.js:46:28)
      at asyncRunIt (node_m
odules/fast-check/lib/cjs/c
heck/runner/Runner.js:28:21
)
      at 
Object.<anonymous> (src/__t
ests__/properties/database-
error-handling.test.ts:29:9
)

    console.error
      Error creating bill: 
Error: iGl08kT
          at E:\projects\to
urBiller\src\__tests__\prop
erties\database-error-handl
ing.test.ts:36:73
          at 
AsyncProperty.predicate (E:
\projects\tourBiller\node_m
odules\fast-check\lib\cjs\c
heck\property\AsyncProperty
.js:17:102)
          at 
AsyncProperty.run (E:\proje
cts\tourBiller\node_modules
\fast-check\lib\cjs\check\p
roperty\AsyncProperty.gener
ic.js:46:39)
          at asyncRunIt (E:
\projects\tourBiller\node_m
odules\fast-check\lib\cjs\c
heck\runner\Runner.js:28:36
)
          at 
processTicksAndRejections (
node:internal/process/task_
queues:103:5)
          at 
Object.<anonymous> (E:\proj
ects\tourBiller\src\__tests
__\properties\database-erro
r-handling.test.ts:29:9)

    [0m [90m 53 |[39m   
  }[33m;[39m
     [90m 54 |[39m   } 
[36mcatch[39m (error) {
    
[31m[1m>[22m[39m[90m 
55 |[39m     console[33m.
[39merror([32m'Error 
creating 
bill:'[39m[33m,[39m 
error)[33m;[39m
     [90m    |[39m       
      [31m[1m^[22m[39m
     [90m 56 |[39m     
     [90m 57 |[39m     
[36mif[39m (error 
[36minstanceof[39m 
[33mError[39m) {
     [90m 58 |[39m       
[36mreturn[39m {[0m

      at error 
(src/lib/actions.ts:55:13)
      at src/__tests__/prop
erties/database-error-handl
ing.test.ts:47:36
      at AsyncProperty.run 
(node_modules/fast-check/li
b/cjs/check/property/AsyncP
roperty.generic.js:46:28)
      at asyncRunIt (node_m
odules/fast-check/lib/cjs/c
heck/runner/Runner.js:28:21
)
      at 
Object.<anonymous> (src/__t
ests__/properties/database-
error-handling.test.ts:29:9
)

    console.error
      Error creating bill: 
Error: 
          at E:\projects\to
urBiller\src\__tests__\prop
erties\database-error-handl
ing.test.ts:36:73
          at 
AsyncProperty.predicate (E:
\projects\tourBiller\node_m
odules\fast-check\lib\cjs\c
heck\property\AsyncProperty
.js:17:102)
          at 
AsyncProperty.run (E:\proje
cts\tourBiller\node_modules
\fast-check\lib\cjs\check\p
roperty\AsyncProperty.gener
ic.js:46:39)
          at asyncRunIt (E:
\projects\tourBiller\node_m
odules\fast-check\lib\cjs\c
heck\runner\Runner.js:28:36
)
          at 
processTicksAndRejections (
node:internal/process/task_
queues:103:5)
          at 
Object.<anonymous> (E:\proj
ects\tourBiller\src\__tests
__\properties\database-erro
r-handling.test.ts:29:9)

    [0m [90m 53 |[39m   
  }[33m;[39m
     [90m 54 |[39m   } 
[36mcatch[39m (error) {
    
[31m[1m>[22m[39m[90m 
55 |[39m     console[33m.
[39merror([32m'Error 
creating 
bill:'[39m[33m,[39m 
error)[33m;[39m
     [90m    |[39m       
      [31m[1m^[22m[39m
     [90m 56 |[39m     
     [90m 57 |[39m     
[36mif[39m (error 
[36minstanceof[39m 
[33mError[39m) {
     [90m 58 |[39m       
[36mreturn[39m {[0m

      at error 
(src/lib/actions.ts:55:13)
      at src/__tests__/prop
erties/database-error-handl
ing.test.ts:47:36
      at AsyncProperty.run 
(node_modules/fast-check/li
b/cjs/check/property/AsyncP
roperty.generic.js:46:28)
      at asyncRunIt (node_m
odules/fast-check/lib/cjs/c
heck/runner/Runner.js:28:21
)
      at 
Object.<anonymous> (src/__t
ests__/properties/database-
error-handling.test.ts:29:9
)

    console.error
      Error creating bill: 
Error: &L
          at E:\projects\to
urBiller\src\__tests__\prop
erties\database-error-handl
ing.test.ts:36:73
          at 
AsyncProperty.predicate (E:
\projects\tourBiller\node_m
odules\fast-check\lib\cjs\c
heck\property\AsyncProperty
.js:17:102)
          at 
AsyncProperty.run (E:\proje
cts\tourBiller\node_modules
\fast-check\lib\cjs\check\p
roperty\AsyncProperty.gener
ic.js:46:39)
          at asyncRunIt (E:
\projects\tourBiller\node_m
odules\fast-check\lib\cjs\c
heck\runner\Runner.js:28:36
)
          at 
processTicksAndRejections (
node:internal/process/task_
queues:103:5)
          at 
Object.<anonymous> (E:\proj
ects\tourBiller\src\__tests
__\properties\database-erro
r-handling.test.ts:29:9)

    [0m [90m 53 |[39m   
  }[33m;[39m
     [90m 54 |[39m   } 
[36mcatch[39m (error) {
    
[31m[1m>[22m[39m[90m 
55 |[39m     console[33m.
[39merror([32m'Error 
creating 
bill:'[39m[33m,[39m 
error)[33m;[39m
     [90m    |[39m       
      [31m[1m^[22m[39m
     [90m 56 |[39m     
     [90m 57 |[39m     
[36mif[39m (error 
[36minstanceof[39m 
[33mError[39m) {
     [90m 58 |[39m       
[36mreturn[39m {[0m

      at error 
(src/lib/actions.ts:55:13)
      at src/__tests__/prop
erties/database-error-handl
ing.test.ts:47:36
      at AsyncProperty.run 
(node_modules/fast-check/li
b/cjs/check/property/AsyncP
roperty.generic.js:46:28)
      at asyncRunIt (node_m
odules/fast-check/lib/cjs/c
heck/runner/Runner.js:28:21
)
      at 
Object.<anonymous> (src/__t
ests__/properties/database-
error-handling.test.ts:29:9
)

    console.error
      Error creating bill: 
Error: 
          at E:\projects\to
urBiller\src\__tests__\prop
erties\database-error-handl
ing.test.ts:36:73
          at 
AsyncProperty.predicate (E:
\projects\tourBiller\node_m
odules\fast-check\lib\cjs\c
heck\property\AsyncProperty
.js:17:102)
          at 
AsyncProperty.run (E:\proje
cts\tourBiller\node_modules
\fast-check\lib\cjs\check\p
roperty\AsyncProperty.gener
ic.js:46:39)
          at asyncRunIt (E:
\projects\tourBiller\node_m
odules\fast-check\lib\cjs\c
heck\runner\Runner.js:28:36
)
          at 
processTicksAndRejections (
node:internal/process/task_
queues:103:5)
          at 
Object.<anonymous> (E:\proj
ects\tourBiller\src\__tests
__\properties\database-erro
r-handling.test.ts:29:9)

    [0m [90m 53 |[39m   
  }[33m;[39m
     [90m 54 |[39m   } 
[36mcatch[39m (error) {
    
[31m[1m>[22m[39m[90m 
55 |[39m     console[33m.
[39merror([32m'Error 
creating 
bill:'[39m[33m,[39m 
error)[33m;[39m
     [90m    |[39m       
      [31m[1m^[22m[39m
     [90m 56 |[39m     
     [90m 57 |[39m     
[36mif[39m (error 
[36minstanceof[39m 
[33mError[39m) {
     [90m 58 |[39m       
[36mreturn[39m {[0m

      at error 
(src/lib/actions.ts:55:13)
      at src/__tests__/prop
erties/database-error-handl
ing.test.ts:47:36
      at AsyncProperty.run 
(node_modules/fast-check/li
b/cjs/check/property/AsyncP
roperty.generic.js:46:28)
      at asyncRunIt (node_m
odules/fast-check/lib/cjs/c
heck/runner/Runner.js:28:21
)
      at 
Object.<anonymous> (src/__t
ests__/properties/database-
error-handling.test.ts:29:9
)

    console.error
      Error creating bill: 
Error: v2~*m7
          at E:\projects\to
urBiller\src\__tests__\prop
erties\database-error-handl
ing.test.ts:36:73
          at 
AsyncProperty.predicate (E:
\projects\tourBiller\node_m
odules\fast-check\lib\cjs\c
heck\property\AsyncProperty
.js:17:102)
          at 
AsyncProperty.run (E:\proje
cts\tourBiller\node_modules
\fast-check\lib\cjs\check\p
roperty\AsyncProperty.gener
ic.js:46:39)
          at asyncRunIt (E:
\projects\tourBiller\node_m
odules\fast-check\lib\cjs\c
heck\runner\Runner.js:28:36
)
          at 
processTicksAndRejections (
node:internal/process/task_
queues:103:5)
          at 
Object.<anonymous> (E:\proj
ects\tourBiller\src\__tests
__\properties\database-erro
r-handling.test.ts:29:9)

    [0m [90m 53 |[39m   
  }[33m;[39m
     [90m 54 |[39m   } 
[36mcatch[39m (error) {
    
[31m[1m>[22m[39m[90m 
55 |[39m     console[33m.
[39merror([32m'Error 
creating 
bill:'[39m[33m,[39m 
error)[33m;[39m
     [90m    |[39m       
      [31m[1m^[22m[39m
     [90m 56 |[39m     
     [90m 57 |[39m     
[36mif[39m (error 
[36minstanceof[39m 
[33mError[39m) {
     [90m 58 |[39m       
[36mreturn[39m {[0m

      at error 
(src/lib/actions.ts:55:13)
      at src/__tests__/prop
erties/database-error-handl
ing.test.ts:47:36
      at AsyncProperty.run 
(node_modules/fast-check/li
b/cjs/check/property/AsyncP
roperty.generic.js:46:28)
      at asyncRunIt (node_m
odules/fast-check/lib/cjs/c
heck/runner/Runner.js:28:21
)
      at 
Object.<anonymous> (src/__t
ests__/properties/database-
error-handling.test.ts:29:9
)

    console.error
      Error creating bill: 
Error: 2
          at E:\projects\to
urBiller\src\__tests__\prop
erties\database-error-handl
ing.test.ts:36:73
          at 
AsyncProperty.predicate (E:
\projects\tourBiller\node_m
odules\fast-check\lib\cjs\c
heck\property\AsyncProperty
.js:17:102)
          at 
AsyncProperty.run (E:\proje
cts\tourBiller\node_modules
\fast-check\lib\cjs\check\p
roperty\AsyncProperty.gener
ic.js:46:39)
          at asyncRunIt (E:
\projects\tourBiller\node_m
odules\fast-check\lib\cjs\c
heck\runner\Runner.js:28:36
)
          at 
processTicksAndRejections (
node:internal/process/task_
queues:103:5)
          at 
Object.<anonymous> (E:\proj
ects\tourBiller\src\__tests
__\properties\database-erro
r-handling.test.ts:29:9)

    [0m [90m 53 |[39m   
  }[33m;[39m
     [90m 54 |[39m   } 
[36mcatch[39m (error) {
    
[31m[1m>[22m[39m[90m 
55 |[39m     console[33m.
[39merror([32m'Error 
creating 
bill:'[39m[33m,[39m 
error)[33m;[39m
     [90m    |[39m       
      [31m[1m^[22m[39m
     [90m 56 |[39m     
     [90m 57 |[39m     
[36mif[39m (error 
[36minstanceof[39m 
[33mError[39m) {
     [90m 58 |[39m       
[36mreturn[39m {[0m

      at error 
(src/lib/actions.ts:55:13)
      at src/__tests__/prop
erties/database-error-handl
ing.test.ts:47:36
      at AsyncProperty.run 
(node_modules/fast-check/li
b/cjs/check/property/AsyncP
roperty.generic.js:46:28)
      at asyncRunIt (node_m
odules/fast-check/lib/cjs/c
heck/runner/Runner.js:28:21
)
      at 
Object.<anonymous> (src/__t
ests__/properties/database-
error-handling.test.ts:29:9
)

    console.error
      Error creating bill: 
Error: &~K=BI2
          at E:\projects\to
urBiller\src\__tests__\prop
erties\database-error-handl
ing.test.ts:36:73
          at 
AsyncProperty.predicate (E:
\projects\tourBiller\node_m
odules\fast-check\lib\cjs\c
heck\property\AsyncProperty
.js:17:102)
          at 
AsyncProperty.run (E:\proje
cts\tourBiller\node_modules
\fast-check\lib\cjs\check\p
roperty\AsyncProperty.gener
ic.js:46:39)
          at asyncRunIt (E:
\projects\tourBiller\node_m
odules\fast-check\lib\cjs\c
heck\runner\Runner.js:28:36
)
          at 
processTicksAndRejections (
node:internal/process/task_
queues:103:5)
          at 
Object.<anonymous> (E:\proj
ects\tourBiller\src\__tests
__\properties\database-erro
r-handling.test.ts:29:9)

    [0m [90m 53 |[39m   
  }[33m;[39m
     [90m 54 |[39m   } 
[36mcatch[39m (error) {
    
[31m[1m>[22m[39m[90m 
55 |[39m     console[33m.
[39merror([32m'Error 
creating 
bill:'[39m[33m,[39m 
error)[33m;[39m
     [90m    |[39m       
      [31m[1m^[22m[39m
     [90m 56 |[39m     
     [90m 57 |[39m     
[36mif[39m (error 
[36minstanceof[39m 
[33mError[39m) {
     [90m 58 |[39m       
[36mreturn[39m {[0m

      at error 
(src/lib/actions.ts:55:13)
      at src/__tests__/prop
erties/database-error-handl
ing.test.ts:47:36
      at AsyncProperty.run 
(node_modules/fast-check/li
b/cjs/check/property/AsyncP
roperty.generic.js:46:28)
      at asyncRunIt (node_m
odules/fast-check/lib/cjs/c
heck/runner/Runner.js:28:21
)
      at 
Object.<anonymous> (src/__t
ests__/properties/database-
error-handling.test.ts:29:9
)

    console.error
      Error creating bill: 
Error: " @~zEZR
          at E:\projects\to
urBiller\src\__tests__\prop
erties\database-error-handl
ing.test.ts:36:73
          at 
AsyncProperty.predicate (E:
\projects\tourBiller\node_m
odules\fast-check\lib\cjs\c
heck\property\AsyncProperty
.js:17:102)
          at 
AsyncProperty.run (E:\proje
cts\tourBiller\node_modules
\fast-check\lib\cjs\check\p
roperty\AsyncProperty.gener
ic.js:46:39)
          at asyncRunIt (E:
\projects\tourBiller\node_m
odules\fast-check\lib\cjs\c
heck\runner\Runner.js:28:36
)
          at 
processTicksAndRejections (
node:internal/process/task_
queues:103:5)
          at 
Object.<anonymous> (E:\proj
ects\tourBiller\src\__tests
__\properties\database-erro
r-handling.test.ts:29:9)

    [0m [90m 53 |[39m   
  }[33m;[39m
     [90m 54 |[39m   } 
[36mcatch[39m (error) {
    
[31m[1m>[22m[39m[90m 
55 |[39m     console[33m.
[39merror([32m'Error 
creating 
bill:'[39m[33m,[39m 
error)[33m;[39m
     [90m    |[39m       
      [31m[1m^[22m[39m
     [90m 56 |[39m     
     [90m 57 |[39m     
[36mif[39m (error 
[36minstanceof[39m 
[33mError[39m) {
     [90m 58 |[39m       
[36mreturn[39m {[0m

      at error 
(src/lib/actions.ts:55:13)
      at src/__tests__/prop
erties/database-error-handl
ing.test.ts:47:36
      at AsyncProperty.run 
(node_modules/fast-check/li
b/cjs/check/property/AsyncP
roperty.generic.js:46:28)
      at asyncRunIt (node_m
odules/fast-check/lib/cjs/c
heck/runner/Runner.js:28:21
)
      at 
Object.<anonymous> (src/__t
ests__/properties/database-
error-handling.test.ts:29:9
)

    console.error
      Error creating bill: 
Error: e6
          at E:\projects\to
urBiller\src\__tests__\prop
erties\database-error-handl
ing.test.ts:36:73
          at 
AsyncProperty.predicate (E:
\projects\tourBiller\node_m
odules\fast-check\lib\cjs\c
heck\property\AsyncProperty
.js:17:102)
          at 
AsyncProperty.run (E:\proje
cts\tourBiller\node_modules
\fast-check\lib\cjs\check\p
roperty\AsyncProperty.gener
ic.js:46:39)
          at asyncRunIt (E:
\projects\tourBiller\node_m
odules\fast-check\lib\cjs\c
heck\runner\Runner.js:28:36
)
          at 
processTicksAndRejections (
node:internal/process/task_
queues:103:5)
          at 
Object.<anonymous> (E:\proj
ects\tourBiller\src\__tests
__\properties\database-erro
r-handling.test.ts:29:9)

    [0m [90m 53 |[39m   
  }[33m;[39m
     [90m 54 |[39m   } 
[36mcatch[39m (error) {
    
[31m[1m>[22m[39m[90m 
55 |[39m     console[33m.
[39merror([32m'Error 
creating 
bill:'[39m[33m,[39m 
error)[33m;[39m
     [90m    |[39m       
      [31m[1m^[22m[39m
     [90m 56 |[39m     
     [90m 57 |[39m     
[36mif[39m (error 
[36minstanceof[39m 
[33mError[39m) {
     [90m 58 |[39m       
[36mreturn[39m {[0m

      at error 
(src/lib/actions.ts:55:13)
      at src/__tests__/prop
erties/database-error-handl
ing.test.ts:47:36
      at AsyncProperty.run 
(node_modules/fast-check/li
b/cjs/check/property/AsyncP
roperty.generic.js:46:28)
      at asyncRunIt (node_m
odules/fast-check/lib/cjs/c
heck/runner/Runner.js:28:21
)
      at 
Object.<anonymous> (src/__t
ests__/properties/database-
error-handling.test.ts:29:9
)

    console.error
      Error creating bill: 
Error: VP
          at E:\projects\to
urBiller\src\__tests__\prop
erties\database-error-handl
ing.test.ts:36:73
          at 
AsyncProperty.predicate (E:
\projects\tourBiller\node_m
odules\fast-check\lib\cjs\c
heck\property\AsyncProperty
.js:17:102)
          at 
AsyncProperty.run (E:\proje
cts\tourBiller\node_modules
\fast-check\lib\cjs\check\p
roperty\AsyncProperty.gener
ic.js:46:39)
          at asyncRunIt (E:
\projects\tourBiller\node_m
odules\fast-check\lib\cjs\c
heck\runner\Runner.js:28:36
)
          at 
processTicksAndRejections (
node:internal/process/task_
queues:103:5)
          at 
Object.<anonymous> (E:\proj
ects\tourBiller\src\__tests
__\properties\database-erro
r-handling.test.ts:29:9)

    [0m [90m 53 |[39m   
  }[33m;[39m
     [90m 54 |[39m   } 
[36mcatch[39m (error) {
    
[31m[1m>[22m[39m[90m 
55 |[39m     console[33m.
[39merror([32m'Error 
creating 
bill:'[39m[33m,[39m 
error)[33m;[39m
     [90m    |[39m       
      [31m[1m^[22m[39m
     [90m 56 |[39m     
     [90m 57 |[39m     
[36mif[39m (error 
[36minstanceof[39m 
[33mError[39m) {
     [90m 58 |[39m       
[36mreturn[39m {[0m

      at error 
(src/lib/actions.ts:55:13)
      at src/__tests__/prop
erties/database-error-handl
ing.test.ts:47:36
      at AsyncProperty.run 
(node_modules/fast-check/li
b/cjs/check/property/AsyncP
roperty.generic.js:46:28)
      at asyncRunIt (node_m
odules/fast-check/lib/cjs/c
heck/runner/Runner.js:28:21
)
      at 
Object.<anonymous> (src/__t
ests__/properties/database-
error-handling.test.ts:29:9
)

    console.error
      Error creating bill: 
Error: wncall
          at E:\projects\to
urBiller\src\__tests__\prop
erties\database-error-handl
ing.test.ts:36:73
          at 
AsyncProperty.predicate (E:
\projects\tourBiller\node_m
odules\fast-check\lib\cjs\c
heck\property\AsyncProperty
.js:17:102)
          at 
AsyncProperty.run (E:\proje
cts\tourBiller\node_modules
\fast-check\lib\cjs\check\p
roperty\AsyncProperty.gener
ic.js:46:39)
          at asyncRunIt (E:
\projects\tourBiller\node_m
odules\fast-check\lib\cjs\c
heck\runner\Runner.js:28:36
)
          at 
processTicksAndRejections (
node:internal/process/task_
queues:103:5)
          at 
Object.<anonymous> (E:\proj
ects\tourBiller\src\__tests
__\properties\database-erro
r-handling.test.ts:29:9)

    [0m [90m 53 |[39m   
  }[33m;[39m
     [90m 54 |[39m   } 
[36mcatch[39m (error) {
    
[31m[1m>[22m[39m[90m 
55 |[39m     console[33m.
[39merror([32m'Error 
creating 
bill:'[39m[33m,[39m 
error)[33m;[39m
     [90m    |[39m       
      [31m[1m^[22m[39m
     [90m 56 |[39m     
     [90m 57 |[39m     
[36mif[39m (error 
[36minstanceof[39m 
[33mError[39m) {
     [90m 58 |[39m       
[36mreturn[39m {[0m

      at error 
(src/lib/actions.ts:55:13)
      at src/__tests__/prop
erties/database-error-handl
ing.test.ts:47:36
      at AsyncProperty.run 
(node_modules/fast-check/li
b/cjs/check/property/AsyncP
roperty.generic.js:46:28)
      at asyncRunIt (node_m
odules/fast-check/lib/cjs/c
heck/runner/Runner.js:28:21
)
      at 
Object.<anonymous> (src/__t
ests__/properties/database-
error-handling.test.ts:29:9
)

    console.error
      Error creating bill: 
Error: OQ"
          at E:\projects\to
urBiller\src\__tests__\prop
erties\database-error-handl
ing.test.ts:36:73
          at 
AsyncProperty.predicate (E:
\projects\tourBiller\node_m
odules\fast-check\lib\cjs\c
heck\property\AsyncProperty
.js:17:102)
          at 
AsyncProperty.run (E:\proje
cts\tourBiller\node_modules
\fast-check\lib\cjs\check\p
roperty\AsyncProperty.gener
ic.js:46:39)
          at asyncRunIt (E:
\projects\tourBiller\node_m
odules\fast-check\lib\cjs\c
heck\runner\Runner.js:28:36
)
          at 
processTicksAndRejections (
node:internal/process/task_
queues:103:5)
          at 
Object.<anonymous> (E:\proj
ects\tourBiller\src\__tests
__\properties\database-erro
r-handling.test.ts:29:9)

    [0m [90m 53 |[39m   
  }[33m;[39m
     [90m 54 |[39m   } 
[36mcatch[39m (error) {
    
[31m[1m>[22m[39m[90m 
55 |[39m     console[33m.
[39merror([32m'Error 
creating 
bill:'[39m[33m,[39m 
error)[33m;[39m
     [90m    |[39m       
      [31m[1m^[22m[39m
     [90m 56 |[39m     
     [90m 57 |[39m     
[36mif[39m (error 
[36minstanceof[39m 
[33mError[39m) {
     [90m 58 |[39m       
[36mreturn[39m {[0m

      at error 
(src/lib/actions.ts:55:13)
      at src/__tests__/prop
erties/database-error-handl
ing.test.ts:47:36
      at AsyncProperty.run 
(node_modules/fast-check/li
b/cjs/check/property/AsyncP
roperty.generic.js:46:28)
      at asyncRunIt (node_m
odules/fast-check/lib/cjs/c
heck/runner/Runner.js:28:21
)
      at 
Object.<anonymous> (src/__t
ests__/properties/database-
error-handling.test.ts:29:9
)

    console.error
      Error creating bill: 
Error: FAE)"7]Xk^
          at E:\projects\to
urBiller\src\__tests__\prop
erties\database-error-handl
ing.test.ts:36:73
          at 
AsyncProperty.predicate (E:
\projects\tourBiller\node_m
odules\fast-check\lib\cjs\c
heck\property\AsyncProperty
.js:17:102)
          at 
AsyncProperty.run (E:\proje
cts\tourBiller\node_modules
\fast-check\lib\cjs\check\p
roperty\AsyncProperty.gener
ic.js:46:39)
          at asyncRunIt (E:
\projects\tourBiller\node_m
odules\fast-check\lib\cjs\c
heck\runner\Runner.js:28:36
)
          at 
processTicksAndRejections (
node:internal/process/task_
queues:103:5)
          at 
Object.<anonymous> (E:\proj
ects\tourBiller\src\__tests
__\properties\database-erro
r-handling.test.ts:29:9)

    [0m [90m 53 |[39m   
  }[33m;[39m
     [90m 54 |[39m   } 
[36mcatch[39m (error) {
    
[31m[1m>[22m[39m[90m 
55 |[39m     console[33m.
[39merror([32m'Error 
creating 
bill:'[39m[33m,[39m 
error)[33m;[39m
     [90m    |[39m       
      [31m[1m^[22m[39m
     [90m 56 |[39m     
     [90m 57 |[39m     
[36mif[39m (error 
[36minstanceof[39m 
[33mError[39m) {
     [90m 58 |[39m       
[36mreturn[39m {[0m

      at error 
(src/lib/actions.ts:55:13)
      at src/__tests__/prop
erties/database-error-handl
ing.test.ts:47:36
      at AsyncProperty.run 
(node_modules/fast-check/li
b/cjs/check/property/AsyncP
roperty.generic.js:46:28)
      at asyncRunIt (node_m
odules/fast-check/lib/cjs/c
heck/runner/Runner.js:28:21
)
      at 
Object.<anonymous> (src/__t
ests__/properties/database-
error-handling.test.ts:29:9
)

    console.error
      Error creating bill: 
Error: 
          at E:\projects\to
urBiller\src\__tests__\prop
erties\database-error-handl
ing.test.ts:36:73
          at 
AsyncProperty.predicate (E:
\projects\tourBiller\node_m
odules\fast-check\lib\cjs\c
heck\property\AsyncProperty
.js:17:102)
          at 
AsyncProperty.run (E:\proje
cts\tourBiller\node_modules
\fast-check\lib\cjs\check\p
roperty\AsyncProperty.gener
ic.js:46:39)
          at asyncRunIt (E:
\projects\tourBiller\node_m
odules\fast-check\lib\cjs\c
heck\runner\Runner.js:28:36
)
          at 
processTicksAndRejections (
node:internal/process/task_
queues:103:5)
          at 
Object.<anonymous> (E:\proj
ects\tourBiller\src\__tests
__\properties\database-erro
r-handling.test.ts:29:9)

    [0m [90m 53 |[39m   
  }[33m;[39m
     [90m 54 |[39m   } 
[36mcatch[39m (error) {
    
[31m[1m>[22m[39m[90m 
55 |[39m     console[33m.
[39merror([32m'Error 
creating 
bill:'[39m[33m,[39m 
error)[33m;[39m
     [90m    |[39m       
      [31m[1m^[22m[39m
     [90m 56 |[39m     
     [90m 57 |[39m     
[36mif[39m (error 
[36minstanceof[39m 
[33mError[39m) {
     [90m 58 |[39m       
[36mreturn[39m {[0m

      at error 
(src/lib/actions.ts:55:13)
      at src/__tests__/prop
erties/database-error-handl
ing.test.ts:47:36
      at AsyncProperty.run 
(node_modules/fast-check/li
b/cjs/check/property/AsyncP
roperty.generic.js:46:28)
      at asyncRunIt (node_m
odules/fast-check/lib/cjs/c
heck/runner/Runner.js:28:21
)
      at 
Object.<anonymous> (src/__t
ests__/properties/database-
error-handling.test.ts:29:9
)

    console.error
      Error creating bill: 
Error: 
          at E:\projects\to
urBiller\src\__tests__\prop
erties\database-error-handl
ing.test.ts:36:73
          at 
AsyncProperty.predicate (E:
\projects\tourBiller\node_m
odules\fast-check\lib\cjs\c
heck\property\AsyncProperty
.js:17:102)
          at 
AsyncProperty.run (E:\proje
cts\tourBiller\node_modules
\fast-check\lib\cjs\check\p
roperty\AsyncProperty.gener
ic.js:46:39)
          at asyncRunIt (E:
\projects\tourBiller\node_m
odules\fast-check\lib\cjs\c
heck\runner\Runner.js:28:36
)
          at 
processTicksAndRejections (
node:internal/process/task_
queues:103:5)
          at 
Object.<anonymous> (E:\proj
ects\tourBiller\src\__tests
__\properties\database-erro
r-handling.test.ts:29:9)

    [0m [90m 53 |[39m   
  }[33m;[39m
     [90m 54 |[39m   } 
[36mcatch[39m (error) {
    
[31m[1m>[22m[39m[90m 
55 |[39m     console[33m.
[39merror([32m'Error 
creating 
bill:'[39m[33m,[39m 
error)[33m;[39m
     [90m    |[39m       
      [31m[1m^[22m[39m
     [90m 56 |[39m     
     [90m 57 |[39m     
[36mif[39m (error 
[36minstanceof[39m 
[33mError[39m) {
     [90m 58 |[39m       
[36mreturn[39m {[0m

      at error 
(src/lib/actions.ts:55:13)
      at src/__tests__/prop
erties/database-error-handl
ing.test.ts:47:36
      at AsyncProperty.run 
(node_modules/fast-check/li
b/cjs/check/property/AsyncP
roperty.generic.js:46:28)
      at asyncRunIt (node_m
odules/fast-check/lib/cjs/c
heck/runner/Runner.js:28:21
)
      at 
Object.<anonymous> (src/__t
ests__/properties/database-
error-handling.test.ts:29:9
)

    console.error
      Error creating bill: 
Error: ](/$:,#|?2
          at E:\projects\to
urBiller\src\__tests__\prop
erties\database-error-handl
ing.test.ts:36:73
          at 
AsyncProperty.predicate (E:
\projects\tourBiller\node_m
odules\fast-check\lib\cjs\c
heck\property\AsyncProperty
.js:17:102)
          at 
AsyncProperty.run (E:\proje
cts\tourBiller\node_modules
\fast-check\lib\cjs\check\p
roperty\AsyncProperty.gener
ic.js:46:39)
          at asyncRunIt (E:
\projects\tourBiller\node_m
odules\fast-check\lib\cjs\c
heck\runner\Runner.js:28:36
)
          at 
processTicksAndRejections (
node:internal/process/task_
queues:103:5)
          at 
Object.<anonymous> (E:\proj
ects\tourBiller\src\__tests
__\properties\database-erro
r-handling.test.ts:29:9)

    [0m [90m 53 |[39m   
  }[33m;[39m
     [90m 54 |[39m   } 
[36mcatch[39m (error) {
    
[31m[1m>[22m[39m[90m 
55 |[39m     console[33m.
[39merror([32m'Error 
creating 
bill:'[39m[33m,[39m 
error)[33m;[39m
     [90m    |[39m       
      [31m[1m^[22m[39m
     [90m 56 |[39m     
     [90m 57 |[39m     
[36mif[39m (error 
[36minstanceof[39m 
[33mError[39m) {
     [90m 58 |[39m       
[36mreturn[39m {[0m

      at error 
(src/lib/actions.ts:55:13)
      at src/__tests__/prop
erties/database-error-handl
ing.test.ts:47:36
      at AsyncProperty.run 
(node_modules/fast-check/li
b/cjs/check/property/AsyncP
roperty.generic.js:46:28)
      at asyncRunIt (node_m
odules/fast-check/lib/cjs/c
heck/runner/Runner.js:28:21
)
      at 
Object.<anonymous> (src/__t
ests__/properties/database-
error-handling.test.ts:29:9
)

    console.error
      Error creating bill: 
Error: 
          at E:\projects\to
urBiller\src\__tests__\prop
erties\database-error-handl
ing.test.ts:36:73
          at 
AsyncProperty.predicate (E:
\projects\tourBiller\node_m
odules\fast-check\lib\cjs\c
heck\property\AsyncProperty
.js:17:102)
          at 
AsyncProperty.run (E:\proje
cts\tourBiller\node_modules
\fast-check\lib\cjs\check\p
roperty\AsyncProperty.gener
ic.js:46:39)
          at asyncRunIt (E:
\projects\tourBiller\node_m
odules\fast-check\lib\cjs\c
heck\runner\Runner.js:28:36
)
          at 
processTicksAndRejections (
node:internal/process/task_
queues:103:5)
          at 
Object.<anonymous> (E:\proj
ects\tourBiller\src\__tests
__\properties\database-erro
r-handling.test.ts:29:9)

    [0m [90m 53 |[39m   
  }[33m;[39m
     [90m 54 |[39m   } 
[36mcatch[39m (error) {
    
[31m[1m>[22m[39m[90m 
55 |[39m     console[33m.
[39merror([32m'Error 
creating 
bill:'[39m[33m,[39m 
error)[33m;[39m
     [90m    |[39m       
      [31m[1m^[22m[39m
     [90m 56 |[39m     
     [90m 57 |[39m     
[36mif[39m (error 
[36minstanceof[39m 
[33mError[39m) {
     [90m 58 |[39m       
[36mreturn[39m {[0m

      at error 
(src/lib/actions.ts:55:13)
      at src/__tests__/prop
erties/database-error-handl
ing.test.ts:47:36
      at AsyncProperty.run 
(node_modules/fast-check/li
b/cjs/check/property/AsyncP
roperty.generic.js:46:28)
      at asyncRunIt (node_m
odules/fast-check/lib/cjs/c
heck/runner/Runner.js:28:21
)
      at 
Object.<anonymous> (src/__t
ests__/properties/database-
error-handling.test.ts:29:9
)

    console.error
      Error creating bill: 
Error: ;EsA
          at E:\projects\to
urBiller\src\__tests__\prop
erties\database-error-handl
ing.test.ts:36:73
          at 
AsyncProperty.predicate (E:
\projects\tourBiller\node_m
odules\fast-check\lib\cjs\c
heck\property\AsyncProperty
.js:17:102)
          at 
AsyncProperty.run (E:\proje
cts\tourBiller\node_modules
\fast-check\lib\cjs\check\p
roperty\AsyncProperty.gener
ic.js:46:39)
          at asyncRunIt (E:
\projects\tourBiller\node_m
odules\fast-check\lib\cjs\c
heck\runner\Runner.js:28:36
)
          at 
processTicksAndRejections (
node:internal/process/task_
queues:103:5)
          at 
Object.<anonymous> (E:\proj
ects\tourBiller\src\__tests
__\properties\database-erro
r-handling.test.ts:29:9)

    [0m [90m 53 |[39m   
  }[33m;[39m
     [90m 54 |[39m   } 
[36mcatch[39m (error) {
    
[31m[1m>[22m[39m[90m 
55 |[39m     console[33m.
[39merror([32m'Error 
creating 
bill:'[39m[33m,[39m 
error)[33m;[39m
     [90m    |[39m       
      [31m[1m^[22m[39m
     [90m 56 |[39m     
     [90m 57 |[39m     
[36mif[39m (error 
[36minstanceof[39m 
[33mError[39m) {
     [90m 58 |[39m       
[36mreturn[39m {[0m

      at error 
(src/lib/actions.ts:55:13)
      at src/__tests__/prop
erties/database-error-handl
ing.test.ts:47:36
      at AsyncProperty.run 
(node_modules/fast-check/li
b/cjs/check/property/AsyncP
roperty.generic.js:46:28)
      at asyncRunIt (node_m
odules/fast-check/lib/cjs/c
heck/runner/Runner.js:28:21
)
      at 
Object.<anonymous> (src/__t
ests__/properties/database-
error-handling.test.ts:29:9
)

    console.error
      Error creating bill: 
Error: uo
          at E:\projects\to
urBiller\src\__tests__\prop
erties\database-error-handl
ing.test.ts:36:73
          at 
AsyncProperty.predicate (E:
\projects\tourBiller\node_m
odules\fast-check\lib\cjs\c
heck\property\AsyncProperty
.js:17:102)
          at 
AsyncProperty.run (E:\proje
cts\tourBiller\node_modules
\fast-check\lib\cjs\check\p
roperty\AsyncProperty.gener
ic.js:46:39)
          at asyncRunIt (E:
\projects\tourBiller\node_m
odules\fast-check\lib\cjs\c
heck\runner\Runner.js:28:36
)
          at 
processTicksAndRejections (
node:internal/process/task_
queues:103:5)
          at 
Object.<anonymous> (E:\proj
ects\tourBiller\src\__tests
__\properties\database-erro
r-handling.test.ts:29:9)

    [0m [90m 53 |[39m   
  }[33m;[39m
     [90m 54 |[39m   } 
[36mcatch[39m (error) {
    
[31m[1m>[22m[39m[90m 
55 |[39m     console[33m.
[39merror([32m'Error 
creating 
bill:'[39m[33m,[39m 
error)[33m;[39m
     [90m    |[39m       
      [31m[1m^[22m[39m
     [90m 56 |[39m     
     [90m 57 |[39m     
[36mif[39m (error 
[36minstanceof[39m 
[33mError[39m) {
     [90m 58 |[39m       
[36mreturn[39m {[0m

      at error 
(src/lib/actions.ts:55:13)
      at src/__tests__/prop
erties/database-error-handl
ing.test.ts:47:36
      at AsyncProperty.run 
(node_modules/fast-check/li
b/cjs/check/property/AsyncP
roperty.generic.js:46:28)
      at asyncRunIt (node_m
odules/fast-check/lib/cjs/c
heck/runner/Runner.js:28:21
)
      at 
Object.<anonymous> (src/__t
ests__/properties/database-
error-handling.test.ts:29:9
)

    console.error
      Error creating bill: 
Error: CF@:!S%(
          at E:\projects\to
urBiller\src\__tests__\prop
erties\database-error-handl
ing.test.ts:36:73
          at 
AsyncProperty.predicate (E:
\projects\tourBiller\node_m
odules\fast-check\lib\cjs\c
heck\property\AsyncProperty
.js:17:102)
          at 
AsyncProperty.run (E:\proje
cts\tourBiller\node_modules
\fast-check\lib\cjs\check\p
roperty\AsyncProperty.gener
ic.js:46:39)
          at asyncRunIt (E:
\projects\tourBiller\node_m
odules\fast-check\lib\cjs\c
heck\runner\Runner.js:28:36
)
          at 
processTicksAndRejections (
node:internal/process/task_
queues:103:5)
          at 
Object.<anonymous> (E:\proj
ects\tourBiller\src\__tests
__\properties\database-erro
r-handling.test.ts:29:9)

    [0m [90m 53 |[39m   
  }[33m;[39m
     [90m 54 |[39m   } 
[36mcatch[39m (error) {
    
[31m[1m>[22m[39m[90m 
55 |[39m     console[33m.
[39merror([32m'Error 
creating 
bill:'[39m[33m,[39m 
error)[33m;[39m
     [90m    |[39m       
      [31m[1m^[22m[39m
     [90m 56 |[39m     
     [90m 57 |[39m     
[36mif[39m (error 
[36minstanceof[39m 
[33mError[39m) {
     [90m 58 |[39m       
[36mreturn[39m {[0m

      at error 
(src/lib/actions.ts:55:13)
      at src/__tests__/prop
erties/database-error-handl
ing.test.ts:47:36
      at AsyncProperty.run 
(node_modules/fast-check/li
b/cjs/check/property/AsyncP
roperty.generic.js:46:28)
      at asyncRunIt (node_m
odules/fast-check/lib/cjs/c
heck/runner/Runner.js:28:21
)
      at 
Object.<anonymous> (src/__t
ests__/properties/database-
error-handling.test.ts:29:9
)

    console.error
      Error creating bill: 
Error: valu
          at E:\projects\to
urBiller\src\__tests__\prop
erties\database-error-handl
ing.test.ts:36:73
          at 
AsyncProperty.predicate (E:
\projects\tourBiller\node_m
odules\fast-check\lib\cjs\c
heck\property\AsyncProperty
.js:17:102)
          at 
AsyncProperty.run (E:\proje
cts\tourBiller\node_modules
\fast-check\lib\cjs\check\p
roperty\AsyncProperty.gener
ic.js:46:39)
          at asyncRunIt (E:
\projects\tourBiller\node_m
odules\fast-check\lib\cjs\c
heck\runner\Runner.js:28:36
)
          at 
processTicksAndRejections (
node:internal/process/task_
queues:103:5)
          at 
Object.<anonymous> (E:\proj
ects\tourBiller\src\__tests
__\properties\database-erro
r-handling.test.ts:29:9)

    [0m [90m 53 |[39m   
  }[33m;[39m
     [90m 54 |[39m   } 
[36mcatch[39m (error) {
    
[31m[1m>[22m[39m[90m 
55 |[39m     console[33m.
[39merror([32m'Error 
creating 
bill:'[39m[33m,[39m 
error)[33m;[39m
     [90m    |[39m       
      [31m[1m^[22m[39m
     [90m 56 |[39m     
     [90m 57 |[39m     
[36mif[39m (error 
[36minstanceof[39m 
[33mError[39m) {
     [90m 58 |[39m       
[36mreturn[39m {[0m

      at error 
(src/lib/actions.ts:55:13)
      at src/__tests__/prop
erties/database-error-handl
ing.test.ts:47:36
      at AsyncProperty.run 
(node_modules/fast-check/li
b/cjs/check/property/AsyncP
roperty.generic.js:46:28)
      at asyncRunIt (node_m
odules/fast-check/lib/cjs/c
heck/runner/Runner.js:28:21
)
      at 
Object.<anonymous> (src/__t
ests__/properties/database-
error-handling.test.ts:29:9
)

    console.error
      Error creating bill: 
Error: B-8
          at E:\projects\to
urBiller\src\__tests__\prop
erties\database-error-handl
ing.test.ts:36:73
          at 
AsyncProperty.predicate (E:
\projects\tourBiller\node_m
odules\fast-check\lib\cjs\c
heck\property\AsyncProperty
.js:17:102)
          at 
AsyncProperty.run (E:\proje
cts\tourBiller\node_modules
\fast-check\lib\cjs\check\p
roperty\AsyncProperty.gener
ic.js:46:39)
          at asyncRunIt (E:
\projects\tourBiller\node_m
odules\fast-check\lib\cjs\c
heck\runner\Runner.js:28:36
)
          at 
processTicksAndRejections (
node:internal/process/task_
queues:103:5)
          at 
Object.<anonymous> (E:\proj
ects\tourBiller\src\__tests
__\properties\database-erro
r-handling.test.ts:29:9)

    [0m [90m 53 |[39m   
  }[33m;[39m
     [90m 54 |[39m   } 
[36mcatch[39m (error) {
    
[31m[1m>[22m[39m[90m 
55 |[39m     console[33m.
[39merror([32m'Error 
creating 
bill:'[39m[33m,[39m 
error)[33m;[39m
     [90m    |[39m       
      [31m[1m^[22m[39m
     [90m 56 |[39m     
     [90m 57 |[39m     
[36mif[39m (error 
[36minstanceof[39m 
[33mError[39m) {
     [90m 58 |[39m       
[36mreturn[39m {[0m

      at error 
(src/lib/actions.ts:55:13)
      at src/__tests__/prop
erties/database-error-handl
ing.test.ts:47:36
      at AsyncProperty.run 
(node_modules/fast-check/li
b/cjs/check/property/AsyncP
roperty.generic.js:46:28)
      at asyncRunIt (node_m
odules/fast-check/lib/cjs/c
heck/runner/Runner.js:28:21
)
      at 
Object.<anonymous> (src/__t
ests__/properties/database-
error-handling.test.ts:29:9
)

    console.error
      Error creating bill: 
Error: %(DEc{FGvm
          at E:\projects\to
urBiller\src\__tests__\prop
erties\database-error-handl
ing.test.ts:36:73
          at 
AsyncProperty.predicate (E:
\projects\tourBiller\node_m
odules\fast-check\lib\cjs\c
heck\property\AsyncProperty
.js:17:102)
          at 
AsyncProperty.run (E:\proje
cts\tourBiller\node_modules
\fast-check\lib\cjs\check\p
roperty\AsyncProperty.gener
ic.js:46:39)
          at asyncRunIt (E:
\projects\tourBiller\node_m
odules\fast-check\lib\cjs\c
heck\runner\Runner.js:28:36
)
          at 
processTicksAndRejections (
node:internal/process/task_
queues:103:5)
          at 
Object.<anonymous> (E:\proj
ects\tourBiller\src\__tests
__\properties\database-erro
r-handling.test.ts:29:9)

    [0m [90m 53 |[39m   
  }[33m;[39m
     [90m 54 |[39m   } 
[36mcatch[39m (error) {
    
[31m[1m>[22m[39m[90m 
55 |[39m     console[33m.
[39merror([32m'Error 
creating 
bill:'[39m[33m,[39m 
error)[33m;[39m
     [90m    |[39m       
      [31m[1m^[22m[39m
     [90m 56 |[39m     
     [90m 57 |[39m     
[36mif[39m (error 
[36minstanceof[39m 
[33mError[39m) {
     [90m 58 |[39m       
[36mreturn[39m {[0m

      at error 
(src/lib/actions.ts:55:13)
      at src/__tests__/prop
erties/database-error-handl
ing.test.ts:47:36
      at AsyncProperty.run 
(node_modules/fast-check/li
b/cjs/check/property/AsyncP
roperty.generic.js:46:28)
      at asyncRunIt (node_m
odules/fast-check/lib/cjs/c
heck/runner/Runner.js:28:21
)
      at 
Object.<anonymous> (src/__t
ests__/properties/database-
error-handling.test.ts:29:9
)

    console.error
      Error creating bill: 
Error: l
          at E:\projects\to
urBiller\src\__tests__\prop
erties\database-error-handl
ing.test.ts:36:73
          at 
AsyncProperty.predicate (E:
\projects\tourBiller\node_m
odules\fast-check\lib\cjs\c
heck\property\AsyncProperty
.js:17:102)
          at 
AsyncProperty.run (E:\proje
cts\tourBiller\node_modules
\fast-check\lib\cjs\check\p
roperty\AsyncProperty.gener
ic.js:46:39)
          at asyncRunIt (E:
\projects\tourBiller\node_m
odules\fast-check\lib\cjs\c
heck\runner\Runner.js:28:36
)
          at 
processTicksAndRejections (
node:internal/process/task_
queues:103:5)
          at 
Object.<anonymous> (E:\proj
ects\tourBiller\src\__tests
__\properties\database-erro
r-handling.test.ts:29:9)

    [0m [90m 53 |[39m   
  }[33m;[39m
     [90m 54 |[39m   } 
[36mcatch[39m (error) {
    
[31m[1m>[22m[39m[90m 
55 |[39m     console[33m.
[39merror([32m'Error 
creating 
bill:'[39m[33m,[39m 
error)[33m;[39m
     [90m    |[39m       
      [31m[1m^[22m[39m
     [90m 56 |[39m     
     [90m 57 |[39m     
[36mif[39m (error 
[36minstanceof[39m 
[33mError[39m) {
     [90m 58 |[39m       
[36mreturn[39m {[0m

      at error 
(src/lib/actions.ts:55:13)
      at src/__tests__/prop
erties/database-error-handl
ing.test.ts:47:36
      at AsyncProperty.run 
(node_modules/fast-check/li
b/cjs/check/property/AsyncP
roperty.generic.js:46:28)
      at asyncRunIt (node_m
odules/fast-check/lib/cjs/c
heck/runner/Runner.js:28:21
)
      at 
Object.<anonymous> (src/__t
ests__/properties/database-
error-handling.test.ts:29:9
)

    console.error
      Error creating bill: 
Error: 4U
          at E:\projects\to
urBiller\src\__tests__\prop
erties\database-error-handl
ing.test.ts:36:73
          at 
AsyncProperty.predicate (E:
\projects\tourBiller\node_m
odules\fast-check\lib\cjs\c
heck\property\AsyncProperty
.js:17:102)
          at 
AsyncProperty.run (E:\proje
cts\tourBiller\node_modules
\fast-check\lib\cjs\check\p
roperty\AsyncProperty.gener
ic.js:46:39)
          at asyncRunIt (E:
\projects\tourBiller\node_m
odules\fast-check\lib\cjs\c
heck\runner\Runner.js:28:36
)
          at 
processTicksAndRejections (
node:internal/process/task_
queues:103:5)
          at 
Object.<anonymous> (E:\proj
ects\tourBiller\src\__tests
__\properties\database-erro
r-handling.test.ts:29:9)

    [0m [90m 53 |[39m   
  }[33m;[39m
     [90m 54 |[39m   } 
[36mcatch[39m (error) {
    
[31m[1m>[22m[39m[90m 
55 |[39m     console[33m.
[39merror([32m'Error 
creating 
bill:'[39m[33m,[39m 
error)[33m;[39m
     [90m    |[39m       
      [31m[1m^[22m[39m
     [90m 56 |[39m     
     [90m 57 |[39m     
[36mif[39m (error 
[36minstanceof[39m 
[33mError[39m) {
     [90m 58 |[39m       
[36mreturn[39m {[0m

      at error 
(src/lib/actions.ts:55:13)
      at src/__tests__/prop
erties/database-error-handl
ing.test.ts:47:36
      at AsyncProperty.run 
(node_modules/fast-check/li
b/cjs/check/property/AsyncP
roperty.generic.js:46:28)
      at asyncRunIt (node_m
odules/fast-check/lib/cjs/c
heck/runner/Runner.js:28:21
)
      at 
Object.<anonymous> (src/__t
ests__/properties/database-
error-handling.test.ts:29:9
)

    console.error
      Error creating bill: 
Error: w3'
          at E:\projects\to
urBiller\src\__tests__\prop
erties\database-error-handl
ing.test.ts:36:73
          at 
AsyncProperty.predicate (E:
\projects\tourBiller\node_m
odules\fast-check\lib\cjs\c
heck\property\AsyncProperty
.js:17:102)
          at 
AsyncProperty.run (E:\proje
cts\tourBiller\node_modules
\fast-check\lib\cjs\check\p
roperty\AsyncProperty.gener
ic.js:46:39)
          at asyncRunIt (E:
\projects\tourBiller\node_m
odules\fast-check\lib\cjs\c
heck\runner\Runner.js:28:36
)
          at 
processTicksAndRejections (
node:internal/process/task_
queues:103:5)
          at 
Object.<anonymous> (E:\proj
ects\tourBiller\src\__tests
__\properties\database-erro
r-handling.test.ts:29:9)

    [0m [90m 53 |[39m   
  }[33m;[39m
     [90m 54 |[39m   } 
[36mcatch[39m (error) {
    
[31m[1m>[22m[39m[90m 
55 |[39m     console[33m.
[39merror([32m'Error 
creating 
bill:'[39m[33m,[39m 
error)[33m;[39m
     [90m    |[39m       
      [31m[1m^[22m[39m
     [90m 56 |[39m     
     [90m 57 |[39m     
[36mif[39m (error 
[36minstanceof[39m 
[33mError[39m) {
     [90m 58 |[39m       
[36mreturn[39m {[0m

      at error 
(src/lib/actions.ts:55:13)
      at src/__tests__/prop
erties/database-error-handl
ing.test.ts:47:36
      at AsyncProperty.run 
(node_modules/fast-check/li
b/cjs/check/property/AsyncP
roperty.generic.js:46:28)
      at asyncRunIt (node_m
odules/fast-check/lib/cjs/c
heck/runner/Runner.js:28:21
)
      at 
Object.<anonymous> (src/__t
ests__/properties/database-
error-handling.test.ts:29:9
)

    console.error
      Error creating bill: 
Error: }yK [t>rz
          at E:\projects\to
urBiller\src\__tests__\prop
erties\database-error-handl
ing.test.ts:36:73
          at 
AsyncProperty.predicate (E:
\projects\tourBiller\node_m
odules\fast-check\lib\cjs\c
heck\property\AsyncProperty
.js:17:102)
          at 
AsyncProperty.run (E:\proje
cts\tourBiller\node_modules
\fast-check\lib\cjs\check\p
roperty\AsyncProperty.gener
ic.js:46:39)
          at asyncRunIt (E:
\projects\tourBiller\node_m
odules\fast-check\lib\cjs\c
heck\runner\Runner.js:28:36
)
          at 
processTicksAndRejections (
node:internal/process/task_
queues:103:5)
          at 
Object.<anonymous> (E:\proj
ects\tourBiller\src\__tests
__\properties\database-erro
r-handling.test.ts:29:9)

    [0m [90m 53 |[39m   
  }[33m;[39m
     [90m 54 |[39m   } 
[36mcatch[39m (error) {
    
[31m[1m>[22m[39m[90m 
55 |[39m     console[33m.
[39merror([32m'Error 
creating 
bill:'[39m[33m,[39m 
error)[33m;[39m
     [90m    |[39m       
      [31m[1m^[22m[39m
     [90m 56 |[39m     
     [90m 57 |[39m     
[36mif[39m (error 
[36minstanceof[39m 
[33mError[39m) {
     [90m 58 |[39m       
[36mreturn[39m {[0m

      at error 
(src/lib/actions.ts:55:13)
      at src/__tests__/prop
erties/database-error-handl
ing.test.ts:47:36
      at AsyncProperty.run 
(node_modules/fast-check/li
b/cjs/check/property/AsyncP
roperty.generic.js:46:28)
      at asyncRunIt (node_m
odules/fast-check/lib/cjs/c
heck/runner/Runner.js:28:21
)
      at 
Object.<anonymous> (src/__t
ests__/properties/database-
error-handling.test.ts:29:9
)

    console.error
      Error creating bill: 
Error: 
          at E:\projects\to
urBiller\src\__tests__\prop
erties\database-error-handl
ing.test.ts:36:73
          at 
AsyncProperty.predicate (E:
\projects\tourBiller\node_m
odules\fast-check\lib\cjs\c
heck\property\AsyncProperty
.js:17:102)
          at 
AsyncProperty.run (E:\proje
cts\tourBiller\node_modules
\fast-check\lib\cjs\check\p
roperty\AsyncProperty.gener
ic.js:46:39)
          at asyncRunIt (E:
\projects\tourBiller\node_m
odules\fast-check\lib\cjs\c
heck\runner\Runner.js:28:36
)
          at 
processTicksAndRejections (
node:internal/process/task_
queues:103:5)
          at 
Object.<anonymous> (E:\proj
ects\tourBiller\src\__tests
__\properties\database-erro
r-handling.test.ts:29:9)

    [0m [90m 53 |[39m   
  }[33m;[39m
     [90m 54 |[39m   } 
[36mcatch[39m (error) {
    
[31m[1m>[22m[39m[90m 
55 |[39m     console[33m.
[39merror([32m'Error 
creating 
bill:'[39m[33m,[39m 
error)[33m;[39m
     [90m    |[39m       
      [31m[1m^[22m[39m
     [90m 56 |[39m     
     [90m 57 |[39m     
[36mif[39m (error 
[36minstanceof[39m 
[33mError[39m) {
     [90m 58 |[39m       
[36mreturn[39m {[0m

      at error 
(src/lib/actions.ts:55:13)
      at src/__tests__/prop
erties/database-error-handl
ing.test.ts:47:36
      at AsyncProperty.run 
(node_modules/fast-check/li
b/cjs/check/property/AsyncP
roperty.generic.js:46:28)
      at asyncRunIt (node_m
odules/fast-check/lib/cjs/c
heck/runner/Runner.js:28:21
)
      at 
Object.<anonymous> (src/__t
ests__/properties/database-
error-handling.test.ts:29:9
)

    console.error
      Error creating bill: 
Error: O\L!
          at E:\projects\to
urBiller\src\__tests__\prop
erties\database-error-handl
ing.test.ts:36:73
          at 
AsyncProperty.predicate (E:
\projects\tourBiller\node_m
odules\fast-check\lib\cjs\c
heck\property\AsyncProperty
.js:17:102)
          at 
AsyncProperty.run (E:\proje
cts\tourBiller\node_modules
\fast-check\lib\cjs\check\p
roperty\AsyncProperty.gener
ic.js:46:39)
          at asyncRunIt (E:
\projects\tourBiller\node_m
odules\fast-check\lib\cjs\c
heck\runner\Runner.js:28:36
)
          at 
processTicksAndRejections (
node:internal/process/task_
queues:103:5)
          at 
Object.<anonymous> (E:\proj
ects\tourBiller\src\__tests
__\properties\database-erro
r-handling.test.ts:29:9)

    [0m [90m 53 |[39m   
  }[33m;[39m
     [90m 54 |[39m   } 
[36mcatch[39m (error) {
    
[31m[1m>[22m[39m[90m 
55 |[39m     console[33m.
[39merror([32m'Error 
creating 
bill:'[39m[33m,[39m 
error)[33m;[39m
     [90m    |[39m       
      [31m[1m^[22m[39m
     [90m 56 |[39m     
     [90m 57 |[39m     
[36mif[39m (error 
[36minstanceof[39m 
[33mError[39m) {
     [90m 58 |[39m       
[36mreturn[39m {[0m

      at error 
(src/lib/actions.ts:55:13)
      at src/__tests__/prop
erties/database-error-handl
ing.test.ts:47:36
      at AsyncProperty.run 
(node_modules/fast-check/li
b/cjs/check/property/AsyncP
roperty.generic.js:46:28)
      at asyncRunIt (node_m
odules/fast-check/lib/cjs/c
heck/runner/Runner.js:28:21
)
      at 
Object.<anonymous> (src/__t
ests__/properties/database-
error-handling.test.ts:29:9
)

    console.error
      Error creating bill: 
Error: "2H0 r+vNW
          at E:\projects\to
urBiller\src\__tests__\prop
erties\database-error-handl
ing.test.ts:36:73
          at 
AsyncProperty.predicate (E:
\projects\tourBiller\node_m
odules\fast-check\lib\cjs\c
heck\property\AsyncProperty
.js:17:102)
          at 
AsyncProperty.run (E:\proje
cts\tourBiller\node_modules
\fast-check\lib\cjs\check\p
roperty\AsyncProperty.gener
ic.js:46:39)
          at asyncRunIt (E:
\projects\tourBiller\node_m
odules\fast-check\lib\cjs\c
heck\runner\Runner.js:28:36
)
          at 
processTicksAndRejections (
node:internal/process/task_
queues:103:5)
          at 
Object.<anonymous> (E:\proj
ects\tourBiller\src\__tests
__\properties\database-erro
r-handling.test.ts:29:9)

    [0m [90m 53 |[39m   
  }[33m;[39m
     [90m 54 |[39m   } 
[36mcatch[39m (error) {
    
[31m[1m>[22m[39m[90m 
55 |[39m     console[33m.
[39merror([32m'Error 
creating 
bill:'[39m[33m,[39m 
error)[33m;[39m
     [90m    |[39m       
      [31m[1m^[22m[39m
     [90m 56 |[39m     
     [90m 57 |[39m     
[36mif[39m (error 
[36minstanceof[39m 
[33mError[39m) {
     [90m 58 |[39m       
[36mreturn[39m {[0m

      at error 
(src/lib/actions.ts:55:13)
      at src/__tests__/prop
erties/database-error-handl
ing.test.ts:47:36
      at AsyncProperty.run 
(node_modules/fast-check/li
b/cjs/check/property/AsyncP
roperty.generic.js:46:28)
      at asyncRunIt (node_m
odules/fast-check/lib/cjs/c
heck/runner/Runner.js:28:21
)
      at 
Object.<anonymous> (src/__t
ests__/properties/database-
error-handling.test.ts:29:9
)

    console.error
      Error creating bill: 
Error: 
          at E:\projects\to
urBiller\src\__tests__\prop
erties\database-error-handl
ing.test.ts:36:73
          at 
AsyncProperty.predicate (E:
\projects\tourBiller\node_m
odules\fast-check\lib\cjs\c
heck\property\AsyncProperty
.js:17:102)
          at 
AsyncProperty.run (E:\proje
cts\tourBiller\node_modules
\fast-check\lib\cjs\check\p
roperty\AsyncProperty.gener
ic.js:46:39)
          at asyncRunIt (E:
\projects\tourBiller\node_m
odules\fast-check\lib\cjs\c
heck\runner\Runner.js:28:36
)
          at 
processTicksAndRejections (
node:internal/process/task_
queues:103:5)
          at 
Object.<anonymous> (E:\proj
ects\tourBiller\src\__tests
__\properties\database-erro
r-handling.test.ts:29:9)

    [0m [90m 53 |[39m   
  }[33m;[39m
     [90m 54 |[39m   } 
[36mcatch[39m (error) {
    
[31m[1m>[22m[39m[90m 
55 |[39m     console[33m.
[39merror([32m'Error 
creating 
bill:'[39m[33m,[39m 
error)[33m;[39m
     [90m    |[39m       
      [31m[1m^[22m[39m
     [90m 56 |[39m     
     [90m 57 |[39m     
[36mif[39m (error 
[36minstanceof[39m 
[33mError[39m) {
     [90m 58 |[39m       
[36mreturn[39m {[0m

      at error 
(src/lib/actions.ts:55:13)
      at src/__tests__/prop
erties/database-error-handl
ing.test.ts:47:36
      at AsyncProperty.run 
(node_modules/fast-check/li
b/cjs/check/property/AsyncP
roperty.generic.js:46:28)
      at asyncRunIt (node_m
odules/fast-check/lib/cjs/c
heck/runner/Runner.js:28:21
)
      at 
Object.<anonymous> (src/__t
ests__/properties/database-
error-handling.test.ts:29:9
)

    console.error
      Error creating bill: 
Error: _FP6U
          at E:\projects\to
urBiller\src\__tests__\prop
erties\database-error-handl
ing.test.ts:36:73
          at 
AsyncProperty.predicate (E:
\projects\tourBiller\node_m
odules\fast-check\lib\cjs\c
heck\property\AsyncProperty
.js:17:102)
          at 
AsyncProperty.run (E:\proje
cts\tourBiller\node_modules
\fast-check\lib\cjs\check\p
roperty\AsyncProperty.gener
ic.js:46:39)
          at asyncRunIt (E:
\projects\tourBiller\node_m
odules\fast-check\lib\cjs\c
heck\runner\Runner.js:28:36
)
          at 
processTicksAndRejections (
node:internal/process/task_
queues:103:5)
          at 
Object.<anonymous> (E:\proj
ects\tourBiller\src\__tests
__\properties\database-erro
r-handling.test.ts:29:9)

    [0m [90m 53 |[39m   
  }[33m;[39m
     [90m 54 |[39m   } 
[36mcatch[39m (error) {
    
[31m[1m>[22m[39m[90m 
55 |[39m     console[33m.
[39merror([32m'Error 
creating 
bill:'[39m[33m,[39m 
error)[33m;[39m
     [90m    |[39m       
      [31m[1m^[22m[39m
     [90m 56 |[39m     
     [90m 57 |[39m     
[36mif[39m (error 
[36minstanceof[39m 
[33mError[39m) {
     [90m 58 |[39m       
[36mreturn[39m {[0m

      at error 
(src/lib/actions.ts:55:13)
      at src/__tests__/prop
erties/database-error-handl
ing.test.ts:47:36
      at AsyncProperty.run 
(node_modules/fast-check/li
b/cjs/check/property/AsyncP
roperty.generic.js:46:28)
      at asyncRunIt (node_m
odules/fast-check/lib/cjs/c
heck/runner/Runner.js:28:21
)
      at 
Object.<anonymous> (src/__t
ests__/properties/database-
error-handling.test.ts:29:9
)

    console.error
      Error creating bill: 
Error: 
          at E:\projects\to
urBiller\src\__tests__\prop
erties\database-error-handl
ing.test.ts:36:73
          at 
AsyncProperty.predicate (E:
\projects\tourBiller\node_m
odules\fast-check\lib\cjs\c
heck\property\AsyncProperty
.js:17:102)
          at 
AsyncProperty.run (E:\proje
cts\tourBiller\node_modules
\fast-check\lib\cjs\check\p
roperty\AsyncProperty.gener
ic.js:46:39)
          at asyncRunIt (E:
\projects\tourBiller\node_m
odules\fast-check\lib\cjs\c
heck\runner\Runner.js:28:36
)
          at 
processTicksAndRejections (
node:internal/process/task_
queues:103:5)
          at 
Object.<anonymous> (E:\proj
ects\tourBiller\src\__tests
__\properties\database-erro
r-handling.test.ts:29:9)

    [0m [90m 53 |[39m   
  }[33m;[39m
     [90m 54 |[39m   } 
[36mcatch[39m (error) {
    
[31m[1m>[22m[39m[90m 
55 |[39m     console[33m.
[39merror([32m'Error 
creating 
bill:'[39m[33m,[39m 
error)[33m;[39m
     [90m    |[39m       
      [31m[1m^[22m[39m
     [90m 56 |[39m     
     [90m 57 |[39m     
[36mif[39m (error 
[36minstanceof[39m 
[33mError[39m) {
     [90m 58 |[39m       
[36mreturn[39m {[0m

      at error 
(src/lib/actions.ts:55:13)
      at src/__tests__/prop
erties/database-error-handl
ing.test.ts:47:36
      at AsyncProperty.run 
(node_modules/fast-check/li
b/cjs/check/property/AsyncP
roperty.generic.js:46:28)
      at asyncRunIt (node_m
odules/fast-check/lib/cjs/c
heck/runner/Runner.js:28:21
)
      at 
Object.<anonymous> (src/__t
ests__/properties/database-
error-handling.test.ts:29:9
)

    console.error
      Error creating bill: 
Error: 2WisPro
          at E:\projects\to
urBiller\src\__tests__\prop
erties\database-error-handl
ing.test.ts:36:73
          at 
AsyncProperty.predicate (E:
\projects\tourBiller\node_m
odules\fast-check\lib\cjs\c
heck\property\AsyncProperty
.js:17:102)
          at 
AsyncProperty.run (E:\proje
cts\tourBiller\node_modules
\fast-check\lib\cjs\check\p
roperty\AsyncProperty.gener
ic.js:46:39)
          at asyncRunIt (E:
\projects\tourBiller\node_m
odules\fast-check\lib\cjs\c
heck\runner\Runner.js:28:36
)
          at 
processTicksAndRejections (
node:internal/process/task_
queues:103:5)
          at 
Object.<anonymous> (E:\proj
ects\tourBiller\src\__tests
__\properties\database-erro
r-handling.test.ts:29:9)

    [0m [90m 53 |[39m   
  }[33m;[39m
     [90m 54 |[39m   } 
[36mcatch[39m (error) {
    
[31m[1m>[22m[39m[90m 
55 |[39m     console[33m.
[39merror([32m'Error 
creating 
bill:'[39m[33m,[39m 
error)[33m;[39m
     [90m    |[39m       
      [31m[1m^[22m[39m
     [90m 56 |[39m     
     [90m 57 |[39m     
[36mif[39m (error 
[36minstanceof[39m 
[33mError[39m) {
     [90m 58 |[39m       
[36mreturn[39m {[0m

      at error 
(src/lib/actions.ts:55:13)
      at src/__tests__/prop
erties/database-error-handl
ing.test.ts:47:36
      at AsyncProperty.run 
(node_modules/fast-check/li
b/cjs/check/property/AsyncP
roperty.generic.js:46:28)
      at asyncRunIt (node_m
odules/fast-check/lib/cjs/c
heck/runner/Runner.js:28:21
)
      at 
Object.<anonymous> (src/__t
ests__/properties/database-
error-handling.test.ts:29:9
)

    console.error
      Error creating bill: 
Error: 
          at E:\projects\to
urBiller\src\__tests__\prop
erties\database-error-handl
ing.test.ts:36:73
          at 
AsyncProperty.predicate (E:
\projects\tourBiller\node_m
odules\fast-check\lib\cjs\c
heck\property\AsyncProperty
.js:17:102)
          at 
AsyncProperty.run (E:\proje
cts\tourBiller\node_modules
\fast-check\lib\cjs\check\p
roperty\AsyncProperty.gener
ic.js:46:39)
          at asyncRunIt (E:
\projects\tourBiller\node_m
odules\fast-check\lib\cjs\c
heck\runner\Runner.js:28:36
)
          at 
processTicksAndRejections (
node:internal/process/task_
queues:103:5)
          at 
Object.<anonymous> (E:\proj
ects\tourBiller\src\__tests
__\properties\database-erro
r-handling.test.ts:29:9)

    [0m [90m 53 |[39m   
  }[33m;[39m
     [90m 54 |[39m   } 
[36mcatch[39m (error) {
    
[31m[1m>[22m[39m[90m 
55 |[39m     console[33m.
[39merror([32m'Error 
creating 
bill:'[39m[33m,[39m 
error)[33m;[39m
     [90m    |[39m       
      [31m[1m^[22m[39m
     [90m 56 |[39m     
     [90m 57 |[39m     
[36mif[39m (error 
[36minstanceof[39m 
[33mError[39m) {
     [90m 58 |[39m       
[36mreturn[39m {[0m

      at error 
(src/lib/actions.ts:55:13)
      at src/__tests__/prop
erties/database-error-handl
ing.test.ts:47:36
      at AsyncProperty.run 
(node_modules/fast-check/li
b/cjs/check/property/AsyncP
roperty.generic.js:46:28)
      at asyncRunIt (node_m
odules/fast-check/lib/cjs/c
heck/runner/Runner.js:28:21
)
      at 
Object.<anonymous> (src/__t
ests__/properties/database-
error-handling.test.ts:29:9
)

    console.error
      Error creating bill: 
Error: P
          at E:\projects\to
urBiller\src\__tests__\prop
erties\database-error-handl
ing.test.ts:36:73
          at 
AsyncProperty.predicate (E:
\projects\tourBiller\node_m
odules\fast-check\lib\cjs\c
heck\property\AsyncProperty
.js:17:102)
          at 
AsyncProperty.run (E:\proje
cts\tourBiller\node_modules
\fast-check\lib\cjs\check\p
roperty\AsyncProperty.gener
ic.js:46:39)
          at asyncRunIt (E:
\projects\tourBiller\node_m
odules\fast-check\lib\cjs\c
heck\runner\Runner.js:28:36
)
          at 
processTicksAndRejections (
node:internal/process/task_
queues:103:5)
          at 
Object.<anonymous> (E:\proj
ects\tourBiller\src\__tests
__\properties\database-erro
r-handling.test.ts:29:9)

    [0m [90m 53 |[39m   
  }[33m;[39m
     [90m 54 |[39m   } 
[36mcatch[39m (error) {
    
[31m[1m>[22m[39m[90m 
55 |[39m     console[33m.
[39merror([32m'Error 
creating 
bill:'[39m[33m,[39m 
error)[33m;[39m
     [90m    |[39m       
      [31m[1m^[22m[39m
     [90m 56 |[39m     
     [90m 57 |[39m     
[36mif[39m (error 
[36minstanceof[39m 
[33mError[39m) {
     [90m 58 |[39m       
[36mreturn[39m {[0m

      at error 
(src/lib/actions.ts:55:13)
      at src/__tests__/prop
erties/database-error-handl
ing.test.ts:47:36
      at AsyncProperty.run 
(node_modules/fast-check/li
b/cjs/check/property/AsyncP
roperty.generic.js:46:28)
      at asyncRunIt (node_m
odules/fast-check/lib/cjs/c
heck/runner/Runner.js:28:21
)
      at 
Object.<anonymous> (src/__t
ests__/properties/database-
error-handling.test.ts:29:9
)

    console.error
      Error creating bill: 
Error: eq
          at E:\projects\to
urBiller\src\__tests__\prop
erties\database-error-handl
ing.test.ts:36:73
          at 
AsyncProperty.predicate (E:
\projects\tourBiller\node_m
odules\fast-check\lib\cjs\c
heck\property\AsyncProperty
.js:17:102)
          at 
AsyncProperty.run (E:\proje
cts\tourBiller\node_modules
\fast-check\lib\cjs\check\p
roperty\AsyncProperty.gener
ic.js:46:39)
          at asyncRunIt (E:
\projects\tourBiller\node_m
odules\fast-check\lib\cjs\c
heck\runner\Runner.js:28:36
)
          at 
processTicksAndRejections (
node:internal/process/task_
queues:103:5)
          at 
Object.<anonymous> (E:\proj
ects\tourBiller\src\__tests
__\properties\database-erro
r-handling.test.ts:29:9)

    [0m [90m 53 |[39m   
  }[33m;[39m
     [90m 54 |[39m   } 
[36mcatch[39m (error) {
    
[31m[1m>[22m[39m[90m 
55 |[39m     console[33m.
[39merror([32m'Error 
creating 
bill:'[39m[33m,[39m 
error)[33m;[39m
     [90m    |[39m       
      [31m[1m^[22m[39m
     [90m 56 |[39m     
     [90m 57 |[39m     
[36mif[39m (error 
[36minstanceof[39m 
[33mError[39m) {
     [90m 58 |[39m       
[36mreturn[39m {[0m

      at error 
(src/lib/actions.ts:55:13)
      at src/__tests__/prop
erties/database-error-handl
ing.test.ts:47:36
      at AsyncProperty.run 
(node_modules/fast-check/li
b/cjs/check/property/AsyncP
roperty.generic.js:46:28)
      at asyncRunIt (node_m
odules/fast-check/lib/cjs/c
heck/runner/Runner.js:28:21
)
      at 
Object.<anonymous> (src/__t
ests__/properties/database-
error-handling.test.ts:29:9
)

    console.error
      Error creating bill: 
Error: 
          at E:\projects\to
urBiller\src\__tests__\prop
erties\database-error-handl
ing.test.ts:36:73
          at 
AsyncProperty.predicate (E:
\projects\tourBiller\node_m
odules\fast-check\lib\cjs\c
heck\property\AsyncProperty
.js:17:102)
          at 
AsyncProperty.run (E:\proje
cts\tourBiller\node_modules
\fast-check\lib\cjs\check\p
roperty\AsyncProperty.gener
ic.js:46:39)
          at asyncRunIt (E:
\projects\tourBiller\node_m
odules\fast-check\lib\cjs\c
heck\runner\Runner.js:28:36
)
          at 
processTicksAndRejections (
node:internal/process/task_
queues:103:5)
          at 
Object.<anonymous> (E:\proj
ects\tourBiller\src\__tests
__\properties\database-erro
r-handling.test.ts:29:9)

    [0m [90m 53 |[39m   
  }[33m;[39m
     [90m 54 |[39m   } 
[36mcatch[39m (error) {
    
[31m[1m>[22m[39m[90m 
55 |[39m     console[33m.
[39merror([32m'Error 
creating 
bill:'[39m[33m,[39m 
error)[33m;[39m
     [90m    |[39m       
      [31m[1m^[22m[39m
     [90m 56 |[39m     
     [90m 57 |[39m     
[36mif[39m (error 
[36minstanceof[39m 
[33mError[39m) {
     [90m 58 |[39m       
[36mreturn[39m {[0m

      at error 
(src/lib/actions.ts:55:13)
      at src/__tests__/prop
erties/database-error-handl
ing.test.ts:47:36
      at AsyncProperty.run 
(node_modules/fast-check/li
b/cjs/check/property/AsyncP
roperty.generic.js:46:28)
      at asyncRunIt (node_m
odules/fast-check/lib/cjs/c
heck/runner/Runner.js:28:21
)
      at 
Object.<anonymous> (src/__t
ests__/properties/database-
error-handling.test.ts:29:9
)

    console.error
      Error creating bill: 
Error: y
          at E:\projects\to
urBiller\src\__tests__\prop
erties\database-error-handl
ing.test.ts:36:73
          at 
AsyncProperty.predicate (E:
\projects\tourBiller\node_m
odules\fast-check\lib\cjs\c
heck\property\AsyncProperty
.js:17:102)
          at 
AsyncProperty.run (E:\proje
cts\tourBiller\node_modules
\fast-check\lib\cjs\check\p
roperty\AsyncProperty.gener
ic.js:46:39)
          at asyncRunIt (E:
\projects\tourBiller\node_m
odules\fast-check\lib\cjs\c
heck\runner\Runner.js:28:36
)
          at 
processTicksAndRejections (
node:internal/process/task_
queues:103:5)
          at 
Object.<anonymous> (E:\proj
ects\tourBiller\src\__tests
__\properties\database-erro
r-handling.test.ts:29:9)

    [0m [90m 53 |[39m   
  }[33m;[39m
     [90m 54 |[39m   } 
[36mcatch[39m (error) {
    
[31m[1m>[22m[39m[90m 
55 |[39m     console[33m.
[39merror([32m'Error 
creating 
bill:'[39m[33m,[39m 
error)[33m;[39m
     [90m    |[39m       
      [31m[1m^[22m[39m
     [90m 56 |[39m     
     [90m 57 |[39m     
[36mif[39m (error 
[36minstanceof[39m 
[33mError[39m) {
     [90m 58 |[39m       
[36mreturn[39m {[0m

      at error 
(src/lib/actions.ts:55:13)
      at src/__tests__/prop
erties/database-error-handl
ing.test.ts:47:36
      at AsyncProperty.run 
(node_modules/fast-check/li
b/cjs/check/property/AsyncP
roperty.generic.js:46:28)
      at asyncRunIt (node_m
odules/fast-check/lib/cjs/c
heck/runner/Runner.js:28:21
)
      at 
Object.<anonymous> (src/__t
ests__/properties/database-
error-handling.test.ts:29:9
)

    console.error
      Error creating bill: 
Error: cU]W
          at E:\projects\to
urBiller\src\__tests__\prop
erties\database-error-handl
ing.test.ts:36:73
          at 
AsyncProperty.predicate (E:
\projects\tourBiller\node_m
odules\fast-check\lib\cjs\c
heck\property\AsyncProperty
.js:17:102)
          at 
AsyncProperty.run (E:\proje
cts\tourBiller\node_modules
\fast-check\lib\cjs\check\p
roperty\AsyncProperty.gener
ic.js:46:39)
          at asyncRunIt (E:
\projects\tourBiller\node_m
odules\fast-check\lib\cjs\c
heck\runner\Runner.js:28:36
)
          at 
processTicksAndRejections (
node:internal/process/task_
queues:103:5)
          at 
Object.<anonymous> (E:\proj
ects\tourBiller\src\__tests
__\properties\database-erro
r-handling.test.ts:29:9)

    [0m [90m 53 |[39m   
  }[33m;[39m
     [90m 54 |[39m   } 
[36mcatch[39m (error) {
    
[31m[1m>[22m[39m[90m 
55 |[39m     console[33m.
[39merror([32m'Error 
creating 
bill:'[39m[33m,[39m 
error)[33m;[39m
     [90m    |[39m       
      [31m[1m^[22m[39m
     [90m 56 |[39m     
     [90m 57 |[39m     
[36mif[39m (error 
[36minstanceof[39m 
[33mError[39m) {
     [90m 58 |[39m       
[36mreturn[39m {[0m

      at error 
(src/lib/actions.ts:55:13)
      at src/__tests__/prop
erties/database-error-handl
ing.test.ts:47:36
      at AsyncProperty.run 
(node_modules/fast-check/li
b/cjs/check/property/AsyncP
roperty.generic.js:46:28)
      at asyncRunIt (node_m
odules/fast-check/lib/cjs/c
heck/runner/Runner.js:28:21
)
      at 
Object.<anonymous> (src/__t
ests__/properties/database-
error-handling.test.ts:29:9
)

    console.error
      Error fetching 
bills: Error: {
          at E:\projects\to
urBiller\src\__tests__\prop
erties\database-error-handl
ing.test.ts:65:75
          at 
AsyncProperty.predicate (E:
\projects\tourBiller\node_m
odules\fast-check\lib\cjs\c
heck\property\AsyncProperty
.js:17:102)
          at 
AsyncProperty.run (E:\proje
cts\tourBiller\node_modules
\fast-check\lib\cjs\check\p
roperty\AsyncProperty.gener
ic.js:46:39)
          at asyncRunIt (E:
\projects\tourBiller\node_m
odules\fast-check\lib\cjs\c
heck\runner\Runner.js:28:36
)
          at 
processTicksAndRejections (
node:internal/process/task_
queues:103:5)
          at 
Object.<anonymous> (E:\proj
ects\tourBiller\src\__tests
__\properties\database-erro
r-handling.test.ts:58:9)

    [0m [90m 92 |[39m   
  }[33m;[39m
     [90m 93 |[39m   } 
[36mcatch[39m (error) {
    
[31m[1m>[22m[39m[90m 
94 |[39m     console[33m.
[39merror([32m'Error 
fetching 
bills:'[39m[33m,[39m 
error)[33m;[39m
     [90m    |[39m       
      [31m[1m^[22m[39m
     [90m 95 |[39m     
     [90m 96 |[39m     
[36mreturn[39m {
     [90m 97 |[39m       
success[33m:[39m [36mfal
se[39m[33m,[39m[0m

      at error 
(src/lib/actions.ts:94:13)
      at src/__tests__/prop
erties/database-error-handl
ing.test.ts:67:36
      at AsyncProperty.run 
(node_modules/fast-check/li
b/cjs/check/property/AsyncP
roperty.generic.js:46:28)
      at asyncRunIt (node_m
odules/fast-check/lib/cjs/c
heck/runner/Runner.js:28:21
)
      at 
Object.<anonymous> (src/__t
ests__/properties/database-
error-handling.test.ts:58:9
)

    console.error
      Error fetching 
bills: Error: Wl
          at E:\projects\to
urBiller\src\__tests__\prop
erties\database-error-handl
ing.test.ts:65:75
          at 
AsyncProperty.predicate (E:
\projects\tourBiller\node_m
odules\fast-check\lib\cjs\c
heck\property\AsyncProperty
.js:17:102)
          at 
AsyncProperty.run (E:\proje
cts\tourBiller\node_modules
\fast-check\lib\cjs\check\p
roperty\AsyncProperty.gener
ic.js:46:39)
          at asyncRunIt (E:
\projects\tourBiller\node_m
odules\fast-check\lib\cjs\c
heck\runner\Runner.js:28:36
)
          at 
processTicksAndRejections (
node:internal/process/task_
queues:103:5)
          at 
Object.<anonymous> (E:\proj
ects\tourBiller\src\__tests
__\properties\database-erro
r-handling.test.ts:58:9)

    [0m [90m 92 |[39m   
  }[33m;[39m
     [90m 93 |[39m   } 
[36mcatch[39m (error) {
    
[31m[1m>[22m[39m[90m 
94 |[39m     console[33m.
[39merror([32m'Error 
fetching 
bills:'[39m[33m,[39m 
error)[33m;[39m
     [90m    |[39m       
      [31m[1m^[22m[39m
     [90m 95 |[39m     
     [90m 96 |[39m     
[36mreturn[39m {
     [90m 97 |[39m       
success[33m:[39m [36mfal
se[39m[33m,[39m[0m

      at error 
(src/lib/actions.ts:94:13)
      at src/__tests__/prop
erties/database-error-handl
ing.test.ts:67:36
      at AsyncProperty.run 
(node_modules/fast-check/li
b/cjs/check/property/AsyncP
roperty.generic.js:46:28)
      at asyncRunIt (node_m
odules/fast-check/lib/cjs/c
heck/runner/Runner.js:28:21
)
      at 
Object.<anonymous> (src/__t
ests__/properties/database-
error-handling.test.ts:58:9
)

    console.error
      Error fetching 
bills: Error: @3`2CWk~W
          at E:\projects\to
urBiller\src\__tests__\prop
erties\database-error-handl
ing.test.ts:65:75
          at 
AsyncProperty.predicate (E:
\projects\tourBiller\node_m
odules\fast-check\lib\cjs\c
heck\property\AsyncProperty
.js:17:102)
          at 
AsyncProperty.run (E:\proje
cts\tourBiller\node_modules
\fast-check\lib\cjs\check\p
roperty\AsyncProperty.gener
ic.js:46:39)
          at asyncRunIt (E:
\projects\tourBiller\node_m
odules\fast-check\lib\cjs\c
heck\runner\Runner.js:28:36
)
          at 
processTicksAndRejections (
node:internal/process/task_
queues:103:5)
          at 
Object.<anonymous> (E:\proj
ects\tourBiller\src\__tests
__\properties\database-erro
r-handling.test.ts:58:9)

    [0m [90m 92 |[39m   
  }[33m;[39m
     [90m 93 |[39m   } 
[36mcatch[39m (error) {
    
[31m[1m>[22m[39m[90m 
94 |[39m     console[33m.
[39merror([32m'Error 
fetching 
bills:'[39m[33m,[39m 
error)[33m;[39m
     [90m    |[39m       
      [31m[1m^[22m[39m
     [90m 95 |[39m     
     [90m 96 |[39m     
[36mreturn[39m {
     [90m 97 |[39m       
success[33m:[39m [36mfal
se[39m[33m,[39m[0m

      at error 
(src/lib/actions.ts:94:13)
      at src/__tests__/prop
erties/database-error-handl
ing.test.ts:67:36
      at AsyncProperty.run 
(node_modules/fast-check/li
b/cjs/check/property/AsyncP
roperty.generic.js:46:28)
      at asyncRunIt (node_m
odules/fast-check/lib/cjs/c
heck/runner/Runner.js:28:21
)
      at 
Object.<anonymous> (src/__t
ests__/properties/database-
error-handling.test.ts:58:9
)

    console.error
      Error fetching 
bills: Error: l
          at E:\projects\to
urBiller\src\__tests__\prop
erties\database-error-handl
ing.test.ts:65:75
          at 
AsyncProperty.predicate (E:
\projects\tourBiller\node_m
odules\fast-check\lib\cjs\c
heck\property\AsyncProperty
.js:17:102)
          at 
AsyncProperty.run (E:\proje
cts\tourBiller\node_modules
\fast-check\lib\cjs\check\p
roperty\AsyncProperty.gener
ic.js:46:39)
          at asyncRunIt (E:
\projects\tourBiller\node_m
odules\fast-check\lib\cjs\c
heck\runner\Runner.js:28:36
)
          at 
processTicksAndRejections (
node:internal/process/task_
queues:103:5)
          at 
Object.<anonymous> (E:\proj
ects\tourBiller\src\__tests
__\properties\database-erro
r-handling.test.ts:58:9)

    [0m [90m 92 |[39m   
  }[33m;[39m
     [90m 93 |[39m   } 
[36mcatch[39m (error) {
    
[31m[1m>[22m[39m[90m 
94 |[39m     console[33m.
[39merror([32m'Error 
fetching 
bills:'[39m[33m,[39m 
error)[33m;[39m
     [90m    |[39m       
      [31m[1m^[22m[39m
     [90m 95 |[39m     
     [90m 96 |[39m     
[36mreturn[39m {
     [90m 97 |[39m       
success[33m:[39m [36mfal
se[39m[33m,[39m[0m

      at error 
(src/lib/actions.ts:94:13)
      at src/__tests__/prop
erties/database-error-handl
ing.test.ts:67:36
      at AsyncProperty.run 
(node_modules/fast-check/li
b/cjs/check/property/AsyncP
roperty.generic.js:46:28)
      at asyncRunIt (node_m
odules/fast-check/lib/cjs/c
heck/runner/Runner.js:28:21
)
      at 
Object.<anonymous> (src/__t
ests__/properties/database-
error-handling.test.ts:58:9
)

    console.error
      Error fetching 
bills: Error: )M<Qm
          at E:\projects\to
urBiller\src\__tests__\prop
erties\database-error-handl
ing.test.ts:65:75
          at 
AsyncProperty.predicate (E:
\projects\tourBiller\node_m
odules\fast-check\lib\cjs\c
heck\property\AsyncProperty
.js:17:102)
          at 
AsyncProperty.run (E:\proje
cts\tourBiller\node_modules
\fast-check\lib\cjs\check\p
roperty\AsyncProperty.gener
ic.js:46:39)
          at asyncRunIt (E:
\projects\tourBiller\node_m
odules\fast-check\lib\cjs\c
heck\runner\Runner.js:28:36
)
          at 
processTicksAndRejections (
node:internal/process/task_
queues:103:5)
          at 
Object.<anonymous> (E:\proj
ects\tourBiller\src\__tests
__\properties\database-erro
r-handling.test.ts:58:9)

    [0m [90m 92 |[39m   
  }[33m;[39m
     [90m 93 |[39m   } 
[36mcatch[39m (error) {
    
[31m[1m>[22m[39m[90m 
94 |[39m     console[33m.
[39merror([32m'Error 
fetching 
bills:'[39m[33m,[39m 
error)[33m;[39m
     [90m    |[39m       
      [31m[1m^[22m[39m
     [90m 95 |[39m     
     [90m 96 |[39m     
[36mreturn[39m {
     [90m 97 |[39m       
success[33m:[39m [36mfal
se[39m[33m,[39m[0m

      at error 
(src/lib/actions.ts:94:13)
      at src/__tests__/prop
erties/database-error-handl
ing.test.ts:67:36
      at AsyncProperty.run 
(node_modules/fast-check/li
b/cjs/check/property/AsyncP
roperty.generic.js:46:28)
      at asyncRunIt (node_m
odules/fast-check/lib/cjs/c
heck/runner/Runner.js:28:21
)
      at 
Object.<anonymous> (src/__t
ests__/properties/database-
error-handling.test.ts:58:9
)

    console.error
      Error fetching 
bills: Error: /.lDeY
          at E:\projects\to
urBiller\src\__tests__\prop
erties\database-error-handl
ing.test.ts:65:75
          at 
AsyncProperty.predicate (E:
\projects\tourBiller\node_m
odules\fast-check\lib\cjs\c
heck\property\AsyncProperty
.js:17:102)
          at 
AsyncProperty.run (E:\proje
cts\tourBiller\node_modules
\fast-check\lib\cjs\check\p
roperty\AsyncProperty.gener
ic.js:46:39)
          at asyncRunIt (E:
\projects\tourBiller\node_m
odules\fast-check\lib\cjs\c
heck\runner\Runner.js:28:36
)
          at 
processTicksAndRejections (
node:internal/process/task_
queues:103:5)
          at 
Object.<anonymous> (E:\proj
ects\tourBiller\src\__tests
__\properties\database-erro
r-handling.test.ts:58:9)

    [0m [90m 92 |[39m   
  }[33m;[39m
     [90m 93 |[39m   } 
[36mcatch[39m (error) {
    
[31m[1m>[22m[39m[90m 
94 |[39m     console[33m.
[39merror([32m'Error 
fetching 
bills:'[39m[33m,[39m 
error)[33m;[39m
     [90m    |[39m       
      [31m[1m^[22m[39m
     [90m 95 |[39m     
     [90m 96 |[39m     
[36mreturn[39m {
     [90m 97 |[39m       
success[33m:[39m [36mfal
se[39m[33m,[39m[0m

      at error 
(src/lib/actions.ts:94:13)
      at src/__tests__/prop
erties/database-error-handl
ing.test.ts:67:36
      at AsyncProperty.run 
(node_modules/fast-check/li
b/cjs/check/property/AsyncP
roperty.generic.js:46:28)
      at asyncRunIt (node_m
odules/fast-check/lib/cjs/c
heck/runner/Runner.js:28:21
)
      at 
Object.<anonymous> (src/__t
ests__/properties/database-
error-handling.test.ts:58:9
)

    console.error
      Error fetching 
bills: Error: iX&!#tkv
          at E:\projects\to
urBiller\src\__tests__\prop
erties\database-error-handl
ing.test.ts:65:75
          at 
AsyncProperty.predicate (E:
\projects\tourBiller\node_m
odules\fast-check\lib\cjs\c
heck\property\AsyncProperty
.js:17:102)
          at 
AsyncProperty.run (E:\proje
cts\tourBiller\node_modules
\fast-check\lib\cjs\check\p
roperty\AsyncProperty.gener
ic.js:46:39)
          at asyncRunIt (E:
\projects\tourBiller\node_m
odules\fast-check\lib\cjs\c
heck\runner\Runner.js:28:36
)
          at 
processTicksAndRejections (
node:internal/process/task_
queues:103:5)
          at 
Object.<anonymous> (E:\proj
ects\tourBiller\src\__tests
__\properties\database-erro
r-handling.test.ts:58:9)

    [0m [90m 92 |[39m   
  }[33m;[39m
     [90m 93 |[39m   } 
[36mcatch[39m (error) {
    
[31m[1m>[22m[39m[90m 
94 |[39m     console[33m.
[39merror([32m'Error 
fetching 
bills:'[39m[33m,[39m 
error)[33m;[39m
     [90m    |[39m       
      [31m[1m^[22m[39m
     [90m 95 |[39m     
     [90m 96 |[39m     
[36mreturn[39m {
     [90m 97 |[39m       
success[33m:[39m [36mfal
se[39m[33m,[39m[0m

      at error 
(src/lib/actions.ts:94:13)
      at src/__tests__/prop
erties/database-error-handl
ing.test.ts:67:36
      at AsyncProperty.run 
(node_modules/fast-check/li
b/cjs/check/property/AsyncP
roperty.generic.js:46:28)
      at asyncRunIt (node_m
odules/fast-check/lib/cjs/c
heck/runner/Runner.js:28:21
)
      at 
Object.<anonymous> (src/__t
ests__/properties/database-
error-handling.test.ts:58:9
)

    console.error
      Error fetching 
bills: Error:  %
          at E:\projects\to
urBiller\src\__tests__\prop
erties\database-error-handl
ing.test.ts:65:75
          at 
AsyncProperty.predicate (E:
\projects\tourBiller\node_m
odules\fast-check\lib\cjs\c
heck\property\AsyncProperty
.js:17:102)
          at 
AsyncProperty.run (E:\proje
cts\tourBiller\node_modules
\fast-check\lib\cjs\check\p
roperty\AsyncProperty.gener
ic.js:46:39)
          at asyncRunIt (E:
\projects\tourBiller\node_m
odules\fast-check\lib\cjs\c
heck\runner\Runner.js:28:36
)
          at 
processTicksAndRejections (
node:internal/process/task_
queues:103:5)
          at 
Object.<anonymous> (E:\proj
ects\tourBiller\src\__tests
__\properties\database-erro
r-handling.test.ts:58:9)

    [0m [90m 92 |[39m   
  }[33m;[39m
     [90m 93 |[39m   } 
[36mcatch[39m (error) {
    
[31m[1m>[22m[39m[90m 
94 |[39m     console[33m.
[39merror([32m'Error 
fetching 
bills:'[39m[33m,[39m 
error)[33m;[39m
     [90m    |[39m       
      [31m[1m^[22m[39m
     [90m 95 |[39m     
     [90m 96 |[39m     
[36mreturn[39m {
     [90m 97 |[39m       
success[33m:[39m [36mfal
se[39m[33m,[39m[0m

      at error 
(src/lib/actions.ts:94:13)
      at src/__tests__/prop
erties/database-error-handl
ing.test.ts:67:36
      at AsyncProperty.run 
(node_modules/fast-check/li
b/cjs/check/property/AsyncP
roperty.generic.js:46:28)
      at asyncRunIt (node_m
odules/fast-check/lib/cjs/c
heck/runner/Runner.js:28:21
)
      at 
Object.<anonymous> (src/__t
ests__/properties/database-
error-handling.test.ts:58:9
)

    console.error
      Error fetching 
bills: Error: Qf`xpmW}
          at E:\projects\to
urBiller\src\__tests__\prop
erties\database-error-handl
ing.test.ts:65:75
          at 
AsyncProperty.predicate (E:
\projects\tourBiller\node_m
odules\fast-check\lib\cjs\c
heck\property\AsyncProperty
.js:17:102)
          at 
AsyncProperty.run (E:\proje
cts\tourBiller\node_modules
\fast-check\lib\cjs\check\p
roperty\AsyncProperty.gener
ic.js:46:39)
          at asyncRunIt (E:
\projects\tourBiller\node_m
odules\fast-check\lib\cjs\c
heck\runner\Runner.js:28:36
)
          at 
processTicksAndRejections (
node:internal/process/task_
queues:103:5)
          at 
Object.<anonymous> (E:\proj
ects\tourBiller\src\__tests
__\properties\database-erro
r-handling.test.ts:58:9)

    [0m [90m 92 |[39m   
  }[33m;[39m
     [90m 93 |[39m   } 
[36mcatch[39m (error) {
    
[31m[1m>[22m[39m[90m 
94 |[39m     console[33m.
[39merror([32m'Error 
fetching 
bills:'[39m[33m,[39m 
error)[33m;[39m
     [90m    |[39m       
      [31m[1m^[22m[39m
     [90m 95 |[39m     
     [90m 96 |[39m     
[36mreturn[39m {
     [90m 97 |[39m       
success[33m:[39m [36mfal
se[39m[33m,[39m[0m

      at error 
(src/lib/actions.ts:94:13)
      at src/__tests__/prop
erties/database-error-handl
ing.test.ts:67:36
      at AsyncProperty.run 
(node_modules/fast-check/li
b/cjs/check/property/AsyncP
roperty.generic.js:46:28)
      at asyncRunIt (node_m
odules/fast-check/lib/cjs/c
heck/runner/Runner.js:28:21
)
      at 
Object.<anonymous> (src/__t
ests__/properties/database-
error-handling.test.ts:58:9
)

    console.error
      Error fetching 
bills: Error: 
          at E:\projects\to
urBiller\src\__tests__\prop
erties\database-error-handl
ing.test.ts:65:75
          at 
AsyncProperty.predicate (E:
\projects\tourBiller\node_m
odules\fast-check\lib\cjs\c
heck\property\AsyncProperty
.js:17:102)
          at 
AsyncProperty.run (E:\proje
cts\tourBiller\node_modules
\fast-check\lib\cjs\check\p
roperty\AsyncProperty.gener
ic.js:46:39)
          at asyncRunIt (E:
\projects\tourBiller\node_m
odules\fast-check\lib\cjs\c
heck\runner\Runner.js:28:36
)
          at 
processTicksAndRejections (
node:internal/process/task_
queues:103:5)
          at 
Object.<anonymous> (E:\proj
ects\tourBiller\src\__tests
__\properties\database-erro
r-handling.test.ts:58:9)

    [0m [90m 92 |[39m   
  }[33m;[39m
     [90m 93 |[39m   } 
[36mcatch[39m (error) {
    
[31m[1m>[22m[39m[90m 
94 |[39m     console[33m.
[39merror([32m'Error 
fetching 
bills:'[39m[33m,[39m 
error)[33m;[39m
     [90m    |[39m       
      [31m[1m^[22m[39m
     [90m 95 |[39m     
     [90m 96 |[39m     
[36mreturn[39m {
     [90m 97 |[39m       
success[33m:[39m [36mfal
se[39m[33m,[39m[0m

      at error 
(src/lib/actions.ts:94:13)
      at src/__tests__/prop
erties/database-error-handl
ing.test.ts:67:36
      at AsyncProperty.run 
(node_modules/fast-check/li
b/cjs/check/property/AsyncP
roperty.generic.js:46:28)
      at asyncRunIt (node_m
odules/fast-check/lib/cjs/c
heck/runner/Runner.js:28:21
)
      at 
Object.<anonymous> (src/__t
ests__/properties/database-
error-handling.test.ts:58:9
)

    console.error
      Error fetching 
bills: Error: @De%i2}tb
          at E:\projects\to
urBiller\src\__tests__\prop
erties\database-error-handl
ing.test.ts:65:75
          at 
AsyncProperty.predicate (E:
\projects\tourBiller\node_m
odules\fast-check\lib\cjs\c
heck\property\AsyncProperty
.js:17:102)
          at 
AsyncProperty.run (E:\proje
cts\tourBiller\node_modules
\fast-check\lib\cjs\check\p
roperty\AsyncProperty.gener
ic.js:46:39)
          at asyncRunIt (E:
\projects\tourBiller\node_m
odules\fast-check\lib\cjs\c
heck\runner\Runner.js:28:36
)
          at 
processTicksAndRejections (
node:internal/process/task_
queues:103:5)
          at 
Object.<anonymous> (E:\proj
ects\tourBiller\src\__tests
__\properties\database-erro
r-handling.test.ts:58:9)

    [0m [90m 92 |[39m   
  }[33m;[39m
     [90m 93 |[39m   } 
[36mcatch[39m (error) {
    
[31m[1m>[22m[39m[90m 
94 |[39m     console[33m.
[39merror([32m'Error 
fetching 
bills:'[39m[33m,[39m 
error)[33m;[39m
     [90m    |[39m       
      [31m[1m^[22m[39m
     [90m 95 |[39m     
     [90m 96 |[39m     
[36mreturn[39m {
     [90m 97 |[39m       
success[33m:[39m [36mfal
se[39m[33m,[39m[0m

      at error 
(src/lib/actions.ts:94:13)
      at src/__tests__/prop
erties/database-error-handl
ing.test.ts:67:36
      at AsyncProperty.run 
(node_modules/fast-check/li
b/cjs/check/property/AsyncP
roperty.generic.js:46:28)
      at asyncRunIt (node_m
odules/fast-check/lib/cjs/c
heck/runner/Runner.js:28:21
)
      at 
Object.<anonymous> (src/__t
ests__/properties/database-
error-handling.test.ts:58:9
)

    console.error
      Error fetching 
bills: Error: TrO)X9
          at E:\projects\to
urBiller\src\__tests__\prop
erties\database-error-handl
ing.test.ts:65:75
          at 
AsyncProperty.predicate (E:
\projects\tourBiller\node_m
odules\fast-check\lib\cjs\c
heck\property\AsyncProperty
.js:17:102)
          at 
AsyncProperty.run (E:\proje
cts\tourBiller\node_modules
\fast-check\lib\cjs\check\p
roperty\AsyncProperty.gener
ic.js:46:39)
          at asyncRunIt (E:
\projects\tourBiller\node_m
odules\fast-check\lib\cjs\c
heck\runner\Runner.js:28:36
)
          at 
processTicksAndRejections (
node:internal/process/task_
queues:103:5)
          at 
Object.<anonymous> (E:\proj
ects\tourBiller\src\__tests
__\properties\database-erro
r-handling.test.ts:58:9)

    [0m [90m 92 |[39m   
  }[33m;[39m
     [90m 93 |[39m   } 
[36mcatch[39m (error) {
    
[31m[1m>[22m[39m[90m 
94 |[39m     console[33m.
[39merror([32m'Error 
fetching 
bills:'[39m[33m,[39m 
error)[33m;[39m
     [90m    |[39m       
      [31m[1m^[22m[39m
     [90m 95 |[39m     
     [90m 96 |[39m     
[36mreturn[39m {
     [90m 97 |[39m       
success[33m:[39m [36mfal
se[39m[33m,[39m[0m

      at error 
(src/lib/actions.ts:94:13)
      at src/__tests__/prop
erties/database-error-handl
ing.test.ts:67:36
      at AsyncProperty.run 
(node_modules/fast-check/li
b/cjs/check/property/AsyncP
roperty.generic.js:46:28)
      at asyncRunIt (node_m
odules/fast-check/lib/cjs/c
heck/runner/Runner.js:28:21
)
      at 
Object.<anonymous> (src/__t
ests__/properties/database-
error-handling.test.ts:58:9
)

    console.error
      Error fetching 
bills: Error: 1(5s3[Me4t
          at E:\projects\to
urBiller\src\__tests__\prop
erties\database-error-handl
ing.test.ts:65:75
          at 
AsyncProperty.predicate (E:
\projects\tourBiller\node_m
odules\fast-check\lib\cjs\c
heck\property\AsyncProperty
.js:17:102)
          at 
AsyncProperty.run (E:\proje
cts\tourBiller\node_modules
\fast-check\lib\cjs\check\p
roperty\AsyncProperty.gener
ic.js:46:39)
          at asyncRunIt (E:
\projects\tourBiller\node_m
odules\fast-check\lib\cjs\c
heck\runner\Runner.js:28:36
)
          at 
processTicksAndRejections (
node:internal/process/task_
queues:103:5)
          at 
Object.<anonymous> (E:\proj
ects\tourBiller\src\__tests
__\properties\database-erro
r-handling.test.ts:58:9)

    [0m [90m 92 |[39m   
  }[33m;[39m
     [90m 93 |[39m   } 
[36mcatch[39m (error) {
    
[31m[1m>[22m[39m[90m 
94 |[39m     console[33m.
[39merror([32m'Error 
fetching 
bills:'[39m[33m,[39m 
error)[33m;[39m
     [90m    |[39m       
      [31m[1m^[22m[39m
     [90m 95 |[39m     
     [90m 96 |[39m     
[36mreturn[39m {
     [90m 97 |[39m       
success[33m:[39m [36mfal
se[39m[33m,[39m[0m

      at error 
(src/lib/actions.ts:94:13)
      at src/__tests__/prop
erties/database-error-handl
ing.test.ts:67:36
      at AsyncProperty.run 
(node_modules/fast-check/li
b/cjs/check/property/AsyncP
roperty.generic.js:46:28)
      at asyncRunIt (node_m
odules/fast-check/lib/cjs/c
heck/runner/Runner.js:28:21
)
      at 
Object.<anonymous> (src/__t
ests__/properties/database-
error-handling.test.ts:58:9
)

    console.error
      Error fetching 
bills: Error: !!y&{#} L
          at E:\projects\to
urBiller\src\__tests__\prop
erties\database-error-handl
ing.test.ts:65:75
          at 
AsyncProperty.predicate (E:
\projects\tourBiller\node_m
odules\fast-check\lib\cjs\c
heck\property\AsyncProperty
.js:17:102)
          at 
AsyncProperty.run (E:\proje
cts\tourBiller\node_modules
\fast-check\lib\cjs\check\p
roperty\AsyncProperty.gener
ic.js:46:39)
          at asyncRunIt (E:
\projects\tourBiller\node_m
odules\fast-check\lib\cjs\c
heck\runner\Runner.js:28:36
)
          at 
processTicksAndRejections (
node:internal/process/task_
queues:103:5)
          at 
Object.<anonymous> (E:\proj
ects\tourBiller\src\__tests
__\properties\database-erro
r-handling.test.ts:58:9)

    [0m [90m 92 |[39m   
  }[33m;[39m
     [90m 93 |[39m   } 
[36mcatch[39m (error) {
    
[31m[1m>[22m[39m[90m 
94 |[39m     console[33m.
[39merror([32m'Error 
fetching 
bills:'[39m[33m,[39m 
error)[33m;[39m
     [90m    |[39m       
      [31m[1m^[22m[39m
     [90m 95 |[39m     
     [90m 96 |[39m     
[36mreturn[39m {
     [90m 97 |[39m       
success[33m:[39m [36mfal
se[39m[33m,[39m[0m

      at error 
(src/lib/actions.ts:94:13)
      at src/__tests__/prop
erties/database-error-handl
ing.test.ts:67:36
      at AsyncProperty.run 
(node_modules/fast-check/li
b/cjs/check/property/AsyncP
roperty.generic.js:46:28)
      at asyncRunIt (node_m
odules/fast-check/lib/cjs/c
heck/runner/Runner.js:28:21
)
      at 
Object.<anonymous> (src/__t
ests__/properties/database-
error-handling.test.ts:58:9
)

    console.error
      Error fetching 
bills: Error: 
          at E:\projects\to
urBiller\src\__tests__\prop
erties\database-error-handl
ing.test.ts:65:75
          at 
AsyncProperty.predicate (E:
\projects\tourBiller\node_m
odules\fast-check\lib\cjs\c
heck\property\AsyncProperty
.js:17:102)
          at 
AsyncProperty.run (E:\proje
cts\tourBiller\node_modules
\fast-check\lib\cjs\check\p
roperty\AsyncProperty.gener
ic.js:46:39)
          at asyncRunIt (E:
\projects\tourBiller\node_m
odules\fast-check\lib\cjs\c
heck\runner\Runner.js:28:36
)
          at 
processTicksAndRejections (
node:internal/process/task_
queues:103:5)
          at 
Object.<anonymous> (E:\proj
ects\tourBiller\src\__tests
__\properties\database-erro
r-handling.test.ts:58:9)

    [0m [90m 92 |[39m   
  }[33m;[39m
     [90m 93 |[39m   } 
[36mcatch[39m (error) {
    
[31m[1m>[22m[39m[90m 
94 |[39m     console[33m.
[39merror([32m'Error 
fetching 
bills:'[39m[33m,[39m 
error)[33m;[39m
     [90m    |[39m       
      [31m[1m^[22m[39m
     [90m 95 |[39m     
     [90m 96 |[39m     
[36mreturn[39m {
     [90m 97 |[39m       
success[33m:[39m [36mfal
se[39m[33m,[39m[0m

      at error 
(src/lib/actions.ts:94:13)
      at src/__tests__/prop
erties/database-error-handl
ing.test.ts:67:36
      at AsyncProperty.run 
(node_modules/fast-check/li
b/cjs/check/property/AsyncP
roperty.generic.js:46:28)
      at asyncRunIt (node_m
odules/fast-check/lib/cjs/c
heck/runner/Runner.js:28:21
)
      at 
Object.<anonymous> (src/__t
ests__/properties/database-
error-handling.test.ts:58:9
)

    console.error
      Error fetching 
bills: Error: ^1H2n"+l
          at E:\projects\to
urBiller\src\__tests__\prop
erties\database-error-handl
ing.test.ts:65:75
          at 
AsyncProperty.predicate (E:
\projects\tourBiller\node_m
odules\fast-check\lib\cjs\c
heck\property\AsyncProperty
.js:17:102)
          at 
AsyncProperty.run (E:\proje
cts\tourBiller\node_modules
\fast-check\lib\cjs\check\p
roperty\AsyncProperty.gener
ic.js:46:39)
          at asyncRunIt (E:
\projects\tourBiller\node_m
odules\fast-check\lib\cjs\c
heck\runner\Runner.js:28:36
)
          at 
processTicksAndRejections (
node:internal/process/task_
queues:103:5)
          at 
Object.<anonymous> (E:\proj
ects\tourBiller\src\__tests
__\properties\database-erro
r-handling.test.ts:58:9)

    [0m [90m 92 |[39m   
  }[33m;[39m
     [90m 93 |[39m   } 
[36mcatch[39m (error) {
    
[31m[1m>[22m[39m[90m 
94 |[39m     console[33m.
[39merror([32m'Error 
fetching 
bills:'[39m[33m,[39m 
error)[33m;[39m
     [90m    |[39m       
      [31m[1m^[22m[39m
     [90m 95 |[39m     
     [90m 96 |[39m     
[36mreturn[39m {
     [90m 97 |[39m       
success[33m:[39m [36mfal
se[39m[33m,[39m[0m

      at error 
(src/lib/actions.ts:94:13)
      at src/__tests__/prop
erties/database-error-handl
ing.test.ts:67:36
      at AsyncProperty.run 
(node_modules/fast-check/li
b/cjs/check/property/AsyncP
roperty.generic.js:46:28)
      at asyncRunIt (node_m
odules/fast-check/lib/cjs/c
heck/runner/Runner.js:28:21
)
      at 
Object.<anonymous> (src/__t
ests__/properties/database-
error-handling.test.ts:58:9
)

    console.error
      Error fetching 
bills: Error: 
          at E:\projects\to
urBiller\src\__tests__\prop
erties\database-error-handl
ing.test.ts:65:75
          at 
AsyncProperty.predicate (E:
\projects\tourBiller\node_m
odules\fast-check\lib\cjs\c
heck\property\AsyncProperty
.js:17:102)
          at 
AsyncProperty.run (E:\proje
cts\tourBiller\node_modules
\fast-check\lib\cjs\check\p
roperty\AsyncProperty.gener
ic.js:46:39)
          at asyncRunIt (E:
\projects\tourBiller\node_m
odules\fast-check\lib\cjs\c
heck\runner\Runner.js:28:36
)
          at 
processTicksAndRejections (
node:internal/process/task_
queues:103:5)
          at 
Object.<anonymous> (E:\proj
ects\tourBiller\src\__tests
__\properties\database-erro
r-handling.test.ts:58:9)

    [0m [90m 92 |[39m   
  }[33m;[39m
     [90m 93 |[39m   } 
[36mcatch[39m (error) {
    
[31m[1m>[22m[39m[90m 
94 |[39m     console[33m.
[39merror([32m'Error 
fetching 
bills:'[39m[33m,[39m 
error)[33m;[39m
     [90m    |[39m       
      [31m[1m^[22m[39m
     [90m 95 |[39m     
     [90m 96 |[39m     
[36mreturn[39m {
     [90m 97 |[39m       
success[33m:[39m [36mfal
se[39m[33m,[39m[0m

      at error 
(src/lib/actions.ts:94:13)
      at src/__tests__/prop
erties/database-error-handl
ing.test.ts:67:36
      at AsyncProperty.run 
(node_modules/fast-check/li
b/cjs/check/property/AsyncP
roperty.generic.js:46:28)
      at asyncRunIt (node_m
odules/fast-check/lib/cjs/c
heck/runner/Runner.js:28:21
)
      at 
Object.<anonymous> (src/__t
ests__/properties/database-
error-handling.test.ts:58:9
)

    console.error
      Error fetching 
bills: Error: 
          at E:\projects\to
urBiller\src\__tests__\prop
erties\database-error-handl
ing.test.ts:65:75
          at 
AsyncProperty.predicate (E:
\projects\tourBiller\node_m
odules\fast-check\lib\cjs\c
heck\property\AsyncProperty
.js:17:102)
          at 
AsyncProperty.run (E:\proje
cts\tourBiller\node_modules
\fast-check\lib\cjs\check\p
roperty\AsyncProperty.gener
ic.js:46:39)
          at asyncRunIt (E:
\projects\tourBiller\node_m
odules\fast-check\lib\cjs\c
heck\runner\Runner.js:28:36
)
          at 
processTicksAndRejections (
node:internal/process/task_
queues:103:5)
          at 
Object.<anonymous> (E:\proj
ects\tourBiller\src\__tests
__\properties\database-erro
r-handling.test.ts:58:9)

    [0m [90m 92 |[39m   
  }[33m;[39m
     [90m 93 |[39m   } 
[36mcatch[39m (error) {
    
[31m[1m>[22m[39m[90m 
94 |[39m     console[33m.
[39merror([32m'Error 
fetching 
bills:'[39m[33m,[39m 
error)[33m;[39m
     [90m    |[39m       
      [31m[1m^[22m[39m
     [90m 95 |[39m     
     [90m 96 |[39m     
[36mreturn[39m {
     [90m 97 |[39m       
success[33m:[39m [36mfal
se[39m[33m,[39m[0m

      at error 
(src/lib/actions.ts:94:13)
      at src/__tests__/prop
erties/database-error-handl
ing.test.ts:67:36
      at AsyncProperty.run 
(node_modules/fast-check/li
b/cjs/check/property/AsyncP
roperty.generic.js:46:28)
      at asyncRunIt (node_m
odules/fast-check/lib/cjs/c
heck/runner/Runner.js:28:21
)
      at 
Object.<anonymous> (src/__t
ests__/properties/database-
error-handling.test.ts:58:9
)

    console.error
      Error fetching 
bills: Error: +_)+*>EtlU
          at E:\projects\to
urBiller\src\__tests__\prop
erties\database-error-handl
ing.test.ts:65:75
          at 
AsyncProperty.predicate (E:
\projects\tourBiller\node_m
odules\fast-check\lib\cjs\c
heck\property\AsyncProperty
.js:17:102)
          at 
AsyncProperty.run (E:\proje
cts\tourBiller\node_modules
\fast-check\lib\cjs\check\p
roperty\AsyncProperty.gener
ic.js:46:39)
          at asyncRunIt (E:
\projects\tourBiller\node_m
odules\fast-check\lib\cjs\c
heck\runner\Runner.js:28:36
)
          at 
processTicksAndRejections (
node:internal/process/task_
queues:103:5)
          at 
Object.<anonymous> (E:\proj
ects\tourBiller\src\__tests
__\properties\database-erro
r-handling.test.ts:58:9)

    [0m [90m 92 |[39m   
  }[33m;[39m
     [90m 93 |[39m   } 
[36mcatch[39m (error) {
    
[31m[1m>[22m[39m[90m 
94 |[39m     console[33m.
[39merror([32m'Error 
fetching 
bills:'[39m[33m,[39m 
error)[33m;[39m
     [90m    |[39m       
      [31m[1m^[22m[39m
     [90m 95 |[39m     
     [90m 96 |[39m     
[36mreturn[39m {
     [90m 97 |[39m       
success[33m:[39m [36mfal
se[39m[33m,[39m[0m

      at error 
(src/lib/actions.ts:94:13)
      at src/__tests__/prop
erties/database-error-handl
ing.test.ts:67:36
      at AsyncProperty.run 
(node_modules/fast-check/li
b/cjs/check/property/AsyncP
roperty.generic.js:46:28)
      at asyncRunIt (node_m
odules/fast-check/lib/cjs/c
heck/runner/Runner.js:28:21
)
      at 
Object.<anonymous> (src/__t
ests__/properties/database-
error-handling.test.ts:58:9
)

    console.error
      Error fetching 
bills: Error: # &%
          at E:\projects\to
urBiller\src\__tests__\prop
erties\database-error-handl
ing.test.ts:65:75
          at 
AsyncProperty.predicate (E:
\projects\tourBiller\node_m
odules\fast-check\lib\cjs\c
heck\property\AsyncProperty
.js:17:102)
          at 
AsyncProperty.run (E:\proje
cts\tourBiller\node_modules
\fast-check\lib\cjs\check\p
roperty\AsyncProperty.gener
ic.js:46:39)
          at asyncRunIt (E:
\projects\tourBiller\node_m
odules\fast-check\lib\cjs\c
heck\runner\Runner.js:28:36
)
          at 
processTicksAndRejections (
node:internal/process/task_
queues:103:5)
          at 
Object.<anonymous> (E:\proj
ects\tourBiller\src\__tests
__\properties\database-erro
r-handling.test.ts:58:9)

    [0m [90m 92 |[39m   
  }[33m;[39m
     [90m 93 |[39m   } 
[36mcatch[39m (error) {
    
[31m[1m>[22m[39m[90m 
94 |[39m     console[33m.
[39merror([32m'Error 
fetching 
bills:'[39m[33m,[39m 
error)[33m;[39m
     [90m    |[39m       
      [31m[1m^[22m[39m
     [90m 95 |[39m     
     [90m 96 |[39m     
[36mreturn[39m {
     [90m 97 |[39m       
success[33m:[39m [36mfal
se[39m[33m,[39m[0m

      at error 
(src/lib/actions.ts:94:13)
      at src/__tests__/prop
erties/database-error-handl
ing.test.ts:67:36
      at AsyncProperty.run 
(node_modules/fast-check/li
b/cjs/check/property/AsyncP
roperty.generic.js:46:28)
      at asyncRunIt (node_m
odules/fast-check/lib/cjs/c
heck/runner/Runner.js:28:21
)
      at 
Object.<anonymous> (src/__t
ests__/properties/database-
error-handling.test.ts:58:9
)

    console.error
      Error fetching 
bills: Error: /.T
          at E:\projects\to
urBiller\src\__tests__\prop
erties\database-error-handl
ing.test.ts:65:75
          at 
AsyncProperty.predicate (E:
\projects\tourBiller\node_m
odules\fast-check\lib\cjs\c
heck\property\AsyncProperty
.js:17:102)
          at 
AsyncProperty.run (E:\proje
cts\tourBiller\node_modules
\fast-check\lib\cjs\check\p
roperty\AsyncProperty.gener
ic.js:46:39)
          at asyncRunIt (E:
\projects\tourBiller\node_m
odules\fast-check\lib\cjs\c
heck\runner\Runner.js:28:36
)
          at 
processTicksAndRejections (
node:internal/process/task_
queues:103:5)
          at 
Object.<anonymous> (E:\proj
ects\tourBiller\src\__tests
__\properties\database-erro
r-handling.test.ts:58:9)

    [0m [90m 92 |[39m   
  }[33m;[39m
     [90m 93 |[39m   } 
[36mcatch[39m (error) {
    
[31m[1m>[22m[39m[90m 
94 |[39m     console[33m.
[39merror([32m'Error 
fetching 
bills:'[39m[33m,[39m 
error)[33m;[39m
     [90m    |[39m       
      [31m[1m^[22m[39m
     [90m 95 |[39m     
     [90m 96 |[39m     
[36mreturn[39m {
     [90m 97 |[39m       
success[33m:[39m [36mfal
se[39m[33m,[39m[0m

      at error 
(src/lib/actions.ts:94:13)
      at src/__tests__/prop
erties/database-error-handl
ing.test.ts:67:36
      at AsyncProperty.run 
(node_modules/fast-check/li
b/cjs/check/property/AsyncP
roperty.generic.js:46:28)
      at asyncRunIt (node_m
odules/fast-check/lib/cjs/c
heck/runner/Runner.js:28:21
)
      at 
Object.<anonymous> (src/__t
ests__/properties/database-
error-handling.test.ts:58:9
)

    console.error
      Error fetching 
bills: Error: 9G|h
          at E:\projects\to
urBiller\src\__tests__\prop
erties\database-error-handl
ing.test.ts:65:75
          at 
AsyncProperty.predicate (E:
\projects\tourBiller\node_m
odules\fast-check\lib\cjs\c
heck\property\AsyncProperty
.js:17:102)
          at 
AsyncProperty.run (E:\proje
cts\tourBiller\node_modules
\fast-check\lib\cjs\check\p
roperty\AsyncProperty.gener
ic.js:46:39)
          at asyncRunIt (E:
\projects\tourBiller\node_m
odules\fast-check\lib\cjs\c
heck\runner\Runner.js:28:36
)
          at 
processTicksAndRejections (
node:internal/process/task_
queues:103:5)
          at 
Object.<anonymous> (E:\proj
ects\tourBiller\src\__tests
__\properties\database-erro
r-handling.test.ts:58:9)

    [0m [90m 92 |[39m   
  }[33m;[39m
     [90m 93 |[39m   } 
[36mcatch[39m (error) {
    
[31m[1m>[22m[39m[90m 
94 |[39m     console[33m.
[39merror([32m'Error 
fetching 
bills:'[39m[33m,[39m 
error)[33m;[39m
     [90m    |[39m       
      [31m[1m^[22m[39m
     [90m 95 |[39m     
     [90m 96 |[39m     
[36mreturn[39m {
     [90m 97 |[39m       
success[33m:[39m [36mfal
se[39m[33m,[39m[0m

      at error 
(src/lib/actions.ts:94:13)
      at src/__tests__/prop
erties/database-error-handl
ing.test.ts:67:36
      at AsyncProperty.run 
(node_modules/fast-check/li
b/cjs/check/property/AsyncP
roperty.generic.js:46:28)
      at asyncRunIt (node_m
odules/fast-check/lib/cjs/c
heck/runner/Runner.js:28:21
)
      at 
Object.<anonymous> (src/__t
ests__/properties/database-
error-handling.test.ts:58:9
)

    console.error
      Error fetching 
bills: Error: M
          at E:\projects\to
urBiller\src\__tests__\prop
erties\database-error-handl
ing.test.ts:65:75
          at 
AsyncProperty.predicate (E:
\projects\tourBiller\node_m
odules\fast-check\lib\cjs\c
heck\property\AsyncProperty
.js:17:102)
          at 
AsyncProperty.run (E:\proje
cts\tourBiller\node_modules
\fast-check\lib\cjs\check\p
roperty\AsyncProperty.gener
ic.js:46:39)
          at asyncRunIt (E:
\projects\tourBiller\node_m
odules\fast-check\lib\cjs\c
heck\runner\Runner.js:28:36
)
          at 
processTicksAndRejections (
node:internal/process/task_
queues:103:5)
          at 
Object.<anonymous> (E:\proj
ects\tourBiller\src\__tests
__\properties\database-erro
r-handling.test.ts:58:9)

    [0m [90m 92 |[39m   
  }[33m;[39m
     [90m 93 |[39m   } 
[36mcatch[39m (error) {
    
[31m[1m>[22m[39m[90m 
94 |[39m     console[33m.
[39merror([32m'Error 
fetching 
bills:'[39m[33m,[39m 
error)[33m;[39m
     [90m    |[39m       
      [31m[1m^[22m[39m
     [90m 95 |[39m     
     [90m 96 |[39m     
[36mreturn[39m {
     [90m 97 |[39m       
success[33m:[39m [36mfal
se[39m[33m,[39m[0m

      at error 
(src/lib/actions.ts:94:13)
      at src/__tests__/prop
erties/database-error-handl
ing.test.ts:67:36
      at AsyncProperty.run 
(node_modules/fast-check/li
b/cjs/check/property/AsyncP
roperty.generic.js:46:28)
      at asyncRunIt (node_m
odules/fast-check/lib/cjs/c
heck/runner/Runner.js:28:21
)
      at 
Object.<anonymous> (src/__t
ests__/properties/database-
error-handling.test.ts:58:9
)

    console.error
      Error fetching 
bills: Error: *.c,
          at E:\projects\to
urBiller\src\__tests__\prop
erties\database-error-handl
ing.test.ts:65:75
          at 
AsyncProperty.predicate (E:
\projects\tourBiller\node_m
odules\fast-check\lib\cjs\c
heck\property\AsyncProperty
.js:17:102)
          at 
AsyncProperty.run (E:\proje
cts\tourBiller\node_modules
\fast-check\lib\cjs\check\p
roperty\AsyncProperty.gener
ic.js:46:39)
          at asyncRunIt (E:
\projects\tourBiller\node_m
odules\fast-check\lib\cjs\c
heck\runner\Runner.js:28:36
)
          at 
processTicksAndRejections (
node:internal/process/task_
queues:103:5)
          at 
Object.<anonymous> (E:\proj
ects\tourBiller\src\__tests
__\properties\database-erro
r-handling.test.ts:58:9)

    [0m [90m 92 |[39m   
  }[33m;[39m
     [90m 93 |[39m   } 
[36mcatch[39m (error) {
    
[31m[1m>[22m[39m[90m 
94 |[39m     console[33m.
[39merror([32m'Error 
fetching 
bills:'[39m[33m,[39m 
error)[33m;[39m
     [90m    |[39m       
      [31m[1m^[22m[39m
     [90m 95 |[39m     
     [90m 96 |[39m     
[36mreturn[39m {
     [90m 97 |[39m       
success[33m:[39m [36mfal
se[39m[33m,[39m[0m

      at error 
(src/lib/actions.ts:94:13)
      at src/__tests__/prop
erties/database-error-handl
ing.test.ts:67:36
      at AsyncProperty.run 
(node_modules/fast-check/li
b/cjs/check/property/AsyncP
roperty.generic.js:46:28)
      at asyncRunIt (node_m
odules/fast-check/lib/cjs/c
heck/runner/Runner.js:28:21
)
      at 
Object.<anonymous> (src/__t
ests__/properties/database-
error-handling.test.ts:58:9
)

    console.error
      Error fetching 
bills: Error: 7 {X(
          at E:\projects\to
urBiller\src\__tests__\prop
erties\database-error-handl
ing.test.ts:65:75
          at 
AsyncProperty.predicate (E:
\projects\tourBiller\node_m
odules\fast-check\lib\cjs\c
heck\property\AsyncProperty
.js:17:102)
          at 
AsyncProperty.run (E:\proje
cts\tourBiller\node_modules
\fast-check\lib\cjs\check\p
roperty\AsyncProperty.gener
ic.js:46:39)
          at asyncRunIt (E:
\projects\tourBiller\node_m
odules\fast-check\lib\cjs\c
heck\runner\Runner.js:28:36
)
          at 
processTicksAndRejections (
node:internal/process/task_
queues:103:5)
          at 
Object.<anonymous> (E:\proj
ects\tourBiller\src\__tests
__\properties\database-erro
r-handling.test.ts:58:9)

    [0m [90m 92 |[39m   
  }[33m;[39m
     [90m 93 |[39m   } 
[36mcatch[39m (error) {
    
[31m[1m>[22m[39m[90m 
94 |[39m     console[33m.
[39merror([32m'Error 
fetching 
bills:'[39m[33m,[39m 
error)[33m;[39m
     [90m    |[39m       
      [31m[1m^[22m[39m
     [90m 95 |[39m     
     [90m 96 |[39m     
[36mreturn[39m {
     [90m 97 |[39m       
success[33m:[39m [36mfal
se[39m[33m,[39m[0m

      at error 
(src/lib/actions.ts:94:13)
      at src/__tests__/prop
erties/database-error-handl
ing.test.ts:67:36
      at AsyncProperty.run 
(node_modules/fast-check/li
b/cjs/check/property/AsyncP
roperty.generic.js:46:28)
      at asyncRunIt (node_m
odules/fast-check/lib/cjs/c
heck/runner/Runner.js:28:21
)
      at 
Object.<anonymous> (src/__t
ests__/properties/database-
error-handling.test.ts:58:9
)

    console.error
      Error fetching 
bills: Error: key
          at E:\projects\to
urBiller\src\__tests__\prop
erties\database-error-handl
ing.test.ts:65:75
          at 
AsyncProperty.predicate (E:
\projects\tourBiller\node_m
odules\fast-check\lib\cjs\c
heck\property\AsyncProperty
.js:17:102)
          at 
AsyncProperty.run (E:\proje
cts\tourBiller\node_modules
\fast-check\lib\cjs\check\p
roperty\AsyncProperty.gener
ic.js:46:39)
          at asyncRunIt (E:
\projects\tourBiller\node_m
odules\fast-check\lib\cjs\c
heck\runner\Runner.js:28:36
)
          at 
processTicksAndRejections (
node:internal/process/task_
queues:103:5)
          at 
Object.<anonymous> (E:\proj
ects\tourBiller\src\__tests
__\properties\database-erro
r-handling.test.ts:58:9)

    [0m [90m 92 |[39m   
  }[33m;[39m
     [90m 93 |[39m   } 
[36mcatch[39m (error) {
    
[31m[1m>[22m[39m[90m 
94 |[39m     console[33m.
[39merror([32m'Error 
fetching 
bills:'[39m[33m,[39m 
error)[33m;[39m
     [90m    |[39m       
      [31m[1m^[22m[39m
     [90m 95 |[39m     
     [90m 96 |[39m     
[36mreturn[39m {
     [90m 97 |[39m       
success[33m:[39m [36mfal
se[39m[33m,[39m[0m

      at error 
(src/lib/actions.ts:94:13)
      at src/__tests__/prop
erties/database-error-handl
ing.test.ts:67:36
      at AsyncProperty.run 
(node_modules/fast-check/li
b/cjs/check/property/AsyncP
roperty.generic.js:46:28)
      at asyncRunIt (node_m
odules/fast-check/lib/cjs/c
heck/runner/Runner.js:28:21
)
      at 
Object.<anonymous> (src/__t
ests__/properties/database-
error-handling.test.ts:58:9
)

    console.error
      Error fetching 
bills: Error: ref
          at E:\projects\to
urBiller\src\__tests__\prop
erties\database-error-handl
ing.test.ts:65:75
          at 
AsyncProperty.predicate (E:
\projects\tourBiller\node_m
odules\fast-check\lib\cjs\c
heck\property\AsyncProperty
.js:17:102)
          at 
AsyncProperty.run (E:\proje
cts\tourBiller\node_modules
\fast-check\lib\cjs\check\p
roperty\AsyncProperty.gener
ic.js:46:39)
          at asyncRunIt (E:
\projects\tourBiller\node_m
odules\fast-check\lib\cjs\c
heck\runner\Runner.js:28:36
)
          at 
processTicksAndRejections (
node:internal/process/task_
queues:103:5)
          at 
Object.<anonymous> (E:\proj
ects\tourBiller\src\__tests
__\properties\database-erro
r-handling.test.ts:58:9)

    [0m [90m 92 |[39m   
  }[33m;[39m
     [90m 93 |[39m   } 
[36mcatch[39m (error) {
    
[31m[1m>[22m[39m[90m 
94 |[39m     console[33m.
[39merror([32m'Error 
fetching 
bills:'[39m[33m,[39m 
error)[33m;[39m
     [90m    |[39m       
      [31m[1m^[22m[39m
     [90m 95 |[39m     
     [90m 96 |[39m     
[36mreturn[39m {
     [90m 97 |[39m       
success[33m:[39m [36mfal
se[39m[33m,[39m[0m

      at error 
(src/lib/actions.ts:94:13)
      at src/__tests__/prop
erties/database-error-handl
ing.test.ts:67:36
      at AsyncProperty.run 
(node_modules/fast-check/li
b/cjs/check/property/AsyncP
roperty.generic.js:46:28)
      at asyncRunIt (node_m
odules/fast-check/lib/cjs/c
heck/runner/Runner.js:28:21
)
      at 
Object.<anonymous> (src/__t
ests__/properties/database-
error-handling.test.ts:58:9
)

    console.error
      Error fetching 
bills: Error: 
          at E:\projects\to
urBiller\src\__tests__\prop
erties\database-error-handl
ing.test.ts:65:75
          at 
AsyncProperty.predicate (E:
\projects\tourBiller\node_m
odules\fast-check\lib\cjs\c
heck\property\AsyncProperty
.js:17:102)
          at 
AsyncProperty.run (E:\proje
cts\tourBiller\node_modules
\fast-check\lib\cjs\check\p
roperty\AsyncProperty.gener
ic.js:46:39)
          at asyncRunIt (E:
\projects\tourBiller\node_m
odules\fast-check\lib\cjs\c
heck\runner\Runner.js:28:36
)
          at 
processTicksAndRejections (
node:internal/process/task_
queues:103:5)
          at 
Object.<anonymous> (E:\proj
ects\tourBiller\src\__tests
__\properties\database-erro
r-handling.test.ts:58:9)

    [0m [90m 92 |[39m   
  }[33m;[39m
     [90m 93 |[39m   } 
[36mcatch[39m (error) {
    
[31m[1m>[22m[39m[90m 
94 |[39m     console[33m.
[39merror([32m'Error 
fetching 
bills:'[39m[33m,[39m 
error)[33m;[39m
     [90m    |[39m       
      [31m[1m^[22m[39m
     [90m 95 |[39m     
     [90m 96 |[39m     
[36mreturn[39m {
     [90m 97 |[39m       
success[33m:[39m [36mfal
se[39m[33m,[39m[0m

      at error 
(src/lib/actions.ts:94:13)
      at src/__tests__/prop
erties/database-error-handl
ing.test.ts:67:36
      at AsyncProperty.run 
(node_modules/fast-check/li
b/cjs/check/property/AsyncP
roperty.generic.js:46:28)
      at asyncRunIt (node_m
odules/fast-check/lib/cjs/c
heck/runner/Runner.js:28:21
)
      at 
Object.<anonymous> (src/__t
ests__/properties/database-
error-handling.test.ts:58:9
)

    console.error
      Error fetching 
bills: Error: 2AlB/b2L;#
          at E:\projects\to
urBiller\src\__tests__\prop
erties\database-error-handl
ing.test.ts:65:75
          at 
AsyncProperty.predicate (E:
\projects\tourBiller\node_m
odules\fast-check\lib\cjs\c
heck\property\AsyncProperty
.js:17:102)
          at 
AsyncProperty.run (E:\proje
cts\tourBiller\node_modules
\fast-check\lib\cjs\check\p
roperty\AsyncProperty.gener
ic.js:46:39)
          at asyncRunIt (E:
\projects\tourBiller\node_m
odules\fast-check\lib\cjs\c
heck\runner\Runner.js:28:36
)
          at 
processTicksAndRejections (
node:internal/process/task_
queues:103:5)
          at 
Object.<anonymous> (E:\proj
ects\tourBiller\src\__tests
__\properties\database-erro
r-handling.test.ts:58:9)

    [0m [90m 92 |[39m   
  }[33m;[39m
     [90m 93 |[39m   } 
[36mcatch[39m (error) {
    
[31m[1m>[22m[39m[90m 
94 |[39m     console[33m.
[39merror([32m'Error 
fetching 
bills:'[39m[33m,[39m 
error)[33m;[39m
     [90m    |[39m       
      [31m[1m^[22m[39m
     [90m 95 |[39m     
     [90m 96 |[39m     
[36mreturn[39m {
     [90m 97 |[39m       
success[33m:[39m [36mfal
se[39m[33m,[39m[0m

      at error 
(src/lib/actions.ts:94:13)
      at src/__tests__/prop
erties/database-error-handl
ing.test.ts:67:36
      at AsyncProperty.run 
(node_modules/fast-check/li
b/cjs/check/property/AsyncP
roperty.generic.js:46:28)
      at asyncRunIt (node_m
odules/fast-check/lib/cjs/c
heck/runner/Runner.js:28:21
)
      at 
Object.<anonymous> (src/__t
ests__/properties/database-
error-handling.test.ts:58:9
)

    console.error
      Error fetching 
bills: Error: (H<al7a~_T
          at E:\projects\to
urBiller\src\__tests__\prop
erties\database-error-handl
ing.test.ts:65:75
          at 
AsyncProperty.predicate (E:
\projects\tourBiller\node_m
odules\fast-check\lib\cjs\c
heck\property\AsyncProperty
.js:17:102)
          at 
AsyncProperty.run (E:\proje
cts\tourBiller\node_modules
\fast-check\lib\cjs\check\p
roperty\AsyncProperty.gener
ic.js:46:39)
          at asyncRunIt (E:
\projects\tourBiller\node_m
odules\fast-check\lib\cjs\c
heck\runner\Runner.js:28:36
)
          at 
processTicksAndRejections (
node:internal/process/task_
queues:103:5)
          at 
Object.<anonymous> (E:\proj
ects\tourBiller\src\__tests
__\properties\database-erro
r-handling.test.ts:58:9)

    [0m [90m 92 |[39m   
  }[33m;[39m
     [90m 93 |[39m   } 
[36mcatch[39m (error) {
    
[31m[1m>[22m[39m[90m 
94 |[39m     console[33m.
[39merror([32m'Error 
fetching 
bills:'[39m[33m,[39m 
error)[33m;[39m
     [90m    |[39m       
      [31m[1m^[22m[39m
     [90m 95 |[39m     
     [90m 96 |[39m     
[36mreturn[39m {
     [90m 97 |[39m       
success[33m:[39m [36mfal
se[39m[33m,[39m[0m

      at error 
(src/lib/actions.ts:94:13)
      at src/__tests__/prop
erties/database-error-handl
ing.test.ts:67:36
      at AsyncProperty.run 
(node_modules/fast-check/li
b/cjs/check/property/AsyncP
roperty.generic.js:46:28)
      at asyncRunIt (node_m
odules/fast-check/lib/cjs/c
heck/runner/Runner.js:28:21
)
      at 
Object.<anonymous> (src/__t
ests__/properties/database-
error-handling.test.ts:58:9
)

    console.error
      Error fetching 
bills: Error: 
          at E:\projects\to
urBiller\src\__tests__\prop
erties\database-error-handl
ing.test.ts:65:75
          at 
AsyncProperty.predicate (E:
\projects\tourBiller\node_m
odules\fast-check\lib\cjs\c
heck\property\AsyncProperty
.js:17:102)
          at 
AsyncProperty.run (E:\proje
cts\tourBiller\node_modules
\fast-check\lib\cjs\check\p
roperty\AsyncProperty.gener
ic.js:46:39)
          at asyncRunIt (E:
\projects\tourBiller\node_m
odules\fast-check\lib\cjs\c
heck\runner\Runner.js:28:36
)
          at 
processTicksAndRejections (
node:internal/process/task_
queues:103:5)
          at 
Object.<anonymous> (E:\proj
ects\tourBiller\src\__tests
__\properties\database-erro
r-handling.test.ts:58:9)

    [0m [90m 92 |[39m   
  }[33m;[39m
     [90m 93 |[39m   } 
[36mcatch[39m (error) {
    
[31m[1m>[22m[39m[90m 
94 |[39m     console[33m.
[39merror([32m'Error 
fetching 
bills:'[39m[33m,[39m 
error)[33m;[39m
     [90m    |[39m       
      [31m[1m^[22m[39m
     [90m 95 |[39m     
     [90m 96 |[39m     
[36mreturn[39m {
     [90m 97 |[39m       
success[33m:[39m [36mfal
se[39m[33m,[39m[0m

      at error 
(src/lib/actions.ts:94:13)
      at src/__tests__/prop
erties/database-error-handl
ing.test.ts:67:36
      at AsyncProperty.run 
(node_modules/fast-check/li
b/cjs/check/property/AsyncP
roperty.generic.js:46:28)
      at asyncRunIt (node_m
odules/fast-check/lib/cjs/c
heck/runner/Runner.js:28:21
)
      at 
Object.<anonymous> (src/__t
ests__/properties/database-
error-handling.test.ts:58:9
)

    console.error
      Error fetching 
bills: Error: 4
          at E:\projects\to
urBiller\src\__tests__\prop
erties\database-error-handl
ing.test.ts:65:75
          at 
AsyncProperty.predicate (E:
\projects\tourBiller\node_m
odules\fast-check\lib\cjs\c
heck\property\AsyncProperty
.js:17:102)
          at 
AsyncProperty.run (E:\proje
cts\tourBiller\node_modules
\fast-check\lib\cjs\check\p
roperty\AsyncProperty.gener
ic.js:46:39)
          at asyncRunIt (E:
\projects\tourBiller\node_m
odules\fast-check\lib\cjs\c
heck\runner\Runner.js:28:36
)
          at 
processTicksAndRejections (
node:internal/process/task_
queues:103:5)
          at 
Object.<anonymous> (E:\proj
ects\tourBiller\src\__tests
__\properties\database-erro
r-handling.test.ts:58:9)

    [0m [90m 92 |[39m   
  }[33m;[39m
     [90m 93 |[39m   } 
[36mcatch[39m (error) {
    
[31m[1m>[22m[39m[90m 
94 |[39m     console[33m.
[39merror([32m'Error 
fetching 
bills:'[39m[33m,[39m 
error)[33m;[39m
     [90m    |[39m       
      [31m[1m^[22m[39m
     [90m 95 |[39m     
     [90m 96 |[39m     
[36mreturn[39m {
     [90m 97 |[39m       
success[33m:[39m [36mfal
se[39m[33m,[39m[0m

      at error 
(src/lib/actions.ts:94:13)
      at src/__tests__/prop
erties/database-error-handl
ing.test.ts:67:36
      at AsyncProperty.run 
(node_modules/fast-check/li
b/cjs/check/property/AsyncP
roperty.generic.js:46:28)
      at asyncRunIt (node_m
odules/fast-check/lib/cjs/c
heck/runner/Runner.js:28:21
)
      at 
Object.<anonymous> (src/__t
ests__/properties/database-
error-handling.test.ts:58:9
)

    console.error
      Error fetching 
bills: Error: 3pYHM
          at E:\projects\to
urBiller\src\__tests__\prop
erties\database-error-handl
ing.test.ts:65:75
          at 
AsyncProperty.predicate (E:
\projects\tourBiller\node_m
odules\fast-check\lib\cjs\c
heck\property\AsyncProperty
.js:17:102)
          at 
AsyncProperty.run (E:\proje
cts\tourBiller\node_modules
\fast-check\lib\cjs\check\p
roperty\AsyncProperty.gener
ic.js:46:39)
          at asyncRunIt (E:
\projects\tourBiller\node_m
odules\fast-check\lib\cjs\c
heck\runner\Runner.js:28:36
)
          at 
processTicksAndRejections (
node:internal/process/task_
queues:103:5)
          at 
Object.<anonymous> (E:\proj
ects\tourBiller\src\__tests
__\properties\database-erro
r-handling.test.ts:58:9)

    [0m [90m 92 |[39m   
  }[33m;[39m
     [90m 93 |[39m   } 
[36mcatch[39m (error) {
    
[31m[1m>[22m[39m[90m 
94 |[39m     console[33m.
[39merror([32m'Error 
fetching 
bills:'[39m[33m,[39m 
error)[33m;[39m
     [90m    |[39m       
      [31m[1m^[22m[39m
     [90m 95 |[39m     
     [90m 96 |[39m     
[36mreturn[39m {
     [90m 97 |[39m       
success[33m:[39m [36mfal
se[39m[33m,[39m[0m

      at error 
(src/lib/actions.ts:94:13)
      at src/__tests__/prop
erties/database-error-handl
ing.test.ts:67:36
      at AsyncProperty.run 
(node_modules/fast-check/li
b/cjs/check/property/AsyncP
roperty.generic.js:46:28)
      at asyncRunIt (node_m
odules/fast-check/lib/cjs/c
heck/runner/Runner.js:28:21
)
      at 
Object.<anonymous> (src/__t
ests__/properties/database-
error-handling.test.ts:58:9
)

    console.error
      Error fetching 
bills: Error: 
          at E:\projects\to
urBiller\src\__tests__\prop
erties\database-error-handl
ing.test.ts:65:75
          at 
AsyncProperty.predicate (E:
\projects\tourBiller\node_m
odules\fast-check\lib\cjs\c
heck\property\AsyncProperty
.js:17:102)
          at 
AsyncProperty.run (E:\proje
cts\tourBiller\node_modules
\fast-check\lib\cjs\check\p
roperty\AsyncProperty.gener
ic.js:46:39)
          at asyncRunIt (E:
\projects\tourBiller\node_m
odules\fast-check\lib\cjs\c
heck\runner\Runner.js:28:36
)
          at 
processTicksAndRejections (
node:internal/process/task_
queues:103:5)
          at 
Object.<anonymous> (E:\proj
ects\tourBiller\src\__tests
__\properties\database-erro
r-handling.test.ts:58:9)

    [0m [90m 92 |[39m   
  }[33m;[39m
     [90m 93 |[39m   } 
[36mcatch[39m (error) {
    
[31m[1m>[22m[39m[90m 
94 |[39m     console[33m.
[39merror([32m'Error 
fetching 
bills:'[39m[33m,[39m 
error)[33m;[39m
     [90m    |[39m       
      [31m[1m^[22m[39m
     [90m 95 |[39m     
     [90m 96 |[39m     
[36mreturn[39m {
     [90m 97 |[39m       
success[33m:[39m [36mfal
se[39m[33m,[39m[0m

      at error 
(src/lib/actions.ts:94:13)
      at src/__tests__/prop
erties/database-error-handl
ing.test.ts:67:36
      at AsyncProperty.run 
(node_modules/fast-check/li
b/cjs/check/property/AsyncP
roperty.generic.js:46:28)
      at asyncRunIt (node_m
odules/fast-check/lib/cjs/c
heck/runner/Runner.js:28:21
)
      at 
Object.<anonymous> (src/__t
ests__/properties/database-
error-handling.test.ts:58:9
)

    console.error
      Error fetching 
bills: Error: p:S
          at E:\projects\to
urBiller\src\__tests__\prop
erties\database-error-handl
ing.test.ts:65:75
          at 
AsyncProperty.predicate (E:
\projects\tourBiller\node_m
odules\fast-check\lib\cjs\c
heck\property\AsyncProperty
.js:17:102)
          at 
AsyncProperty.run (E:\proje
cts\tourBiller\node_modules
\fast-check\lib\cjs\check\p
roperty\AsyncProperty.gener
ic.js:46:39)
          at asyncRunIt (E:
\projects\tourBiller\node_m
odules\fast-check\lib\cjs\c
heck\runner\Runner.js:28:36
)
          at 
processTicksAndRejections (
node:internal/process/task_
queues:103:5)
          at 
Object.<anonymous> (E:\proj
ects\tourBiller\src\__tests
__\properties\database-erro
r-handling.test.ts:58:9)

    [0m [90m 92 |[39m   
  }[33m;[39m
     [90m 93 |[39m   } 
[36mcatch[39m (error) {
    
[31m[1m>[22m[39m[90m 
94 |[39m     console[33m.
[39merror([32m'Error 
fetching 
bills:'[39m[33m,[39m 
error)[33m;[39m
     [90m    |[39m       
      [31m[1m^[22m[39m
     [90m 95 |[39m     
     [90m 96 |[39m     
[36mreturn[39m {
     [90m 97 |[39m       
success[33m:[39m [36mfal
se[39m[33m,[39m[0m

      at error 
(src/lib/actions.ts:94:13)
      at src/__tests__/prop
erties/database-error-handl
ing.test.ts:67:36
      at AsyncProperty.run 
(node_modules/fast-check/li
b/cjs/check/property/AsyncP
roperty.generic.js:46:28)
      at asyncRunIt (node_m
odules/fast-check/lib/cjs/c
heck/runner/Runner.js:28:21
)
      at 
Object.<anonymous> (src/__t
ests__/properties/database-
error-handling.test.ts:58:9
)

    console.error
      Error fetching 
bills: Error: :->z$Nt
          at E:\projects\to
urBiller\src\__tests__\prop
erties\database-error-handl
ing.test.ts:65:75
          at 
AsyncProperty.predicate (E:
\projects\tourBiller\node_m
odules\fast-check\lib\cjs\c
heck\property\AsyncProperty
.js:17:102)
          at 
AsyncProperty.run (E:\proje
cts\tourBiller\node_modules
\fast-check\lib\cjs\check\p
roperty\AsyncProperty.gener
ic.js:46:39)
          at asyncRunIt (E:
\projects\tourBiller\node_m
odules\fast-check\lib\cjs\c
heck\runner\Runner.js:28:36
)
          at 
processTicksAndRejections (
node:internal/process/task_
queues:103:5)
          at 
Object.<anonymous> (E:\proj
ects\tourBiller\src\__tests
__\properties\database-erro
r-handling.test.ts:58:9)

    [0m [90m 92 |[39m   
  }[33m;[39m
     [90m 93 |[39m   } 
[36mcatch[39m (error) {
    
[31m[1m>[22m[39m[90m 
94 |[39m     console[33m.
[39merror([32m'Error 
fetching 
bills:'[39m[33m,[39m 
error)[33m;[39m
     [90m    |[39m       
      [31m[1m^[22m[39m
     [90m 95 |[39m     
     [90m 96 |[39m     
[36mreturn[39m {
     [90m 97 |[39m       
success[33m:[39m [36mfal
se[39m[33m,[39m[0m

      at error 
(src/lib/actions.ts:94:13)
      at src/__tests__/prop
erties/database-error-handl
ing.test.ts:67:36
      at AsyncProperty.run 
(node_modules/fast-check/li
b/cjs/check/property/AsyncP
roperty.generic.js:46:28)
      at asyncRunIt (node_m
odules/fast-check/lib/cjs/c
heck/runner/Runner.js:28:21
)
      at 
Object.<anonymous> (src/__t
ests__/properties/database-
error-handling.test.ts:58:9
)

    console.error
      Error fetching 
bills: Error: L5"
          at E:\projects\to
urBiller\src\__tests__\prop
erties\database-error-handl
ing.test.ts:65:75
          at 
AsyncProperty.predicate (E:
\projects\tourBiller\node_m
odules\fast-check\lib\cjs\c
heck\property\AsyncProperty
.js:17:102)
          at 
AsyncProperty.run (E:\proje
cts\tourBiller\node_modules
\fast-check\lib\cjs\check\p
roperty\AsyncProperty.gener
ic.js:46:39)
          at asyncRunIt (E:
\projects\tourBiller\node_m
odules\fast-check\lib\cjs\c
heck\runner\Runner.js:28:36
)
          at 
processTicksAndRejections (
node:internal/process/task_
queues:103:5)
          at 
Object.<anonymous> (E:\proj
ects\tourBiller\src\__tests
__\properties\database-erro
r-handling.test.ts:58:9)

    [0m [90m 92 |[39m   
  }[33m;[39m
     [90m 93 |[39m   } 
[36mcatch[39m (error) {
    
[31m[1m>[22m[39m[90m 
94 |[39m     console[33m.
[39merror([32m'Error 
fetching 
bills:'[39m[33m,[39m 
error)[33m;[39m
     [90m    |[39m       
      [31m[1m^[22m[39m
     [90m 95 |[39m     
     [90m 96 |[39m     
[36mreturn[39m {
     [90m 97 |[39m       
success[33m:[39m [36mfal
se[39m[33m,[39m[0m

      at error 
(src/lib/actions.ts:94:13)
      at src/__tests__/prop
erties/database-error-handl
ing.test.ts:67:36
      at AsyncProperty.run 
(node_modules/fast-check/li
b/cjs/check/property/AsyncP
roperty.generic.js:46:28)
      at asyncRunIt (node_m
odules/fast-check/lib/cjs/c
heck/runner/Runner.js:28:21
)
      at 
Object.<anonymous> (src/__t
ests__/properties/database-
error-handling.test.ts:58:9
)

    console.error
      Error fetching 
bills: Error: b):rFD5$8
          at E:\projects\to
urBiller\src\__tests__\prop
erties\database-error-handl
ing.test.ts:65:75
          at 
AsyncProperty.predicate (E:
\projects\tourBiller\node_m
odules\fast-check\lib\cjs\c
heck\property\AsyncProperty
.js:17:102)
          at 
AsyncProperty.run (E:\proje
cts\tourBiller\node_modules
\fast-check\lib\cjs\check\p
roperty\AsyncProperty.gener
ic.js:46:39)
          at asyncRunIt (E:
\projects\tourBiller\node_m
odules\fast-check\lib\cjs\c
heck\runner\Runner.js:28:36
)
          at 
processTicksAndRejections (
node:internal/process/task_
queues:103:5)
          at 
Object.<anonymous> (E:\proj
ects\tourBiller\src\__tests
__\properties\database-erro
r-handling.test.ts:58:9)

    [0m [90m 92 |[39m   
  }[33m;[39m
     [90m 93 |[39m   } 
[36mcatch[39m (error) {
    
[31m[1m>[22m[39m[90m 
94 |[39m     console[33m.
[39merror([32m'Error 
fetching 
bills:'[39m[33m,[39m 
error)[33m;[39m
     [90m    |[39m       
      [31m[1m^[22m[39m
     [90m 95 |[39m     
     [90m 96 |[39m     
[36mreturn[39m {
     [90m 97 |[39m       
success[33m:[39m [36mfal
se[39m[33m,[39m[0m

      at error 
(src/lib/actions.ts:94:13)
      at src/__tests__/prop
erties/database-error-handl
ing.test.ts:67:36
      at AsyncProperty.run 
(node_modules/fast-check/li
b/cjs/check/property/AsyncP
roperty.generic.js:46:28)
      at asyncRunIt (node_m
odules/fast-check/lib/cjs/c
heck/runner/Runner.js:28:21
)
      at 
Object.<anonymous> (src/__t
ests__/properties/database-
error-handling.test.ts:58:9
)

    console.error
      Error fetching 
bills: Error: R3'bS6Fc2
          at E:\projects\to
urBiller\src\__tests__\prop
erties\database-error-handl
ing.test.ts:65:75
          at 
AsyncProperty.predicate (E:
\projects\tourBiller\node_m
odules\fast-check\lib\cjs\c
heck\property\AsyncProperty
.js:17:102)
          at 
AsyncProperty.run (E:\proje
cts\tourBiller\node_modules
\fast-check\lib\cjs\check\p
roperty\AsyncProperty.gener
ic.js:46:39)
          at asyncRunIt (E:
\projects\tourBiller\node_m
odules\fast-check\lib\cjs\c
heck\runner\Runner.js:28:36
)
          at 
processTicksAndRejections (
node:internal/process/task_
queues:103:5)
          at 
Object.<anonymous> (E:\proj
ects\tourBiller\src\__tests
__\properties\database-erro
r-handling.test.ts:58:9)

    [0m [90m 92 |[39m   
  }[33m;[39m
     [90m 93 |[39m   } 
[36mcatch[39m (error) {
    
[31m[1m>[22m[39m[90m 
94 |[39m     console[33m.
[39merror([32m'Error 
fetching 
bills:'[39m[33m,[39m 
error)[33m;[39m
     [90m    |[39m       
      [31m[1m^[22m[39m
     [90m 95 |[39m     
     [90m 96 |[39m     
[36mreturn[39m {
     [90m 97 |[39m       
success[33m:[39m [36mfal
se[39m[33m,[39m[0m

      at error 
(src/lib/actions.ts:94:13)
      at src/__tests__/prop
erties/database-error-handl
ing.test.ts:67:36
      at AsyncProperty.run 
(node_modules/fast-check/li
b/cjs/check/property/AsyncP
roperty.generic.js:46:28)
      at asyncRunIt (node_m
odules/fast-check/lib/cjs/c
heck/runner/Runner.js:28:21
)
      at 
Object.<anonymous> (src/__t
ests__/properties/database-
error-handling.test.ts:58:9
)

    console.error
      Error fetching 
bills: Error: "T|_
          at E:\projects\to
urBiller\src\__tests__\prop
erties\database-error-handl
ing.test.ts:65:75
          at 
AsyncProperty.predicate (E:
\projects\tourBiller\node_m
odules\fast-check\lib\cjs\c
heck\property\AsyncProperty
.js:17:102)
          at 
AsyncProperty.run (E:\proje
cts\tourBiller\node_modules
\fast-check\lib\cjs\check\p
roperty\AsyncProperty.gener
ic.js:46:39)
          at asyncRunIt (E:
\projects\tourBiller\node_m
odules\fast-check\lib\cjs\c
heck\runner\Runner.js:28:36
)
          at 
processTicksAndRejections (
node:internal/process/task_
queues:103:5)
          at 
Object.<anonymous> (E:\proj
ects\tourBiller\src\__tests
__\properties\database-erro
r-handling.test.ts:58:9)

    [0m [90m 92 |[39m   
  }[33m;[39m
     [90m 93 |[39m   } 
[36mcatch[39m (error) {
    
[31m[1m>[22m[39m[90m 
94 |[39m     console[33m.
[39merror([32m'Error 
fetching 
bills:'[39m[33m,[39m 
error)[33m;[39m
     [90m    |[39m       
      [31m[1m^[22m[39m
     [90m 95 |[39m     
     [90m 96 |[39m     
[36mreturn[39m {
     [90m 97 |[39m       
success[33m:[39m [36mfal
se[39m[33m,[39m[0m

      at error 
(src/lib/actions.ts:94:13)
      at src/__tests__/prop
erties/database-error-handl
ing.test.ts:67:36
      at AsyncProperty.run 
(node_modules/fast-check/li
b/cjs/check/property/AsyncP
roperty.generic.js:46:28)
      at asyncRunIt (node_m
odules/fast-check/lib/cjs/c
heck/runner/Runner.js:28:21
)
      at 
Object.<anonymous> (src/__t
ests__/properties/database-
error-handling.test.ts:58:9
)

    console.error
      Error fetching 
bills: Error: 
          at E:\projects\to
urBiller\src\__tests__\prop
erties\database-error-handl
ing.test.ts:65:75
          at 
AsyncProperty.predicate (E:
\projects\tourBiller\node_m
odules\fast-check\lib\cjs\c
heck\property\AsyncProperty
.js:17:102)
          at 
AsyncProperty.run (E:\proje
cts\tourBiller\node_modules
\fast-check\lib\cjs\check\p
roperty\AsyncProperty.gener
ic.js:46:39)
          at asyncRunIt (E:
\projects\tourBiller\node_m
odules\fast-check\lib\cjs\c
heck\runner\Runner.js:28:36
)
          at 
processTicksAndRejections (
node:internal/process/task_
queues:103:5)
          at 
Object.<anonymous> (E:\proj
ects\tourBiller\src\__tests
__\properties\database-erro
r-handling.test.ts:58:9)

    [0m [90m 92 |[39m   
  }[33m;[39m
     [90m 93 |[39m   } 
[36mcatch[39m (error) {
    
[31m[1m>[22m[39m[90m 
94 |[39m     console[33m.
[39merror([32m'Error 
fetching 
bills:'[39m[33m,[39m 
error)[33m;[39m
     [90m    |[39m       
      [31m[1m^[22m[39m
     [90m 95 |[39m     
     [90m 96 |[39m     
[36mreturn[39m {
     [90m 97 |[39m       
success[33m:[39m [36mfal
se[39m[33m,[39m[0m

      at error 
(src/lib/actions.ts:94:13)
      at src/__tests__/prop
erties/database-error-handl
ing.test.ts:67:36
      at AsyncProperty.run 
(node_modules/fast-check/li
b/cjs/check/property/AsyncP
roperty.generic.js:46:28)
      at asyncRunIt (node_m
odules/fast-check/lib/cjs/c
heck/runner/Runner.js:28:21
)
      at 
Object.<anonymous> (src/__t
ests__/properties/database-
error-handling.test.ts:58:9
)

    console.error
      Error fetching 
bills: Error: nr<up, O4a
          at E:\projects\to
urBiller\src\__tests__\prop
erties\database-error-handl
ing.test.ts:65:75
          at 
AsyncProperty.predicate (E:
\projects\tourBiller\node_m
odules\fast-check\lib\cjs\c
heck\property\AsyncProperty
.js:17:102)
          at 
AsyncProperty.run (E:\proje
cts\tourBiller\node_modules
\fast-check\lib\cjs\check\p
roperty\AsyncProperty.gener
ic.js:46:39)
          at asyncRunIt (E:
\projects\tourBiller\node_m
odules\fast-check\lib\cjs\c
heck\runner\Runner.js:28:36
)
          at 
processTicksAndRejections (
node:internal/process/task_
queues:103:5)
          at 
Object.<anonymous> (E:\proj
ects\tourBiller\src\__tests
__\properties\database-erro
r-handling.test.ts:58:9)

    [0m [90m 92 |[39m   
  }[33m;[39m
     [90m 93 |[39m   } 
[36mcatch[39m (error) {
    
[31m[1m>[22m[39m[90m 
94 |[39m     console[33m.
[39merror([32m'Error 
fetching 
bills:'[39m[33m,[39m 
error)[33m;[39m
     [90m    |[39m       
      [31m[1m^[22m[39m
     [90m 95 |[39m     
     [90m 96 |[39m     
[36mreturn[39m {
     [90m 97 |[39m       
success[33m:[39m [36mfal
se[39m[33m,[39m[0m

      at error 
(src/lib/actions.ts:94:13)
      at src/__tests__/prop
erties/database-error-handl
ing.test.ts:67:36
      at AsyncProperty.run 
(node_modules/fast-check/li
b/cjs/check/property/AsyncP
roperty.generic.js:46:28)
      at asyncRunIt (node_m
odules/fast-check/lib/cjs/c
heck/runner/Runner.js:28:21
)
      at 
Object.<anonymous> (src/__t
ests__/properties/database-
error-handling.test.ts:58:9
)

    console.error
      Error fetching 
bills: Error: >QH
          at E:\projects\to
urBiller\src\__tests__\prop
erties\database-error-handl
ing.test.ts:65:75
          at 
AsyncProperty.predicate (E:
\projects\tourBiller\node_m
odules\fast-check\lib\cjs\c
heck\property\AsyncProperty
.js:17:102)
          at 
AsyncProperty.run (E:\proje
cts\tourBiller\node_modules
\fast-check\lib\cjs\check\p
roperty\AsyncProperty.gener
ic.js:46:39)
          at asyncRunIt (E:
\projects\tourBiller\node_m
odules\fast-check\lib\cjs\c
heck\runner\Runner.js:28:36
)
          at 
processTicksAndRejections (
node:internal/process/task_
queues:103:5)
          at 
Object.<anonymous> (E:\proj
ects\tourBiller\src\__tests
__\properties\database-erro
r-handling.test.ts:58:9)

    [0m [90m 92 |[39m   
  }[33m;[39m
     [90m 93 |[39m   } 
[36mcatch[39m (error) {
    
[31m[1m>[22m[39m[90m 
94 |[39m     console[33m.
[39merror([32m'Error 
fetching 
bills:'[39m[33m,[39m 
error)[33m;[39m
     [90m    |[39m       
      [31m[1m^[22m[39m
     [90m 95 |[39m     
     [90m 96 |[39m     
[36mreturn[39m {
     [90m 97 |[39m       
success[33m:[39m [36mfal
se[39m[33m,[39m[0m

      at error 
(src/lib/actions.ts:94:13)
      at src/__tests__/prop
erties/database-error-handl
ing.test.ts:67:36
      at AsyncProperty.run 
(node_modules/fast-check/li
b/cjs/check/property/AsyncP
roperty.generic.js:46:28)
      at asyncRunIt (node_m
odules/fast-check/lib/cjs/c
heck/runner/Runner.js:28:21
)
      at 
Object.<anonymous> (src/__t
ests__/properties/database-
error-handling.test.ts:58:9
)

    console.error
      Error fetching 
bills: Error: 
          at E:\projects\to
urBiller\src\__tests__\prop
erties\database-error-handl
ing.test.ts:65:75
          at 
AsyncProperty.predicate (E:
\projects\tourBiller\node_m
odules\fast-check\lib\cjs\c
heck\property\AsyncProperty
.js:17:102)
          at 
AsyncProperty.run (E:\proje
cts\tourBiller\node_modules
\fast-check\lib\cjs\check\p
roperty\AsyncProperty.gener
ic.js:46:39)
          at asyncRunIt (E:
\projects\tourBiller\node_m
odules\fast-check\lib\cjs\c
heck\runner\Runner.js:28:36
)
          at 
processTicksAndRejections (
node:internal/process/task_
queues:103:5)
          at 
Object.<anonymous> (E:\proj
ects\tourBiller\src\__tests
__\properties\database-erro
r-handling.test.ts:58:9)

    [0m [90m 92 |[39m   
  }[33m;[39m
     [90m 93 |[39m   } 
[36mcatch[39m (error) {
    
[31m[1m>[22m[39m[90m 
94 |[39m     console[33m.
[39merror([32m'Error 
fetching 
bills:'[39m[33m,[39m 
error)[33m;[39m
     [90m    |[39m       
      [31m[1m^[22m[39m
     [90m 95 |[39m     
     [90m 96 |[39m     
[36mreturn[39m {
     [90m 97 |[39m       
success[33m:[39m [36mfal
se[39m[33m,[39m[0m

      at error 
(src/lib/actions.ts:94:13)
      at src/__tests__/prop
erties/database-error-handl
ing.test.ts:67:36
      at AsyncProperty.run 
(node_modules/fast-check/li
b/cjs/check/property/AsyncP
roperty.generic.js:46:28)
      at asyncRunIt (node_m
odules/fast-check/lib/cjs/c
heck/runner/Runner.js:28:21
)
      at 
Object.<anonymous> (src/__t
ests__/properties/database-
error-handling.test.ts:58:9
)

    console.error
      Error fetching 
bills: Error: z~
          at E:\projects\to
urBiller\src\__tests__\prop
erties\database-error-handl
ing.test.ts:65:75
          at 
AsyncProperty.predicate (E:
\projects\tourBiller\node_m
odules\fast-check\lib\cjs\c
heck\property\AsyncProperty
.js:17:102)
          at 
AsyncProperty.run (E:\proje
cts\tourBiller\node_modules
\fast-check\lib\cjs\check\p
roperty\AsyncProperty.gener
ic.js:46:39)
          at asyncRunIt (E:
\projects\tourBiller\node_m
odules\fast-check\lib\cjs\c
heck\runner\Runner.js:28:36
)
          at 
processTicksAndRejections (
node:internal/process/task_
queues:103:5)
          at 
Object.<anonymous> (E:\proj
ects\tourBiller\src\__tests
__\properties\database-erro
r-handling.test.ts:58:9)

    [0m [90m 92 |[39m   
  }[33m;[39m
     [90m 93 |[39m   } 
[36mcatch[39m (error) {
    
[31m[1m>[22m[39m[90m 
94 |[39m     console[33m.
[39merror([32m'Error 
fetching 
bills:'[39m[33m,[39m 
error)[33m;[39m
     [90m    |[39m       
      [31m[1m^[22m[39m
     [90m 95 |[39m     
     [90m 96 |[39m     
[36mreturn[39m {
     [90m 97 |[39m       
success[33m:[39m [36mfal
se[39m[33m,[39m[0m

      at error 
(src/lib/actions.ts:94:13)
      at src/__tests__/prop
erties/database-error-handl
ing.test.ts:67:36
      at AsyncProperty.run 
(node_modules/fast-check/li
b/cjs/check/property/AsyncP
roperty.generic.js:46:28)
      at asyncRunIt (node_m
odules/fast-check/lib/cjs/c
heck/runner/Runner.js:28:21
)
      at 
Object.<anonymous> (src/__t
ests__/properties/database-
error-handling.test.ts:58:9
)

    console.error
      Error fetching 
bills: Error: Iv)@>&
          at E:\projects\to
urBiller\src\__tests__\prop
erties\database-error-handl
ing.test.ts:65:75
          at 
AsyncProperty.predicate (E:
\projects\tourBiller\node_m
odules\fast-check\lib\cjs\c
heck\property\AsyncProperty
.js:17:102)
          at 
AsyncProperty.run (E:\proje
cts\tourBiller\node_modules
\fast-check\lib\cjs\check\p
roperty\AsyncProperty.gener
ic.js:46:39)
          at asyncRunIt (E:
\projects\tourBiller\node_m
odules\fast-check\lib\cjs\c
heck\runner\Runner.js:28:36
)
          at 
processTicksAndRejections (
node:internal/process/task_
queues:103:5)
          at 
Object.<anonymous> (E:\proj
ects\tourBiller\src\__tests
__\properties\database-erro
r-handling.test.ts:58:9)

    [0m [90m 92 |[39m   
  }[33m;[39m
     [90m 93 |[39m   } 
[36mcatch[39m (error) {
    
[31m[1m>[22m[39m[90m 
94 |[39m     console[33m.
[39merror([32m'Error 
fetching 
bills:'[39m[33m,[39m 
error)[33m;[39m
     [90m    |[39m       
      [31m[1m^[22m[39m
     [90m 95 |[39m     
     [90m 96 |[39m     
[36mreturn[39m {
     [90m 97 |[39m       
success[33m:[39m [36mfal
se[39m[33m,[39m[0m

      at error 
(src/lib/actions.ts:94:13)
      at src/__tests__/prop
erties/database-error-handl
ing.test.ts:67:36
      at AsyncProperty.run 
(node_modules/fast-check/li
b/cjs/check/property/AsyncP
roperty.generic.js:46:28)
      at asyncRunIt (node_m
odules/fast-check/lib/cjs/c
heck/runner/Runner.js:28:21
)
      at 
Object.<anonymous> (src/__t
ests__/properties/database-
error-handling.test.ts:58:9
)

    console.error
      Error fetching 
bills: Error: -d wU
          at E:\projects\to
urBiller\src\__tests__\prop
erties\database-error-handl
ing.test.ts:65:75
          at 
AsyncProperty.predicate (E:
\projects\tourBiller\node_m
odules\fast-check\lib\cjs\c
heck\property\AsyncProperty
.js:17:102)
          at 
AsyncProperty.run (E:\proje
cts\tourBiller\node_modules
\fast-check\lib\cjs\check\p
roperty\AsyncProperty.gener
ic.js:46:39)
          at asyncRunIt (E:
\projects\tourBiller\node_m
odules\fast-check\lib\cjs\c
heck\runner\Runner.js:28:36
)
          at 
processTicksAndRejections (
node:internal/process/task_
queues:103:5)
          at 
Object.<anonymous> (E:\proj
ects\tourBiller\src\__tests
__\properties\database-erro
r-handling.test.ts:58:9)

    [0m [90m 92 |[39m   
  }[33m;[39m
     [90m 93 |[39m   } 
[36mcatch[39m (error) {
    
[31m[1m>[22m[39m[90m 
94 |[39m     console[33m.
[39merror([32m'Error 
fetching 
bills:'[39m[33m,[39m 
error)[33m;[39m
     [90m    |[39m       
      [31m[1m^[22m[39m
     [90m 95 |[39m     
     [90m 96 |[39m     
[36mreturn[39m {
     [90m 97 |[39m       
success[33m:[39m [36mfal
se[39m[33m,[39m[0m

      at error 
(src/lib/actions.ts:94:13)
      at src/__tests__/prop
erties/database-error-handl
ing.test.ts:67:36
      at AsyncProperty.run 
(node_modules/fast-check/li
b/cjs/check/property/AsyncP
roperty.generic.js:46:28)
      at asyncRunIt (node_m
odules/fast-check/lib/cjs/c
heck/runner/Runner.js:28:21
)
      at 
Object.<anonymous> (src/__t
ests__/properties/database-
error-handling.test.ts:58:9
)

    console.error
      Error fetching 
bills: Error: ED1
          at E:\projects\to
urBiller\src\__tests__\prop
erties\database-error-handl
ing.test.ts:65:75
          at 
AsyncProperty.predicate (E:
\projects\tourBiller\node_m
odules\fast-check\lib\cjs\c
heck\property\AsyncProperty
.js:17:102)
          at 
AsyncProperty.run (E:\proje
cts\tourBiller\node_modules
\fast-check\lib\cjs\check\p
roperty\AsyncProperty.gener
ic.js:46:39)
          at asyncRunIt (E:
\projects\tourBiller\node_m
odules\fast-check\lib\cjs\c
heck\runner\Runner.js:28:36
)
          at 
processTicksAndRejections (
node:internal/process/task_
queues:103:5)
          at 
Object.<anonymous> (E:\proj
ects\tourBiller\src\__tests
__\properties\database-erro
r-handling.test.ts:58:9)

    [0m [90m 92 |[39m   
  }[33m;[39m
     [90m 93 |[39m   } 
[36mcatch[39m (error) {
    
[31m[1m>[22m[39m[90m 
94 |[39m     console[33m.
[39merror([32m'Error 
fetching 
bills:'[39m[33m,[39m 
error)[33m;[39m
     [90m    |[39m       
      [31m[1m^[22m[39m
     [90m 95 |[39m     
     [90m 96 |[39m     
[36mreturn[39m {
     [90m 97 |[39m       
success[33m:[39m [36mfal
se[39m[33m,[39m[0m

      at error 
(src/lib/actions.ts:94:13)
      at src/__tests__/prop
erties/database-error-handl
ing.test.ts:67:36
      at AsyncProperty.run 
(node_modules/fast-check/li
b/cjs/check/property/AsyncP
roperty.generic.js:46:28)
      at asyncRunIt (node_m
odules/fast-check/lib/cjs/c
heck/runner/Runner.js:28:21
)
      at 
Object.<anonymous> (src/__t
ests__/properties/database-
error-handling.test.ts:58:9
)

    console.error
      Error fetching 
bills: Error: dj"7
          at E:\projects\to
urBiller\src\__tests__\prop
erties\database-error-handl
ing.test.ts:65:75
          at 
AsyncProperty.predicate (E:
\projects\tourBiller\node_m
odules\fast-check\lib\cjs\c
heck\property\AsyncProperty
.js:17:102)
          at 
AsyncProperty.run (E:\proje
cts\tourBiller\node_modules
\fast-check\lib\cjs\check\p
roperty\AsyncProperty.gener
ic.js:46:39)
          at asyncRunIt (E:
\projects\tourBiller\node_m
odules\fast-check\lib\cjs\c
heck\runner\Runner.js:28:36
)
          at 
processTicksAndRejections (
node:internal/process/task_
queues:103:5)
          at 
Object.<anonymous> (E:\proj
ects\tourBiller\src\__tests
__\properties\database-erro
r-handling.test.ts:58:9)

    [0m [90m 92 |[39m   
  }[33m;[39m
     [90m 93 |[39m   } 
[36mcatch[39m (error) {
    
[31m[1m>[22m[39m[90m 
94 |[39m     console[33m.
[39merror([32m'Error 
fetching 
bills:'[39m[33m,[39m 
error)[33m;[39m
     [90m    |[39m       
      [31m[1m^[22m[39m
     [90m 95 |[39m     
     [90m 96 |[39m     
[36mreturn[39m {
     [90m 97 |[39m       
success[33m:[39m [36mfal
se[39m[33m,[39m[0m

      at error 
(src/lib/actions.ts:94:13)
      at src/__tests__/prop
erties/database-error-handl
ing.test.ts:67:36
      at AsyncProperty.run 
(node_modules/fast-check/li
b/cjs/check/property/AsyncP
roperty.generic.js:46:28)
      at asyncRunIt (node_m
odules/fast-check/lib/cjs/c
heck/runner/Runner.js:28:21
)
      at 
Object.<anonymous> (src/__t
ests__/properties/database-
error-handling.test.ts:58:9
)

    console.error
      Error fetching 
bills: Error: E,UHZ
          at E:\projects\to
urBiller\src\__tests__\prop
erties\database-error-handl
ing.test.ts:65:75
          at 
AsyncProperty.predicate (E:
\projects\tourBiller\node_m
odules\fast-check\lib\cjs\c
heck\property\AsyncProperty
.js:17:102)
          at 
AsyncProperty.run (E:\proje
cts\tourBiller\node_modules
\fast-check\lib\cjs\check\p
roperty\AsyncProperty.gener
ic.js:46:39)
          at asyncRunIt (E:
\projects\tourBiller\node_m
odules\fast-check\lib\cjs\c
heck\runner\Runner.js:28:36
)
          at 
processTicksAndRejections (
node:internal/process/task_
queues:103:5)
          at 
Object.<anonymous> (E:\proj
ects\tourBiller\src\__tests
__\properties\database-erro
r-handling.test.ts:58:9)

    [0m [90m 92 |[39m   
  }[33m;[39m
     [90m 93 |[39m   } 
[36mcatch[39m (error) {
    
[31m[1m>[22m[39m[90m 
94 |[39m     console[33m.
[39merror([32m'Error 
fetching 
bills:'[39m[33m,[39m 
error)[33m;[39m
     [90m    |[39m       
      [31m[1m^[22m[39m
     [90m 95 |[39m     
     [90m 96 |[39m     
[36mreturn[39m {
     [90m 97 |[39m       
success[33m:[39m [36mfal
se[39m[33m,[39m[0m

      at error 
(src/lib/actions.ts:94:13)
      at src/__tests__/prop
erties/database-error-handl
ing.test.ts:67:36
      at AsyncProperty.run 
(node_modules/fast-check/li
b/cjs/check/property/AsyncP
roperty.generic.js:46:28)
      at asyncRunIt (node_m
odules/fast-check/lib/cjs/c
heck/runner/Runner.js:28:21
)
      at 
Object.<anonymous> (src/__t
ests__/properties/database-
error-handling.test.ts:58:9
)

FAIL src/__tests__/properti
es/form-submission-feedback
.test.tsx (11.289 s)
  ΓùÅ Property 14: Form 
Submission Feedback ΓÇ║ 
should provide feedback 
for any submission outcome

    Property failed after 
1 tests
    { seed: -307898909, 
path: "0:0:0:0:0:0:0:0:0", 
endOnFailure: true }
    Counterexample: 
[{"vehicleNo":" 
","customerName":" 
","route":" ","startMeter":
0,"endMeter":1001,"hireRate
":1,"success":false,"delay"
:0}]
    Shrunk 8 time(s)

    Hint: Enable verbose 
mode in order to have the 
list of all failing values 
encountered during the run

      at buildError (node_m
odules/fast-check/lib/cjs/c
heck/runner/utils/RunDetail
sFormatter.js:162:19)
      at 
asyncThrowIfFailed (node_mo
dules/fast-check/lib/cjs/ch
eck/runner/utils/RunDetails
Formatter.js:176:11)

    Cause:
    TestingLibraryElementEr
ror: Found multiple 
elements with the text of: 
/Vehicle Number/i

    Here are the matching 
elements:

    Ignored nodes: 
comments, script, style
    [36m<input[39m
      [33maria-describedby
[39m=[32m"_r_0_-form-item
-description"[39m
      [33maria-invalid[39
m=[32m"false"[39m
      [33mclass[39m=[32m
"file:text-foreground place
holder:text-muted-foregroun
d selection:bg-primary sele
ction:text-primary-foregrou
nd dark:bg-input/30 
border-input h-9 w-full 
min-w-0 rounded-md border 
bg-transparent px-3 py-1 
text-base shadow-xs transit
ion-[color,box-shadow] 
outline-none 
file:inline-flex file:h-7 
file:border-0 
file:bg-transparent 
file:text-sm 
file:font-medium disabled:p
ointer-events-none disabled
:cursor-not-allowed 
disabled:opacity-50 
md:text-sm 
focus-visible:border-ring 
focus-visible:ring-ring/50 
focus-visible:ring-[3px] ar
ia-invalid:ring-destructive
/20 dark:aria-invalid:ring-
destructive/40 aria-invalid
:border-destructive"[39m
      [33mdata-slot[39m=
[32m"form-control"[39m
      [33mid[39m=[32m"_r
_0_-form-item"[39m
      [33mname[39m=[32m"
vehicleNo"[39m
      [33mplaceholder[39m
=[32m"e.g. CAB-1234"[39m
      [33mvalue[39m=[32m
"Z+HHo:>Zp"[39m
    [36m/>[39m

    Ignored nodes: 
comments, script, style
    [36m<input[39m
      [33maria-describedby
[39m=[32m"_r_9_-form-item
-description"[39m
      [33maria-invalid[39
m=[32m"false"[39m
      [33mclass[39m=[32m
"file:text-foreground place
holder:text-muted-foregroun
d selection:bg-primary sele
ction:text-primary-foregrou
nd dark:bg-input/30 
border-input h-9 w-full 
min-w-0 rounded-md border 
bg-transparent px-3 py-1 
text-base shadow-xs transit
ion-[color,box-shadow] 
outline-none 
file:inline-flex file:h-7 
file:border-0 
file:bg-transparent 
file:text-sm 
file:font-medium disabled:p
ointer-events-none disabled
:cursor-not-allowed 
disabled:opacity-50 
md:text-sm 
focus-visible:border-ring 
focus-visible:ring-ring/50 
focus-visible:ring-[3px] ar
ia-invalid:ring-destructive
/20 dark:aria-invalid:ring-
destructive/40 aria-invalid
:border-destructive"[39m
      [33mdata-slot[39m=
[32m"form-control"[39m
      [33mid[39m=[32m"_r
_9_-form-item"[39m
      [33mname[39m=[32m"
vehicleNo"[39m
      [33mplaceholder[39m
=[32m"e.g. CAB-1234"[39m
      [33mvalue[39m=[32m
""[39m
    [36m/>[39m

    Ignored nodes: 
comments, script, style
    [36m<input[39m
      [33maria-describedby
[39m=[32m"_r_i_-form-item
-description"[39m
      [33maria-invalid[39
m=[32m"false"[39m
      [33mclass[39m=[32m
"file:text-foreground place
holder:text-muted-foregroun
d selection:bg-primary sele
ction:text-primary-foregrou
nd dark:bg-input/30 
border-input h-9 w-full 
min-w-0 rounded-md border 
bg-transparent px-3 py-1 
text-base shadow-xs transit
ion-[color,box-shadow] 
outline-none 
file:inline-flex file:h-7 
file:border-0 
file:bg-transparent 
file:text-sm 
file:font-medium disabled:p
ointer-events-none disabled
:cursor-not-allowed 
disabled:opacity-50 
md:text-sm 
focus-visible:border-ring 
focus-visible:ring-ring/50 
focus-visible:ring-[3px] ar
ia-invalid:ring-destructive
/20 dark:aria-invalid:ring-
destructive/40 aria-invalid
:border-destructive"[39m
      [33mdata-slot[39m=
[32m"form-control"[39m
      [33mid[39m=[32m"_r
_i_-form-item"[39m
      [33mname[39m=[32m"
vehicleNo"[39m
      [33mplaceholder[39m
=[32m"e.g. CAB-1234"[39m
      [33mvalue[39m=[32m
""[39m
    [36m/>[39m

    Ignored nodes: 
comments, script, style
    [36m<input[39m
      [33maria-describedby
[39m=[32m"_r_r_-form-item
-description"[39m
      [33maria-invalid[39
m=[32m"false"[39m
      [33mclass[39m=[32m
"file:text-foreground place
holder:text-muted-foregroun
d selection:bg-primary sele
ction:text-primary-foregrou
nd dark:bg-input/30 
border-input h-9 w-full 
min-w-0 rounded-md border 
bg-transparent px-3 py-1 
text-base shadow-xs transit
ion-[color,box-shadow] 
outline-none 
file:inline-flex file:h-7 
file:border-0 
file:bg-transparent 
file:text-sm 
file:font-medium disabled:p
ointer-events-none disabled
:cursor-not-allowed 
disabled:opacity-50 
md:text-sm 
focus-visible:border-ring 
focus-visible:ring-ring/50 
focus-visible:ring-[3px] ar
ia-invalid:ring-destructive
/20 dark:aria-invalid:ring-
destructive/40 aria-invalid
:border-destructive"[39m
      [33mdata-slot[39m=
[32m"form-control"[39m
      [33mid[39m=[32m"_r
_r_-form-item"[39m
      [33mname[39m=[32m"
vehicleNo"[39m
      [33mplaceholder[39m
=[32m"e.g. CAB-1234"[39m
      [33mvalue[39m=[32m
""[39m
    [36m/>[39m

    Ignored nodes: 
comments, script, style
    [36m<input[39m
      [33maria-describedby
[39m=[32m"_r_14_-form-ite
m-description"[39m
      [33maria-invalid[39
m=[32m"false"[39m
      [33mclass[39m=[32m
"file:text-foreground place
holder:text-muted-foregroun
d selection:bg-primary sele
ction:text-primary-foregrou
nd dark:bg-input/30 
border-input h-9 w-full 
min-w-0 rounded-md border 
bg-transparent px-3 py-1 
text-base shadow-xs transit
ion-[color,box-shadow] 
outline-none 
file:inline-flex file:h-7 
file:border-0 
file:bg-transparent 
file:text-sm 
file:font-medium disabled:p
ointer-events-none disabled
:cursor-not-allowed 
disabled:opacity-50 
md:text-sm 
focus-visible:border-ring 
focus-visible:ring-ring/50 
focus-visible:ring-[3px] ar
ia-invalid:ring-destructive
/20 dark:aria-invalid:ring-
destructive/40 aria-invalid
:border-destructive"[39m
      [33mdata-slot[39m=
[32m"form-control"[39m
      [33mid[39m=[32m"_r
_14_-form-item"[39m
      [33mname[39m=[32m"
vehicleNo"[39m
      [33mplaceholder[39m
=[32m"e.g. CAB-1234"[39m
      [33mvalue[39m=[32m
""[39m
    [36m/>[39m

    Ignored nodes: 
comments, script, style
    [36m<input[39m
      [33maria-describedby
[39m=[32m"_r_1d_-form-ite
m-description"[39m
      [33maria-invalid[39
m=[32m"false"[39m
      [33mclass[39m=[32m
"file:text-foreground place
holder:text-muted-foregroun
d selection:bg-primary sele
ction:text-primary-foregrou
nd dark:bg-input/30 
border-input h-9 w-full 
min-w-0 rounded-md border 
bg-transparent px-3 py-1 
text-base shadow-xs transit
ion-[color,box-shadow] 
outline-none 
file:inline-flex file:h-7 
file:border-0 
file:bg-transparent 
file:text-sm 
file:font-medium disabled:p
ointer-events-none disabled
:cursor-not-allowed 
disabled:opacity-50 
md:text-sm 
focus-visible:border-ring 
focus-visible:ring-ring/50 
focus-visible:ring-[3px] ar
ia-invalid:ring-destructive
/20 dark:aria-invalid:ring-
destructive/40 aria-invalid
:border-destructive"[39m
      [33mdata-slot[39m=
[32m"form-control"[39m
      [33mid[39m=[32m"_r
_1d_-form-item"[39m
      [33mname[39m=[32m"
vehicleNo"[39m
      [33mplaceholder[39m
=[32m"e.g. CAB-1234"[39m
      [33mvalue[39m=[32m
""[39m
    [36m/>[39m

    Ignored nodes: 
comments, script, style
    [36m<input[39m
      [33maria-describedby
[39m=[32m"_r_1m_-form-ite
m-description"[39m
      [33maria-invalid[39
m=[32m"false"[39m
      [33mclass[39m=[32m
"file:text-foreground place
holder:text-muted-foregroun
d selection:bg-primary sele
ction:text-primary-foregrou
nd dark:bg-input/30 
border-input h-9 w-full 
min-w-0 rounded-md border 
bg-transparent px-3 py-1 
text-base shadow-xs transit
ion-[color,box-shadow] 
outline-none 
file:inline-flex file:h-7 
file:border-0 
file:bg-transparent 
file:text-sm 
file:font-medium disabled:p
ointer-events-none disabled
:cursor-not-allowed 
disabled:opacity-50 
md:text-sm 
focus-visible:border-ring 
focus-visible:ring-ring/50 
focus-visible:ring-[3px] ar
ia-invalid:ring-destructive
/20 dark:aria-invalid:ring-
destructive/40 aria-invalid
:border-destructive"[39m
      [33mdata-slot[39m=
[32m"form-control"[39m
      [33mid[39m=[32m"_r
_1m_-form-item"[39m
      [33mname[39m=[32m"
vehicleNo"[39m
      [33mplaceholder[39m
=[32m"e.g. CAB-1234"[39m
      [33mvalue[39m=[32m
""[39m
    [36m/>[39m

    Ignored nodes: 
comments, script, style
    [36m<input[39m
      [33maria-describedby
[39m=[32m"_r_1v_-form-ite
m-description"[39m
      [33maria-invalid[39
m=[32m"false"[39m
      [33mclass[39m=[32m
"file:text-foreground place
holder:text-muted-foregroun
d selection:bg-primary sele
ction:text-primary-foregrou
nd dark:bg-input/30 
border-input h-9 w-full 
min-w-0 rounded-md border 
bg-transparent px-3 py-1 
text-base shadow-xs transit
ion-[color,box-shadow] 
outline-none 
file:inline-flex file:h-7 
file:border-0 
file:bg-transparent 
file:text-sm 
file:font-medium disabled:p
ointer-events-none disabled
:cursor-not-allowed 
disabled:opacity-50 
md:text-sm 
focus-visible:border-ring 
focus-visible:ring-ring/50 
focus-visible:ring-[3px] ar
ia-invalid:ring-destructive
/20 dark:aria-invalid:ring-
destructive/40 aria-invalid
:border-destructive"[39m
      [33mdata-slot[39m=
[32m"form-control"[39m
      [33mid[39m=[32m"_r
_1v_-form-item"[39m
      [33mname[39m=[32m"
vehicleNo"[39m
      [33mplaceholder[39m
=[32m"e.g. CAB-1234"[39m
      [33mvalue[39m=[32m
""[39m
    [36m/>[39m

    Ignored nodes: 
comments, script, style
    [36m<input[39m
      [33maria-describedby
[39m=[32m"_r_28_-form-ite
m-description"[39m
      [33maria-invalid[39
m=[32m"false"[39m
      [33mclass[39m=[32m
"file:text-foreground place
holder:text-muted-foregroun
d selection:bg-primary sele
ction:text-primary-foregrou
nd dark:bg-input/30 
border-input h-9 w-full 
min-w-0 rounded-md border 
bg-transparent px-3 py-1 
text-base shadow-xs transit
ion-[color,box-shadow] 
outline-none 
file:inline-flex file:h-7 
file:border-0 
file:bg-transparent 
file:text-sm 
file:font-medium disabled:p
ointer-events-none disabled
:cursor-not-allowed 
disabled:opacity-50 
md:text-sm 
focus-visible:border-ring 
focus-visible:ring-ring/50 
focus-visible:ring-[3px] ar
ia-invalid:ring-destructive
/20 dark:aria-invalid:ring-
destructive/40 aria-invalid
:border-destructive"[39m
      [33mdata-slot[39m=
[32m"form-control"[39m
      [33mid[39m=[32m"_r
_28_-form-item"[39m
      [33mname[39m=[32m"
vehicleNo"[39m
      [33mplaceholder[39m
=[32m"e.g. CAB-1234"[39m
      [33mvalue[39m=[32m
""[39m
    [36m/>[39m

    (If this is 
intentional, then use the 
`*AllBy*` variant of the 
query (like 
`queryAllByText`, 
`getAllByText`, or 
`findAllByText`)).

    Ignored nodes: 
comments, script, style
    [36m<body>[39m
      [36m<div>[39m
        [36m<div[39m
          [33mclass[39m=
[32m"max-w-2xl mx-auto 
p-4"[39m
        [36m>[39m
          [36m<div[39m
            [33mclass[39m
=[32m"bg-card 
text-card-foreground flex 
flex-col gap-6 rounded-xl 
border py-6 shadow-sm"[39m
            [33mdata-slot
[39m=[32m"card"[39m
          [36m>[39m
            [36m<div[39m
              [33mclass[3
9m=[32m"@container/card-he
ader grid auto-rows-min 
grid-rows-[auto_auto] 
items-start gap-2 px-6 has-
data-[slot=card-action]:gri
d-cols-[1fr_auto] 
[.border-b]:pb-6"[39m
              [33mdata-slo
t[39m=[32m"card-header"[
39m
            [36m>[39m
              
[36m<div[39m
                [33mclass
[39m=[32m"leading-none 
font-semibold"[39m
                [33mdata-s
lot[39m=[32m"card-title"
[39m
              [36m>[39m
                [0mCreate 
New Bill[0m
              
[36m</div>[39m
              
[36m<div[39m
                [33mclass
[39m=[32m"text-muted-foreg
round text-sm"[39m
                [33mdata-s
lot[39m=[32m"card-descrip
tion"[39m
              [36m>[39m
                [0mEnter 
vehicle hire details 
below. Calculations update 
automatically.[0m
              
[36m</div>[39m
            
[36m</div>[39m
            [36m<div[39m
              [33mclass[3
9m=[32m"px-6"[39m
              [33mdata-slo
t[39m=[32m"card-content"
[39m
            [36m>[39m
              
[36m<form[39m
                [33mclass
[39m=[32m"space-y-6"[39m
              [36m>[39m
                
[36m<div[39m
                  
[33mclass[39m=[32m"grid 
grid-cols-1 md:grid-cols-2 
gap-4"[39m
                [36m>[39m
                  
[36m<div[39m
                    
[33mclass[39m=[32m"grid 
gap-2"[39m
                    [33mda
ta-slot[39m=[32m"form-ite
m"[39m
                  
[36m>[39m
                    
[36m<label[39m
                      
[33mclass[39m=[32m"flex 
items-center gap-2 text-sm 
leading-none font-medium 
select-none group-data-[dis
abled=true]:pointer-events-
none group-data-[disabled=t
rue]:opacity-50 peer-disabl
ed:cursor-not-allowed 
peer-disabled:opacity-50 da
ta-[error=true]:text-destru
ctive"[39m
                      [33m
data-error[39m=[32m"false
"[39m
                      [33m
data-slot[39m=[32m"form-l
abel"[39m
                      [33m
for[39m=[32m"_r_0_-form-i
tem"[39m
                    
[36m>[39m
                      
[0mVehicle Number[0m
                    
[36m</label>[39m
                    
[36m<input[39m
                      [33m
aria-describedby[39m=[32m
"_r_0_-form-item-descriptio
n"[39m
                      [33m
aria-invalid[39m=[32m"fal
se"[39m
                      [33m
class[39m=[32m"file:text-
foreground placeholder:text
-muted-foreground 
selection:bg-primary select
ion:text-primary-foreground
 dark:bg-input/30 
border-input h-9 w-full 
min-w-0 rounded-md border 
bg-transparent px-3 py-1 
text-base shadow-xs transit
ion-[color,box-shadow] 
outline-none 
file:inline-flex file:h-7 
file:border-0 
file:bg-transparent 
file:text-sm 
file:font-medium disabled:p
ointer-events-none disabled
:cursor-not-allowed 
disabled:opacity-50 
md:text-sm 
focus-visible:border-ring 
focus-visible:ring-ring/50 
focus-visible:ring-[3px] ar
ia-invalid:ring-destructive
/20 dark:aria-invalid:ring-
destructive/40 aria-invalid
:border-destructive"[39m
                      [33m
data-slot[39m=[32m"form-c
ontrol"[39m
                      [33m
id[39m=[32m"_r_0_-form-it
em"[39m
                      [33m
name[39m=[32m"vehicleNo"
[39m
                      [33m
placeholder[39m=[32m"e.g.
 CAB-1234"[39m
                      [33m
value[39m=[32m"Z+HHo:>Zp"
[39m
                    
[36m/>[39m
                  
[36m</div>[39m
                  
[36m<div[39m
                    
[33mclass[39m=[32m"grid 
gap-2"[39m
                    [33mda
ta-slot[39m=[32m"form-ite
m"[39m
                  
[36m>[39m
                    
[36m<label[39m
                      
[33mclass[39m=[32m"flex 
items-center gap-2 text-sm 
leading-none font-medium 
select-none group-data-[dis
abled=true]:pointer-events-
none group-data-[disabled=t
rue]:opacity-50 peer-disabl
ed:cursor-not-allowed 
peer-disabled:opacity-50 da
ta-[error=true]:text-destru
ctive"[39m
                      [33m
data-error[39m=[32m"false
"[39m
                      [33m
data-slot[39m=[32m"form-l
abel"[39m
                      [33m
for[39m=[32m"_r_1_-form-i
tem"[39m
                    
[36m>[39m
                      
[0mCustomer Name[0m
                    
[36m</label>[39m
                    
[36m<input[39m
                      [33m
aria-describedby[39m=[32m
"_r_1_-form-item-descriptio
n"[39m
                      [33m
aria-invalid[39m=[32m"fal
se"[39m
                      [33m
class[39m=[32m"file:text-
foreground placeholder:text
-muted-foreground 
selection:bg-primary select
ion:text-primary-foreground
 dark:bg-input/30 
border-input h-9 w-full 
min-w-0 rounded-md border 
bg-transparent px-3 py-1 
text-base shadow-xs transit
ion-[color,box-shadow] 
outline-none 
file:inline-flex file:h-7 
file:border-0 
file:bg-transparent 
file:text-sm 
file:font-medium disabled:p
ointer-events-none disabled
:cursor-not-allowed 
disabled:opacity-50 
md:text-sm 
focus-visible:border-ring 
focus-visible:ring-ring/50 
focus-visible:ring-[3px] ar
ia-invalid:ring-destructive
/20 dark:aria-invalid:ring-
destructive/40 aria-invalid
:border-destructive"[39m
                      [33m
data-slot[39m=[32m"form-c
ontrol"[39m
                      [33m
id[39m=[32m"_r_1_-form-it
em"[39m
                      [33m
name[39m=[32m"customerNam
e"[39m
                      [33m
placeholder[39m=[32m"e.g.
 John Doe"[39m
                      [33m
value[39m=[32m"ref"[39m
                    
[36m/>[39m
                  
[36m</div>[39m
                
[36m</div>[39m
                
[36m<div[39m
                  
[33mclass[39m=[32m"grid 
gap-2"[39m
                  [33mdata
-slot[39m=[32m"form-item"
[39m
                [36m>[39m
                  
[36m<label[39m
                    
[33mclass[39m=[32m"flex 
items-center gap-2 text-sm 
leading-none font-medium 
select-none group-data-[dis
abled=true]:pointer-events-
none group-data-[disabled=t
rue]:opacity-50 peer-disabl
ed:cursor-not-allowed 
peer-disabled:opacity-50 da
ta-[error=true]:text-destru
ctive"[39m
                    [33mda
ta-error[39m=[32m"false"
[39m
                    [33mda
ta-slot[39m=[32m"form-lab
el"[39m
                    [33mfo
r[39m=[32m"_r_2_-form-ite
m"[39m
                  
[36m>[39m
                    
[0mRoute[0m
                  
[36m</label>[39m
                  
[36m<input[39m
                    [33mar
ia-describedby[39m=[32m"_
r_2_-form-item-description"
[39m
                    [33mar
ia-invalid[39m=[32m"false
"[39m
                    [33mcl
ass[39m=[32m"file:text-fo
reground placeholder:text-m
uted-foreground 
selection:bg-primary select
ion:text-primary-foreground
 dark:bg-input/30 
border-input h-9 w-full 
min-w-0 rounded-md border 
bg-transparent px-3 py-1 
text-base shadow-xs transit
ion-[color,box-shadow] 
outline-none 
file:inline-flex file:h-7 
file:border-0 
file:bg-transparent 
file:text-sm 
file:font-medium disabled:p
ointer-events-none disabled
:cursor-not-allowed 
disabled:opacity-50 
md:text-sm 
focus-visible:border-ring 
focus-visible:ring-ring/50 
focus-visible:ring-[3px] 
a...

    [0m [90m 64 |[39m
     [90m 65 |[39m       
              [90m// We 
will fill inputs directly 
via fireEvent to be faster 
than user.type[39m
    
[31m[1m>[22m[39m[90m 
66 |[39m                  
   fireEvent[33m.[39mchan
ge(screen[33m.[39mgetByLa
belText([35m/Vehicle 
Number/i[39m)[33m,[39m 
{ target[33m:[39m { 
value[33m:[39m 
data[33m.[39mvehicleNo } 
})[33m;[39m
     [90m    |[39m       
                           
           
[31m[1m^[22m[39m
     [90m 67 |[39m       
              fireEvent[33
m.[39mchange(screen[33m.
[39mgetByLabelText([35m/Cu
stomer 
Name/i[39m)[33m,[39m { 
target[33m:[39m { 
value[33m:[39m data[33m.
[39mcustomerName } 
})[33m;[39m
     [90m 68 |[39m       
              fireEvent[33
m.[39mchange(screen[33m.
[39mgetByLabelText([35m/Ro
ute/i[39m)[33m,[39m { 
target[33m:[39m { 
value[33m:[39m 
data[33m.[39mroute } 
})[33m;[39m
     [90m 69 |[39m       
              fireEvent[33
m.[39minput(screen[33m.[
39mgetByLabelText([35m/Sta
rt 
Meter/i[39m)[33m,[39m { 
target[33m:[39m { 
value[33m:[39m data[33m.
[39mstartMeter[33m.[39mt
oString() } 
})[33m;[39m[0m

      at 
Object.getElementError (nod
e_modules/@testing-library/
dom/dist/config.js:37:19)
      at getElementError (n
ode_modules/@testing-librar
y/dom/dist/query-helpers.js
:20:35)
      at getMultipleElement
sFoundError (node_modules/@
testing-library/dom/dist/qu
ery-helpers.js:23:10)
      at node_modules/@test
ing-library/dom/dist/query-
helpers.js:55:13
      at node_modules/@test
ing-library/dom/dist/query-
helpers.js:95:19
      at getByLabelText (sr
c/__tests__/properties/form
-submission-feedback.test.t
sx:66:45)
      at 
AsyncProperty.predicate (no
de_modules/fast-check/lib/c
js/check/property/AsyncProp
erty.js:17:102)
      at AsyncProperty.run 
(node_modules/fast-check/li
b/cjs/check/property/AsyncP
roperty.generic.js:46:39)
      at asyncRunIt (node_m
odules/fast-check/lib/cjs/c
heck/runner/Runner.js:28:36
)
      at 
Object.<anonymous> (src/__t
ests__/properties/form-subm
ission-feedback.test.tsx:32
:9)

Test Suites: 1 failed, 9 
passed, 10 total
Tests:       1 failed, 22 
passed, 23 total
Snapshots:   0 total
Time:        17.185 s, 
estimated 20 s
Ran all test suites.
