src/components/BillCreator.tsx(439,70): error TS2304: Cannot find name 'schedules'.
src/components/BillCreator.tsx(439,84): error TS7006: Parameter 's' implicitly has an 'any' type.
src/components/BillCreator.tsx(464,68): error TS2304: Cannot find name 'schedules'.
src/components/BillCreator.tsx(467,85): error TS2339: Property 'name' does not exist on type 'string'.
